04-29 03:39:01.321 I/libPowerHal(  895): INTERACTION: set gpu opp level max: 0
04-29 03:39:01.321 I/libPowerHal(  895): INTERACTION: cpu_ctrl set cpu freq: 1800000 -1 2000000 -1
04-29 03:39:01.322 I/libPowerHal(  895): [perfLockAcq] idx:1 hdl:8286 hint:0 pid:895 duration:80 lock_user:mtkpower@1.0-se => ret_hdl:8286
04-29 03:39:01.322 I/libPowerHal(  895): INTERACTION: set gpu opp level max: 0
04-29 03:39:01.373 D/AAL     ( 1229): 04-29 03:39:01.360 BL= 563,ESS= 256, 
04-29 03:39:01.376 I/AudioTrack(14342): isLongTimeZoreData zoer date time 15 Seconds
04-29 03:39:01.382 I/Accelerometer(  888): Acceleration: x:6.510000, y:0.148000, z:7.527000]
04-29 03:39:01.403 I/mtkpower@impl(  895): [powerd_req] TIMER_MSG_PERF_LOCK_TIMEOUT hdl:8285
04-29 03:39:01.403 I/libPowerHal(  895): [perfLockRel] hdl:8285, idx:0
04-29 03:39:01.403 I/mtkpower@impl(  895): [powerd_req] TIMER_MSG_PERF_LOCK_TIMEOUT hdl:8286
04-29 03:39:01.403 I/libPowerHal(  895): [perfLockRel] hdl:8286, idx:1
04-29 03:39:01.404 I/libPowerHal(  895): INTERACTION: cpu_ctrl set cpu freq: -1 -1 -1 -1
04-29 03:39:01.404 I/libPowerHal(  895): INTERACTION: set gpu opp level: 29
04-29 03:39:01.404 I/libPowerHal(  895): INTERACTION: set gpu opp level max: 0
04-29 03:39:01.421 I/libPowerHal(  895): [perfLockAcq] idx:0 hdl:8287 hint:0 pid:895 duration:80 lock_user:mtkpower@1.0-se => ret_hdl:8287
04-29 03:39:01.422 I/libPowerHal(  895): INTERACTION: set gpu opp level: 0
04-29 03:39:01.422 I/libPowerHal(  895): INTERACTION: set gpu opp level max: 0
04-29 03:39:01.422 I/libPowerHal(  895): INTERACTION: cpu_ctrl set cpu freq: 1800000 -1 2000000 -1
04-29 03:39:01.423 I/libPowerHal(  895): [perfLockAcq] idx:1 hdl:8288 hint:0 pid:895 duration:80 lock_user:mtkpower@1.0-se => ret_hdl:8288
04-29 03:39:01.423 I/libPowerHal(  895): INTERACTION: set gpu opp level max: 0
04-29 03:39:01.434 I/MuMain  (14342): PERF fps=17.2 frameMs=58.21 phase(render=55.79 pad=0.42 present=1.92) renderLevel=2 fxScale=0.60 maxMsg=90 avg(draw=711 verts=330774 im=478 vaD=0 vaC=561 qI=14 qE=0) max(draw=718 verts=333320)
04-29 03:39:01.435 I/MuMain  (14342): PERF_SCENE world=6 char(live=27 vis=26 ply=1 mon=25 npc=0 pet=0 prio=1 topMon=702 x7) obj(live=1489 vis=194 op=0 trap=0 topObj=26 x45)
04-29 03:39:01.435 I/MuMain  (14342): PERF_BUCKET objMove(cand=194 upd=94 def=99 n=53 m=127 f=13) objRender(cand=194 draw=194 cull=0 n=52 m=128 f=13 visDraw=146 visDef=47) charMove(cand=27 upd=13 def=13 n=23 m=4 f=0) charRender(cand=26 draw=26 def=0 cull=0 n=22 m=4 f=0)
04-29 03:39:01.435 I/MuMain  (14342): PERF_CPU terrain=2.23 after=0.00 obj(move=0.24 render=14.67) char(move=0.37 render=22.79) other=15.49
04-29 03:39:01.435 I/MuMain  (14342): PERF_PHASE shadow=0.11 boids=0.00 misc=0.23 joints=0.38 effects=0.47 blurs=0.07 sprites=0.43 particles=1.23 points=0.02 afterfx=0.00 ui=9.71 rem=2.84
04-29 03:39:01.435 I/MuMain  (14342): PERF_CAM zoom(cur=1600 min=1600 max=1600 tgt=1600 tmin=1600 tmax=1600 ov=1600) clip(near=20 far=3200 fmin=3200 fmax=3200) ang(p=-48.5 pmin=-48.5 pmax=-48.5 y=-45.0 ymin=-45.0 ymax=-45.0) top=0/5 settling=0/5
04-29 03:39:01.435 I/MuMain  (14342): PERF_TERRAIN world=6 normal(block=157 tile=1999) grass(block=157 tile=1999) after(block=0 tile=0)
04-29 03:39:01.439 I/AutomaticBrightnessControllerImpl( 1687): drop the lightsensor event! lux=6.0
04-29 03:39:01.440 D/AALLightSensor( 1229): oldLux=8 [SA:5 LA:5] newLux=8 (oriLux: 6)
04-29 03:39:01.502 I/mtkpower@impl(  895): [powerd_req] TIMER_MSG_PERF_LOCK_TIMEOUT hdl:8287
04-29 03:39:01.502 I/libPowerHal(  895): [perfLockRel] hdl:8287, idx:0
04-29 03:39:01.503 I/mtkpower@impl(  895): [powerd_req] TIMER_MSG_PERF_LOCK_TIMEOUT hdl:8288
04-29 03:39:01.503 I/libPowerHal(  895): [perfLockRel] hdl:8288, idx:1
04-29 03:39:01.503 I/libPowerHal(  895): INTERACTION: cpu_ctrl set cpu freq: -1 -1 -1 -1
04-29 03:39:01.503 I/libPowerHal(  895): INTERACTION: set gpu opp level: 29
04-29 03:39:01.503 I/libPowerHal(  895): INTERACTION: set gpu opp level max: 0
04-29 03:39:01.522 I/libPowerHal(  895): [perfLockAcq] idx:0 hdl:8289 hint:0 pid:895 duration:80 lock_user:mtkpower@1.0-se => ret_hdl:8289
04-29 03:39:01.522 I/libPowerHal(  895): INTERACTION: set gpu opp level: 0
04-29 03:39:01.522 I/libPowerHal(  895): INTERACTION: set gpu opp level max: 0
04-29 03:39:01.523 I/libPowerHal(  895): INTERACTION: cpu_ctrl set cpu freq: 1800000 -1 2000000 -1
04-29 03:39:01.523 I/libPowerHal(  895): [perfLockAcq] idx:1 hdl:8290 hint:0 pid:895 duration:80 lock_user:mtkpower@1.0-se => ret_hdl:8290
04-29 03:39:01.523 I/libPowerHal(  895): INTERACTION: set gpu opp level max: 0
04-29 03:39:01.541 D/AAL     ( 1229): 04-29 03:39:01.526 BL= 564,ESS= 256, 
04-29 03:39:01.604 I/mtkpower@impl(  895): [powerd_req] TIMER_MSG_PERF_LOCK_TIMEOUT hdl:8289
04-29 03:39:01.604 I/libPowerHal(  895): [perfLockRel] hdl:8289, idx:0
04-29 03:39:01.604 I/mtkpower@impl(  895): [powerd_req] TIMER_MSG_PERF_LOCK_TIMEOUT hdl:8290
04-29 03:39:01.604 I/libPowerHal(  895): [perfLockRel] hdl:8290, idx:1
04-29 03:39:01.605 I/libPowerHal(  895): INTERACTION: cpu_ctrl set cpu freq: -1 -1 -1 -1
04-29 03:39:01.605 I/libPowerHal(  895): INTERACTION: set gpu opp level: 29
04-29 03:39:01.605 I/libPowerHal(  895): INTERACTION: set gpu opp level max: 0
04-29 03:39:01.622 I/libPowerHal(  895): [perfLockAcq] idx:0 hdl:8291 hint:0 pid:895 duration:80 lock_user:mtkpower@1.0-se => ret_hdl:8291
04-29 03:39:01.622 I/libPowerHal(  895): INTERACTION: set gpu opp level: 0
04-29 03:39:01.622 I/libPowerHal(  895): INTERACTION: set gpu opp level max: 0
04-29 03:39:01.622 I/libPowerHal(  895): INTERACTION: cpu_ctrl set cpu freq: 1800000 -1 2000000 -1
04-29 03:39:01.623 I/libPowerHal(  895): [perfLockAcq] idx:1 hdl:8292 hint:0 pid:895 duration:80 lock_user:mtkpower@1.0-se => ret_hdl:8292
04-29 03:39:01.623 I/libPowerHal(  895): INTERACTION: set gpu opp level max: 0
04-29 03:39:01.624 D/AAL     ( 1229): 04-29 03:39:01.619 BL= 563,ESS= 256, 
04-29 03:39:01.674 D/AAL     ( 1229): 04-29 03:39:01.662 BL= 564,ESS= 256, 
04-29 03:39:01.702 I/mtkpower@impl(  895): [powerd_req] TIMER_MSG_PERF_LOCK_TIMEOUT hdl:8291
04-29 03:39:01.702 I/libPowerHal(  895): [perfLockRel] hdl:8291, idx:0
04-29 03:39:01.703 I/mtkpower@impl(  895): [powerd_req] TIMER_MSG_PERF_LOCK_TIMEOUT hdl:8292
04-29 03:39:01.703 I/libPowerHal(  895): [perfLockRel] hdl:8292, idx:1
04-29 03:39:01.703 I/libPowerHal(  895): INTERACTION: cpu_ctrl set cpu freq: -1 -1 -1 -1
04-29 03:39:01.704 I/libPowerHal(  895): INTERACTION: set gpu opp level: 29
04-29 03:39:01.704 I/libPowerHal(  895): INTERACTION: set gpu opp level max: 0
04-29 03:39:01.757 I/libPowerHal(  895): [perfLockAcq] idx:0 hdl:8293 hint:0 pid:895 duration:80 lock_user:mtkpower@1.0-se => ret_hdl:8293
04-29 03:39:01.757 I/libPowerHal(  895): INTERACTION: set gpu opp level: 0
04-29 03:39:01.758 I/libPowerHal(  895): INTERACTION: set gpu opp level max: 0
04-29 03:39:01.759 I/libPowerHal(  895): INTERACTION: cpu_ctrl set cpu freq: 1800000 -1 2000000 -1
04-29 03:39:01.760 I/libPowerHal(  895): [perfLockAcq] idx:1 hdl:8294 hint:0 pid:895 duration:80 lock_user:mtkpower@1.0-se => ret_hdl:8294
04-29 03:39:01.761 I/libPowerHal(  895): INTERACTION: set gpu opp level max: 0
04-29 03:39:01.772 I/AutomaticBrightnessControllerImpl( 1687): drop the lightsensor event! lux=5.0
04-29 03:39:01.840 I/mtkpower@impl(  895): [powerd_req] TIMER_MSG_PERF_LOCK_TIMEOUT hdl:8293
04-29 03:39:01.840 I/libPowerHal(  895): [perfLockRel] hdl:8293, idx:0
04-29 03:39:01.841 I/mtkpower@impl(  895): [powerd_req] TIMER_MSG_PERF_LOCK_TIMEOUT hdl:8294
04-29 03:39:01.841 I/libPowerHal(  895): [perfLockRel] hdl:8294, idx:1
04-29 03:39:01.842 I/libPowerHal(  895): INTERACTION: cpu_ctrl set cpu freq: -1 -1 -1 -1
04-29 03:39:01.842 I/libPowerHal(  895): INTERACTION: set gpu opp level: 29
04-29 03:39:01.842 I/libPowerHal(  895): INTERACTION: set gpu opp level max: 0
04-29 03:39:01.857 I/libPowerHal(  895): [perfLockAcq] idx:0 hdl:8295 hint:0 pid:895 duration:80 lock_user:mtkpower@1.0-se => ret_hdl:8295
04-29 03:39:01.857 I/libPowerHal(  895): INTERACTION: set gpu opp level: 0
04-29 03:39:01.857 I/libPowerHal(  895): INTERACTION: set gpu opp level max: 0
04-29 03:39:01.858 I/libPowerHal(  895): INTERACTION: cpu_ctrl set cpu freq: 1800000 -1 2000000 -1
04-29 03:39:01.858 I/libPowerHal(  895): [perfLockAcq] idx:1 hdl:8296 hint:0 pid:895 duration:80 lock_user:mtkpower@1.0-se => ret_hdl:8296
04-29 03:39:01.858 I/libPowerHal(  895): INTERACTION: set gpu opp level max: 0
04-29 03:39:01.911 I/AutomaticBrightnessControllerImpl( 1687): drop the lightsensor event! lux=52.0
04-29 03:39:01.938 I/mtkpower@impl(  895): [powerd_req] TIMER_MSG_PERF_LOCK_TIMEOUT hdl:8295
04-29 03:39:01.938 I/libPowerHal(  895): [perfLockRel] hdl:8295, idx:0
04-29 03:39:01.938 I/mtkpower@impl(  895): [powerd_req] TIMER_MSG_PERF_LOCK_TIMEOUT hdl:8296
04-29 03:39:01.938 I/libPowerHal(  895): [perfLockRel] hdl:8296, idx:1
04-29 03:39:01.939 I/libPowerHal(  895): INTERACTION: cpu_ctrl set cpu freq: -1 -1 -1 -1
04-29 03:39:01.939 I/libPowerHal(  895): INTERACTION: set gpu opp level: 29
04-29 03:39:01.939 I/libPowerHal(  895): INTERACTION: set gpu opp level max: 0
04-29 03:39:01.999 I/libPowerHal(  895): [perfLockAcq] idx:0 hdl:8297 hint:0 pid:895 duration:80 lock_user:mtkpower@1.0-se => ret_hdl:8297
04-29 03:39:01.999 I/libPowerHal(  895): INTERACTION: set gpu opp level: 0
04-29 03:39:01.999 I/libPowerHal(  895): INTERACTION: set gpu opp level max: 0
04-29 03:39:02.000 I/libPowerHal(  895): INTERACTION: cpu_ctrl set cpu freq: 1800000 -1 2000000 -1
04-29 03:39:02.001 I/libPowerHal(  895): [perfLockAcq] idx:1 hdl:8298 hint:0 pid:895 duration:80 lock_user:mtkpower@1.0-se => ret_hdl:8298
04-29 03:39:02.001 I/libPowerHal(  895): INTERACTION: set gpu opp level max: 0
04-29 03:39:02.059 D/AAL     ( 1229): 04-29 03:39:02.028 BL= 565,ESS= 256, 
04-29 03:39:02.080 I/mtkpower@impl(  895): [powerd_req] TIMER_MSG_PERF_LOCK_TIMEOUT hdl:8297
04-29 03:39:02.080 I/libPowerHal(  895): [perfLockRel] hdl:8297, idx:0
04-29 03:39:02.081 I/mtkpower@impl(  895): [powerd_req] TIMER_MSG_PERF_LOCK_TIMEOUT hdl:8298
04-29 03:39:02.081 I/libPowerHal(  895): [perfLockRel] hdl:8298, idx:1
04-29 03:39:02.081 I/libPowerHal(  895): INTERACTION: cpu_ctrl set cpu freq: -1 -1 -1 -1
04-29 03:39:02.081 I/libPowerHal(  895): INTERACTION: set gpu opp level: 29
04-29 03:39:02.081 I/libPowerHal(  895): INTERACTION: set gpu opp level max: 0
04-29 03:39:02.101 I/libPowerHal(  895): [perfLockAcq] idx:0 hdl:8299 hint:0 pid:895 duration:80 lock_user:mtkpower@1.0-se => ret_hdl:8299
04-29 03:39:02.101 I/libPowerHal(  895): INTERACTION: set gpu opp level: 0
04-29 03:39:02.101 I/libPowerHal(  895): INTERACTION: set gpu opp level max: 0
04-29 03:39:02.102 I/libPowerHal(  895): INTERACTION: cpu_ctrl set cpu freq: 1800000 -1 2000000 -1
04-29 03:39:02.102 I/libPowerHal(  895): [perfLockAcq] idx:1 hdl:8300 hint:0 pid:895 duration:80 lock_user:mtkpower@1.0-se => ret_hdl:8300
04-29 03:39:02.103 I/libPowerHal(  895): INTERACTION: set gpu opp level max: 0
04-29 03:39:02.106 I/AutomaticBrightnessControllerImpl( 1687): drop the lightsensor event! lux=6.0
04-29 03:39:02.169 I/libPerfCtl(  895): xgfGetFPS pid:2306 fps:-1
04-29 03:39:02.169 I/libPerfCtl(  895): xgfGetFPS pid:14342 fps:15
04-29 03:39:02.182 I/mtkpower@impl(  895): [powerd_req] TIMER_MSG_PERF_LOCK_TIMEOUT hdl:8299
04-29 03:39:02.182 I/libPowerHal(  895): [perfLockRel] hdl:8299, idx:0
04-29 03:39:02.182 I/mtkpower@impl(  895): [powerd_req] TIMER_MSG_PERF_LOCK_TIMEOUT hdl:8300
04-29 03:39:02.182 I/libPowerHal(  895): [perfLockRel] hdl:8300, idx:1
04-29 03:39:02.183 I/libPowerHal(  895): INTERACTION: cpu_ctrl set cpu freq: -1 -1 -1 -1
04-29 03:39:02.183 I/libPowerHal(  895): INTERACTION: set gpu opp level: 29
04-29 03:39:02.183 I/libPowerHal(  895): INTERACTION: set gpu opp level max: 0
04-29 03:39:02.199 I/libPowerHal(  895): [perfLockAcq] idx:0 hdl:8301 hint:0 pid:895 duration:80 lock_user:mtkpower@1.0-se => ret_hdl:8301
04-29 03:39:02.199 I/libPowerHal(  895): INTERACTION: set gpu opp level: 0
04-29 03:39:02.199 I/libPowerHal(  895): INTERACTION: set gpu opp level max: 0
04-29 03:39:02.200 I/libPowerHal(  895): INTERACTION: cpu_ctrl set cpu freq: 1800000 -1 2000000 -1
04-29 03:39:02.200 I/libPowerHal(  895): [perfLockAcq] idx:1 hdl:8302 hint:0 pid:895 duration:80 lock_user:mtkpower@1.0-se => ret_hdl:8302
04-29 03:39:02.201 I/libPowerHal(  895): INTERACTION: set gpu opp level max: 0
04-29 03:39:02.217 I/BufferQueueProducer(  916): [SurfaceView[com.muonline.client/com.muonline.client.MuMainActivity](BLAST)#0](this:0xb400007b5d53a8d0,id:-1,api:0,p:-1,c:916) queueBuffer: fps=15.18 dur=1054.11 max=84.21 min=50.05
04-29 03:39:02.218 I/hwcomposer(  884): [HWCDisplay] [Display_0 (type:1)] fps:15.178326,dur:1054.13,max:84.28,min:49.84  
04-29 03:39:02.280 I/mtkpower@impl(  895): [powerd_req] TIMER_MSG_PERF_LOCK_TIMEOUT hdl:8301
04-29 03:39:02.280 I/libPowerHal(  895): [perfLockRel] hdl:8301, idx:0
04-29 03:39:02.282 I/mtkpower@impl(  895): [powerd_req] TIMER_MSG_PERF_LOCK_TIMEOUT hdl:8302
04-29 03:39:02.282 I/libPowerHal(  895): [perfLockRel] hdl:8302, idx:1
04-29 03:39:02.282 I/libPowerHal(  895): INTERACTION: cpu_ctrl set cpu freq: -1 -1 -1 -1
04-29 03:39:02.282 I/libPowerHal(  895): INTERACTION: set gpu opp level: 29
04-29 03:39:02.282 I/libPowerHal(  895): INTERACTION: set gpu opp level max: 0
04-29 03:39:02.301 I/libPowerHal(  895): [perfLockAcq] idx:0 hdl:8303 hint:0 pid:895 duration:80 lock_user:mtkpower@1.0-se => ret_hdl:8303
04-29 03:39:02.301 I/libPowerHal(  895): INTERACTION: set gpu opp level: 0
04-29 03:39:02.301 I/libPowerHal(  895): INTERACTION: set gpu opp level max: 0
04-29 03:39:02.302 I/libPowerHal(  895): INTERACTION: cpu_ctrl set cpu freq: 1800000 -1 2000000 -1
04-29 03:39:02.303 I/libPowerHal(  895): [perfLockAcq] idx:1 hdl:8304 hint:0 pid:895 duration:80 lock_user:mtkpower@1.0-se => ret_hdl:8304
04-29 03:39:02.303 I/libPowerHal(  895): INTERACTION: set gpu opp level max: 0
04-29 03:39:02.371 I/Accelerometer(  888): Acceleration: x:6.493000, y:0.129000, z:7.532000]
04-29 03:39:02.377 D/AAL     ( 1229): 04-29 03:39:02.364 BL= 566,ESS= 256, 
04-29 03:39:02.382 I/mtkpower@impl(  895): [powerd_req] TIMER_MSG_PERF_LOCK_TIMEOUT hdl:8303
04-29 03:39:02.382 I/libPowerHal(  895): [perfLockRel] hdl:8303, idx:0
04-29 03:39:02.383 I/mtkpower@impl(  895): [powerd_req] TIMER_MSG_PERF_LOCK_TIMEOUT hdl:8304
04-29 03:39:02.384 I/libPowerHal(  895): [perfLockRel] hdl:8304, idx:1
04-29 03:39:02.384 I/libPowerHal(  895): INTERACTION: cpu_ctrl set cpu freq: -1 -1 -1 -1
04-29 03:39:02.384 I/libPowerHal(  895): INTERACTION: set gpu opp level: 29
04-29 03:39:02.384 I/libPowerHal(  895): INTERACTION: set gpu opp level max: 0
04-29 03:39:02.403 I/libPowerHal(  895): [perfLockAcq] idx:0 hdl:8305 hint:0 pid:895 duration:80 lock_user:mtkpower@1.0-se => ret_hdl:8305
04-29 03:39:02.403 I/libPowerHal(  895): INTERACTION: set gpu opp level: 0
04-29 03:39:02.403 I/libPowerHal(  895): INTERACTION: set gpu opp level max: 0
04-29 03:39:02.404 I/libPowerHal(  895): INTERACTION: cpu_ctrl set cpu freq: 1800000 -1 2000000 -1
04-29 03:39:02.404 I/libPowerHal(  895): [perfLockAcq] idx:1 hdl:8306 hint:0 pid:895 duration:80 lock_user:mtkpower@1.0-se => ret_hdl:8306
04-29 03:39:02.404 I/libPowerHal(  895): INTERACTION: set gpu opp level max: 0
04-29 03:39:02.439 I/AutomaticBrightnessControllerImpl( 1687): drop the lightsensor event! lux=6.0
04-29 03:39:02.480 I/AudioTrack(14342): isLongTimeZoreData zoer date time 16 Seconds
04-29 03:39:02.485 I/mtkpower@impl(  895): [powerd_req] TIMER_MSG_PERF_LOCK_TIMEOUT hdl:8305
04-29 03:39:02.485 I/libPowerHal(  895): [perfLockRel] hdl:8305, idx:0
04-29 03:39:02.485 I/mtkpower@impl(  895): [powerd_req] TIMER_MSG_PERF_LOCK_TIMEOUT hdl:8306
04-29 03:39:02.485 I/libPowerHal(  895): [perfLockRel] hdl:8306, idx:1
04-29 03:39:02.486 I/libPowerHal(  895): INTERACTION: cpu_ctrl set cpu freq: -1 -1 -1 -1
04-29 03:39:02.486 I/libPowerHal(  895): INTERACTION: set gpu opp level: 29
04-29 03:39:02.486 I/libPowerHal(  895): INTERACTION: set gpu opp level max: 0
04-29 03:39:02.494 D/AAL     ( 1229): 04-29 03:39:02.447 BL= 565,ESS= 256, 04-29 03:39:02.463 BL= 564,ESS= 256, 
04-29 03:39:02.500 I/libPowerHal(  895): [perfLockAcq] idx:0 hdl:8307 hint:0 pid:895 duration:80 lock_user:mtkpower@1.0-se => ret_hdl:8307
04-29 03:39:02.500 I/libPowerHal(  895): INTERACTION: set gpu opp level: 0
04-29 03:39:02.500 I/libPowerHal(  895): INTERACTION: set gpu opp level max: 0
04-29 03:39:02.501 I/libPowerHal(  895): INTERACTION: cpu_ctrl set cpu freq: 1800000 -1 2000000 -1
04-29 03:39:02.501 I/libPowerHal(  895): [perfLockAcq] idx:1 hdl:8308 hint:0 pid:895 duration:80 lock_user:mtkpower@1.0-se => ret_hdl:8308
04-29 03:39:02.501 I/libPowerHal(  895): INTERACTION: set gpu opp level max: 0
04-29 03:39:02.523 I/MuMain  (14342): PERF fps=15.2 frameMs=66.01 phase(render=63.94 pad=0.66 present=1.34) renderLevel=2 fxScale=0.60 maxMsg=90 avg(draw=755 verts=359849 im=452 vaD=0 vaC=582 qI=10 qE=0) max(draw=761 verts=360284)
04-29 03:39:02.523 I/MuMain  (14342): PERF_SCENE world=6 char(live=29 vis=29 ply=1 mon=28 npc=0 pet=0 prio=1 topMon=702 x8) obj(live=1489 vis=193 op=0 trap=0 topObj=26 x46)
04-29 03:39:02.523 I/MuMain  (14342): PERF_BUCKET objMove(cand=193 upd=99 def=93 n=57 m=126 f=8) objRender(cand=192 draw=192 cull=0 n=58 m=125 f=9 visDraw=148 visDef=44) charMove(cand=29 upd=14 def=14 n=26 m=3 f=0) charRender(cand=29 draw=29 def=0 cull=0 n=26 m=3 f=0)
04-29 03:39:02.523 I/MuMain  (14342): PERF_CPU terrain=2.48 after=0.00 obj(move=0.25 render=14.24) char(move=0.39 render=26.22) other=20.37
04-29 03:39:02.523 I/MuMain  (14342): PERF_PHASE shadow=0.07 boids=0.00 misc=0.23 joints=0.46 effects=1.10 blurs=0.07 sprites=0.47 particles=1.54 points=0.01 afterfx=0.00 ui=13.22 rem=3.20
04-29 03:39:02.523 I/MuMain  (14342): PERF_CAM zoom(cur=1600 min=1600 max=1600 tgt=1600 tmin=1600 tmax=1600 ov=1600) clip(near=20 far=3200 fmin=3200 fmax=3200) ang(p=-48.5 pmin=-48.5 pmax=-48.5 y=-45.0 ymin=-45.0 ymax=-45.0) top=0/4 settling=0/4
04-29 03:39:02.523 I/MuMain  (14342): PERF_TERRAIN world=6 normal(block=208 tile=2494) grass(block=167 tile=1995) after(block=0 tile=0)
04-29 03:39:02.582 I/mtkpower@impl(  895): [powerd_req] TIMER_MSG_PERF_LOCK_TIMEOUT hdl:8307
04-29 03:39:02.582 I/libPowerHal(  895): [perfLockRel] hdl:8307, idx:0
04-29 03:39:02.582 I/mtkpower@impl(  895): [powerd_req] TIMER_MSG_PERF_LOCK_TIMEOUT hdl:8308
04-29 03:39:02.582 I/libPowerHal(  895): [perfLockRel] hdl:8308, idx:1
04-29 03:39:02.582 I/libPowerHal(  895): INTERACTION: cpu_ctrl set cpu freq: -1 -1 -1 -1
04-29 03:39:02.583 I/libPowerHal(  895): INTERACTION: set gpu opp level: 29
04-29 03:39:02.583 I/libPowerHal(  895): INTERACTION: set gpu opp level max: 0
04-29 03:39:02.601 I/libPowerHal(  895): [perfLockAcq] idx:0 hdl:8309 hint:0 pid:895 duration:80 lock_user:mtkpower@1.0-se => ret_hdl:8309
04-29 03:39:02.601 I/libPowerHal(  895): INTERACTION: set gpu opp level: 0
04-29 03:39:02.601 I/libPowerHal(  895): INTERACTION: set gpu opp level max: 0
04-29 03:39:02.602 I/libPowerHal(  895): INTERACTION: cpu_ctrl set cpu freq: 1800000 -1 2000000 -1
04-29 03:39:02.603 I/libPowerHal(  895): [perfLockAcq] idx:1 hdl:8310 hint:0 pid:895 duration:80 lock_user:mtkpower@1.0-se => ret_hdl:8310
04-29 03:39:02.603 I/libPowerHal(  895): INTERACTION: set gpu opp level max: 0
04-29 03:39:02.644 D/AAL     ( 1229): 04-29 03:39:02.632 BL= 565,ESS= 256, 
04-29 03:39:02.650 W/ActivityManager( 1687): Unable to start service Intent { cmp=com.miui.powerkeeper/.perfshielder.PerfShielderStatisticsService } U=0: not found
04-29 03:39:02.650 V/PerfShielderService( 1687): Miui powerkeeper: can't bind to com.miui.powerkeeper.perfshielder.PerfShielderStatisticsService
04-29 03:39:02.652 I/MuMain  (14342): HEARTBEAT frame=840 draw=750 verts=358472 im=381 vaD=0 vaC=593 qI=10 qE=0 wndActive=1 scene=5 world=6 fpsAvg=16.8
04-29 03:39:02.682 I/mtkpower@impl(  895): [powerd_req] TIMER_MSG_PERF_LOCK_TIMEOUT hdl:8309
04-29 03:39:02.682 I/libPowerHal(  895): [perfLockRel] hdl:8309, idx:0
04-29 03:39:02.684 I/mtkpower@impl(  895): [powerd_req] TIMER_MSG_PERF_LOCK_TIMEOUT hdl:8310
04-29 03:39:02.684 I/libPowerHal(  895): [perfLockRel] hdl:8310, idx:1
04-29 03:39:02.684 I/libPowerHal(  895): INTERACTION: cpu_ctrl set cpu freq: -1 -1 -1 -1
04-29 03:39:02.684 I/libPowerHal(  895): INTERACTION: set gpu opp level: 29
04-29 03:39:02.684 I/libPowerHal(  895): INTERACTION: set gpu opp level max: 0
04-29 03:39:02.701 I/libPowerHal(  895): [perfLockAcq] idx:0 hdl:8311 hint:0 pid:895 duration:80 lock_user:mtkpower@1.0-se => ret_hdl:8311
04-29 03:39:02.702 I/libPowerHal(  895): INTERACTION: set gpu opp level: 0
04-29 03:39:02.702 I/libPowerHal(  895): INTERACTION: set gpu opp level max: 0
04-29 03:39:02.702 I/libPowerHal(  895): INTERACTION: cpu_ctrl set cpu freq: 1800000 -1 2000000 -1
04-29 03:39:02.703 I/libPowerHal(  895): [perfLockAcq] idx:1 hdl:8312 hint:0 pid:895 duration:80 lock_user:mtkpower@1.0-se => ret_hdl:8312
04-29 03:39:02.703 I/libPowerHal(  895): INTERACTION: set gpu opp level max: 0
04-29 03:39:02.772 I/AutomaticBrightnessControllerImpl( 1687): drop the lightsensor event! lux=6.0
04-29 03:39:02.782 I/mtkpower@impl(  895): [powerd_req] TIMER_MSG_PERF_LOCK_TIMEOUT hdl:8311
04-29 03:39:02.782 I/libPowerHal(  895): [perfLockRel] hdl:8311, idx:0
04-29 03:39:02.784 I/mtkpower@impl(  895): [powerd_req] TIMER_MSG_PERF_LOCK_TIMEOUT hdl:8312
04-29 03:39:02.784 I/libPowerHal(  895): [perfLockRel] hdl:8312, idx:1
04-29 03:39:02.784 I/libPowerHal(  895): INTERACTION: cpu_ctrl set cpu freq: -1 -1 -1 -1
04-29 03:39:02.784 I/libPowerHal(  895): INTERACTION: set gpu opp level: 29
04-29 03:39:02.784 I/libPowerHal(  895): INTERACTION: set gpu opp level max: 0
04-29 03:39:02.801 I/libPowerHal(  895): [perfLockAcq] idx:0 hdl:8313 hint:0 pid:895 duration:80 lock_user:mtkpower@1.0-se => ret_hdl:8313
04-29 03:39:02.801 I/libPowerHal(  895): INTERACTION: set gpu opp level: 0
04-29 03:39:02.802 I/libPowerHal(  895): INTERACTION: set gpu opp level max: 0
04-29 03:39:02.802 I/libPowerHal(  895): INTERACTION: cpu_ctrl set cpu freq: 1800000 -1 2000000 -1
04-29 03:39:02.803 I/libPowerHal(  895): [perfLockAcq] idx:1 hdl:8314 hint:0 pid:895 duration:80 lock_user:mtkpower@1.0-se => ret_hdl:8314
04-29 03:39:02.803 I/libPowerHal(  895): INTERACTION: set gpu opp level max: 0
04-29 03:39:02.878 D/AAL     ( 1229): 04-29 03:39:02.864 BL= 564,ESS= 256, 
04-29 03:39:02.882 I/mtkpower@impl(  895): [powerd_req] TIMER_MSG_PERF_LOCK_TIMEOUT hdl:8313
04-29 03:39:02.882 I/libPowerHal(  895): [perfLockRel] hdl:8313, idx:0
04-29 03:39:02.883 I/mtkpower@impl(  895): [powerd_req] TIMER_MSG_PERF_LOCK_TIMEOUT hdl:8314
04-29 03:39:02.883 I/libPowerHal(  895): [perfLockRel] hdl:8314, idx:1
04-29 03:39:02.883 I/libPowerHal(  895): INTERACTION: cpu_ctrl set cpu freq: -1 -1 -1 -1
04-29 03:39:02.883 I/libPowerHal(  895): INTERACTION: set gpu opp level: 29
04-29 03:39:02.883 I/libPowerHal(  895): INTERACTION: set gpu opp level max: 0
04-29 03:39:02.910 I/AutomaticBrightnessControllerImpl( 1687): drop the lightsensor event! lux=52.0
04-29 03:39:02.927 I/libPowerHal(  895): [perfLockAcq] idx:0 hdl:8315 hint:0 pid:895 duration:80 lock_user:mtkpower@1.0-se => ret_hdl:8315
04-29 03:39:02.927 I/libPowerHal(  895): INTERACTION: set gpu opp level: 0
04-29 03:39:02.927 I/libPowerHal(  895): INTERACTION: set gpu opp level max: 0
04-29 03:39:02.928 I/libPowerHal(  895): INTERACTION: cpu_ctrl set cpu freq: 1800000 -1 2000000 -1
04-29 03:39:02.928 I/libPowerHal(  895): [perfLockAcq] idx:1 hdl:8316 hint:0 pid:895 duration:80 lock_user:mtkpower@1.0-se => ret_hdl:8316
04-29 03:39:02.928 I/libPowerHal(  895): INTERACTION: set gpu opp level max: 0
04-29 03:39:03.009 I/mtkpower@impl(  895): [powerd_req] TIMER_MSG_PERF_LOCK_TIMEOUT hdl:8315
04-29 03:39:03.009 I/libPowerHal(  895): [perfLockRel] hdl:8315, idx:0
04-29 03:39:03.009 I/mtkpower@impl(  895): [powerd_req] TIMER_MSG_PERF_LOCK_TIMEOUT hdl:8316
04-29 03:39:03.009 I/libPowerHal(  895): [perfLockRel] hdl:8316, idx:1
04-29 03:39:03.010 I/libPowerHal(  895): INTERACTION: cpu_ctrl set cpu freq: -1 -1 -1 -1
04-29 03:39:03.010 I/libPowerHal(  895): INTERACTION: set gpu opp level: 29
04-29 03:39:03.010 I/libPowerHal(  895): INTERACTION: set gpu opp level max: 0
04-29 03:39:03.029 D/FiveGDataOptimize( 2287): isAnyCallOngoing callOngoing= false
04-29 03:39:03.031 D/FiveGDataOptimize( 2287): TxRx: 0, Tx: 0, Rx: 0, Hit: 0
04-29 03:39:03.054 I/libPowerHal(  895): [perfLockAcq] idx:0 hdl:8317 hint:0 pid:895 duration:80 lock_user:mtkpower@1.0-se => ret_hdl:8317
04-29 03:39:03.054 I/libPowerHal(  895): INTERACTION: set gpu opp level: 0
04-29 03:39:03.055 I/libPowerHal(  895): INTERACTION: set gpu opp level max: 0
04-29 03:39:03.055 I/libPowerHal(  895): INTERACTION: cpu_ctrl set cpu freq: 1800000 -1 2000000 -1
04-29 03:39:03.056 I/libPowerHal(  895): [perfLockAcq] idx:1 hdl:8318 hint:0 pid:895 duration:80 lock_user:mtkpower@1.0-se => ret_hdl:8318
04-29 03:39:03.056 I/libPowerHal(  895): INTERACTION: set gpu opp level max: 0
04-29 03:39:03.079 D/AAL     ( 1229): 04-29 03:39:03.069 BL= 565,ESS= 256, 
04-29 03:39:03.106 I/AutomaticBrightnessControllerImpl( 1687): drop the lightsensor event! lux=6.0
04-29 03:39:03.136 I/mtkpower@impl(  895): [powerd_req] TIMER_MSG_PERF_LOCK_TIMEOUT hdl:8317
04-29 03:39:03.136 I/libPowerHal(  895): [perfLockRel] hdl:8317, idx:0
04-29 03:39:03.136 I/mtkpower@impl(  895): [powerd_req] TIMER_MSG_PERF_LOCK_TIMEOUT hdl:8318
04-29 03:39:03.136 I/libPowerHal(  895): [perfLockRel] hdl:8318, idx:1
04-29 03:39:03.136 I/libPowerHal(  895): INTERACTION: cpu_ctrl set cpu freq: -1 -1 -1 -1
04-29 03:39:03.136 I/libPowerHal(  895): INTERACTION: set gpu opp level: 29
04-29 03:39:03.137 I/libPowerHal(  895): INTERACTION: set gpu opp level max: 0
04-29 03:39:03.154 I/libPowerHal(  895): [perfLockAcq] idx:0 hdl:8319 hint:0 pid:895 duration:80 lock_user:mtkpower@1.0-se => ret_hdl:8319
04-29 03:39:03.154 I/libPowerHal(  895): INTERACTION: set gpu opp level: 0
04-29 03:39:03.154 I/libPowerHal(  895): INTERACTION: set gpu opp level max: 0
04-29 03:39:03.154 I/libPowerHal(  895): INTERACTION: cpu_ctrl set cpu freq: 1800000 -1 2000000 -1
04-29 03:39:03.155 I/libPowerHal(  895): [perfLockAcq] idx:1 hdl:8320 hint:0 pid:895 duration:80 lock_user:mtkpower@1.0-se => ret_hdl:8320
04-29 03:39:03.155 I/libPowerHal(  895): INTERACTION: set gpu opp level max: 0
04-29 03:39:03.162 D/AAL     ( 1229): 04-29 03:39:03.132 BL= 566,ESS= 256, 
04-29 03:39:03.169 I/libPerfCtl(  895): xgfGetFPS pid:2306 fps:-1
04-29 03:39:03.169 I/libPerfCtl(  895): xgfGetFPS pid:14342 fps:14
04-29 03:39:03.235 I/mtkpower@impl(  895): [powerd_req] TIMER_MSG_PERF_LOCK_TIMEOUT hdl:8319
04-29 03:39:03.235 I/libPowerHal(  895): [perfLockRel] hdl:8319, idx:0
04-29 03:39:03.235 I/mtkpower@impl(  895): [powerd_req] TIMER_MSG_PERF_LOCK_TIMEOUT hdl:8320
04-29 03:39:03.235 I/libPowerHal(  895): [perfLockRel] hdl:8320, idx:1
04-29 03:39:03.235 I/libPowerHal(  895): INTERACTION: cpu_ctrl set cpu freq: -1 -1 -1 -1
04-29 03:39:03.236 I/libPowerHal(  895): INTERACTION: set gpu opp level: 29
04-29 03:39:03.236 I/libPowerHal(  895): INTERACTION: set gpu opp level max: 0
04-29 03:39:03.237 I/BufferQueueProducer(  916): [SurfaceView[com.muonline.client/com.muonline.client.MuMainActivity](BLAST)#0](this:0xb400007b5d53a8d0,id:-1,api:0,p:-1,c:916) queueBuffer: fps=14.70 dur=1020.31 max=84.13 min=50.03
04-29 03:39:03.239 I/hwcomposer(  884): [HWCDisplay] [Display_0 (type:1)] fps:14.693458,dur:1020.86,max:84.24,min:50.06  
04-29 03:39:03.252 I/libPowerHal(  895): [perfLockAcq] idx:0 hdl:8321 hint:0 pid:895 duration:80 lock_user:mtkpower@1.0-se => ret_hdl:8321
04-29 03:39:03.252 I/libPowerHal(  895): INTERACTION: set gpu opp level: 0
04-29 03:39:03.252 I/libPowerHal(  895): INTERACTION: set gpu opp level max: 0
04-29 03:39:03.253 I/libPowerHal(  895): INTERACTION: cpu_ctrl set cpu freq: 1800000 -1 2000000 -1
04-29 03:39:03.254 I/libPowerHal(  895): [perfLockAcq] idx:1 hdl:8322 hint:0 pid:895 duration:80 lock_user:mtkpower@1.0-se => ret_hdl:8322
04-29 03:39:03.254 I/libPowerHal(  895): INTERACTION: set gpu opp level max: 0
04-29 03:39:03.296 D/AAL     ( 1229): 04-29 03:39:03.253 BL= 565,ESS= 256, 04-29 03:39:03.282 BL= 564,ESS= 256, 
04-29 03:39:03.312 W/ThreadPoolForeg( 3166): type=1400 audit(0.0:3462): avc: denied { write } for name="traced_producer" dev="tmpfs" ino=23339 scontext=u:r:gmscore_app:s0:c512,c768 tcontext=u:object_r:traced_producer_socket:s0 tclass=sock_file permissive=0 app=com.google.android.gms
04-29 03:39:03.334 I/mtkpower@impl(  895): [powerd_req] TIMER_MSG_PERF_LOCK_TIMEOUT hdl:8321
04-29 03:39:03.334 I/libPowerHal(  895): [perfLockRel] hdl:8321, idx:0
04-29 03:39:03.334 I/mtkpower@impl(  895): [powerd_req] TIMER_MSG_PERF_LOCK_TIMEOUT hdl:8322
04-29 03:39:03.334 I/libPowerHal(  895): [perfLockRel] hdl:8322, idx:1
04-29 03:39:03.334 I/libPowerHal(  895): INTERACTION: cpu_ctrl set cpu freq: -1 -1 -1 -1
04-29 03:39:03.334 I/libPowerHal(  895): INTERACTION: set gpu opp level: 29
04-29 03:39:03.335 I/libPowerHal(  895): INTERACTION: set gpu opp level max: 0
04-29 03:39:03.353 I/libPowerHal(  895): [perfLockAcq] idx:0 hdl:8323 hint:0 pid:895 duration:80 lock_user:mtkpower@1.0-se => ret_hdl:8323
04-29 03:39:03.353 I/libPowerHal(  895): INTERACTION: set gpu opp level: 0
04-29 03:39:03.353 I/libPowerHal(  895): INTERACTION: set gpu opp level max: 0
04-29 03:39:03.353 I/libPowerHal(  895): INTERACTION: cpu_ctrl set cpu freq: 1800000 -1 2000000 -1
04-29 03:39:03.354 I/libPowerHal(  895): [perfLockAcq] idx:1 hdl:8324 hint:0 pid:895 duration:80 lock_user:mtkpower@1.0-se => ret_hdl:8324
04-29 03:39:03.354 I/libPowerHal(  895): INTERACTION: set gpu opp level max: 0
04-29 03:39:03.359 I/Accelerometer(  888): Acceleration: x:6.541000, y:0.201000, z:7.422000]
04-29 03:39:03.433 I/mtkpower@impl(  895): [powerd_req] TIMER_MSG_PERF_LOCK_TIMEOUT hdl:8323
04-29 03:39:03.433 I/libPowerHal(  895): [perfLockRel] hdl:8323, idx:0
04-29 03:39:03.434 I/mtkpower@impl(  895): [powerd_req] TIMER_MSG_PERF_LOCK_TIMEOUT hdl:8324
04-29 03:39:03.434 I/libPowerHal(  895): [perfLockRel] hdl:8324, idx:1
04-29 03:39:03.435 I/libPowerHal(  895): INTERACTION: cpu_ctrl set cpu freq: -1 -1 -1 -1
04-29 03:39:03.435 I/libPowerHal(  895): INTERACTION: set gpu opp level: 29
04-29 03:39:03.435 I/libPowerHal(  895): INTERACTION: set gpu opp level max: 0
04-29 03:39:03.441 I/AutomaticBrightnessControllerImpl( 1687): drop the lightsensor event! lux=6.0
04-29 03:39:03.453 I/libPowerHal(  895): [perfLockAcq] idx:0 hdl:8325 hint:0 pid:895 duration:80 lock_user:mtkpower@1.0-se => ret_hdl:8325
04-29 03:39:03.453 I/libPowerHal(  895): INTERACTION: set gpu opp level: 0
04-29 03:39:03.453 I/libPowerHal(  895): INTERACTION: set gpu opp level max: 0
04-29 03:39:03.454 I/libPowerHal(  895): INTERACTION: cpu_ctrl set cpu freq: 1800000 -1 2000000 -1
04-29 03:39:03.454 I/libPowerHal(  895): [perfLockAcq] idx:1 hdl:8326 hint:0 pid:895 duration:80 lock_user:mtkpower@1.0-se => ret_hdl:8326
04-29 03:39:03.455 I/libPowerHal(  895): INTERACTION: set gpu opp level max: 0
04-29 03:39:03.501 I/WifiHAL ( 1940): Get link layer stats
04-29 03:39:03.501 I/WifiHAL ( 1940): GetLinkStatsCommand::create
04-29 03:39:03.501 D/android.hardware.wifi@1.0-service-lazy( 1940): WifiRequest::create vendor command to iface 32, vendor_id=0x1a11, subcmd=0x1200, res=0
04-29 03:39:03.502 I/android.hardware.wifi@1.0-service-lazy( 1940): WifiCommand::requestResponse err=-14
04-29 03:39:03.502 I/WifiHAL ( 1940): wifi_get_link_stats: result=-1
04-29 03:39:03.502 E/WifiVendorHal( 1687): getWifiLinkLayerStats_1_5_Internal(l.1198) failed {.code = ERROR_UNKNOWN, .description = unknown}
04-29 03:39:03.534 I/mtkpower@impl(  895): [powerd_req] TIMER_MSG_PERF_LOCK_TIMEOUT hdl:8325
04-29 03:39:03.534 I/libPowerHal(  895): [perfLockRel] hdl:8325, idx:0
04-29 03:39:03.535 I/mtkpower@impl(  895): [powerd_req] TIMER_MSG_PERF_LOCK_TIMEOUT hdl:8326
04-29 03:39:03.536 I/libPowerHal(  895): [perfLockRel] hdl:8326, idx:1
04-29 03:39:03.536 I/libPowerHal(  895): INTERACTION: cpu_ctrl set cpu freq: -1 -1 -1 -1
04-29 03:39:03.536 I/libPowerHal(  895): INTERACTION: set gpu opp level: 29
04-29 03:39:03.536 I/libPowerHal(  895): INTERACTION: set gpu opp level max: 0
04-29 03:39:03.554 I/libPowerHal(  895): [perfLockAcq] idx:0 hdl:8327 hint:0 pid:895 duration:80 lock_user:mtkpower@1.0-se => ret_hdl:8327
04-29 03:39:03.554 I/libPowerHal(  895): INTERACTION: set gpu opp level: 0
04-29 03:39:03.554 I/libPowerHal(  895): INTERACTION: set gpu opp level max: 0
04-29 03:39:03.555 I/libPowerHal(  895): INTERACTION: cpu_ctrl set cpu freq: 1800000 -1 2000000 -1
04-29 03:39:03.556 I/libPowerHal(  895): [perfLockAcq] idx:1 hdl:8328 hint:0 pid:895 duration:80 lock_user:mtkpower@1.0-se => ret_hdl:8328
04-29 03:39:03.556 I/libPowerHal(  895): INTERACTION: set gpu opp level max: 0
04-29 03:39:03.583 I/thermal_repeater( 1211): [recvMdThermalInfo] ret=28, strLen=127,  0, 32767, -127, 0, 32767, 0
04-29 03:39:03.584 I/AudioTrack(14342): isLongTimeZoreData zoer date time 17 Seconds
04-29 03:39:03.608 I/MuMain  (14342): PERF fps=15.6 frameMs=63.97 phase(render=61.97 pad=0.66 present=1.28) renderLevel=2 fxScale=0.60 maxMsg=90 avg(draw=750 verts=347667 im=460 vaD=0 vaC=607 qI=16 qE=0) max(draw=755 verts=348221)
04-29 03:39:03.608 I/MuMain  (14342): PERF_SCENE world=6 char(live=28 vis=28 ply=1 mon=27 npc=0 pet=0 prio=1 topMon=702 x8) obj(live=1489 vis=191 op=0 trap=0 topObj=26 x45)
04-29 03:39:03.608 I/MuMain  (14342): PERF_BUCKET objMove(cand=192 upd=97 def=95 n=47 m=132 f=13) objRender(cand=191 draw=191 cull=0 n=46 m=131 f=13 visDraw=151 visDef=40) charMove(cand=28 upd=14 def=13 n=24 m=4 f=0) charRender(cand=28 draw=28 def=0 cull=0 n=24 m=4 f=0)
04-29 03:39:03.608 I/MuMain  (14342): PERF_CPU terrain=2.43 after=0.00 obj(move=0.25 render=14.19) char(move=0.39 render=23.89) other=20.82
04-29 03:39:03.608 I/MuMain  (14342): PERF_PHASE shadow=0.08 boids=0.00 misc=0.24 joints=0.59 effects=1.60 blurs=0.07 sprites=0.42 particles=1.24 points=0.01 afterfx=0.00 ui=13.41 rem=3.15
04-29 03:39:03.608 I/MuMain  (14342): PERF_CAM zoom(cur=1600 min=1600 max=1600 tgt=1600 tmin=1600 tmax=1600 ov=1600) clip(near=20 far=3200 fmin=3200 fmax=3200) ang(p=-48.5 pmin=-48.5 pmax=-48.5 y=-45.0 ymin=-45.0 ymax=-45.0) top=0/4 settling=0/4
04-29 03:39:03.608 I/MuMain  (14342): PERF_TERRAIN world=6 normal(block=195 tile=2501) grass(block=156 tile=2000) after(block=0 tile=0)
04-29 03:39:03.628 W/AOSP-MdnsDiscoveryManag( 2774): Error while decoding multicast packet (4116): 1 [CONTEXT service_id=168 ]
04-29 03:39:03.629 W/AOSP-MdnsDiscoveryManag( 2774): Error while decoding multicast packet (4117): 1 [CONTEXT service_id=168 ]
04-29 03:39:03.635 I/mtkpower@impl(  895): [powerd_req] TIMER_MSG_PERF_LOCK_TIMEOUT hdl:8327
04-29 03:39:03.635 I/libPowerHal(  895): [perfLockRel] hdl:8327, idx:0
04-29 03:39:03.637 I/mtkpower@impl(  895): [powerd_req] TIMER_MSG_PERF_LOCK_TIMEOUT hdl:8328
04-29 03:39:03.637 I/libPowerHal(  895): [perfLockRel] hdl:8328, idx:1
04-29 03:39:03.637 I/libPowerHal(  895): INTERACTION: cpu_ctrl set cpu freq: -1 -1 -1 -1
04-29 03:39:03.637 I/libPowerHal(  895): INTERACTION: set gpu opp level: 29
04-29 03:39:03.637 I/libPowerHal(  895): INTERACTION: set gpu opp level max: 0
04-29 03:39:03.638 W/android.hardware.memtrack-service.mediatek(  894): [memtrack] fopen /proc/mtk_mali/gpu_memory fail
04-29 03:39:03.638 W/android.hardware.memtrack-service.mediatek(  894): [memtrack] fopen /proc/dma_heap/stats fail
04-29 03:39:03.653 I/libPowerHal(  895): [perfLockAcq] idx:0 hdl:8329 hint:0 pid:895 duration:80 lock_user:mtkpower@1.0-se => ret_hdl:8329
04-29 03:39:03.653 I/libPowerHal(  895): INTERACTION: set gpu opp level: 0
04-29 03:39:03.653 I/libPowerHal(  895): INTERACTION: set gpu opp level max: 0
04-29 03:39:03.653 I/libPowerHal(  895): INTERACTION: cpu_ctrl set cpu freq: 1800000 -1 2000000 -1
04-29 03:39:03.653 I/libPowerHal(  895): [perfLockAcq] idx:1 hdl:8330 hint:0 pid:895 duration:80 lock_user:mtkpower@1.0-se => ret_hdl:8330
04-29 03:39:03.653 I/libPowerHal(  895): INTERACTION: set gpu opp level max: 0
04-29 03:39:03.660 W/android.hardware.memtrack-service.mediatek(  894): [memtrack] fopen /proc/mtk_mali/gpu_memory fail
04-29 03:39:03.660 W/android.hardware.memtrack-service.mediatek(  894): [memtrack] fopen /proc/dma_heap/stats fail
04-29 03:39:03.734 I/mtkpower@impl(  895): [powerd_req] TIMER_MSG_PERF_LOCK_TIMEOUT hdl:8329
04-29 03:39:03.734 I/libPowerHal(  895): [perfLockRel] hdl:8329, idx:0
04-29 03:39:03.734 I/mtkpower@impl(  895): [powerd_req] TIMER_MSG_PERF_LOCK_TIMEOUT hdl:8330
04-29 03:39:03.734 I/libPowerHal(  895): [perfLockRel] hdl:8330, idx:1
04-29 03:39:03.735 I/libPowerHal(  895): INTERACTION: cpu_ctrl set cpu freq: -1 -1 -1 -1
04-29 03:39:03.735 I/libPowerHal(  895): INTERACTION: set gpu opp level: 29
04-29 03:39:03.735 I/libPowerHal(  895): INTERACTION: set gpu opp level max: 0
04-29 03:39:03.754 I/libPowerHal(  895): [perfLockAcq] idx:0 hdl:8331 hint:0 pid:895 duration:80 lock_user:mtkpower@1.0-se => ret_hdl:8331
04-29 03:39:03.754 I/libPowerHal(  895): INTERACTION: set gpu opp level: 0
04-29 03:39:03.754 I/libPowerHal(  895): INTERACTION: set gpu opp level max: 0
04-29 03:39:03.755 I/libPowerHal(  895): INTERACTION: cpu_ctrl set cpu freq: 1800000 -1 2000000 -1
04-29 03:39:03.755 I/libPowerHal(  895): [perfLockAcq] idx:1 hdl:8332 hint:0 pid:895 duration:80 lock_user:mtkpower@1.0-se => ret_hdl:8332
04-29 03:39:03.755 I/libPowerHal(  895): INTERACTION: set gpu opp level max: 0
04-29 03:39:03.773 I/AutomaticBrightnessControllerImpl( 1687): drop the lightsensor event! lux=6.0
04-29 03:39:03.798 D/AAL     ( 1229): 04-29 03:39:03.788 BL= 563,ESS= 256, 
04-29 03:39:03.835 I/mtkpower@impl(  895): [powerd_req] TIMER_MSG_PERF_LOCK_TIMEOUT hdl:8331
04-29 03:39:03.835 I/libPowerHal(  895): [perfLockRel] hdl:8331, idx:0
04-29 03:39:03.835 I/mtkpower@impl(  895): [powerd_req] TIMER_MSG_PERF_LOCK_TIMEOUT hdl:8332
04-29 03:39:03.835 I/libPowerHal(  895): [perfLockRel] hdl:8332, idx:1
04-29 03:39:03.836 I/libPowerHal(  895): INTERACTION: cpu_ctrl set cpu freq: -1 -1 -1 -1
04-29 03:39:03.836 I/libPowerHal(  895): INTERACTION: set gpu opp level: 29
04-29 03:39:03.836 I/libPowerHal(  895): INTERACTION: set gpu opp level max: 0
04-29 03:39:03.853 I/libPowerHal(  895): [perfLockAcq] idx:0 hdl:8333 hint:0 pid:895 duration:80 lock_user:mtkpower@1.0-se => ret_hdl:8333
04-29 03:39:03.854 I/libPowerHal(  895): INTERACTION: set gpu opp level: 0
04-29 03:39:03.854 I/libPowerHal(  895): INTERACTION: set gpu opp level max: 0
04-29 03:39:03.854 I/libPowerHal(  895): INTERACTION: cpu_ctrl set cpu freq: 1800000 -1 2000000 -1
04-29 03:39:03.855 I/libPowerHal(  895): [perfLockAcq] idx:1 hdl:8334 hint:0 pid:895 duration:80 lock_user:mtkpower@1.0-se => ret_hdl:8334
04-29 03:39:03.855 I/libPowerHal(  895): INTERACTION: set gpu opp level max: 0
04-29 03:39:03.911 I/AutomaticBrightnessControllerImpl( 1687): drop the lightsensor event! lux=52.0
04-29 03:39:03.934 I/mtkpower@impl(  895): [powerd_req] TIMER_MSG_PERF_LOCK_TIMEOUT hdl:8333
04-29 03:39:03.934 I/libPowerHal(  895): [perfLockRel] hdl:8333, idx:0
04-29 03:39:03.936 I/mtkpower@impl(  895): [powerd_req] TIMER_MSG_PERF_LOCK_TIMEOUT hdl:8334
04-29 03:39:03.936 I/libPowerHal(  895): [perfLockRel] hdl:8334, idx:1
04-29 03:39:03.936 I/libPowerHal(  895): INTERACTION: cpu_ctrl set cpu freq: -1 -1 -1 -1
04-29 03:39:03.936 I/libPowerHal(  895): INTERACTION: set gpu opp level: 29
04-29 03:39:03.936 I/libPowerHal(  895): INTERACTION: set gpu opp level max: 0
04-29 03:39:03.955 I/libPowerHal(  895): [perfLockAcq] idx:0 hdl:8335 hint:0 pid:895 duration:80 lock_user:mtkpower@1.0-se => ret_hdl:8335
04-29 03:39:03.955 I/libPowerHal(  895): INTERACTION: set gpu opp level: 0
04-29 03:39:03.955 I/libPowerHal(  895): INTERACTION: set gpu opp level max: 0
04-29 03:39:03.956 I/libPowerHal(  895): INTERACTION: cpu_ctrl set cpu freq: 1800000 -1 2000000 -1
04-29 03:39:03.957 I/libPowerHal(  895): [perfLockAcq] idx:1 hdl:8336 hint:0 pid:895 duration:80 lock_user:mtkpower@1.0-se => ret_hdl:8336
04-29 03:39:03.957 I/libPowerHal(  895): INTERACTION: set gpu opp level max: 0
04-29 03:39:03.965 D/AAL     ( 1229): 04-29 03:39:03.955 BL= 562,ESS= 256, 
04-29 03:39:04.015 D/AAL     ( 1229): 04-29 03:39:03.985 BL= 563,ESS= 256, 
04-29 03:39:04.036 I/mtkpower@impl(  895): [powerd_req] TIMER_MSG_PERF_LOCK_TIMEOUT hdl:8335
04-29 03:39:04.036 I/libPowerHal(  895): [perfLockRel] hdl:8335, idx:0
04-29 03:39:04.038 I/mtkpower@impl(  895): [powerd_req] TIMER_MSG_PERF_LOCK_TIMEOUT hdl:8336
04-29 03:39:04.038 I/libPowerHal(  895): [perfLockRel] hdl:8336, idx:1
04-29 03:39:04.038 I/libPowerHal(  895): INTERACTION: cpu_ctrl set cpu freq: -1 -1 -1 -1
04-29 03:39:04.038 I/libPowerHal(  895): INTERACTION: set gpu opp level: 29
04-29 03:39:04.038 I/libPowerHal(  895): INTERACTION: set gpu opp level max: 0
04-29 03:39:04.055 I/libPowerHal(  895): [perfLockAcq] idx:0 hdl:8337 hint:0 pid:895 duration:80 lock_user:mtkpower@1.0-se => ret_hdl:8337
04-29 03:39:04.055 I/libPowerHal(  895): INTERACTION: set gpu opp level: 0
04-29 03:39:04.055 I/libPowerHal(  895): INTERACTION: set gpu opp level max: 0
04-29 03:39:04.056 I/libPowerHal(  895): INTERACTION: cpu_ctrl set cpu freq: 1800000 -1 2000000 -1
04-29 03:39:04.056 I/libPowerHal(  895): [perfLockAcq] idx:1 hdl:8338 hint:0 pid:895 duration:80 lock_user:mtkpower@1.0-se => ret_hdl:8338
04-29 03:39:04.056 I/libPowerHal(  895): INTERACTION: set gpu opp level max: 0
04-29 03:39:04.106 I/AutomaticBrightnessControllerImpl( 1687): drop the lightsensor event! lux=6.0
04-29 03:39:04.136 I/mtkpower@impl(  895): [powerd_req] TIMER_MSG_PERF_LOCK_TIMEOUT hdl:8337
04-29 03:39:04.136 I/libPowerHal(  895): [perfLockRel] hdl:8337, idx:0
04-29 03:39:04.136 I/mtkpower@impl(  895): [powerd_req] TIMER_MSG_PERF_LOCK_TIMEOUT hdl:8338
04-29 03:39:04.136 I/libPowerHal(  895): [perfLockRel] hdl:8338, idx:1
04-29 03:39:04.137 I/libPowerHal(  895): INTERACTION: cpu_ctrl set cpu freq: -1 -1 -1 -1
04-29 03:39:04.137 I/libPowerHal(  895): INTERACTION: set gpu opp level: 29
04-29 03:39:04.137 I/libPowerHal(  895): INTERACTION: set gpu opp level max: 0
04-29 03:39:04.156 I/libPowerHal(  895): [perfLockAcq] idx:0 hdl:8339 hint:0 pid:895 duration:80 lock_user:mtkpower@1.0-se => ret_hdl:8339
04-29 03:39:04.157 I/libPowerHal(  895): INTERACTION: set gpu opp level: 0
04-29 03:39:04.157 I/libPowerHal(  895): INTERACTION: set gpu opp level max: 0
04-29 03:39:04.158 I/libPowerHal(  895): INTERACTION: cpu_ctrl set cpu freq: 1800000 -1 2000000 -1
04-29 03:39:04.159 I/libPowerHal(  895): [perfLockAcq] idx:1 hdl:8340 hint:0 pid:895 duration:80 lock_user:mtkpower@1.0-se => ret_hdl:8340
04-29 03:39:04.159 I/libPowerHal(  895): INTERACTION: set gpu opp level max: 0
04-29 03:39:04.166 D/AAL     ( 1229): 04-29 03:39:04.159 BL= 562,ESS= 256, 
04-29 03:39:04.169 I/libPerfCtl(  895): xgfGetFPS pid:2306 fps:-1
04-29 03:39:04.169 I/libPerfCtl(  895): xgfGetFPS pid:14342 fps:15
04-29 03:39:04.238 I/mtkpower@impl(  895): [powerd_req] TIMER_MSG_PERF_LOCK_TIMEOUT hdl:8339
04-29 03:39:04.238 I/libPowerHal(  895): [perfLockRel] hdl:8339, idx:0
04-29 03:39:04.239 I/BufferQueueProducer(  916): [SurfaceView[com.muonline.client/com.muonline.client.MuMainActivity](BLAST)#0](this:0xb400007b5d53a8d0,id:-1,api:0,p:-1,c:916) queueBuffer: fps=15.97 dur=1002.06 max=83.84 min=49.99
04-29 03:39:04.240 I/mtkpower@impl(  895): [powerd_req] TIMER_MSG_PERF_LOCK_TIMEOUT hdl:8340
04-29 03:39:04.240 I/libPowerHal(  895): [perfLockRel] hdl:8340, idx:1
04-29 03:39:04.240 I/libPowerHal(  895): INTERACTION: cpu_ctrl set cpu freq: -1 -1 -1 -1
04-29 03:39:04.240 I/libPowerHal(  895): INTERACTION: set gpu opp level: 29
04-29 03:39:04.240 I/hwcomposer(  884): [HWCDisplay] [Display_0 (type:1)] fps:15.976542,dur:1001.47,max:83.80,min:49.54  
04-29 03:39:04.240 I/libPowerHal(  895): INTERACTION: set gpu opp level max: 0
04-29 03:39:04.255 I/libPowerHal(  895): [perfLockAcq] idx:0 hdl:8341 hint:0 pid:895 duration:80 lock_user:mtkpower@1.0-se => ret_hdl:8341
04-29 03:39:04.255 I/libPowerHal(  895): INTERACTION: set gpu opp level: 0
04-29 03:39:04.255 I/libPowerHal(  895): INTERACTION: set gpu opp level max: 0
04-29 03:39:04.256 I/libPowerHal(  895): INTERACTION: cpu_ctrl set cpu freq: 1800000 -1 2000000 -1
04-29 03:39:04.256 I/libPowerHal(  895): [perfLockAcq] idx:1 hdl:8342 hint:0 pid:895 duration:80 lock_user:mtkpower@1.0-se => ret_hdl:8342
04-29 03:39:04.257 I/libPowerHal(  895): INTERACTION: set gpu opp level max: 0
04-29 03:39:04.336 I/mtkpower@impl(  895): [powerd_req] TIMER_MSG_PERF_LOCK_TIMEOUT hdl:8341
04-29 03:39:04.336 I/libPowerHal(  895): [perfLockRel] hdl:8341, idx:0
04-29 03:39:04.336 I/mtkpower@impl(  895): [powerd_req] TIMER_MSG_PERF_LOCK_TIMEOUT hdl:8342
04-29 03:39:04.336 I/libPowerHal(  895): [perfLockRel] hdl:8342, idx:1
04-29 03:39:04.337 I/libPowerHal(  895): INTERACTION: cpu_ctrl set cpu freq: -1 -1 -1 -1
04-29 03:39:04.337 I/libPowerHal(  895): INTERACTION: set gpu opp level: 29
04-29 03:39:04.337 I/libPowerHal(  895): INTERACTION: set gpu opp level max: 0
04-29 03:39:04.348 I/Accelerometer(  888): Acceleration: x:6.568000, y:0.196000, z:7.496000]
04-29 03:39:04.357 I/libPowerHal(  895): [perfLockAcq] idx:0 hdl:8343 hint:0 pid:895 duration:80 lock_user:mtkpower@1.0-se => ret_hdl:8343
04-29 03:39:04.357 I/libPowerHal(  895): INTERACTION: set gpu opp level: 0
04-29 03:39:04.357 I/libPowerHal(  895): INTERACTION: set gpu opp level max: 0
04-29 03:39:04.358 I/libPowerHal(  895): INTERACTION: cpu_ctrl set cpu freq: 1800000 -1 2000000 -1
04-29 03:39:04.358 I/libPowerHal(  895): [perfLockAcq] idx:1 hdl:8344 hint:0 pid:895 duration:80 lock_user:mtkpower@1.0-se => ret_hdl:8344
04-29 03:39:04.358 I/libPowerHal(  895): INTERACTION: set gpu opp level max: 0
04-29 03:39:04.425 I/VoiceInputManagerWrapper( 3400): VoiceInputManagerWrapper.shutdownVoiceInternal():148 shutdownVoiceInternal()
04-29 03:39:04.438 I/mtkpower@impl(  895): [powerd_req] TIMER_MSG_PERF_LOCK_TIMEOUT hdl:8343
04-29 03:39:04.438 I/libPowerHal(  895): [perfLockRel] hdl:8343, idx:0
04-29 03:39:04.438 I/mtkpower@impl(  895): [powerd_req] TIMER_MSG_PERF_LOCK_TIMEOUT hdl:8344
04-29 03:39:04.438 I/libPowerHal(  895): [perfLockRel] hdl:8344, idx:1
04-29 03:39:04.439 I/libPowerHal(  895): INTERACTION: cpu_ctrl set cpu freq: -1 -1 -1 -1
04-29 03:39:04.439 I/libPowerHal(  895): INTERACTION: set gpu opp level: 29
04-29 03:39:04.439 I/libPowerHal(  895): INTERACTION: set gpu opp level max: 0
04-29 03:39:04.439 I/AutomaticBrightnessControllerImpl( 1687): drop the lightsensor event! lux=5.0
04-29 03:39:04.456 I/libPowerHal(  895): [perfLockAcq] idx:0 hdl:8345 hint:0 pid:895 duration:80 lock_user:mtkpower@1.0-se => ret_hdl:8345
04-29 03:39:04.457 I/libPowerHal(  895): INTERACTION: set gpu opp level: 0
04-29 03:39:04.457 I/libPowerHal(  895): INTERACTION: set gpu opp level max: 0
04-29 03:39:04.457 I/libPowerHal(  895): INTERACTION: cpu_ctrl set cpu freq: 1800000 -1 2000000 -1
04-29 03:39:04.458 I/libPowerHal(  895): [perfLockAcq] idx:1 hdl:8346 hint:0 pid:895 duration:80 lock_user:mtkpower@1.0-se => ret_hdl:8346
04-29 03:39:04.458 I/libPowerHal(  895): INTERACTION: set gpu opp level max: 0
04-29 03:39:04.538 I/mtkpower@impl(  895): [powerd_req] TIMER_MSG_PERF_LOCK_TIMEOUT hdl:8345
04-29 03:39:04.538 I/libPowerHal(  895): [perfLockRel] hdl:8345, idx:0
04-29 03:39:04.538 I/mtkpower@impl(  895): [powerd_req] TIMER_MSG_PERF_LOCK_TIMEOUT hdl:8346
04-29 03:39:04.538 I/libPowerHal(  895): [perfLockRel] hdl:8346, idx:1
04-29 03:39:04.539 I/libPowerHal(  895): INTERACTION: cpu_ctrl set cpu freq: -1 -1 -1 -1
04-29 03:39:04.539 I/libPowerHal(  895): INTERACTION: set gpu opp level: 29
04-29 03:39:04.539 I/libPowerHal(  895): INTERACTION: set gpu opp level max: 0
04-29 03:39:04.557 I/libPowerHal(  895): [perfLockAcq] idx:0 hdl:8347 hint:0 pid:895 duration:80 lock_user:mtkpower@1.0-se => ret_hdl:8347
04-29 03:39:04.557 I/libPowerHal(  895): INTERACTION: set gpu opp level: 0
04-29 03:39:04.557 I/libPowerHal(  895): INTERACTION: set gpu opp level max: 0
04-29 03:39:04.557 I/libPowerHal(  895): INTERACTION: cpu_ctrl set cpu freq: 1800000 -1 2000000 -1
04-29 03:39:04.558 I/libPowerHal(  895): [perfLockAcq] idx:1 hdl:8348 hint:0 pid:895 duration:80 lock_user:mtkpower@1.0-se => ret_hdl:8348
04-29 03:39:04.558 I/libPowerHal(  895): INTERACTION: set gpu opp level max: 0
04-29 03:39:04.590 I/gle.android.gm( 3166): Explicit concurrent copying GC freed 5938KB AllocSpace bytes, 17(740KB) LOS objects, 46% free, 27MB/51MB, paused 240us,57us total 246.587ms
04-29 03:39:04.631 W/AOSP-MdnsDiscoveryManag( 2774): Error while decoding multicast packet (4118): 1 [CONTEXT service_id=168 ]
04-29 03:39:04.632 W/AOSP-MdnsDiscoveryManag( 2774): Error while decoding multicast packet (4119): 1 [CONTEXT service_id=168 ]
04-29 03:39:04.637 I/mtkpower@impl(  895): [powerd_req] TIMER_MSG_PERF_LOCK_TIMEOUT hdl:8347
04-29 03:39:04.637 I/libPowerHal(  895): [perfLockRel] hdl:8347, idx:0
04-29 03:39:04.638 I/mtkpower@impl(  895): [powerd_req] TIMER_MSG_PERF_LOCK_TIMEOUT hdl:8348
04-29 03:39:04.638 I/libPowerHal(  895): [perfLockRel] hdl:8348, idx:1
04-29 03:39:04.638 I/libPowerHal(  895): INTERACTION: cpu_ctrl set cpu freq: -1 -1 -1 -1
04-29 03:39:04.638 I/libPowerHal(  895): INTERACTION: set gpu opp level: 29
04-29 03:39:04.638 I/libPowerHal(  895): INTERACTION: set gpu opp level max: 0
04-29 03:39:04.656 I/libPowerHal(  895): [perfLockAcq] idx:0 hdl:8349 hint:0 pid:895 duration:80 lock_user:mtkpower@1.0-se => ret_hdl:8349
04-29 03:39:04.656 I/libPowerHal(  895): INTERACTION: set gpu opp level: 0
04-29 03:39:04.657 I/libPowerHal(  895): INTERACTION: set gpu opp level max: 0
04-29 03:39:04.657 I/libPowerHal(  895): INTERACTION: cpu_ctrl set cpu freq: 1800000 -1 2000000 -1
04-29 03:39:04.658 I/libPowerHal(  895): [perfLockAcq] idx:1 hdl:8350 hint:0 pid:895 duration:80 lock_user:mtkpower@1.0-se => ret_hdl:8350
