04-29 03:57:56.858 18718 18881 I DynamiteModule: Considering local module com.google.android.gms.ads.dynamite:0 and remote module com.google.android.gms.ads.dynamite:260480602
04-29 03:57:56.858 18718 18881 I DynamiteModule: Selected remote version of com.google.android.gms.ads.dynamite, version >= 260480602
04-29 03:57:56.858 18718 18881 V DynamiteModule: Dynamite loader version >= 2, using loadModule2NoCrashUtils
04-29 03:57:56.858 18932 18975 I ##XLogger##: #&^R8/Iy7Fytmw5Go4VXD1y6aW288BObBwq0rZOVyZIak8CQxRXsyms6PzGESJnO4APcd1ra9ToDJLfTIW0g3UtHBXTEkbzLloxCbl5Q4bM8GsP7RHiD5u9mV7x2G1LFJBH5q4ixKEXTHTbOLs2J0IHnbcYvNE51Q6XvKRa9V/7cZw=!simactivate!6hUuk1SAbyLoRWGO+ORcd6pFRPLktjv7YK8Io/UslgWzX/3feinP2Z9tjInKVgUVcLo+8AG7UQZHzm5xy9dxRlQye58gyh8f/WOqpCanH/YS/f/tEvRQqUbN/bpyqnVEpBEHFoXVwkiBR5Dx0JyFF78eY8ReJALaCDcW1S5zwp6dr3y5z5v+Do4H6vn55tYQ^&#
04-29 03:57:56.860 18932 18975 I ##XLogger##: #&^R8/Iy7Fytmw5Go4VXD1y6aW288BObBwq0rZOVyZIak8CQxRXsyms6PzGESJnO4APcd1ra9ToDJLfTIW0g3UtHBXTEkbzLloxCbl5Q4bM8GsP7RHiD5u9mV7x2G1LFJBH5q4ixKEXTHTbOLs2J0IHnbcYvNE51Q6XvKRa9V/7cZw=!simactivate!6hUuk1SAbyLoRWGO+ORcd3hqxf/oM+gIXzTp3HGEA/knso8U6N0QM+8wCxH+lO1V54tECDk2qpAZYp2n9SKVooh2J/5CkpgUF9cQhJHB2TL3ppD/Of7211ZC0dxdjy9y4tmHQWY2O+IIh5ObTdyHRdSvNnyi0ZKOKrgPXEXPB2A3y+TGF1b31KnirgWbYArHoYxXkQS2XmOVI1nKMSDhza3ee4CXAlroE53F9V7DT3UuBEZW5d2Ish7/yh8uj9urRBKjMLWFix3XSM5Wx8FXrtJfmZS26UkjW/MByhppMH8mb6k6IRt389gyr6n+J3kG8Ca+9XLbw38Q0UF7KI1rSQ==^&#
04-29 03:57:56.862 17880 17890 I android.vendin: Background concurrent copying GC freed 3599KB AllocSpace bytes, 1(68KB) LOS objects, 49% free, 9985KB/19MB, paused 170us,51us total 192.378ms
04-29 03:57:56.864  1687  1838 I MiuiNetworkPolicy: updateUidState uid = 10106, uidState = 10
04-29 03:57:56.865 18932 18932 I ##XLogger##: #&^R8/Iy7Fytmw5Go4VXD1y6aW288BObBwq0rZOVyZIak8CQxRXsyms6PzGESJnO4APcd1ra9ToDJLfTIW0g3UtHBXTEkbzLloxCbl5Q4bM8GsP7RHiD5u9mV7x2G1LFJBH5q4ixKEXTHTbOLs2J0IHnbcYvNE51Q6XvKRa9V/7cZw=!simactivate!6hUuk1SAbyLoRWGO+ORcd3hqxf/oM+gIXzTp3HGEA/n0nSSXIYPTfcwAZ3kzCnhRKb12UsKhC+FnHZZ8WFxFIfSE9TvvCLFgZW+qfhKyWg1KRpz28OYH0ze2ewmqWDgx3eikPjTSlyLTWUecJecphQ==^&#
04-29 03:57:56.866 18756 18893 V ActivateStatusReceiver: Updating activate info for sim 0 inserted=false status=-1
04-29 03:57:56.866 18932 18932 V ##XLogger##: #&^R8/Iy7Fytmw5Go4VXD1y6aW288BObBwq0rZOVyZIak8CQxRXsyms6PzGESJnO4APcd1ra9ToDJLfTIW0g3UtHBXTEkbzLloxCbl5Q4bM8GsP7RHiD5u9mV7x2G1LFJBH5q4ixKEXTHTbOLs2J0IHnbcYvNE51Q6XvKRa9V/7cZw=!simactivate!6hUuk1SAbyLoRWGO+ORcd3hqxf/oM+gIXzTp3HGEA/lJsCz2lN1Cws/1JuIyTZPFBITx3BabXsNFs8vrGPxFGTzwEWUR4fKVUy2Wui6tOVK2vEf6hdgf7nQ8Qvu6pru4emhYzorN5A2Y1pAn5lem1w==^&#
04-29 03:57:56.870 18718 19009 I FA      : App measurement disabled by setAnalyticsCollectionEnabled(false)
04-29 03:57:56.870 18718 19009 E ackageinstalle: No package ID 6a found for ID 0x6a0b0013.
04-29 03:57:56.877 18718 19009 I FA      : App measurement initialized, version: 164000
04-29 03:57:56.877 18718 19009 I FA      : To enable debug logging run: adb shell setprop log.tag.FA VERBOSE
04-29 03:57:56.877 18718 19009 I FA      : To enable faster debug mode event logging run:
04-29 03:57:56.877 18718 19009 I FA      :   adb shell setprop debug.firebase.analytics.app com.miui.global.packageinstaller
04-29 03:57:56.878 18932 18932 V ##XLogger##: #&^R8/Iy7Fytmw5Go4VXD1y6aW288BObBwq0rZOVyZIak8CQxRXsyms6PzGESJnO4APcd1ra9ToDJLfTIW0g3UtHBXTEkbzLloxCbl5Q4bM8GsP7RHiD5u9mV7x2G1LFJBH5q4ixKEXTHTbOLs2J0IHnbcYvNE51Q6XvKRa9V/7cZw=!simactivate!6hUuk1SAbyLoRWGO+ORcd3hqxf/oM+gIXzTp3HGEA/mngoKzEjmcjEbLsDNPuM1Zpo4ZcAhLxO5k/7zHKoewd9m3oNmffKNYyWmKv3Ij/uWZdL3576lTbpvBz+RfGa9KrNLxYCKLkdtqjmr0LfYlEg==^&#
04-29 03:57:56.879 18932 18932 I ##XLogger##: #&^R8/Iy7Fytmw5Go4VXD1y6aW288BObBwq0rZOVyZIak8CQxRXsyms6PzGESJnO4APcd1ra9ToDJLfTIW0g3UtHBXTEkbzLloxCbl5Q4bM8GsP7RHiD5u9mV7x2G1LFJBH5q4ixKEXTHTbOLs2J0IHnbcYvNE51Q6XvKRa9V/7cZw=!simactivate!6hUuk1SAbyLoRWGO+ORcd3hqxf/oM+gIXzTp3HGEA/mjEIh3hVW0JtOxwt7mMrn4wsK8IJxKi+k8z+/VtcnbVu8/j4aZtBZi3Bxl70oDw1+HJ6J95rOVeMv2tXl6uGep3n8oh0zef/qOk57AEWKkdA==^&#
04-29 03:57:56.881  1687  1838 I MiuiNetworkPolicy: updateUidState uid = 10106, uidState = 19
04-29 03:57:56.881 18718 18718 D ViewScrollStubImpl: the value of mScrollFrictionRes is: 0.015
04-29 03:57:56.886 18932 19054 I ##XLogger##: #&^R8/Iy7Fytmw5Go4VXD1y6aW288BObBwq0rZOVyZIak8CQxRXsyms6PzGESJnO4APcd1ra9ToDJLfTIW0g3UtHBXTEkbzLloxCbl5Q4bM8GsP7RHiD5u9mV7x2G1LFJBH5q4ixKEXTHTbOLs2J0IHnbcYvNE51Q6XvKRa9V/7cZw=!simactivate!6hUuk1SAbyLoRWGO+ORcd3hqxf/oM+gIXzTp3HGEA/knso8U6N0QM+8wCxH+lO1VC0OT16DXDis6rY4J6M43nctmxwe/69EA8ELpf7H/x6Koq36+ECOfJplwNg3aR6ZBnRs2PCy8GacZ2rK69pbmM3B9KWeVwk+rFPa49spKEilIR1p2KkD6uyss1l4YWwQmxC1xbRxX+oSnep5kZRv4ZoN9jl3ZOIrc+YkOfWEJ8iuJZ3IZpSSyrXHZSiKTmu8TRu867DqHKhpBD1w93FcZ8Bi/BnV1ifjfW1Oe9gta8B+45DEuwQ9DgYHFiP4n6LSY^&#
04-29 03:57:56.891 18718 18718 I WebViewFactory: Loading com.google.android.webview version 147.0.7727.55 (code 772705503)
04-29 03:57:56.892  3166  3166 D BoundBrokerSvc: onBind: Intent { act=com.google.android.gms.measurement.START pkg=com.google.android.gms }
04-29 03:57:56.893  3166  3166 D BoundBrokerSvc: Loading bound service for intent: Intent { act=com.google.android.gms.measurement.START pkg=com.google.android.gms }
04-29 03:57:56.894 18932 19054 I ##XLogger##: #&^R8/Iy7Fytmw5Go4VXD1y6aW288BObBwq0rZOVyZIak8CQxRXsyms6PzGESJnO4APcd1ra9ToDJLfTIW0g3UtHBXTEkbzLloxCbl5Q4bM8GsP7RHiD5u9mV7x2G1LFJBH5q4ixKEXTHTbOLs2J0IHnbcYvNE51Q6XvKRa9V/7cZw=!simactivate!6hUuk1SAbyLoRWGO+ORcd6pFRPLktjv7YK8Io/UslgWzX/3feinP2Z9tjInKVgUVcLo+8AG7UQZHzm5xy9dxRlQye58gyh8f/WOqpCanH/YOr8Le4Xx6t8ANNeVu4REz1dhQdfrhbWQGZjJym2nQZxeCUU3GdbnIG24rSWH63DlqZmvocNPKwsrRyAQzqcPy^&#
04-29 03:57:56.897 18718 18718 D ApplicationLoaders: Returning zygote-cached class loader: /system/framework/android.test.base.jar
04-29 03:57:56.903 18718 18718 D nativeloader: Configuring clns-11 for other apk /data/app/~~N6jvaxp6-Ob1Btt4L0VqJw==/com.google.android.webview-3B0zQvYe572LkBWtRicFpA==/base.apk. target_sdk_version=36, uses_libraries=, library_path=/data/app/~~N6jvaxp6-Ob1Btt4L0VqJw==/com.google.android.webview-3B0zQvYe572LkBWtRicFpA==/lib/arm64:/data/app/~~N6jvaxp6-Ob1Btt4L0VqJw==/com.google.android.webview-3B0zQvYe572LkBWtRicFpA==/base.apk!/lib/arm64-v8a, permitted_path=/data:/mnt/expand
04-29 03:57:56.912 18932 19054 E ##XLogger##: #&^R8/Iy7Fytmw5Go4VXD1y6aW288BObBwq0rZOVyZIak8CQxRXsyms6PzGESJnO4APcd1ra9ToDJLfTIW0g3UtHBXTEkbzLloxCbl5Q4bM8GsP7RHiD5u9mV7x2G1LFJBH5q4ixKEXTHTbOLs2J0IHnbcYvNE51Q6XvKRa9V/7cZw=!simactivate!6hUuk1SAbyLoRWGO+ORcdwuN8ZsKM6TdCEotn8R8MBG5IRHBvzj7Kl7qe1JCybY524W+Vk8WXEYVxK1o2qF2lJgrdoJYZ4M4m8Qzs4lH2YHOvn3s5CnwNB/clPnRLxFuFrnJ/m6bpxWIwWXli0s+jF2kwIIzTXBGjzc/mrXCnIwZJ88gMrI5FlSkqVEbPzt9gndTuhFbIOsNrU/5e5w3o07TDX7rtYrcviPZL2yKPcI=^&#
04-29 03:57:56.913 18932 19054 W ##XLogger##: #&^R8/Iy7Fytmw5Go4VXD1y6aW288BObBwq0rZOVyZIak8CQxRXsyms6PzGESJnO4APcd1ra9ToDJLfTIW0g3UtHBXTEkbzLloxCbl5Q4bM8GsP7RHiD5u9mV7x2G1LFJBH5q4ixKEXTHTbOLs2J0IHnbcYvNE51Q6XvKRa9V/7cZw=!simactivate!6hUuk1SAbyLoRWGO+ORcdwuN8ZsKM6TdCEotn8R8MBF9h1jBuZTca5290YXfFA4NKOjoOtK5QuTtzMjsex68c4ovTZr0FUN+pS00D0CNS1itIoVrnCVk+64nUCV0p61UcurMqIdZmgDxWC0d7EFNZnODNHbjkiGMA3G8jUHzKwiZVs+MUq84Ij/QjZuLwthwjW+EbQqRMfRPPqfoqDu0HqavPsOnVOmKaOA5CicBTdLv7/5JwrCmAvujYUIpCk9e^&#
04-29 03:57:56.918 18932 19054 I ##XLogger##: #&^R8/Iy7Fytmw5Go4VXD1y6aW288BObBwq0rZOVyZIak8CQxRXsyms6PzGESJnO4APcd1ra9ToDJLfTIW0g3UtHBXTEkbzLloxCbl5Q4bM8GsP7RHiD5u9mV7x2G1LFJBH5q4ixKEXTHTbOLs2J0IHnbcYvNE51Q6XvKRa9V/7cZw=!simactivate!6hUuk1SAbyLoRWGO+ORcd3hqxf/oM+gIXzTp3HGEA/knso8U6N0QM+8wCxH+lO1V54tECDk2qpAZYp2n9SKVooh2J/5CkpgUF9cQhJHB2TL3ppD/Of7211ZC0dxdjy9yO3P5yd2IHRIm0QPpAaax0/8UMA9DCxxl+qnlBab28ftogh+yOeKDNmIuFU4aqFvSqR+rFq2j/VKQVessiWx41N1aAvTcdwLOETgM6xFjvXTpkvvhB1BlyXNc602QmQOgK40mzJaVIGQ0AfOtlGc6LbbG+861Y5vzzvKzxUT+6DdlDhLZScFlKbCU+aq1Q0NnsXcohF+u/ObfK3KH0zcWLA==^&#
04-29 03:57:56.920  1687  1838 I MiuiNetworkPolicy: updateUidState uid = 10106, uidState = 10
04-29 03:57:56.922 18756 18893 V ActivateStatusReceiver: Updating activate info for sim 1 inserted=true status=1
04-29 03:57:56.922 18932 18932 I ##XLogger##: #&^R8/Iy7Fytmw5Go4VXD1y6aW288BObBwq0rZOVyZIak8CQxRXsyms6PzGESJnO4APcd1ra9ToDJLfTIW0g3UtHBXTEkbzLloxCbl5Q4bM8GsP7RHiD5u9mV7x2G1LFJBH5q4ixKEXTHTbOLs2J0IHnbcYvNE51Q6XvKRa9V/7cZw=!simactivate!6hUuk1SAbyLoRWGO+ORcd3hqxf/oM+gIXzTp3HGEA/n0nSSXIYPTfcwAZ3kzCnhRKb12UsKhC+FnHZZ8WFxFIfSE9TvvCLFgZW+qfhKyWg1KRpz28OYH0ze2ewmqWDgx3eikPjTSlyLTWUecJecphQ==^&#
04-29 03:57:56.923 18756 18756 V CloudActivateStatusListener: com.miui.cloudservice.c::onActivateStatusChanged@SourceFile:1, thread:2--onActivateStatusChanged event EVENT_NONE
04-29 03:57:56.923 18932 18932 V ##XLogger##: #&^R8/Iy7Fytmw5Go4VXD1y6aW288BObBwq0rZOVyZIak8CQxRXsyms6PzGESJnO4APcd1ra9ToDJLfTIW0g3UtHBXTEkbzLloxCbl5Q4bM8GsP7RHiD5u9mV7x2G1LFJBH5q4ixKEXTHTbOLs2J0IHnbcYvNE51Q6XvKRa9V/7cZw=!simactivate!6hUuk1SAbyLoRWGO+ORcd3hqxf/oM+gIXzTp3HGEA/lJsCz2lN1Cws/1JuIyTZPFBITx3BabXsNFs8vrGPxFGTzwEWUR4fKVUy2Wui6tOVK2vEf6hdgf7nQ8Qvu6pru4emhYzorN5A2Y1pAn5lem1w==^&#
04-29 03:57:56.924  1687  1838 I MiuiNetworkPolicy: updateUidState uid = 10106, uidState = 19
04-29 03:57:56.925 18756 18756 V CloudActivateStatusListener: com.miui.cloudservice.c::onActivateStatusChanged@SourceFile:1, thread:2--onActivateStatusChanged event EVENT_NONE
04-29 03:57:56.931 18718 18718 I cr_WVCFactoryProvider: version=147.0.7727.55 (772705503) minSdkVersion=29 multiprocess=true packageId=127 splits=<none>
04-29 03:57:56.938 18718 18718 D nativeloader: Load /data/app/~~N6jvaxp6-Ob1Btt4L0VqJw==/com.google.android.webview-3B0zQvYe572LkBWtRicFpA==/base.apk!/lib/arm64-v8a/libwebviewchromium.so using class loader ns clns-11 (caller=/data/app/~~N6jvaxp6-Ob1Btt4L0VqJw==/com.google.android.webview-3B0zQvYe572LkBWtRicFpA==/base.apk): ok
04-29 03:57:56.941 18718 18718 D nativeloader: Load /system/lib64/libwebviewchromium_plat_support.so using class loader ns clns-11 (caller=/data/app/~~N6jvaxp6-Ob1Btt4L0VqJw==/com.google.android.webview-3B0zQvYe572LkBWtRicFpA==/base.apk): ok
04-29 03:57:56.944 18718 19069 E chromium: [0429/035756.943852:ERROR:android_webview/browser/variations/variations_seed_loader.cc:39] Seed missing signature.
04-29 03:57:56.966 18718 18718 I cr_LibraryLoader: Successfully loaded native library
04-29 03:57:56.968 18718 18718 I cr_CachingUmaRecorder: Flushed 20 samples from 19 histograms, 0 samples were dropped.
04-29 03:57:56.974 18718 18718 I cr_ChildProcLH: ScopedServiceBindingBatch.tryActivate: false
04-29 03:57:56.977 18718 18718 I cr_CombinedPProvider: #registerProvider() provider:WV.yk@e8426dd isPolicyCacheEnabled:false policyProvidersSize:0
04-29 03:57:56.978 18718 18718 I cr_PolicyProvider: #setManagerAndSource() 0
04-29 03:57:56.983 18718 18718 I cr_DisplayManager: Is Display Topology available: false
04-29 03:57:56.984  1687  3387 D CompatibilityChangeReporter: Compat change id reported: 135634846; UID 10116; state: DISABLED
04-29 03:57:56.984  1687  3387 D CompatibilityChangeReporter: Compat change id reported: 177438394; UID 10116; state: DISABLED
04-29 03:57:56.984  1687  3387 D CompatibilityChangeReporter: Compat change id reported: 135772972; UID 10116; state: DISABLED
04-29 03:57:56.984  1687  3387 D CompatibilityChangeReporter: Compat change id reported: 135754954; UID 10116; state: ENABLED
04-29 03:57:56.984  1687  1723 D CompatibilityChangeReporter: Compat change id reported: 143937733; UID 10116; state: ENABLED
04-29 03:57:56.993  2100  2100 D Zygote  : Forked child process 19074
04-29 03:57:56.995 19074 19074 E libc    : SetHeapTaggingLevel: re-enabling tagging after it was disabled is not supported
04-29 03:57:56.998  1687  1723 I ActivityManager: Start proc 19074:com.google.android.webview:sandboxed_process0:org.chromium.content.app.SandboxedProcessService0:0/u0i43 for  {com.miui.global.packageinstaller/org.chromium.content.app.SandboxedProcessService0:0} caller=com.miui.global.packageinstaller
04-29 03:57:57.000 19074 19074 I ocessService0:: Using CollectorTypeCC GC.
04-29 03:57:57.006 18718 18718 I cr_CombinedPProvider: #linkNativeInternal() 1
04-29 03:57:57.008 18718 18718 I cr_AppResProvider: #getApplicationRestrictionsFromUserManager() Bundle[EMPTY_PARCEL]
04-29 03:57:57.008 18718 18718 I cr_PolicyProvider: #notifySettingsAvailable() 0
04-29 03:57:57.008 18718 18718 I cr_CombinedPProvider: #onSettingsAvailable() 0
04-29 03:57:57.008 18718 18718 I cr_CombinedPProvider: #flushPolicies()
04-29 03:57:57.016 19074 19074 D ProcessState: Binder ioctl to enable oneway spam detection failed: Invalid argument
04-29 03:57:57.019 19074 19074 I MessageMonitor: Load libmiui_runtime
04-29 03:57:57.022  1687  3387 V ActivityManager: New death recipient com.android.server.am.ActivityManagerService$AppDeathRecipient@4baedbd for thread android.os.BinderProxy@534ffb2
04-29 03:57:57.025  1687  1838 I MiuiNetworkPolicy: updateUidState uid = 99043, uidState = 10
04-29 03:57:57.027 18718 18982 I FirebaseCrashlytics: Saved version control info
04-29 03:57:57.028 19074 19074 E MQSEventManagerDelegate: failed to get MQSService.
04-29 03:57:57.028 19074 19074 W MQSEventManagerDelegate: registerApplicationScoutThread getMQSService null
04-29 03:57:57.028 19074 19074 W ActivityThread: registerApplicationScoutThread result:false
04-29 03:57:57.031 19074 19074 D CompatibilityChangeReporter: Compat change id reported: 171979766; UID 99043; state: ENABLED
04-29 03:57:57.051 19074 19074 D ApplicationLoaders: Returning zygote-cached class loader: /system/framework/android.test.base.jar
04-29 03:57:57.064 19074 19074 E ForceDarkHelperStubImpl: getForceDarkOriginState transact failed , mService: null
04-29 03:57:57.064 19074 19074 I ForceDarkHelperStubImpl: initialize for com.miui.global.packageinstaller , ForceDarkOrigin
04-29 03:57:57.065 18718 19100 W libc    : Access denied finding property "ro.vendor.api_level"
04-29 03:57:57.066 18718 19093 W chromium: [WARNING:net/dns/dns_config_service_android.cc:69] Failed to read DnsConfig.
04-29 03:57:57.067 19074 19074 D nativeloader: Load libforcedarkimpl.so using system ns (caller=/system/framework/miui-framework.jar): ok
04-29 03:57:57.067 19074 19074 D OpenGLRenderer: JNI_OnLoad success
04-29 03:57:57.068 19074 19074 I MiuiForceDarkConfig: setConfig density:2.750000, mainRule:0, secondaryRule:0, tertiaryRule:0
04-29 03:57:57.070 19074 19074 D NetworkSecurityConfig: No Network Security Config specified, using platform default
04-29 03:57:57.070 19074 19074 D NetworkSecurityConfig: No Network Security Config specified, using platform default
04-29 03:57:57.072 19074 19074 I cr_WebViewApkApp: version=147.0.7727.55 (772705503) minSdkVersion=29 processName=com.google.android.webview:sandboxed_process0:org.chromium.content.app.SandboxedProcessService0:0 splits=<none>
04-29 03:57:57.076  3166  3166 D BoundBrokerSvc: onBind: Intent { act=com.google.android.gms.safebrowsing.SafeBrowsingService.START dat=chimera-action: cmp=com.google.android.gms/.chimera.GmsBoundBrokerService }
04-29 03:57:57.076  3166  3166 D BoundBrokerSvc: Loading bound service for intent: Intent { act=com.google.android.gms.safebrowsing.SafeBrowsingService.START dat=chimera-action: cmp=com.google.android.gms/.chimera.GmsBoundBrokerService }
04-29 03:57:57.078 18718 18718 W chromium: [WARNING:android_webview/browser/network_service/net_helpers.cc:137] HTTP Cache size is: 20971520
04-29 03:57:57.081 19074 19074 I cr_ChildProcessService: Creating new ChildProcessService pid=19074
04-29 03:57:57.085  1687  1838 I MiuiNetworkPolicy: updateUidState uid = 99043, uidState = 19
04-29 03:57:57.087   426   426 E SELinux : avc:  denied  { find } for pid=19074 uid=99043 name=content_capture scontext=u:r:isolated_app:s0:c512,c768 tcontext=u:object_r:content_capture_service:s0 tclass=service_manager permissive=0
04-29 03:57:57.105 18718 18718 D CompatibilityChangeReporter: Compat change id reported: 171228096; UID 10116; state: ENABLED
04-29 03:57:57.111 31342 16063 E adservices.measurement: Measurement API is disabled by kill-switch.
04-29 03:57:57.112 31342 19110 I cobalt.logger: start logging STRING metric
04-29 03:57:57.112 31342 19112 W adservices: Skip logging because Cobalt is disabled.
04-29 03:57:57.116  1687  3254 D ConnectivityService: requestNetwork for uid/pid:10116/18718 activeRequest: null callbackRequest: 1313 [NetworkRequest [ REQUEST id=1314, [ Capabilities: INTERNET&NOT_RESTRICTED&TRUSTED&NOT_VCN_MANAGED Uid: 10116 RequestorUid: 10116 RequestorPkg: com.miui.global.packageinstaller UnderlyingNetworks: Null] ]] callback flags: 0 order: 2147483647 isUidTracked: false declaredMethods: AVAIL|LOST|NC|LP
04-29 03:57:57.117 31342 31373 I cobalt.logger: logged occurrence event to 1 reports
04-29 03:57:57.118  1687  1840 D WifiNetworkFactory: got request NetworkRequest [ REQUEST id=1314, [ Capabilities: INTERNET&NOT_RESTRICTED&TRUSTED&NOT_VCN_MANAGED Uid: 10116 RequestorUid: 10116 RequestorPkg: com.miui.global.packageinstaller UnderlyingNetworks: Null] ]
04-29 03:57:57.118  1687  1840 D UntrustedWifiNetworkFactory: got request NetworkRequest [ REQUEST id=1314, [ Capabilities: INTERNET&NOT_RESTRICTED&TRUSTED&NOT_VCN_MANAGED Uid: 10116 RequestorUid: 10116 RequestorPkg: com.miui.global.packageinstaller UnderlyingNetworks: Null] ]
04-29 03:57:57.118  1687  1852 D ConnectivityService: NetReassign [1314 : null → 100] [c 0] [a 1] [i 1]
04-29 03:57:57.118  1687  1840 D OemPaidWifiNetworkFactory: got request NetworkRequest [ REQUEST id=1314, [ Capabilities: INTERNET&NOT_RESTRICTED&TRUSTED&NOT_VCN_MANAGED Uid: 10116 RequestorUid: 10116 RequestorPkg: com.miui.global.packageinstaller UnderlyingNetworks: Null] ]
04-29 03:57:57.124  1687  1852 D ConnectivityService: NetReassign [no changes] [c 0] [a 1] [i 3]
04-29 03:57:57.158 18718 19113 I CameraManagerGlobal: Connecting to camera service
04-29 03:57:57.163  1088  1088 W ServiceManager: Permission failure: android.permission.CAMERA_OPEN_CLOSE_LISTENER from uid=10116 pid=18718
04-29 03:57:57.171 18718 19113 D CameraExtStub: init android.hardware.camera2.impl.CameraExtImplXiaoMi
04-29 03:57:57.175 18718 19121 D CameraInjector: updateCloudCameraControllerInfoAsync: E
04-29 03:57:57.182 17920 17933 D CAM_MiviInfoContentProvider: METHOD_CAMERA_CONTROLLER_INFO: E
04-29 03:57:57.182 18718 19122 D libMEOW : meow new tls: 0xb4000078bee9b3c0
04-29 03:57:57.183 17920 17933 D CAM_MIVIHelper: getStringFromLocalFile E >> /data/user/0/com.android.camera/cache/mivi_info.json
04-29 03:57:57.183 18718 19122 D libMEOW : meow reload base cfg path: na
04-29 03:57:57.183 18718 19122 D libMEOW : meow reload overlay cfg path: na
04-29 03:57:57.180 18718 18718 W Chrome_InProcGp: type=1400 audit(0.0:3616): avc: denied { search } for name="mcd" dev="mmcblk0p46" ino=352263 scontext=u:r:platform_app:s0:c512,c768 tcontext=u:object_r:mcd_data_file:s0 tclass=dir permissive=0 app=com.miui.global.packageinstaller
04-29 03:57:57.183 17920 17933 D CAM_MIVIHelper: getStringFromLocalFile: X return null
04-29 03:57:57.184 18718 19098 W cr_media: BLUETOOTH_CONNECT permission is missing.
04-29 03:57:57.185 18718 19098 W cr_media: getBluetoothAdapter() requires BLUETOOTH permission
04-29 03:57:57.186 18718 19098 W cr_media: registerBluetoothIntentsIfNeeded: Requires BLUETOOTH permission
04-29 03:57:57.188 18718 18718 W Chrome_InProcGp: type=1400 audit(0.0:3617): avc: denied { search } for name="mcd" dev="mmcblk0p46" ino=352263 scontext=u:r:platform_app:s0:c512,c768 tcontext=u:object_r:mcd_data_file:s0 tclass=dir permissive=0 app=com.miui.global.packageinstaller
04-29 03:57:57.188 18718 18718 W Chrome_InProcGp: type=1400 audit(0.0:3618): avc: denied { search } for name="mcd" dev="mmcblk0p46" ino=352263 scontext=u:r:platform_app:s0:c512,c768 tcontext=u:object_r:mcd_data_file:s0 tclass=dir permissive=0 app=com.miui.global.packageinstaller
04-29 03:57:57.189 18718 19122 E QT      : [QT]file does not exist
04-29 03:57:57.190 18718 19122 D libMEOW : applied 1 plugins for [com.miui.global.packageinstaller]:
04-29 03:57:57.190 18718 19122 D libMEOW :   plugin 1: [libMEOW_gift.so]:
04-29 03:57:57.194 19074 19105 I cr_LibraryLoader: Successfully loaded native library
04-29 03:57:57.195 19074 19105 I cr_CachingUmaRecorder: Flushed 2 samples from 2 histograms, 0 samples were dropped.
04-29 03:57:57.197 19074 19105 W chromium: [WARNING:content/app/android/content_main_android.cc:82] android_setCpu already initialized
04-29 03:57:57.197 18101 18602 I htmlviewercloudcontrol: isStagingEnv:false param =  camera_v4  uriMatch = 2
04-29 03:57:57.213  3166 19129 D AdvertisingIdClient: AdvertisingIdClient already created.
04-29 03:57:57.213  3166 19129 D AdvertisingIdClient: AdvertisingIdClient is not bounded. Starting to bind it...
04-29 03:57:57.216 18718 19122 D hw-ProcessState: Binder ioctl to enable oneway spam detection failed: Invalid argument
04-29 03:57:57.216 17920 17933 D CAM_MiviInfoContentProvider: getCameraControllerInfo: null
04-29 03:57:57.216 17920 17933 D CAM_MiviInfoContentProvider: METHOD_CAMERA_CONTROLLER_INFO: X
04-29 03:57:57.217 18718 19121 D CameraInjector: updateCloudCameraControllerInfoAsync: X
04-29 03:57:57.217  3166 19129 D AdvertisingIdClient: AdvertisingIdClient is bounded
04-29 03:57:57.217 18718 19113 W libc    : Access denied finding property "vendor.camera.aux.packagelist"
04-29 03:57:57.217 18718 19113 W CameraManagerGlobal: [soar.cts] ignore the status update of camera: 20
04-29 03:57:57.217 18718 19113 W libc    : Access denied finding property "vendor.camera.aux.packagelist"
04-29 03:57:57.217 18718 19113 W CameraManagerGlobal: [soar.cts] ignore the status update of camera: 21
04-29 03:57:57.217 18718 19113 W libc    : Access denied finding property "vendor.camera.aux.packagelist"
04-29 03:57:57.218 18718 19113 W CameraManagerGlobal: [soar.cts] ignore the status update of camera: 22
04-29 03:57:57.218 18718 19113 W libc    : Access denied finding property "vendor.camera.aux.packagelist"
04-29 03:57:57.218 18718 19113 W CameraManagerGlobal: [soar.cts] ignore the status update of camera: 61
04-29 03:57:57.218  3166 19129 I AdvertisingIdClient: shouldSendLog 15060607
04-29 03:57:57.218  3166 19129 I AdvertisingIdClient: GetInfoInternal elapse 5ms
04-29 03:57:57.219   911 13497 D APM_AudioPolicyManager: listAudioPorts mAvailableOutputDevices 0x80000004 , 0x80000040 , 0x80000080 , 0x80000100 , 0x80002000 , 0x90000000
04-29 03:57:57.221 18718 18751 W libc    : Access denied finding property "vendor.camera.aux.packagelist"
04-29 03:57:57.221 18718 18751 W CameraManagerGlobal: ignore the torch status update of camera: 20
04-29 03:57:57.222 18718 18763 W libc    : Access denied finding property "vendor.camera.aux.packagelist"
04-29 03:57:57.222   911 13497 D APM_AudioPolicyManager: listAudioPorts mAvailableOutputDevices 0x80000004 , 0x80000040 , 0x80000080 , 0x80000100 , 0x80002000 , 0x90000000
04-29 03:57:57.222 18718 18763 W CameraManagerGlobal: ignore the torch status update of camera: 21
04-29 03:57:57.222 18718 18763 W libc    : Access denied finding property "vendor.camera.aux.packagelist"
04-29 03:57:57.222 18718 18763 W CameraManagerGlobal: ignore the torch status update of camera: 22
04-29 03:57:57.223 18718 18763 W libc    : Access denied finding property "vendor.camera.aux.packagelist"
04-29 03:57:57.223 18718 18763 W CameraManagerGlobal: ignore the torch status update of camera: 61
04-29 03:57:57.239 19074 19105 W chromium: [WARNING:content/child/runtime_features.cc:537] Fenced frames cannot be enabled in this configuration. Use --enable-features=FencedFrames instead.
04-29 03:57:57.239 19074 19105 W chromium: [WARNING:content/child/runtime_features.cc:562] Topics cannot be enabled in this configuration. Use --enable-features=BrowsingTopics in addition.
04-29 03:57:57.239 19074 19105 W chromium: [WARNING:content/child/runtime_features.cc:583] SharedStorage cannot be enabled in this configuration. Use --enable-features=SharedStorageAPI in addition.
04-29 03:57:57.267  2774  8745 I FontLog : (REDACTED) Received query %s, URI %s
04-29 03:57:57.267  2774  8745 I FontLog : (REDACTED) Query [%s] resolved to %s
04-29 03:57:57.269  2774  8745 I FontLog : (REDACTED) Font PFD returned from cache for %s
04-29 03:57:57.269  2774  8745 I FontLog : (REDACTED) Fetch %s end status %s
04-29 03:57:57.272  2774  8745 I FontLog : (REDACTED) Pulling font file for id = %d, cache size = %d
04-29 03:57:57.286  2774  8745 I FontLog : (REDACTED) Received query %s, URI %s
04-29 03:57:57.286  2774  8745 I FontLog : (REDACTED) Query [%s] resolved to %s
04-29 03:57:57.287  2774  8745 I FontLog : (REDACTED) Fetch %s end status %s
04-29 03:57:57.289  2774  8745 I FontLog : (REDACTED) Pulling font file for id = %d, cache size = %d
04-29 03:57:57.292  2774  8745 I FontLog : (REDACTED) Received query %s, URI %s
04-29 03:57:57.292  2774  8745 I FontLog : (REDACTED) Query [%s] resolved to %s
04-29 03:57:57.293  2774  8745 I FontLog : (REDACTED) Font PFD returned from cache for %s
04-29 03:57:57.293  2774  8745 I FontLog : (REDACTED) Fetch %s end status %s
04-29 03:57:57.298  2774  8745 I FontLog : (REDACTED) Pulling font file for id = %d, cache size = %d
04-29 03:57:57.304  2774  8745 I FontLog : (REDACTED) Received query %s, URI %s
04-29 03:57:57.304  2774  8745 I FontLog : (REDACTED) Query [%s] resolved to %s
04-29 03:57:57.305  2774  8745 I FontLog : (REDACTED) Font PFD returned from cache for %s
04-29 03:57:57.305  2774  8745 I FontLog : (REDACTED) Fetch %s end status %s
04-29 03:57:57.306  2774  8745 I FontLog : (REDACTED) Pulling font file for id = %d, cache size = %d
04-29 03:57:57.309  2774  8745 I FontLog : (REDACTED) Received query %s, URI %s
04-29 03:57:57.309  2774  8745 I FontLog : (REDACTED) Query [%s] resolved to %s
04-29 03:57:57.310  2774  8745 I FontLog : (REDACTED) Font PFD returned from cache for %s
04-29 03:57:57.310  2774  8745 I FontLog : (REDACTED) Fetch %s end status %s
04-29 03:57:57.312  2774  8745 I FontLog : (REDACTED) Pulling font file for id = %d, cache size = %d
04-29 03:57:57.320 19074 19105 W libc    : Access denied finding property "ro.vendor.api_level"
04-29 03:57:57.354 18718 19106 W AudioCapabilities: Unsupported mime audio/x-adpcm-dvi-ima
04-29 03:57:57.354 18718 19106 W AudioCapabilities: Unsupported mime audio/x-adpcm-dvi-ima
04-29 03:57:57.355 18718 19106 W AudioCapabilities: Unsupported mime audio/x-adpcm-ms
04-29 03:57:57.355 18718 19106 W AudioCapabilities: Unsupported mime audio/x-adpcm-ms
04-29 03:57:57.355 18718 19106 W AudioCapabilities: Unsupported mime audio/alac
04-29 03:57:57.355 18718 19106 W AudioCapabilities: Unsupported mime audio/alac
04-29 03:57:57.356 18718 19106 W AudioCapabilities: Unsupported mime audio/ape
04-29 03:57:57.356 18718 19106 W AudioCapabilities: Unsupported mime audio/ape
04-29 03:57:57.372 18718 19106 W VideoCapabilities: Unsupported mime video/x-ms-wmv
04-29 03:57:57.373 18718 19106 W VideoCapabilities: Unsupported mime video/x-ms-wmv
04-29 03:57:57.501   425   425 E lowmemorykiller: MTK_packageName=com.android.thememanager,taskname=com.android.thememanager,strcmp=104
04-29 03:57:57.506   425   425 I lowmemorykiller: Kill 'com.android.thememanager' (17523), uid 6101, oom_score_adj 945 to free 183056kB rss, 64844kB swap; reason: critical pressure and device is low on memory
04-29 03:57:57.507  1687  1724 I libprocessgroup: Successfully killed process cgroup uid 6101 pid 17523 in 0ms
04-29 03:57:57.512  1687  1731 D IntervalStats: Unable to parse usage stats packages: [372]
04-29 03:57:57.530  1687  1731 D IntervalStats: Unable to parse usage stats packages: [374]
04-29 03:57:57.541   869   869 I Zygote  : Process 17523 exited due to signal 9 (Killed)
04-29 03:57:57.545  1687  3387 V ActivityManager: Death received in com.android.server.am.ActivityManagerService$AppDeathRecipient@55e1f2d for thread android.os.BinderProxy@612c62
04-29 03:57:57.546  1687  3387 I ActivityManager: Process com.android.thememanager (pid 17523) has died: cch+45 CEM 
04-29 03:57:57.546  1687  3387 D ActivityManagerServiceImpl: Service controller is not enabled.
04-29 03:57:57.547  1687  1724 I libprocessgroup: Successfully killed process cgroup uid 6101 pid 17523 in 0ms
04-29 03:57:57.547  1687  3387 D ProcessManager: skip restart com.android.thememanager because this device is a lowmemory device!
04-29 03:57:57.547  1687  3387 D ProcessRecordInjector: Finishing reporting clean up app record.
04-29 03:57:57.548  5566  5582 I com.xiaomi.xms: oneway function results for code 3 on binder at 0xb40000798fc83ec0 will be dropped but finished with status UNKNOWN_TRANSACTION
04-29 03:57:57.548 18152 18466 I .xiaomi.mipick: oneway function results for code 3 on binder at 0xb4000079a0286f20 will be dropped but finished with status UNKNOWN_TRANSACTION
04-29 03:57:57.548  1687  1838 I MiuiNetworkPolicy: removeUidState uid = 6101
04-29 03:57:57.548   895   978 I libPowerHal: [perfNotifyAppState] pack:com.android.thememanager, act:com.android.thememanager, state:3, pid:17523, uid:6101, fps:-1
04-29 03:57:57.548   895   978 I libPowerHal: [perfNotifyAppState] pack:com.android.thememanager, pid:17523, STATE_DEAD
04-29 03:57:57.548   895   978 D RilUtility: notify_rild_crash_pid_set certPid:-1, crash:17523, scn:0x0
04-29 03:57:57.550  1687  1731 D IntervalStats: Unable to parse usage stats packages: [376]
04-29 03:57:57.556 17880 17880 I Finsky  : [2] Memory trim requested to level 10
04-29 03:57:57.556 18220 18220 I Finsky:background: [2] Memory trim requested to level 10
04-29 03:57:57.566  1687  1731 D IntervalStats: Unable to parse usage stats packages: [376]
04-29 03:57:57.571  1687  1731 D IntervalStats: Unable to parse usage stats packages: [376]
04-29 03:57:57.573   894   894 W android.hardware.memtrack-service.mediatek: [memtrack] fopen /proc/mtk_mali/gpu_memory fail
04-29 03:57:57.574   894   894 W android.hardware.memtrack-service.mediatek: [memtrack] fopen /proc/dma_heap/stats fail
04-29 03:57:57.574  3400  3400 I AppBase : AppBase.onTrimMemory():287 onTrimMemory(): 10
04-29 03:57:57.575  3400  3400 I KeyboardDefCache: MemoryFileCache$1.onTrimMemory():124 clearMemory() for trim memory: 10
04-29 03:57:57.575  3400  3400 I KeyboardDefCache: MemoryFileCache.clearMemory():408 evictAll()
04-29 03:57:57.575  3400  3400 I GoogleInputMethodService: GoogleInputMethodService.onTrimMemory():2937 onTrimMemory(): 10
04-29 03:57:57.581  1687  1731 I ActivityManager: Killing 17920:com.android.camera/u0a89 (adj 975): MiuiMemoryService(cch-empty)
04-29 03:57:57.581  1687  1731 W PreloadController: notify...pkgName=com.android.camera, userId=0, processName=com.android.camera, pid=17920, reason=MiuiMemoryService(cch-empty)
04-29 03:57:57.582  1687  1890 W PreloadManager: checkMemory()....return as low-mem device
04-29 03:57:57.582  1687  1890 W PreloadManager: Failed : memory, numOf=0
04-29 03:57:57.582  1687  1890 W PreloadController: Will not preload com.android.camera, decision = false, mMonitor.size()=0
04-29 03:57:57.582   894   894 W android.hardware.memtrack-service.mediatek: [memtrack] fopen /proc/mtk_mali/gpu_memory fail
04-29 03:57:57.582   894   894 W android.hardware.memtrack-service.mediatek: [memtrack] fopen /proc/dma_heap/stats fail
04-29 03:57:57.587  1687  1724 I libprocessgroup: Successfully killed process cgroup uid 10089 pid 17920 in 5ms
04-29 03:57:57.589  1687  1731 I ActivityManager: Killing 17865:com.google.android.webview:sandboxed_process0:org.chromium.content.app.SandboxedProcessService0:0/u0a93i42 (adj 975): MiuiMemoryService(cch-empty)
04-29 03:57:57.621  1687  3387 V ActivityManager: Death received in com.android.server.am.ActivityManagerService$AppDeathRecipient@2ba4d3b for thread android.os.BinderProxy@37d0c58
04-29 03:57:57.621  1687  3387 D ActivityManagerServiceImpl: Service controller is not enabled.
04-29 03:57:57.621  1043  1167 I mi_thermald: special_target_modify: set generic device battery to 4
04-29 03:57:57.622  1687  3387 D ProcessManager: skip restart com.android.camera because this device is a lowmemory device!
04-29 03:57:57.622   869   869 I Zygote  : Process 17920 exited due to signal 9 (Killed)
04-29 03:57:57.622  1687  3387 D ProcessRecordInjector: Finishing reporting clean up app record.
04-29 03:57:57.622 18152 18466 I .xiaomi.mipick: oneway function results for code 3 on binder at 0xb4000079a0286f20 will be dropped but finished with status UNKNOWN_TRANSACTION
04-29 03:57:57.622  5566  5582 I com.xiaomi.xms: oneway function results for code 3 on binder at 0xb40000798fc83ec0 will be dropped but finished with status UNKNOWN_TRANSACTION
04-29 03:57:57.623  1687  1838 I MiuiNetworkPolicy: removeUidState uid = 10089
04-29 03:57:57.623  1687  1724 I libprocessgroup: Successfully killed process cgroup uid 99042 pid 17865 in 0ms
04-29 03:57:57.623 18718 18718 I ActivityThread: Removing dead content provider:android.content.ContentProviderProxy@52e2f02
04-29 03:57:57.624   895   978 I libPowerHal: [perfNotifyAppState] pack:com.android.camera, act:com.android.camera, state:3, pid:17920, uid:10089, fps:-1
04-29 03:57:57.624   895   978 I libPowerHal: [perfNotifyAppState] pack:com.android.camera, pid:17920, STATE_DEAD
04-29 03:57:57.624   895   978 D RilUtility: notify_rild_crash_pid_set certPid:-1, crash:17920, scn:0x0
04-29 03:57:57.625  1043  1167 I mi_thermald: generic_set_level: set generic device battery to 4
04-29 03:57:57.627  1687  3255 W ServiceManager: Permission failure: android.permission.HIGH_SAMPLING_RATE_SENSORS from uid=10116 pid=18718
04-29 03:57:57.627  1687  3255 W ServiceManager: Permission failure: android.permission.HIGH_SAMPLING_RATE_SENSORS from uid=10116 pid=18718
04-29 03:57:57.628   888   888 I Accelerometer: batch: handle:0, flag:0,samplingPeriodNs:80000000 maxBatchReportLatencyNs:0
04-29 03:57:57.629   888   888 I Accelerometer: enable: handle:0, en:1
04-29 03:57:57.630  1687  4518 V ActivityManager: Death received in com.android.server.am.ActivityManagerService$AppDeathRecipient@3c93d99 for thread android.os.BinderProxy@aca085e
04-29 03:57:57.630  1687  4518 D ActivityManagerServiceImpl: Service controller is not enabled.
04-29 03:57:57.630  1687  4518 D ProcessRecordInjector: Finishing reporting clean up app record.
04-29 03:57:57.631  2100  2100 I Zygote  : Process 17865 exited due to signal 9 (Killed)
04-29 03:57:57.631  1687  4518 W ActivityManager: Scheduling restart of crashed service com.mi.globalminusscreen/org.chromium.content.app.SandboxedProcessService0:0 in 1000ms for connection
04-29 03:57:57.631 17629 17857 W cr_ChildProcessConn: onServiceDisconnected (crash or killed by oom): pid=17865 bindings:W  S
04-29 03:57:57.631  5566  5582 I com.xiaomi.xms: oneway function results for code 3 on binder at 0xb40000798fc83ec0 will be dropped but finished with status UNKNOWN_TRANSACTION
04-29 03:57:57.632  1687  1838 I MiuiNetworkPolicy: removeUidState uid = 99042
04-29 03:57:57.633   895   978 I libPowerHal: [perfNotifyAppState] pack:com.mi.globalminusscreen, act:com.mi.globalminusscreen, state:3, pid:17865, uid:99042, fps:-1
04-29 03:57:57.633   895   978 I libPowerHal: [perfNotifyAppState] pack:com.mi.globalminusscreen, pid:17865, STATE_DEAD
04-29 03:57:57.633   895   978 D RilUtility: notify_rild_crash_pid_set certPid:-1, crash:17865, scn:0x0
04-29 03:57:57.633 18152 18466 I .xiaomi.mipick: oneway function results for code 3 on binder at 0xb4000079a0286f20 will be dropped but finished with status UNKNOWN_TRANSACTION
04-29 03:57:57.634  1687  3255 W ServiceManager: Permission failure: android.permission.HIGH_SAMPLING_RATE_SENSORS from uid=10116 pid=18718
04-29 03:57:57.635  1687  3255 W ServiceManager: Permission failure: android.permission.HIGH_SAMPLING_RATE_SENSORS from uid=10116 pid=18718
04-29 03:57:57.637   888   888 I VGyroscope: batch: handle:3, flag:0,samplingPeriodNs:80000000 maxBatchReportLatencyNs:0
04-29 03:57:57.638   888   888 I VGyroscope: enable, handle:3, en:1
04-29 03:57:57.638   888   888 I Magnetic: batch: handle:1, flag:0, samplingPeriodNs:80000000,maxBatchReportLatencyNs:0
04-29 03:57:57.638  1687  1729 E system_server: Cannot read thread CPU times for PID 1687
04-29 03:57:57.639   888   888 I Magnetic: enable: handle:1, en:1 
04-29 03:57:57.640 17629 17629 E chromium: [ERROR:android_webview/browser/aw_browser_terminator.cc:175] Renderer process (17865) crash detected (code -1).
04-29 03:57:57.653 18718 18718 I Ads     : JS: The jsLoaded GMSG has been sent (https://googleads.g.doubleclick.net/mads/static/sdk/native/sdk-core-v40.html:1072)
04-29 03:57:57.656  1687  3255 D CompatibilityChangeReporter: Compat change id reported: 135634846; UID 10093; state: DISABLED
04-29 03:57:57.656  1687  3255 D CompatibilityChangeReporter: Compat change id reported: 177438394; UID 10093; state: DISABLED
04-29 03:57:57.656  1687  3255 D CompatibilityChangeReporter: Compat change id reported: 135772972; UID 10093; state: DISABLED
04-29 03:57:57.656  1687  3255 D CompatibilityChangeReporter: Compat change id reported: 135754954; UID 10093; state: ENABLED
04-29 03:57:57.657  1687  1723 D CompatibilityChangeReporter: Compat change id reported: 143937733; UID 10093; state: ENABLED
04-29 03:57:57.666  2100  2100 D Zygote  : Forked child process 19174
04-29 03:57:57.668 19174 19174 E libc    : SetHeapTaggingLevel: re-enabling tagging after it was disabled is not supported
04-29 03:57:57.670  1687  1723 I ActivityManager: Start proc 19174:com.google.android.webview:sandboxed_process0:org.chromium.content.app.SandboxedProcessService0:1/u0i44 for  {com.mi.globalminusscreen/org.chromium.content.app.SandboxedProcessService0:1} caller=com.mi.globalminusscreen
04-29 03:57:57.672 19174 19174 I ocessService0:: Using CollectorTypeCC GC.
04-29 03:57:57.673   868  1534 E netd    : FwmarkServer connect uid=10116addr=2404:6800:4003:c1a::9c,port443
04-29 03:57:57.679 19174 19174 D ProcessState: Binder ioctl to enable oneway spam detection failed: Invalid argument
04-29 03:57:57.682 19174 19174 I MessageMonitor: Load libmiui_runtime
04-29 03:57:57.683 18718 19125 I AdInternalSettings: Test mode device hash: 2ffefdb4-c694-412a-b522-f68d20991bd3
04-29 03:57:57.684 18718 19125 I AdInternalSettings: When testing your app with Facebook's ad units you must specify the device hashed ID to ensure the delivery of test ads, add the following code before loading an ad: AdSettings.addTestDevice("2ffefdb4-c694-412a-b522-f68d20991bd3");
04-29 03:57:57.684  1687  4518 V ActivityManager: New death recipient com.android.server.am.ActivityManagerService$AppDeathRecipient@6e3ef1b for thread android.os.BinderProxy@bc938b8
04-29 03:57:57.686  1687  4518 D CompatibilityChangeReporter: Compat change id reported: 168419799; UID 10093; state: DISABLED
04-29 03:57:57.688  1687  1838 I MiuiNetworkPolicy: updateUidState uid = 99044, uidState = 10
04-29 03:57:57.691 19174 19174 E MQSEventManagerDelegate: failed to get MQSService.
04-29 03:57:57.691 19174 19174 W MQSEventManagerDelegate: registerApplicationScoutThread getMQSService null
04-29 03:57:57.691 19174 19174 W ActivityThread: registerApplicationScoutThread result:false
04-29 03:57:57.694 19174 19174 D CompatibilityChangeReporter: Compat change id reported: 171979766; UID 99044; state: ENABLED
04-29 03:57:57.712 19174 19174 D ApplicationLoaders: Returning zygote-cached class loader: /system/framework/android.test.base.jar
04-29 03:57:57.723 19174 19174 E ForceDarkHelperStubImpl: getForceDarkOriginState transact failed , mService: null
04-29 03:57:57.723 19174 19174 I ForceDarkHelperStubImpl: initialize for com.mi.globalminusscreen , ForceDarkOrigin
04-29 03:57:57.726 19174 19174 D nativeloader: Load libforcedarkimpl.so using system ns (caller=/system/framework/miui-framework.jar): ok
04-29 03:57:57.726 19174 19174 D OpenGLRenderer: JNI_OnLoad success
04-29 03:57:57.726 19174 19174 I MiuiForceDarkConfig: setConfig density:2.750000, mainRule:0, secondaryRule:0, tertiaryRule:0
04-29 03:57:57.728 19174 19174 D NetworkSecurityConfig: No Network Security Config specified, using platform default
04-29 03:57:57.729 19174 19174 D NetworkSecurityConfig: No Network Security Config specified, using platform default
04-29 03:57:57.730 19174 19174 I cr_WebViewApkApp: version=147.0.7727.55 (772705503) minSdkVersion=29 processName=com.google.android.webview:sandboxed_process0:org.chromium.content.app.SandboxedProcessService0:1 splits=<none>
04-29 03:57:57.735   868  1534 E netd    : FwmarkServer connect uid=10116addr=2a03:2880:f350:8d:face:b00c:0:2,port443
04-29 03:57:57.738 19174 19174 I cr_ChildProcessService: Creating new ChildProcessService pid=19174
04-29 03:57:57.740  1687  1838 I MiuiNetworkPolicy: updateUidState uid = 99044, uidState = 19
04-29 03:57:57.741   426   426 E SELinux : avc:  denied  { find } for pid=19174 uid=99044 name=content_capture scontext=u:r:isolated_app:s0:c512,c768 tcontext=u:object_r:content_capture_service:s0 tclass=service_manager permissive=0
04-29 03:57:57.749 19174 19196 I cr_LibraryLoader: Successfully loaded native library
04-29 03:57:57.751 19174 19196 I cr_CachingUmaRecorder: Flushed 2 samples from 2 histograms, 0 samples were dropped.
04-29 03:57:57.752 19174 19196 W chromium: [WARNING:content/app/android/content_main_android.cc:82] android_setCpu already initialized
04-29 03:57:57.766 19174 19196 W chromium: [WARNING:content/child/runtime_features.cc:537] Fenced frames cannot be enabled in this configuration. Use --enable-features=FencedFrames instead.
04-29 03:57:57.766 19174 19196 W chromium: [WARNING:content/child/runtime_features.cc:562] Topics cannot be enabled in this configuration. Use --enable-features=BrowsingTopics in addition.
04-29 03:57:57.766 19174 19196 W chromium: [WARNING:content/child/runtime_features.cc:583] SharedStorage cannot be enabled in this configuration. Use --enable-features=SharedStorageAPI in addition.
04-29 03:57:57.768   888   888 I Accelerometer: batch: handle:0, flag:0,samplingPeriodNs:80000000 maxBatchReportLatencyNs:0
04-29 03:57:57.771   888   888 I VGyroscope: enable, handle:3, en:0
04-29 03:57:57.771   888   888 I Accelerometer: enable: handle:0, en:0
04-29 03:57:57.771   888   888 I Magnetic: enable: handle:1, en:0 
04-29 03:57:57.836 19174 19196 W libc    : Access denied finding property "ro.vendor.api_level"
04-29 03:57:57.860  1687  4518 I ActivityManager: Killing 19174:com.google.android.webview:sandboxed_process0:org.chromium.content.app.SandboxedProcessService0:1/u0a93i44 (adj 0): isolated not needed
04-29 03:57:57.860  1687  1838 I MiuiNetworkPolicy: updateUidState uid = 99044, uidState = 10
04-29 03:57:57.861  1687  1838 I MiuiNetworkPolicy: updateUidState uid = 99044, uidState = 19
04-29 03:57:57.866  1687  1724 I libprocessgroup: Successfully killed process cgroup uid 99044 pid 19174 in 5ms
04-29 03:57:57.886  1687  4518 V ActivityManager: Death received in com.android.server.am.ActivityManagerService$AppDeathRecipient@6e3ef1b for thread android.os.BinderProxy@bc938b8
04-29 03:57:57.886  1687  4518 D ActivityManagerServiceImpl: Service controller is not enabled.
04-29 03:57:57.886  1687  4518 D ProcessRecordInjector: Finishing reporting clean up app record.
04-29 03:57:57.887 18152 18466 I .xiaomi.mipick: oneway function results for code 3 on binder at 0xb4000079a0286f20 will be dropped but finished with status UNKNOWN_TRANSACTION
04-29 03:57:57.887  2100  2100 I Zygote  : Process 19174 exited cleanly (0)
04-29 03:57:57.887  1687  1838 I MiuiNetworkPolicy: removeUidState uid = 99044
04-29 03:57:57.887  5566  5582 I com.xiaomi.xms: oneway function results for code 3 on binder at 0xb40000798fc83ec0 will be dropped but finished with status UNKNOWN_TRANSACTION
04-29 03:57:57.887   895   978 I libPowerHal: [perfNotifyAppState] pack:com.mi.globalminusscreen, act:com.mi.globalminusscreen, state:3, pid:19174, uid:99044, fps:-1
04-29 03:57:57.887   895   978 I libPowerHal: [perfNotifyAppState] pack:com.mi.globalminusscreen, pid:19174, STATE_DEAD
04-29 03:57:57.887   895   978 D RilUtility: notify_rild_crash_pid_set certPid:-1, crash:19174, scn:0x0
04-29 03:57:57.888  1687  1729 E system_server: Cannot read thread CPU times for PID 1687
04-29 03:57:57.918  2323  2323 D Launcher.Model: LauncherAppsCallback onPackageChanged|com.muonline.client|UserHandle{0}
04-29 03:57:57.919  2323  2388 D Launcher.Model: Got broadcast:Intent { act=android.intent.action.PACKAGE_CHANGED dat=package:com.muonline.client (has extras) }
04-29 03:57:57.921  2323  2388 W PackageManager: Failure retrieving resources for com.muonline.client: Drawable com.muonline.client:mipmap/ic_launcher with resource ID #0x7f0c0005
04-29 03:57:57.923  2323  2388 W PackageManager: Failure retrieving resources for com.muonline.client: Drawable com.muonline.client:mipmap/ic_launcher with resource ID #0x7f0c0005
04-29 03:57:57.925  2323  2388 W PackageManager: Failure retrieving resources for com.muonline.client: Drawable com.muonline.client:mipmap/ic_launcher with resource ID #0x7f0c0005
04-29 03:57:57.926  2323  2388 W PackageManager: Failure retrieving resources for com.muonline.client: Drawable com.muonline.client:mipmap/ic_launcher with resource ID #0x7f0c0005
04-29 03:57:57.927   868  1534 E netd    : FwmarkServer connect uid=10116addr=2404:6800:4003:c1a::9c,port443
04-29 03:57:57.927  2323  2388 W PackageManager: Failure retrieving resources for com.muonline.client: Drawable com.muonline.client:mipmap/ic_launcher with resource ID #0x7f0c0005
04-29 03:57:57.928  2323  2388 W PackageManager: Failure retrieving resources for com.muonline.client: Drawable com.muonline.client:mipmap/ic_launcher with resource ID #0x7f0c0005
04-29 03:57:57.929  2323  2388 W PackageManager: Failure retrieving resources for com.muonline.client: Drawable com.muonline.client:mipmap/ic_launcher with resource ID #0x7f0c0005
04-29 03:57:57.931  2323  2388 D Launcher.AllAppsList: updatePackage, packageName=com.muonline.client, loadMissing=false, user=UserHandle{0}, matchedSize=1
04-29 03:57:57.931  2323  2388 D Launcher.AllAppsList: updatePackage, find appInfo=AppInfo, id=-1, itemType=0, user=UserHandle{0}, mIconType=0, pkgName=com.muonline.client, className=com.muonline.client.PreloadActivity, screenId=-1, container=-1, cellX=-1, cellY=-1, spanX=1, spanY=1 from ComponentInfo{com.muonline.client/com.muonline.client.PreloadActivity}
04-29 03:57:57.933  2323  2388 W PackageManager: Failure retrieving resources for com.muonline.client: Drawable com.muonline.client:mipmap/ic_launcher with resource ID #0x7f0c0005
04-29 03:57:57.934  2323  2388 W PackageManager: Failure retrieving resources for com.muonline.client: Drawable com.muonline.client:mipmap/ic_launcher with resource ID #0x7f0c0005
04-29 03:57:57.936  2323  2388 W PackageManager: Failure retrieving resources for com.muonline.client: Drawable com.muonline.client:mipmap/ic_launcher with resource ID #0x7f0c0005
04-29 03:57:57.937  2323  2388 W PackageManager: Failure retrieving resources for com.muonline.client: Drawable com.muonline.client:mipmap/ic_launcher with resource ID #0x7f0c0005
04-29 03:57:57.938  2323  2388 W PackageManager: Failure retrieving resources for com.muonline.client: Drawable com.muonline.client:mipmap/ic_launcher with resource ID #0x7f0c0005
04-29 03:57:57.939  2323  2388 W PackageManager: Failure retrieving resources for com.muonline.client: Drawable com.muonline.client:mipmap/ic_launcher with resource ID #0x7f0c0005
04-29 03:57:57.940  2323  2388 W PackageManager: Failure retrieving resources for com.muonline.client: Drawable com.muonline.client:mipmap/ic_launcher with resource ID #0x7f0c0005
04-29 03:57:57.943  2323  2388 D Launcher.Model: onReceiveBackground, mAllAppsList=add=[], remove=[], modified=[(0, AppInfo, id=-1, itemType=0, user=UserHandle{0}, mIconType=0, pkgName=com.muonline.client, className=com.muonline.client.PreloadActivity, screenId=-1, container=-1, cellX=-1, cellY=-1, spanX=1, spanY=1)]
04-29 03:57:57.946  2323  2456 W PackageManager: Failure retrieving resources for com.muonline.client: Drawable com.muonline.client:mipmap/ic_launcher with resource ID #0x7f0c0005
04-29 03:57:57.947  2323  2456 W PackageManager: Failure retrieving resources for com.muonline.client: Drawable com.muonline.client:mipmap/ic_launcher with resource ID #0x7f0c0005
04-29 03:57:57.949  2323  2456 W PackageManager: Failure retrieving resources for com.muonline.client: Drawable com.muonline.client:mipmap/ic_launcher with resource ID #0x7f0c0005
04-29 03:57:57.950  2323  2456 W PackageManager: Failure retrieving resources for com.muonline.client: Drawable com.muonline.client:mipmap/ic_launcher with resource ID #0x7f0c0005
04-29 03:57:57.951  2323  2456 W PackageManager: Failure retrieving resources for com.muonline.client: Drawable com.muonline.client:mipmap/ic_launcher with resource ID #0x7f0c0005
04-29 03:57:57.952  2323  2456 W PackageManager: Failure retrieving resources for com.muonline.client: Drawable com.muonline.client:mipmap/ic_launcher with resource ID #0x7f0c0005
04-29 03:57:57.952  2323  2456 W PackageManager: Failure retrieving resources for com.muonline.client: Drawable com.muonline.client:mipmap/ic_launcher with resource ID #0x7f0c0005
04-29 03:57:57.976   868  1534 E netd    : FwmarkServer connect uid=10116addr=172.253.134.154,port443
04-29 03:57:58.229   868  1534 E netd    : FwmarkServer connect uid=10116addr=172.253.134.154,port443
04-29 03:57:58.801 17880 18827 I android.vendin: oneway function results for code 2 on binder at 0xb4000079a06ef2c0 will be dropped but finished with status UNKNOWN_TRANSACTION
04-29 03:57:58.807 18220 18220 I Finsky:background: [2] Memory trim requested to level 40
04-29 03:57:59.439   888   965 E Light   : AmbienteLight: 0.000000
04-29 03:57:59.599   895   978 I mtkpower@impl: [powerd_req] TIMER_MSG_PERF_LOCK_TIMEOUT hdl:8792
04-29 03:57:59.599   895   978 I libPowerHal: [perfLockRel] hdl:8792, idx:4
04-29 03:57:59.599   895   978 I libPowerHal: [PD] MTKPOWER_HINT_PROCESS_CREATE update cmd:2020000 param:1
04-29 03:57:59.599   895   978 I libPowerHal: [PD] MTKPOWER_HINT_PROCESS_CREATE update cmd:1410000 param:0
04-29 03:58:00.000  1687  1805 D AlarmManagerService: inside native alarm timerfd set Alarm Type = 2
