04-29 03:57:56.374 18718 18718 D GlobalAdLoader:           "weight": 3
04-29 03:57:56.374 18718 18718 D GlobalAdLoader:         },
04-29 03:57:56.374 18718 18718 D GlobalAdLoader:         {
04-29 03:57:56.374 18718 18718 D GlobalAdLoader:           "name": "fb_bidding",
04-29 03:57:56.374 18718 18718 D GlobalAdLoader:           "parameter": "156582598312204_751773572126434",
04-29 03:57:56.374 18718 18718 D GlobalAdLoader:           "weight": 2
04-29 03:57:56.374 18718 18718 D GlobalAdLoader:         },
04-29 03:57:56.374 18718 18718 D GlobalAdLoader:         {
04-29 03:57:56.374 18718 18718 D GlobalAdLoader:           "name": "mib",
04-29 03:57:56.374 18718 18718 D GlobalAdLoader:           "parameter": "1.312.2.1",
04-29 03:57:56.374 18718 18718 D GlobalAdLoader:           "weight": 4
04-29 03:57:56.374 18718 18718 D GlobalAdLoader:         }
04-29 03:57:56.374 18718 18718 D GlobalAdLoader:       ]
04-29 03:57:56.374 18718 18718 D GlobalAdLoader:     },
04-29 03:57:56.374 18718 18718 D GlobalAdLoader:     {
04-29 03:57:56.374 18718 18718 D GlobalAdLoader:       "adtype": 4,
04-29 03:57:56.374 18718 18718 D GlobalAdLoader:       "placeid": "1.312.4.1",
04-29 03:57:56.374 18718 18718 D GlobalAdLoader:       "info": [
04-29 03:57:56.374 18718 18718 D GlobalAdLoader:         {
04-29 03:57:56.374 18718 18718 D GlobalAdLoader:           "name": "mi",
04-29 03:57:56.374 18718 18718 D GlobalAdLoader:           "parameter": "1.312.4.1",
04-29 03:57:56.374 18718 18718 D GlobalAdLoader:           "weight": 1
04-29 03:57:56.374 18718 18718 D GlobalAdLoader:         }
04-29 03:57:56.374 18718 18718 D GlobalAdLoader:       ]
04-29 03:57:56.374 18718 18718 D GlobalAdLoader:     }
04-29 03:57:56.374 18718 18718 D GlobalAdLoader:   ],
04-29 03:57:56.374 18718 18718 D GlobalAdLoader:   "extend": ""
04-29 03:57:56.374 18718 18718 D GlobalAdLoader: }
04-29 03:57:56.375 18718 18718 D GlobalAdLoader: default config is not null:{
04-29 03:57:56.375 18718 18718 D GlobalAdLoader:     "styleList":[
04-29 03:57:56.375 18718 18718 D GlobalAdLoader:         {
04-29 03:57:56.375 18718 18718 D GlobalAdLoader:             "adType":1,
04-29 03:57:56.375 18718 18718 D GlobalAdLoader:             "tagid":"1.312.1.1",
04-29 03:57:56.375 18718 18718 D GlobalAdLoader:             "tid":"1.3",
04-29 03:57:56.375 18718 18718 D GlobalAdLoader:             "sid":"1.3.24",
04-29 03:57:56.375 18718 18718 D GlobalAdLoader:             "styleInfo":{
04-29 03:57:56.375 18718 18718 D GlobalAdLoader:                 "title":{
04-29 03:57:56.375 18718 18718 D GlobalAdLoader:                     "distance":"27,0,21,0",
04-29 03:57:56.375 18718 18718 D GlobalAdLoader:                     "size":"12",
04-29 03:57:56.375 18718 18718 D GlobalAdLoader:                     "color":"#595857",
04-29 03:57:56.375 18718 18718 D GlobalAdLoader:                     "darkFontColor":"#E1DEDE",
04-29 03:57:56.375 18718 18718 D GlobalAdLoader:                     "bold":"false",
04-29 03:57:56.375 18718 18718 D GlobalAdLoader:                     "interaction":"true"
04-29 03:57:56.375 18718 18718 D GlobalAdLoader:                 },
04-29 03:57:56.375 18718 18718 D GlobalAdLoader:                 "summary":{
04-29 03:57:56.375 18718 18718 D GlobalAdLoader:                     "distance":"21,15,0,0",
04-29 03:57:56.375 18718 18718 D GlobalAdLoader:                     "size":"16",
04-29 03:57:56.375 18718 18718 D GlobalAdLoader:                     "color":"#000000",
04-29 03:57:56.375 18718 18718 D GlobalAdLoader:                     "darkFontColor":"#FFFFFF",
04-29 03:57:56.375 18718 18718 D GlobalAdLoader:                     "bold":"false",
04-29 03:57:56.375 18718 18718 D GlobalAdLoader:                     "interaction":"true"
04-29 03:57:56.375 18718 18718 D GlobalAdLoader:                 },
04-29 03:57:56.375 18718 18718 D GlobalAdLoader:                 "img":{
04-29 03:57:56.375 18718 18718 D GlobalAdLoader:                     "distance":"0,0,0,0",
04-29 03:57:56.375 18718 18718 D GlobalAdLoader:                     "width":"-1",
04-29 03:57:56.375 18718 18718 D GlobalAdLoader:                     "ratio":"1.9",
04-29 03:57:56.375 18718 18718 D GlobalAdLoader:                     "strategy":"1",
04-29 03:57:56.375 18718 18718 D GlobalAdLoader:                     "radius":"0",
04-29 03:57:56.375 18718 18718 D GlobalAdLoader:                     "interaction":"true"
04-29 03:57:56.375 18718 18718 D GlobalAdLoader:                 },
04-29 03:57:56.375 18718 18718 D GlobalAdLoader:                 "icon":{
04-29 03:57:56.375 18718 18718 D GlobalAdLoader:                     "distance":"30,0,30,0",
04-29 03:57:56.375 18718 18718 D GlobalAdLoader:                     "size":"48",
04-29 03:57:56.375 18718 18718 D GlobalAdLoader:                     "radius":"4",
04-29 03:57:56.375 18718 18718 D GlobalAdLoader:                     "interaction":"true"
04-29 03:57:56.375 18718 18718 D GlobalAdLoader:                 },
04-29 03:57:56.375 18718 18718 D GlobalAdLoader:                 "cta":{
04-29 03:57:56.375 18718 18718 D GlobalAdLoader:                     "distance":"30,30,39,39",
04-29 03:57:56.375 18718 18718 D GlobalAdLoader:                     "padding":"0,0,0,0",
04-29 03:57:56.375 18718 18718 D GlobalAdLoader:                     "size":"14",
04-29 03:57:56.375 18718 18718 D GlobalAdLoader:                     "bold":"true",
04-29 03:57:56.375 18718 18718 D GlobalAdLoader:                     "fontColor":"#FFFFFF",
04-29 03:57:56.375 18718 18718 D GlobalAdLoader:                     "darkFontColor":"#FFFFFF",
04-29 03:57:56.375 18718 18718 D GlobalAdLoader:                     "btnSize":"1002,105",
04-29 03:57:56.375 18718 18718 D GlobalAdLoader:                     "btnColor":"#27B769",
04-29 03:57:56.375 18718 18718 D GlobalAdLoader:                     "darkBtnColor":"#27B769",
04-29 03:57:56.375 18718 18718 D GlobalAdLoader:                     "btnTransparent":"1",
04-29 03:57:56.375 18718 18718 D GlobalAdLoader:                     "borderRadius":"3",
04-29 03:57:56.375 18718 18718 D GlobalAdLoader:                     "borderThickness":"0",
04-29 03:57:56.375 18718 18718 D GlobalAdLoader:                     "borderColor":"#FFFFFF",
04-29 03:57:56.375 18718 18718 D GlobalAdLoader:                     "darkBorderColor":"#FFFFFF"
04-29 03:57:56.375 18718 18718 D GlobalAdLoader:                 },
04-29 03:57:56.375 18718 18718 D GlobalAdLoader:                 "adx":{
04-29 03:57:56.375 18718 18718 D GlobalAdLoader:                     "distance":"33,0,21,0",
04-29 03:57:56.375 18718 18718 D GlobalAdLoader:                     "interaction":"1"
04-29 03:57:56.375 18718 18718 D GlobalAdLoader:                 },
04-29 03:57:56.375 18718 18718 D GlobalAdLoader:                 "adCard":{
04-29 03:57:56.375 18718 18718 D GlobalAdLoader:                     "color":"#F2F2F2",
04-29 03:57:56.375 18718 18718 D GlobalAdLoader:                     "darkTransparent":"0",
04-29 03:57:56.375 18718 18718 D GlobalAdLoader:                     "transparent":"1",
04-29 03:57:56.375 18718 18718 D GlobalAdLoader:                     "borderThickness":"0",
04-29 03:57:56.375 18718 18718 D GlobalAdLoader:                     "borderColor":"#FFFFFF"
04-29 03:57:56.375 18718 18718 D GlobalAdLoader:                 },
04-29 03:57:56.375 18718 18718 D GlobalAdLoader:                 "animation":{
04-29 03:57:56.375 18718 18718 D GlobalAdLoader:                     "toColor":"#FF8C00",
04-29 03:57:56.375 18718 18718 D GlobalAdLoader:                     "start":"1000",
04-29 03:57:56.375 18718 18718 D GlobalAdLoader:                     "duration":"1000"
04-29 03:57:56.375 18718 18718 D GlobalAdLoader:                 }
04-29 03:57:56.375 18718 18718 D GlobalAdLoader:             }
04-29 03:57:56.375 18718 18718 D GlobalAdLoader:         }
04-29 03:57:56.375 18718 18718 D GlobalAdLoader:     ]
04-29 03:57:56.375 18718 18718 D GlobalAdLoader: }
04-29 03:57:56.376 18220 18752 I Finsky:background: [5924] Wrote row to frosting DB: 8068
04-29 03:57:56.378 18718 18718 D AD-nativeAd: ad init
04-29 03:57:56.380 18718 18841 W zeus-MiAdManager-[ad-plugin-urgent-1]: mediation debugOff
04-29 03:57:56.380 18718 18841 D OT-PubSub-Sdk: updateDebugSwitch sEnable: false sDebugMode：false sDebugProperty：false
04-29 03:57:56.381 18718 18841 W zeus-MiAdManager-[ad-plugin-urgent-1]: mediation  stagingOff
04-29 03:57:56.386 17880 18030 I Finsky  : [5858] AIM: AppInfoManager-Perf > getApps > data collection finished
04-29 03:57:56.386 18718 18718 W Settings: Setting device_provisioned has moved from android.provider.Settings.Secure to android.provider.Settings.Global, returning global URI.
04-29 03:57:56.386 17880 18030 I Finsky  : [5858] AIM: AppInfoManager-Perf > maybeDestroyAppInfoManager is called. actives = 1
04-29 03:57:56.390 18718 18839 D CompatibilityChangeReporter: Compat change id reported: 160794467; UID 10116; state: ENABLED
04-29 03:57:56.391 18718 18718 W MEDIATION-MiAdManager-[Main]: initCrashMonitor: false
04-29 03:57:56.393 18220 18752 I Finsky:background: [5924] Wrote row to frosting DB: 8069
04-29 03:57:56.395  1687  1838 I MiuiNetworkPolicy: updateUidState uid = 10216, uidState = 4
04-29 03:57:56.395  1687  1838 I MiuiNetworkPolicy: updateUidState uid = 10181, uidState = 4
04-29 03:57:56.397 18790 18790 V GraphicsEnvironment: ANGLE Developer option for 'com.google.android.permissioncontroller' set to: 'default'
04-29 03:57:56.397 18756 18756 I AnonymousDeviceIdUtil: greater than S, enforced
04-29 03:57:56.397 18790 18790 V GraphicsEnvironment: Neither updatable production driver nor prerelease driver is supported.
04-29 03:57:56.399 17880 18024 I Finsky  : [5855] AIM: AppInfoManager-Perf > ItemModel > CacheSize=50, cacheHitCount=0, cacheMissCount=0, total appsWithNoServerDataCount=0. Missed  in cache (limit 10) : []
04-29 03:57:56.399 17880 18034 I Finsky  : [5859] AIM: AppInfoManager-Perf > ItemModel > CacheSize=50, cacheHitCount=0, cacheMissCount=0, total appsWithNoServerDataCount=0. Missed  in cache (limit 10) : []
04-29 03:57:56.401 18790 18790 I ForceDarkHelperStubImpl: initialize for com.google.android.permissioncontroller , ForceDarkOrigin
04-29 03:57:56.401 18756 18756 I CloudTelephonyManager: getDeviceId: use restrict_imie
04-29 03:57:56.401  1687  1704 W Looper  : Drained
04-29 03:57:56.401 18220 18752 I Finsky:background: [5924] Wrote row to frosting DB: 8070
04-29 03:57:56.403 18790 18790 D nativeloader: Load libforcedarkimpl.so using system ns (caller=/system/framework/miui-framework.jar): ok
04-29 03:57:56.403 18790 18790 D OpenGLRenderer: JNI_OnLoad success
04-29 03:57:56.403 18790 18790 I MiuiForceDarkConfig: setConfig density:2.750000, mainRule:0, secondaryRule:0, tertiaryRule:0
04-29 03:57:56.406 18790 18790 D NetworkSecurityConfig: No Network Security Config specified, using platform default
04-29 03:57:56.406 18790 18790 D NetworkSecurityConfig: No Network Security Config specified, using platform default
04-29 03:57:56.407 18756 18756 I CloudTelephonyManager: getDeviceId: restrict_imie, use cloudId
04-29 03:57:56.408 18756 18756 I CloudTelephonyManager: getDeviceId: v6
04-29 03:57:56.412 18756 18756 I MiCloudSDKDependencyUtil: MiCloudSDK environment: 37
04-29 03:57:56.412 18718 18718 D AD-nativeAd: ad init success, isCalledLoad:  false, isLoadAd:  false
04-29 03:57:56.413 17880 18034 I Finsky  : [5859] AIM: AppInfoManager-Perf > getApps > data collection finished
04-29 03:57:56.413 17880 18034 I Finsky  : [5859] AIM: AppInfoManager-Perf > maybeDestroyAppInfoManager is called. actives = 0
04-29 03:57:56.414 17880 18765 I Finsky  : [5913] SCH: Received scheduling request: Id: 12-1, Constraints: [{ L: 15000, D: 86400000, C: CHARGING_NONE, I: IDLE_NONE, N: NET_ANY, B: BATTERY_ANY }]
04-29 03:57:56.416 18718 18883 W COLUMBUS-AD-SDK-SdkConfig: Columbus debugOff
04-29 03:57:56.417 18718 18883 D OT-PubSub-Sdk: updateDebugSwitch sEnable: false sDebugMode：false sDebugProperty：false
04-29 03:57:56.417 17880 18765 I Finsky  : [5913] SCH: Received scheduling request: Id: 12-1, Constraints: [{ L: 15000, D: 86400000, C: CHARGING_NONE, I: IDLE_NONE, N: NET_ANY, B: BATTERY_ANY }]
04-29 03:57:56.421 18718 18718 I PI-ScanDispatch: service bind, pkgName = com.muonline.client, installer = null, isReplace = true, firstGoogleTime = 1764904674264
04-29 03:57:56.422 18756 18756 V CloudApp: has telephony feature
04-29 03:57:56.422 18718 18883 W COLUMBUS-AD-SDK-SdkConfig: Columbus stagingOff
04-29 03:57:56.429  3166 16477 I Icing   : Usage reports ok 0, Failed Usage reports 0, indexed 0, rejected 0
04-29 03:57:56.429 18718 18886 D OT-PubSub-Sdk: updateDebugSwitch sEnable: false sDebugMode：false sDebugProperty：false
04-29 03:57:56.431 18718 18877 I Ad      : isPersonalizedAdEnabled getAdSettings: 2
04-29 03:57:56.431 18718 18877 E MEDIATION-FacebookAdapterConfiguration-[ad-plugin-urgent-4]: Facebook init fail by GDPR
04-29 03:57:56.435 18718 18831 D FBAudienceNetwork: SDK dex loading time: 127
04-29 03:57:56.451 18718 18881 W ackageinstalle: ClassLoaderContext classpath size mismatch. expected=1, found=0 (DLC[];PCL[base.apk*620635609]{PCL[/system/framework/org.apache.http.legacy.jar*126433619]#PCL[/apex/com.android.extservices/javalib/android.ext.adservices.jar*3839736497]#PCL[/system/framework/com.android.location.provider.jar*3633238672]#PCL[/system/framework/com.android.media.remotedisplay.jar*3472798123]#PCL[/apex/com.android.extservices/javalib/android.ext.adservices.jar*3839736497]} | DLC[];PCL[])
04-29 03:57:56.458   868  1534 E netd    : FwmarkServer connect uid=10173addr=2404:6800:4003:c00::5e,port443
04-29 03:57:56.458   868  1534 E netd    : FwmarkServer connect uid=10173addr=2404:6800:4003:c00::5e,port443
04-29 03:57:56.460 18718 18718 D PI-ScanDispatch: receive security msg： send client messenger
04-29 03:57:56.459 18790 18790 W FeatureFlagsImplExport: java.lang.NoClassDefFoundError: Failed resolution of: Landroid/os/flagging/AconfigPackage;
04-29 03:57:56.469 18756 18887 I FindDeviceGPN: getLastNotificationState: NotificationState{count=7, lastTime=6 thg 1, 2026 15:32:01}. 
04-29 03:57:56.470  1687  1868 D CompatibilityChangeReporter: Compat change id reported: 135634846; UID 10106; state: DISABLED
04-29 03:57:56.470  1687  1868 D CompatibilityChangeReporter: Compat change id reported: 177438394; UID 10106; state: DISABLED
04-29 03:57:56.470  1687  1868 D CompatibilityChangeReporter: Compat change id reported: 135772972; UID 10106; state: DISABLED
04-29 03:57:56.470  1687  1868 D CompatibilityChangeReporter: Compat change id reported: 135754954; UID 10106; state: ENABLED
04-29 03:57:56.470 18756 18756 D AutoDensity: autodensity debugEnable = 
04-29 03:57:56.472  1687  1723 D CompatibilityChangeReporter: Compat change id reported: 143937733; UID 10106; state: ENABLED
04-29 03:57:56.478 18718 18924 D OT-PubSub-Sdk: updateDebugSwitch sEnable: false sDebugMode：false sDebugProperty：false
04-29 03:57:56.478 18718 18924 D OT-PubSub-Sdk: log on: false, quick upload on: false
04-29 03:57:56.479 18718 18924 D BroadcastExecutor: initIfNeeded : 5950
04-29 03:57:56.482  1687  1779 D AlarmManagerService: inside native alarm timerfd set Alarm Type = 2
04-29 03:57:56.483  1687  1838 I MiuiNetworkPolicy: updateUidState uid = 10097, uidState = 5
04-29 03:57:56.483  1687  1779 D AlarmManagerService: inside native alarm timerfd set Alarm Type = 3
04-29 03:57:56.490  1687  1838 I MiuiNetworkPolicy: updateUidState uid = 10216, uidState = 5
04-29 03:57:56.490  1687  1838 I MiuiNetworkPolicy: updateUidState uid = 10181, uidState = 5
04-29 03:57:56.492 12717 12762 E AD-PLUGIN-AdSwitchContentProvider: query flag: 672
04-29 03:57:56.494 18756 18887 I FindDeviceGPN: ns: NotificationState{count=7, lastTime=6 thg 1, 2026 15:32:01}, open: false. 
04-29 03:57:56.494 18756 18887 I FindDeviceGPN: Delay: -2.777778E-7h. 
04-29 03:57:56.495  3166 16477 I Icing   : Indexing com.google.android.gms-apps from com.google.android.gms
04-29 03:57:56.495 18756 18887 I FindDeviceGPN: saveLastNotificationState: NotificationState{count=7, lastTime=6 thg 1, 2026 15:32:01}. 
04-29 03:57:56.498 18790 18790 W FeatureFlagsImplExport: java.lang.NoClassDefFoundError: Failed resolution of: Landroid/os/flagging/AconfigPackage;
04-29 03:57:56.498 18790 18790 W FeatureFlagsImplExport: java.lang.NoClassDefFoundError: Failed resolution of: Landroid/os/flagging/AconfigPackage;
04-29 03:57:56.498 18790 18790 W FeatureFlagsImplExport: java.lang.NoClassDefFoundError: Failed resolution of: Landroid/os/flagging/AconfigPackage;
04-29 03:57:56.499 18718 18889 I SDKTypeConfig: setSdkTypeFactory: 
04-29 03:57:56.502   869   869 D Zygote  : Forked child process 18932
04-29 03:57:56.506  1687  1723 I ActivityManager: Start proc 18932:com.xiaomi.simactivate.service/u0a106 for service {com.xiaomi.simactivate.service/com.xiaomi.activate.ActivateService} caller=com.miui.cloudservice
04-29 03:57:56.510 18718 18886 D SessionsDependencies: Dependency to CRASHLYTICS added.
04-29 03:57:56.515 18718 18881 D nativeloader: Configuring clns-6 for other apk /system/framework/org.apache.http.legacy.jar. target_sdk_version=37, uses_libraries=ALL, library_path=/data/app/~~znUtd-ui3I_Un2svPDq2Gw==/com.google.android.gms-78JdEIKTgf4ujr4aiyCsQA==/lib/arm64:/data/app/~~znUtd-ui3I_Un2svPDq2Gw==/com.google.android.gms-78JdEIKTgf4ujr4aiyCsQA==/base.apk!/lib/arm64-v8a, permitted_path=/data:/mnt/expand:/data/user/0/com.google.android.gms
04-29 03:57:56.515 18718 18881 D nativeloader: Extending system_exposed_libraries: libteeservice_client.trustonic.so:libapuwareapusys.mtk.so:libapuwareapusys_v2.mtk.so:libapuwarexrp.mtk.so:libapuwarexrp_v2.mtk.so:libapuwareutils.mtk.so:libapuwareutils_v2.mtk.so:libapuwarehmp.mtk.so:libmcv_runtime_usdk.mtk.so:libneuron_graph_delegate.mtk.so:libneuronusdk_adapter.mtk.so:libtflite_mtk.mtk.so:libarmnn_ndk.mtk.so:libcmdl_ndk.mtk.so:libnir_neon_driver_ndk.mtk.so:libmvpu_runtime.mtk.so:libmvpu_runtime_pub.mtk.so:libmvpu_engine_pub.mtk.so:libmvpu_pattern_pub.mtk.so:libmvpuop_mtk_cv.mtk.so:libmvpuop_mtk_nn.mtk.so:libcamera_algoup_jni.xiaomi.so:libcamera_mianode_jni.xiaomi.so
04-29 03:57:56.521 18718 18881 D nativeloader: Configuring clns-7 for other apk /system/framework/com.android.location.provider.jar. target_sdk_version=37, uses_libraries=ALL, library_path=/data/app/~~znUtd-ui3I_Un2svPDq2Gw==/com.google.android.gms-78JdEIKTgf4ujr4aiyCsQA==/lib/arm64:/data/app/~~znUtd-ui3I_Un2svPDq2Gw==/com.google.android.gms-78JdEIKTgf4ujr4aiyCsQA==/base.apk!/lib/arm64-v8a, permitted_path=/data:/mnt/expand:/data/user/0/com.google.android.gms
04-29 03:57:56.521 18718 18881 D nativeloader: Extending system_exposed_libraries: libteeservice_client.trustonic.so:libapuwareapusys.mtk.so:libapuwareapusys_v2.mtk.so:libapuwarexrp.mtk.so:libapuwarexrp_v2.mtk.so:libapuwareutils.mtk.so:libapuwareutils_v2.mtk.so:libapuwarehmp.mtk.so:libmcv_runtime_usdk.mtk.so:libneuron_graph_delegate.mtk.so:libneuronusdk_adapter.mtk.so:libtflite_mtk.mtk.so:libarmnn_ndk.mtk.so:libcmdl_ndk.mtk.so:libnir_neon_driver_ndk.mtk.so:libmvpu_runtime.mtk.so:libmvpu_runtime_pub.mtk.so:libmvpu_engine_pub.mtk.so:libmvpu_pattern_pub.mtk.so:libmvpuop_mtk_cv.mtk.so:libmvpuop_mtk_nn.mtk.so:libcamera_algoup_jni.xiaomi.so:libcamera_mianode_jni.xiaomi.so
04-29 03:57:56.521 18932 18932 I ctivate.servic: Using CollectorTypeCC GC.
04-29 03:57:56.524 18790 18790 W FeatureFlagsImplExport: java.lang.NoClassDefFoundError: Failed resolution of: Landroid/os/flagging/AconfigPackage;
04-29 03:57:56.529 18718 18881 D nativeloader: Configuring clns-8 for other apk /system/framework/com.android.media.remotedisplay.jar. target_sdk_version=37, uses_libraries=ALL, library_path=/data/app/~~znUtd-ui3I_Un2svPDq2Gw==/com.google.android.gms-78JdEIKTgf4ujr4aiyCsQA==/lib/arm64:/data/app/~~znUtd-ui3I_Un2svPDq2Gw==/com.google.android.gms-78JdEIKTgf4ujr4aiyCsQA==/base.apk!/lib/arm64-v8a, permitted_path=/data:/mnt/expand:/data/user/0/com.google.android.gms
04-29 03:57:56.529 18718 18881 D nativeloader: Extending system_exposed_libraries: libteeservice_client.trustonic.so:libapuwareapusys.mtk.so:libapuwareapusys_v2.mtk.so:libapuwarexrp.mtk.so:libapuwarexrp_v2.mtk.so:libapuwareutils.mtk.so:libapuwareutils_v2.mtk.so:libapuwarehmp.mtk.so:libmcv_runtime_usdk.mtk.so:libneuron_graph_delegate.mtk.so:libneuronusdk_adapter.mtk.so:libtflite_mtk.mtk.so:libarmnn_ndk.mtk.so:libcmdl_ndk.mtk.so:libnir_neon_driver_ndk.mtk.so:libmvpu_runtime.mtk.so:libmvpu_runtime_pub.mtk.so:libmvpu_engine_pub.mtk.so:libmvpu_pattern_pub.mtk.so:libmvpuop_mtk_cv.mtk.so:libmvpuop_mtk_nn.mtk.so:libcamera_algoup_jni.xiaomi.so:libcamera_mianode_jni.xiaomi.so
04-29 03:57:56.530 18756 18756 I ##XLogger##: com.miui.cloudservice.push.@IPV6@SourceFile:3, thread:2--MiPushManager, no need to register mipush
04-29 03:57:56.530 18932 18932 D ProcessState: Binder ioctl to enable oneway spam detection failed: Invalid argument
04-29 03:57:56.532  1687  3254 D PackageManager: set app  component=com.google.android.permissioncontroller/com.android.permissioncontroller.role.ui.SpecialAppAccessListActivity enabled state: 2 from null,uid=10217,pid=18790
04-29 03:57:56.533 18718 18886 I FirebaseApp: Device unlocked: initializing all Firebase APIs for app [DEFAULT]
04-29 03:57:56.536 18932 18932 I MessageMonitor: Load libmiui_runtime
04-29 03:57:56.536  1687  3254 D CompatibilityChangeReporter: Compat change id reported: 319212206; UID 10116; state: ENABLED
04-29 03:57:56.541 18756 18887 I ##XLogger##: com.miui.cloudservice.sync.banner.BannerJobServi@IPV6@SourceFile:4, thread:5911--banner periodic already set
04-29 03:57:56.542 18718 18886 I FirebaseCrashlytics: Initializing Firebase Crashlytics 19.0.0 for com.miui.global.packageinstaller
04-29 03:57:56.542  1687  1852 D ConnectivityService: NetReassign [no changes] [c 1] [a 1] [i 3]
04-29 03:57:56.543 18718 18904 D nativeloader: Load /data/app/~~-vRPKLwHGrQ73gBlH2HnSA==/com.miui.global.packageinstaller-e8fDmJa9nL4isvo2I92LkA==/base.apk!/lib/arm64-v8a/libnms.so using class loader ns clns-5 (caller=/data/app/~~-vRPKLwHGrQ73gBlH2HnSA==/com.miui.global.packageinstaller-e8fDmJa9nL4isvo2I92LkA==/base.apk!classes3.dex): ok
04-29 03:57:56.544  1687  1868 V ActivityManager: New death recipient com.android.server.am.ActivityManagerService$AppDeathRecipient@2625fc9 for thread android.os.BinderProxy@b8836ce
04-29 03:57:56.547  1687  1868 D CompatibilityChangeReporter: Compat change id reported: 168419799; UID 10106; state: DISABLED
04-29 03:57:56.549 18718 18969 I DynamiteModule: Considering local module com.google.android.gms.measurement.dynamite:112 and remote module com.google.android.gms.measurement.dynamite:188
04-29 03:57:56.549 18718 18969 I DynamiteModule: Selected remote version of com.google.android.gms.measurement.dynamite, version >= 188
04-29 03:57:56.549 18718 18969 V DynamiteModule: Dynamite loader version >= 2, using loadModule2NoCrashUtils
04-29 03:57:56.552  1687  1852 D ConnectivityService: NetReassign [no changes] [c 1] [a 1] [i 8]
04-29 03:57:56.552 18718 18903 D nativeloader: Load /data/app/~~-vRPKLwHGrQ73gBlH2HnSA==/com.miui.global.packageinstaller-e8fDmJa9nL4isvo2I92LkA==/base.apk!/lib/arm64-v8a/libapminsighta.so using class loader ns clns-5 (caller=/data/app/~~-vRPKLwHGrQ73gBlH2HnSA==/com.miui.global.packageinstaller-e8fDmJa9nL4isvo2I92LkA==/base.apk): ok
04-29 03:57:56.552  1687  1838 I MiuiNetworkPolicy: updateUidState uid = 10106, uidState = 10
04-29 03:57:56.555 18790 18823 I PermissionControllerServiceImpl: Updating user sensitive for uid 10237
04-29 03:57:56.561 18932 18932 D CompatibilityChangeReporter: Compat change id reported: 171979766; UID 10106; state: ENABLED
04-29 03:57:56.562  3525  3551 W MQSService: CallerName:com.xiaomi.simactivate.service,calling Uid:10106
04-29 03:57:56.562  3525  3551 D MQSService: registerApplicationScoutThread pid = 18932, packageName = com.xiaomi.simactivate.service
04-29 03:57:56.563 18718 18881 D nativeloader: Configuring clns-9 for other apk /data/app/~~znUtd-ui3I_Un2svPDq2Gw==/com.google.android.gms-78JdEIKTgf4ujr4aiyCsQA==/base.apk. target_sdk_version=37, uses_libraries=, library_path=/data/app/~~znUtd-ui3I_Un2svPDq2Gw==/com.google.android.gms-78JdEIKTgf4ujr4aiyCsQA==/lib/arm64:/data/app/~~znUtd-ui3I_Un2svPDq2Gw==/com.google.android.gms-78JdEIKTgf4ujr4aiyCsQA==/base.apk!/lib/arm64-v8a, permitted_path=/data:/mnt/expand:/data/user/0/com.google.android.gms
04-29 03:57:56.566 18756 18756 I FindDeviceGNReceiver: Received miui.android.intent.action.PACKAGE_ADDED. 
04-29 03:57:56.566 18756 18756 I FindDeviceGNReceiver: isReplace: true, packageName: package:com.muonline.client. 
04-29 03:57:56.567 18718 18886 D SessionsDependencies: Subscriber CRASHLYTICS registered.
04-29 03:57:56.567 18718 18904 I StrategyCenter: before  realInterval=155645
04-29 03:57:56.567 18718 18904 I StrategyCenter: after  realInterval=3444355
04-29 03:57:56.569  1687  1838 I MiuiNetworkPolicy: updateUidState uid = 10173, uidState = 11
04-29 03:57:56.569  1687  1838 I MiuiNetworkPolicy: updateUidState uid = 10101, uidState = 19
04-29 03:57:56.569 18756 18976 E ##XLogger##: com.miui.cloudservice.cloudcontrol.@IPV6@SourceFile:2, thread:5920--cloud config is not expired , request canceled
04-29 03:57:56.571  1687  3387 D CompatibilityChangeReporter: Compat change id reported: 168419799; UID 10173; state: DISABLED
04-29 03:57:56.573 18718 18903 D nativeloader: Load /data/app/~~-vRPKLwHGrQ73gBlH2HnSA==/com.miui.global.packageinstaller-e8fDmJa9nL4isvo2I92LkA==/base.apk!/lib/arm64-v8a/libpglarmor.so using class loader ns clns-5 (caller=/data/app/~~-vRPKLwHGrQ73gBlH2HnSA==/com.miui.global.packageinstaller-e8fDmJa9nL4isvo2I92LkA==/base.apk): ok
04-29 03:57:56.575 17880 17880 I Finsky  : [2] ajjp - Received: android.intent.action.PACKAGE_ADDED, [n076RJLEETmEZ61FBJHrGFwh-0szukPG_iaeB-mhrwQ]
04-29 03:57:56.578 18718 18969 W System  : ClassLoader referenced unknown path: 
04-29 03:57:56.579   868  1534 E netd    : FwmarkServer connect uid=10116addr=::ffff:47.236.28.65,port443
04-29 03:57:56.581 18718 18969 D nativeloader: Configuring clns-10 for other apk . target_sdk_version=37, uses_libraries=, library_path=/data/app/~~znUtd-ui3I_Un2svPDq2Gw==/com.google.android.gms-78JdEIKTgf4ujr4aiyCsQA==/lib/arm64:/data/app/~~znUtd-ui3I_Un2svPDq2Gw==/com.google.android.gms-78JdEIKTgf4ujr4aiyCsQA==/base.apk!/lib/arm64-v8a, permitted_path=/data:/mnt/expand:/data/user/0/com.google.android.gms
04-29 03:57:56.583 18756 18887 I ##XLogger##: com.miui.cloudservice.sync.IntelligentSyncServi@IPV6@SourceFile:1, thread:5911--IntelligentSyncService, Schedule an intelligent sync job.
04-29 03:57:56.583  1687  1810 D ConnectivityService: Returning UNBLOCKED NetworkInfo to uid=10116
04-29 03:57:56.587 17880 17880 I Finsky  : [2] ajjp - Deduping intent android.intent.action.PACKAGE_ADDED
04-29 03:57:56.588 17880 17990 I Finsky  : [5844] RECEIVER_PACKAGE_MONITOR#logWorkEndAndFinishGoAsync: SUCCESS
04-29 03:57:56.595 18220 18220 I Finsky:background: [2] ajje - Received: android.intent.action.PACKAGE_ADDED, [n076RJLEETmEZ61FBJHrGFwh-0szukPG_iaeB-mhrwQ]
04-29 03:57:56.602 18756 18887 I ##XLogger##: com.miui.cloudservice.sync.IntelligentSyncServi@IPV6@SourceFile:6, thread:5911--IntelligentSyncService, There has been existing an intelligent job! Do not schedule again.
04-29 03:57:56.603 18932 18932 D nativeloader: Configuring clns-4 for other apk /system/framework/gson.jar. target_sdk_version=33, uses_libraries=ALL, library_path=/data/app/~~53XpoiZKyjFz9UGrl7p5HQ==/com.xiaomi.simactivate.service-GTTH1t3ZHPjarnF5fH-6OQ==/lib/arm64:/data/app/~~53XpoiZKyjFz9UGrl7p5HQ==/com.xiaomi.simactivate.service-GTTH1t3ZHPjarnF5fH-6OQ==/base.apk!/lib/arm64-v8a:/system/priv-app/RtMiCloudSDK/RtMiCloudSDK.apk!/lib/arm64-v8a:/system/app/miuisystem/miuisystem.apk!/lib/arm64-v8a:/system/app/miui/miui.apk!/lib/arm64-v8a, permitted_path=/data:/mnt/expand:/data/user/0/com.xiaomi.simactivate.service
04-29 03:57:56.604 18932 18932 D nativeloader: Extending system_exposed_libraries: libteeservice_client.trustonic.so:libapuwareapusys.mtk.so:libapuwareapusys_v2.mtk.so:libapuwarexrp.mtk.so:libapuwarexrp_v2.mtk.so:libapuwareutils.mtk.so:libapuwareutils_v2.mtk.so:libapuwarehmp.mtk.so:libmcv_runtime_usdk.mtk.so:libneuron_graph_delegate.mtk.so:libneuronusdk_adapter.mtk.so:libtflite_mtk.mtk.so:libarmnn_ndk.mtk.so:libcmdl_ndk.mtk.so:libnir_neon_driver_ndk.mtk.so:libmvpu_runtime.mtk.so:libmvpu_runtime_pub.mtk.so:libmvpu_engine_pub.mtk.so:libmvpu_pattern_pub.mtk.so:libmvpuop_mtk_cv.mtk.so:libmvpuop_mtk_nn.mtk.so:libcamera_algoup_jni.xiaomi.so:libcamera_mianode_jni.xiaomi.so
04-29 03:57:56.604 18220 18220 I Finsky:background: [2] ajje - Deduping intent android.intent.action.PACKAGE_ADDED
04-29 03:57:56.606 18220 18345 I Finsky:background: [5891] RECEIVER_PACKAGE_MONITOR_BACKGROUND#logWorkEndAndFinishGoAsync: SUCCESS
04-29 03:57:56.607 18220 18752 I Finsky:background: [5924] Wrote row to frosting DB: 8071
04-29 03:57:56.608  1687  3254 W BroadcastQueue: Background execution not allowed: receiving Intent { act=android.intent.action.PACKAGE_REPLACED dat=package:com.muonline.client flg=0x4000010 (has extras) } to com.google.android.gms/.gass.chimera.PackageChangeBroadcastReceiver
04-29 03:57:56.610  1687  1838 I MiuiNetworkPolicy: updateUidState uid = 10173, uidState = 19
04-29 03:57:56.611  1687  1722 W BroadcastQueue: Background execution not allowed: receiving Intent { act=android.intent.action.PACKAGE_REPLACED dat=package:com.muonline.client flg=0x4000010 (has extras) } to com.google.android.gms/.chimera.GmsIntentOperationService$PersistentTrustedReceiver
04-29 03:57:56.611  1687  1722 W BroadcastQueue: Background execution not allowed: receiving Intent { act=android.intent.action.PACKAGE_REPLACED dat=package:com.muonline.client flg=0x4000010 (has extras) } to com.zing.zalo/.receiver.ZaloReceiver
04-29 03:57:56.617 18932 18932 D nativeloader: Configuring clns-5 for other apk /system/framework/security-device-credential-sdk.jar. target_sdk_version=33, uses_libraries=ALL, library_path=/data/app/~~53XpoiZKyjFz9UGrl7p5HQ==/com.xiaomi.simactivate.service-GTTH1t3ZHPjarnF5fH-6OQ==/lib/arm64:/data/app/~~53XpoiZKyjFz9UGrl7p5HQ==/com.xiaomi.simactivate.service-GTTH1t3ZHPjarnF5fH-6OQ==/base.apk!/lib/arm64-v8a:/system/priv-app/RtMiCloudSDK/RtMiCloudSDK.apk!/lib/arm64-v8a:/system/app/miuisystem/miuisystem.apk!/lib/arm64-v8a:/system/app/miui/miui.apk!/lib/arm64-v8a, permitted_path=/data:/mnt/expand:/data/user/0/com.xiaomi.simactivate.service
04-29 03:57:56.617 18932 18932 D nativeloader: Extending system_exposed_libraries: libteeservice_client.trustonic.so:libapuwareapusys.mtk.so:libapuwareapusys_v2.mtk.so:libapuwarexrp.mtk.so:libapuwarexrp_v2.mtk.so:libapuwareutils.mtk.so:libapuwareutils_v2.mtk.so:libapuwarehmp.mtk.so:libmcv_runtime_usdk.mtk.so:libneuron_graph_delegate.mtk.so:libneuronusdk_adapter.mtk.so:libtflite_mtk.mtk.so:libarmnn_ndk.mtk.so:libcmdl_ndk.mtk.so:libnir_neon_driver_ndk.mtk.so:libmvpu_runtime.mtk.so:libmvpu_runtime_pub.mtk.so:libmvpu_engine_pub.mtk.so:libmvpu_pattern_pub.mtk.so:libmvpuop_mtk_cv.mtk.so:libmvpuop_mtk_nn.mtk.so:libcamera_algoup_jni.xiaomi.so:libcamera_mianode_jni.xiaomi.so
04-29 03:57:56.618 18718 18927 D PI-ScanInterceptor: local first active time: 1764904674264
04-29 03:57:56.618 18718 18927 D PI-ScanInterceptor: the first scan time: 1764904674264
04-29 03:57:56.621 18718 18881 I DynamiteModule: Considering local module com.google.android.gms.ads.dynamite:0 and remote module com.google.android.gms.ads.dynamite:260480602
04-29 03:57:56.621 18718 18881 I DynamiteModule: Selected remote version of com.google.android.gms.ads.dynamite, version >= 260480602
04-29 03:57:56.621 18718 18881 V DynamiteModule: Dynamite loader version >= 2, using loadModule2NoCrashUtils
04-29 03:57:56.623 18932 18932 D nativeloader: Configuring clns-6 for other apk /system/app/miui/miui.apk. target_sdk_version=33, uses_libraries=ALL, library_path=/data/app/~~53XpoiZKyjFz9UGrl7p5HQ==/com.xiaomi.simactivate.service-GTTH1t3ZHPjarnF5fH-6OQ==/lib/arm64:/data/app/~~53XpoiZKyjFz9UGrl7p5HQ==/com.xiaomi.simactivate.service-GTTH1t3ZHPjarnF5fH-6OQ==/base.apk!/lib/arm64-v8a:/system/priv-app/RtMiCloudSDK/RtMiCloudSDK.apk!/lib/arm64-v8a:/system/app/miuisystem/miuisystem.apk!/lib/arm64-v8a:/system/app/miui/miui.apk!/lib/arm64-v8a, permitted_path=/data:/mnt/expand:/data/user/0/com.xiaomi.simactivate.service
04-29 03:57:56.624 18932 18932 D nativeloader: Extending system_exposed_libraries: libteeservice_client.trustonic.so:libapuwareapusys.mtk.so:libapuwareapusys_v2.mtk.so:libapuwarexrp.mtk.so:libapuwarexrp_v2.mtk.so:libapuwareutils.mtk.so:libapuwareutils_v2.mtk.so:libapuwarehmp.mtk.so:libmcv_runtime_usdk.mtk.so:libneuron_graph_delegate.mtk.so:libneuronusdk_adapter.mtk.so:libtflite_mtk.mtk.so:libarmnn_ndk.mtk.so:libcmdl_ndk.mtk.so:libnir_neon_driver_ndk.mtk.so:libmvpu_runtime.mtk.so:libmvpu_runtime_pub.mtk.so:libmvpu_engine_pub.mtk.so:libmvpu_pattern_pub.mtk.so:libmvpuop_mtk_cv.mtk.so:libmvpuop_mtk_nn.mtk.so:libcamera_algoup_jni.xiaomi.so:libcamera_mianode_jni.xiaomi.so
04-29 03:57:56.626 18718 18969 W ackageinstalle: ClassLoaderContext classpath element checksum mismatch. expected=620635609, found=2598990719 (DLC[];PCL[base.apk*620635609]{PCL[/system/framework/org.apache.http.legacy.jar*126433619]#PCL[/apex/com.android.extservices/javalib/android.ext.adservices.jar*3839736497]#PCL[/system/framework/com.android.location.provider.jar*3633238672]#PCL[/system/framework/com.android.media.remotedisplay.jar*3472798123]#PCL[/apex/com.android.extservices/javalib/android.ext.adservices.jar*3839736497]} | DLC[];PCL[/data/app/~~-vRPKLwHGrQ73gBlH2HnSA==/com.miui.global.packageinstaller-e8fDmJa9nL4isvo2I92LkA==/base.apk*2598990719]{PCL[/apex/com.android.extservices/javalib/android.ext.adservices.jar*3839736497]})
04-29 03:57:56.630 18932 18932 D nativeloader: Configuring clns-7 for other apk /system/app/miuisystem/miuisystem.apk. target_sdk_version=33, uses_libraries=ALL, library_path=/data/app/~~53XpoiZKyjFz9UGrl7p5HQ==/com.xiaomi.simactivate.service-GTTH1t3ZHPjarnF5fH-6OQ==/lib/arm64:/data/app/~~53XpoiZKyjFz9UGrl7p5HQ==/com.xiaomi.simactivate.service-GTTH1t3ZHPjarnF5fH-6OQ==/base.apk!/lib/arm64-v8a:/system/priv-app/RtMiCloudSDK/RtMiCloudSDK.apk!/lib/arm64-v8a:/system/app/miuisystem/miuisystem.apk!/lib/arm64-v8a:/system/app/miui/miui.apk!/lib/arm64-v8a, permitted_path=/data:/mnt/expand:/data/user/0/com.xiaomi.simactivate.service
04-29 03:57:56.631 18932 18932 D nativeloader: Extending system_exposed_libraries: libteeservice_client.trustonic.so:libapuwareapusys.mtk.so:libapuwareapusys_v2.mtk.so:libapuwarexrp.mtk.so:libapuwarexrp_v2.mtk.so:libapuwareutils.mtk.so:libapuwareutils_v2.mtk.so:libapuwarehmp.mtk.so:libmcv_runtime_usdk.mtk.so:libneuron_graph_delegate.mtk.so:libneuronusdk_adapter.mtk.so:libtflite_mtk.mtk.so:libarmnn_ndk.mtk.so:libcmdl_ndk.mtk.so:libnir_neon_driver_ndk.mtk.so:libmvpu_runtime.mtk.so:libmvpu_runtime_pub.mtk.so:libmvpu_engine_pub.mtk.so:libmvpu_pattern_pub.mtk.so:libmvpuop_mtk_cv.mtk.so:libmvpuop_mtk_nn.mtk.so:libcamera_algoup_jni.xiaomi.so:libcamera_mianode_jni.xiaomi.so
04-29 03:57:56.630  3166 16477 I Icing   : Indexing done com.google.android.gms-apps
04-29 03:57:56.633 18718 18979 W libc    : Access denied finding property "ro.serialno"
04-29 03:57:56.637 18932 18932 D nativeloader: Configuring clns-8 for other apk /system/priv-app/RtMiCloudSDK/RtMiCloudSDK.apk. target_sdk_version=33, uses_libraries=ALL, library_path=/data/app/~~53XpoiZKyjFz9UGrl7p5HQ==/com.xiaomi.simactivate.service-GTTH1t3ZHPjarnF5fH-6OQ==/lib/arm64:/data/app/~~53XpoiZKyjFz9UGrl7p5HQ==/com.xiaomi.simactivate.service-GTTH1t3ZHPjarnF5fH-6OQ==/base.apk!/lib/arm64-v8a:/system/priv-app/RtMiCloudSDK/RtMiCloudSDK.apk!/lib/arm64-v8a:/system/app/miuisystem/miuisystem.apk!/lib/arm64-v8a:/system/app/miui/miui.apk!/lib/arm64-v8a, permitted_path=/data:/mnt/expand:/data/user/0/com.xiaomi.simactivate.service
04-29 03:57:56.637 18932 18932 D nativeloader: Extending system_exposed_libraries: libteeservice_client.trustonic.so:libapuwareapusys.mtk.so:libapuwareapusys_v2.mtk.so:libapuwarexrp.mtk.so:libapuwarexrp_v2.mtk.so:libapuwareutils.mtk.so:libapuwareutils_v2.mtk.so:libapuwarehmp.mtk.so:libmcv_runtime_usdk.mtk.so:libneuron_graph_delegate.mtk.so:libneuronusdk_adapter.mtk.so:libtflite_mtk.mtk.so:libarmnn_ndk.mtk.so:libcmdl_ndk.mtk.so:libnir_neon_driver_ndk.mtk.so:libmvpu_runtime.mtk.so:libmvpu_runtime_pub.mtk.so:libmvpu_engine_pub.mtk.so:libmvpu_pattern_pub.mtk.so:libmvpuop_mtk_cv.mtk.so:libmvpuop_mtk_nn.mtk.so:libcamera_algoup_jni.xiaomi.so:libcamera_mianode_jni.xiaomi.so
04-29 03:57:56.642 18932 18932 D nativeloader: Configuring clns-9 for other apk /system/framework/org.apache.http.legacy.jar. target_sdk_version=33, uses_libraries=ALL, library_path=/data/app/~~53XpoiZKyjFz9UGrl7p5HQ==/com.xiaomi.simactivate.service-GTTH1t3ZHPjarnF5fH-6OQ==/lib/arm64:/data/app/~~53XpoiZKyjFz9UGrl7p5HQ==/com.xiaomi.simactivate.service-GTTH1t3ZHPjarnF5fH-6OQ==/base.apk!/lib/arm64-v8a:/system/priv-app/RtMiCloudSDK/RtMiCloudSDK.apk!/lib/arm64-v8a:/system/app/miuisystem/miuisystem.apk!/lib/arm64-v8a:/system/app/miui/miui.apk!/lib/arm64-v8a, permitted_path=/data:/mnt/expand:/data/user/0/com.xiaomi.simactivate.service
04-29 03:57:56.642 18932 18932 D nativeloader: Extending system_exposed_libraries: libteeservice_client.trustonic.so:libapuwareapusys.mtk.so:libapuwareapusys_v2.mtk.so:libapuwarexrp.mtk.so:libapuwarexrp_v2.mtk.so:libapuwareutils.mtk.so:libapuwareutils_v2.mtk.so:libapuwarehmp.mtk.so:libmcv_runtime_usdk.mtk.so:libneuron_graph_delegate.mtk.so:libneuronusdk_adapter.mtk.so:libtflite_mtk.mtk.so:libarmnn_ndk.mtk.so:libcmdl_ndk.mtk.so:libnir_neon_driver_ndk.mtk.so:libmvpu_runtime.mtk.so:libmvpu_runtime_pub.mtk.so:libmvpu_engine_pub.mtk.so:libmvpu_pattern_pub.mtk.so:libmvpuop_mtk_cv.mtk.so:libmvpuop_mtk_nn.mtk.so:libcamera_algoup_jni.xiaomi.so:libcamera_mianode_jni.xiaomi.so
04-29 03:57:56.643   868  1534 E netd    : FwmarkServer connect uid=10116addr=::ffff:125.234.51.8,port443
04-29 03:57:56.643 18718 18927 D PubSubTrack: actionType = install_interception not published. enablePublish:false
04-29 03:57:56.632 18718 18718 W ssdk_handler: type=1400 audit(0.0:3615): avc: denied { read } for name="u:object_r:serialno_prop:s0" dev="tmpfs" ino=1220 scontext=u:r:platform_app:s0:c512,c768 tcontext=u:object_r:serialno_prop:s0 tclass=file permissive=0 app=com.miui.global.packageinstaller
04-29 03:57:56.644 18718 18927 D PI-ScanDispatch: interruptCode = 7
04-29 03:57:56.644 18718 18927 D PI-ScanDispatch: send msg to security, the interrupt result：7
04-29 03:57:56.644  4018  4018 I NewGlobalInstallCheckTask: handleMessage: interrupt and unbind. blockType = 7
04-29 03:57:56.644  4018  4018 I NewGlobalInstallCheckTask: finish: the queue first task operate over.remove first task.
04-29 03:57:56.647  1687  1838 I MiuiNetworkPolicy: updateUidState uid = 10116, uidState = 10
04-29 03:57:56.647  1687  1838 I MiuiNetworkPolicy: updateUidState uid = 10097, uidState = 8
04-29 03:57:56.652  1687  1838 I MiuiNetworkPolicy: updateUidState uid = 10116, uidState = 19
04-29 03:57:56.664  1687  3254 D AudioSystem: +setParameters(): xlog.volume.music.speaker=0 
04-29 03:57:56.670 18932 18932 D nativeloader: Configuring clns-10 for other apk /data/app/~~53XpoiZKyjFz9UGrl7p5HQ==/com.xiaomi.simactivate.service-GTTH1t3ZHPjarnF5fH-6OQ==/base.apk. target_sdk_version=33, uses_libraries=, library_path=/data/app/~~53XpoiZKyjFz9UGrl7p5HQ==/com.xiaomi.simactivate.service-GTTH1t3ZHPjarnF5fH-6OQ==/lib/arm64:/data/app/~~53XpoiZKyjFz9UGrl7p5HQ==/com.xiaomi.simactivate.service-GTTH1t3ZHPjarnF5fH-6OQ==/base.apk!/lib/arm64-v8a:/system/priv-app/RtMiCloudSDK/RtMiCloudSDK.apk!/lib/arm64-v8a:/system/app/miuisystem/miuisystem.apk!/lib/arm64-v8a:/system/app/miui/miui.apk!/lib/arm64-v8a, permitted_path=/data:/mnt/expand:/data/user/0/com.xiaomi.simactivate.service
04-29 03:57:56.695   872   967 D mtk_audio_hw_hal: adev_set_parameters: enter xlog.volume.music.speaker=0
04-29 03:57:56.695   872   967 D audio_hw_cspl_cal: cirrus_cal_setparameters: enter xlog.volume.music.speaker=0
04-29 03:57:56.699   868  1534 E netd    : FwmarkServer connect uid=10116addr=::ffff:125.234.51.8,port443
04-29 03:57:56.700   872   967 D AudioALSAHardware: +setParameters(): xlog.volume.music.speaker=0
04-29 03:57:56.700   872   967 D AudioALSAHardware: keySET_KEYCODE_CHOOSE=persist.vendor.audio.button_jack.switch
04-29 03:57:56.700   872   967 D AudioALSAHardware: -setParameters(): xlog.volume.music.speaker=0
04-29 03:57:56.700   872   967 W BTAudioHw: adev_set_parameterserror paremeter : : ParamsMap=[key: 'xlog.volume.music.speaker' value: '0'
04-29 03:57:56.700   872   967 W BTAudioHw: ]
04-29 03:57:56.702 18718 18881 W ackageinstalle: ClassLoaderContext classpath element checksum mismatch. expected=620635609, found=2598990719 (DLC[];PCL[base.apk*620635609]{PCL[/system/framework/org.apache.http.legacy.jar*126433619]#PCL[/apex/com.android.extservices/javalib/android.ext.adservices.jar*3839736497]#PCL[/system/framework/com.android.location.provider.jar*3633238672]#PCL[/system/framework/com.android.media.remotedisplay.jar*3472798123]#PCL[/apex/com.android.extservices/javalib/android.ext.adservices.jar*3839736497]} | DLC[];PCL[/data/app/~~-vRPKLwHGrQ73gBlH2HnSA==/com.miui.global.packageinstaller-e8fDmJa9nL4isvo2I92LkA==/base.apk*2598990719]{PCL[/apex/com.android.extservices/javalib/android.ext.adservices.jar*3839736497]})
04-29 03:57:56.719 17880 17999 I Finsky  : [5849] WM::SCH: Logging work initialize for 12-1
04-29 03:57:56.728 18790 19014 W FeatureFlagsImplExport: java.lang.NoClassDefFoundError: Failed resolution of: Landroid/os/flagging/AconfigPackage;
04-29 03:57:56.730 18932 18932 V GraphicsEnvironment: ANGLE Developer option for 'com.xiaomi.simactivate.service' set to: 'default'
04-29 03:57:56.730 18932 18932 V GraphicsEnvironment: Neither updatable production driver nor prerelease driver is supported.
04-29 03:57:56.734 18932 18932 I ForceDarkHelperStubImpl: initialize for com.xiaomi.simactivate.service , ForceDarkOrigin
04-29 03:57:56.735 18718 18904 W Settings: Setting animator_duration_scale has moved from android.provider.Settings.System to android.provider.Settings.Global, returning read-only value.
04-29 03:57:56.738 18932 18932 D nativeloader: Load libforcedarkimpl.so using system ns (caller=/system/framework/miui-framework.jar): ok
04-29 03:57:56.738 18932 18932 D OpenGLRenderer: JNI_OnLoad success
04-29 03:57:56.739 18932 18932 I MiuiForceDarkConfig: setConfig density:2.750000, mainRule:0, secondaryRule:0, tertiaryRule:0
04-29 03:57:56.742 18932 18932 D NetworkSecurityConfig: Using Network Security Config from resource network_security_config debugBuild: false
04-29 03:57:56.746 18932 18932 D NetworkSecurityConfig: Using Network Security Config from resource network_security_config debugBuild: false
04-29 03:57:56.750 17880 17999 I Finsky  : [5849] WM::SCH: Logging work initialize for 12-1
04-29 03:57:56.756 18718 18886 D FirebaseSessions: Initializing Firebase Sessions SDK.
04-29 03:57:56.759  1687  3254 D ConnectivityService: Returning BLOCKED NetworkInfo to uid=10116
04-29 03:57:56.761  2774 21082 I PhenotypeResourceReader: unable to find any Phenotype resource metadata for com.miui.global.packageinstaller
04-29 03:57:56.763 18718 18886 I RemoteConfig: fetch remote config
04-29 03:57:56.766 18718 19018 D CompatibilityChangeReporter: Compat change id reported: 288912692; UID 10116; state: ENABLED
04-29 03:57:56.772 18718 18718 I RemoteConfig: fetch remote config successful
04-29 03:57:56.776 18718 19020 D FirebaseSessions: No Sessions subscribers. Not listening to lifecycle events.
04-29 03:57:56.777 17880 18028 I Finsky  : [5856] SCH: Scheduling phonesky job Id: 12-1, CT: 1777409876418, Constraints: [{ L: 15000, D: 86400000, C: CHARGING_NONE, I: IDLE_NONE, N: NET_ANY, B: BATTERY_ANY }]
04-29 03:57:56.789 17880 18034 I Finsky  : [5859] SCH: Scheduling 1 system job(s)
04-29 03:57:56.790 17880 18034 I Finsky  : [5859] SCH: Scheduling system job Id: 9940, L: 14629, D: 53460587, C: false, I: false, N: 1
04-29 03:57:56.792  1687  1868 D AlarmManagerService: inside native alarm timerfd set Alarm Type = 2
04-29 03:57:56.792  1687  1868 D AlarmManagerService: inside native alarm timerfd set Alarm Type = 3
04-29 03:57:56.792  1687  1868 D AlarmManagerService: inside native alarm timerfd set Alarm Type = 2
04-29 03:57:56.793  1687  1868 D AlarmManagerService: inside native alarm timerfd set Alarm Type = 3
04-29 03:57:56.800  3166  3166 D BoundBrokerSvc: onBind: Intent { act=com.google.android.gms.appset.service.START dat=chimera-action: cmp=com.google.android.gms/.chimera.GmsApiService }
04-29 03:57:56.800  3166  3166 D BoundBrokerSvc: Loading bound service for intent: Intent { act=com.google.android.gms.appset.service.START dat=chimera-action: cmp=com.google.android.gms/.chimera.GmsApiService }
04-29 03:57:56.801 17880 17998 I Finsky  : [5848] [ContentSync] finished, scheduled=true
04-29 03:57:56.805 17880 18024 I Finsky  : [5855] SCH: Scheduling phonesky job Id: 12-1, CT: 1777409876414, Constraints: [{ L: 15000, D: 86400000, C: CHARGING_NONE, I: IDLE_NONE, N: NET_ANY, B: BATTERY_ANY }]
04-29 03:57:56.807  1687  1838 I MiuiNetworkPolicy: updateUidState uid = 10173, uidState = 5
04-29 03:57:56.811 17880 18028 I Finsky  : [5856] SCH: Scheduling 1 system job(s)
04-29 03:57:56.811 17880 18028 I Finsky  : [5856] SCH: Scheduling system job Id: 9940, L: 14603, D: 53460565, C: false, I: false, N: 1
04-29 03:57:56.814  1687  1868 D AlarmManagerService: inside native alarm timerfd set Alarm Type = 2
04-29 03:57:56.814  1687  1868 D AlarmManagerService: inside native alarm timerfd set Alarm Type = 3
04-29 03:57:56.814  1687  1868 D AlarmManagerService: inside native alarm timerfd set Alarm Type = 2
04-29 03:57:56.814  1687  1868 D AlarmManagerService: inside native alarm timerfd set Alarm Type = 3
04-29 03:57:56.814  1687  1868 D AlarmManagerService: inside native alarm timerfd set Alarm Type = 2
04-29 03:57:56.814  1687  1868 D AlarmManagerService: inside native alarm timerfd set Alarm Type = 3
04-29 03:57:56.814  1687  1868 D AlarmManagerService: inside native alarm timerfd set Alarm Type = 2
04-29 03:57:56.814  1687  1868 D AlarmManagerService: inside native alarm timerfd set Alarm Type = 3
04-29 03:57:56.815  1687  1868 D ConnectivityService: requestNetwork for uid/pid:10116/18718 activeRequest: null callbackRequest: 1311 [NetworkRequest [ REQUEST id=1312, [ Capabilities: INTERNET&NOT_RESTRICTED&TRUSTED&NOT_VCN_MANAGED Uid: 10116 RequestorUid: 10116 RequestorPkg: com.miui.global.packageinstaller UnderlyingNetworks: Null] ]] callback flags: 0 order: 2147483647 isUidTracked: false declaredMethods: AVAIL|LOST
04-29 03:57:56.816 18932 18932 V ##XLogger##: #&^R8/Iy7Fytmw5Go4VXD1y6aW288BObBwq0rZOVyZIak8CQxRXsyms6PzGESJnO4APcd1ra9ToDJLfTIW0g3UtHBXTEkbzLloxCbl5Q4bM8GsP7RHiD5u9mV7x2G1LFJBH5q4ixKEXTHTbOLs2J0IHnbcYvNE51Q6XvKRa9V/7cZw=!simactivate!6hUuk1SAbyLoRWGO+ORcd3hqxf/oM+gIXzTp3HGEA/mngoKzEjmcjEbLsDNPuM1Zpo4ZcAhLxO5k/7zHKoewd9m3oNmffKNYyWmKv3Ij/uWZdL3576lTbpvBz+RfGa9KrNLxYCKLkdtqjmr0LfYlEg==^&#
04-29 03:57:56.818  1687  1840 D WifiNetworkFactory: got request NetworkRequest [ REQUEST id=1312, [ Capabilities: INTERNET&NOT_RESTRICTED&TRUSTED&NOT_VCN_MANAGED Uid: 10116 RequestorUid: 10116 RequestorPkg: com.miui.global.packageinstaller UnderlyingNetworks: Null] ]
04-29 03:57:56.819  1687  1840 D UntrustedWifiNetworkFactory: got request NetworkRequest [ REQUEST id=1312, [ Capabilities: INTERNET&NOT_RESTRICTED&TRUSTED&NOT_VCN_MANAGED Uid: 10116 RequestorUid: 10116 RequestorPkg: com.miui.global.packageinstaller UnderlyingNetworks: Null] ]
04-29 03:57:56.819  1687  1840 D OemPaidWifiNetworkFactory: got request NetworkRequest [ REQUEST id=1312, [ Capabilities: INTERNET&NOT_RESTRICTED&TRUSTED&NOT_VCN_MANAGED Uid: 10116 RequestorUid: 10116 RequestorPkg: com.miui.global.packageinstaller UnderlyingNetworks: Null] ]
04-29 03:57:56.819 17880 17999 I Finsky  : [5849] [ContentSync] finished, scheduled=true
04-29 03:57:56.820  1687  1852 D ConnectivityService: NetReassign [1312 : null → 100] [c 0] [a 1] [i 2]
04-29 03:57:56.821 18718 18881 I Ads     : Updating ad debug logging enablement.
04-29 03:57:56.830 18932 18932 I ##XLogger##: #&^R8/Iy7Fytmw5Go4VXD1y6aW288BObBwq0rZOVyZIak8CQxRXsyms6PzGESJnO4APcd1ra9ToDJLfTIW0g3UtHBXTEkbzLloxCbl5Q4bM8GsP7RHiD5u9mV7x2G1LFJBH5q4ixKEXTHTbOLs2J0IHnbcYvNE51Q6XvKRa9V/7cZw=!simactivate!6hUuk1SAbyLoRWGO+ORcd3hqxf/oM+gIXzTp3HGEA/mjEIh3hVW0JtOxwt7mMrn4wsK8IJxKi+k8z+/VtcnbVu8/j4aZtBZi3Bxl70oDw1+HJ6J95rOVeMv2tXl6uGep3n8oh0zef/qOk57AEWKkdA==^&#
04-29 03:57:56.836  1687  1838 I MiuiNetworkPolicy: updateUidState uid = 10106, uidState = 19
04-29 03:57:56.838 18718 19045 W Ads     : Update ad debug logging enablement as false
04-29 03:57:56.841  1687  3387 W ServiceManager: Permission failure: android.permission.HIGH_SAMPLING_RATE_SENSORS from uid=10116 pid=18718
04-29 03:57:56.850 18932 18975 I ##XLogger##: #&^R8/Iy7Fytmw5Go4VXD1y6aW288BObBwq0rZOVyZIak8CQxRXsyms6PzGESJnO4APcd1ra9ToDJLfTIW0g3UtHBXTEkbzLloxCbl5Q4bM8GsP7RHiD5u9mV7x2G1LFJBH5q4ixKEXTHTbOLs2J0IHnbcYvNE51Q6XvKRa9V/7cZw=!simactivate!6hUuk1SAbyLoRWGO+ORcd3hqxf/oM+gIXzTp3HGEA/knso8U6N0QM+8wCxH+lO1VC0OT16DXDis6rY4J6M43nctmxwe/69EA8ELpf7H/x6Koq36+ECOfJplwNg3aR6ZBdsvIWL/h254AJmN0D8ZYQ48UdRF8S0WhoRyeK2dROxxwCacCPzYhbf84V7+GG/7oTw17FiSipUJ3sFqK9jL0iAYcxt/CFT9cJPHQMHnq/znWtlSFDOb59PtQB71UKFgXGfxJhWtqFiN3uDKEaQWSm6Nqg4X5Exk4fTyv2E019XuO7PGi1ETeGF9PnzlkLGzY^&#
04-29 03:57:56.856 18932 18975 I ##XLogger##: #&^R8/Iy7Fytmw5Go4VXD1y6aW288BObBwq0rZOVyZIak8CQxRXsyms6PzGESJnO4APcd1ra9ToDJLfTIW0g3UtHBXTEkbzLloxCbl5Q4bM8GsP7RHiD5u9mV7x2G1LFJBH5q4ixKEXTHTbOLs2J0IHnbcYvNE51Q6XvKRa9V/7cZw=!simactivate!6hUuk1SAbyLoRWGO+ORcd6pFRPLktjv7YK8Io/UslgWzX/3feinP2Z9tjInKVgUVcLo+8AG7UQZHzm5xy9dxRlQye58gyh8f/WOqpCanH/YS/f/tEvRQqUbN/bpyqnVEpBEHFoXVwkiBR5Dx0JyFF78eY8ReJALaCDcW1S5zwp6dr3y5z5v+Do4H6vn55tYQ^&#
