04-29 03:57:55.771  1687  3253 D CompatibilityChangeReporter: Compat change id reported: 135634846; UID 10116; state: DISABLED
04-29 03:57:55.771  1687  3253 D CompatibilityChangeReporter: Compat change id reported: 177438394; UID 10116; state: DISABLED
04-29 03:57:55.771  1687  3253 D CompatibilityChangeReporter: Compat change id reported: 135772972; UID 10116; state: DISABLED
04-29 03:57:55.771  1687  3253 D CompatibilityChangeReporter: Compat change id reported: 135754954; UID 10116; state: ENABLED
04-29 03:57:55.772  1687  1722 W BroadcastQueue: Background execution not allowed: receiving Intent { act=android.intent.action.PACKAGE_ADDED dat=package:com.muonline.client flg=0x4000010 (has extras) } to com.google.android.gms/.chimera.GmsIntentOperationService$PersistentTrustedReceiver
04-29 03:57:55.772  1687  1723 D CompatibilityChangeReporter: Compat change id reported: 143937733; UID 10116; state: ENABLED
04-29 03:57:55.773  1687  1722 W BroadcastQueue: Background execution not allowed: receiving Intent { act=android.intent.action.PACKAGE_ADDED dat=package:com.muonline.client flg=0x4000010 (has extras) } to com.xiaomi.discover/com.xiaomi.market.data.MyPackageMonitor
04-29 03:57:55.773  1687  1722 W BroadcastQueue: Background execution not allowed: receiving Intent { act=android.intent.action.PACKAGE_ADDED dat=package:com.muonline.client flg=0x4000010 (has extras) } to com.xiaomi.mipicks/com.xiaomi.market.data.MyPackageMonitor
04-29 03:57:55.773  1687  1722 W BroadcastQueue: Background execution not allowed: receiving Intent { act=android.intent.action.PACKAGE_ADDED dat=package:com.muonline.client flg=0x4000010 (has extras) } to com.xiaomi.misettings/.usagestats.AppTimerReceiver
04-29 03:57:55.773  1687  1722 W BroadcastQueue: Background execution not allowed: receiving Intent { act=android.intent.action.PACKAGE_ADDED dat=package:com.muonline.client flg=0x4000010 (has extras) } to com.facebook.katana/com.facebook.feed.platformads.AppInstallReceiver
04-29 03:57:55.773  1687  1722 W BroadcastQueue: Background execution not allowed: receiving Intent { act=android.intent.action.PACKAGE_ADDED dat=package:com.muonline.client flg=0x4000010 (has extras) } to com.zing.zalo/.receiver.ZaloReceiver
04-29 03:57:55.773  1687  1722 W BroadcastQueue: Background execution not allowed: receiving Intent { act=android.intent.action.PACKAGE_ADDED dat=package:com.muonline.client flg=0x4000010 (has extras) } to com.zing.zalo/me.zalo.startuphelper.StartupHelperReceiver
04-29 03:57:55.775  1687  1722 D CompatibilityChangeReporter: Compat change id reported: 135634846; UID 10101; state: DISABLED
04-29 03:57:55.775  1687  1722 D CompatibilityChangeReporter: Compat change id reported: 177438394; UID 10101; state: DISABLED
04-29 03:57:55.775  1687  1722 D CompatibilityChangeReporter: Compat change id reported: 135772972; UID 10101; state: DISABLED
04-29 03:57:55.775  1687  1722 D CompatibilityChangeReporter: Compat change id reported: 135754954; UID 10101; state: ENABLED
04-29 03:57:55.776  2287  2287 D ImsResolver: maybeAddedImsService, packageName: com.muonline.client
04-29 03:57:55.777  3350  3350 W MediaProvider: WorkProfileOwnerApps cache is empty
04-29 03:57:55.779  3350  3350 D PickerSyncLockManager: Trying to acquire lock com.android.providers.media.photopicker.sync.CloseableReentrantLock@eea8186[Unlocked]. Lock Name = CLOUD_PROVIDER_LOCK. Threads that may be waiting to acquire this lock = []
04-29 03:57:55.779  3350  3350 D CloseableReentrantLock: Successfully acquired lock com.android.providers.media.photopicker.sync.CloseableReentrantLock@eea8186[Locked by thread main]. Lock Name = CLOUD_PROVIDER_LOCK. Threads that may be waiting to acquire this lock = []
04-29 03:57:55.783  2287 18707 D CarrierConfigLoader: getConfigForSubIdWithFeature: subscriptionId=1, phoneId=1
04-29 03:57:55.785  3350  3350 D CloseableReentrantLock: Successfully released lock com.android.providers.media.photopicker.sync.CloseableReentrantLock@eea8186[Unlocked]. Lock Name = CLOUD_PROVIDER_LOCK. Threads that may be waiting to acquire this lock = []
04-29 03:57:55.787  3421  3876 I dqjd    : (REDACTED) maybeUpdateCacheDataForAddedPackage %s
04-29 03:57:55.791  4018  4674 I GpBinderManager: bindCount : 48
04-29 03:57:55.791  4018  4018 D AppInstalledReceiver: receive broadcast
04-29 03:57:55.792  4018  5029 I GpBinderManager: bindCount : 49
04-29 03:57:55.792  7152 12946 D ScanResultDBManager: dbr: 0
04-29 03:57:55.792 17629 17629 I PackageInstallReceiver: action = android.intent.action.PACKAGE_REPLACED packageName = com.muonline.client
04-29 03:57:55.793  1687  1687 D CompatibilityChangeReporter: Compat change id reported: 135634846; UID 1000; state: DISABLED
04-29 03:57:55.793  1687  1687 D CompatibilityChangeReporter: Compat change id reported: 177438394; UID 1000; state: DISABLED
04-29 03:57:55.793  1687  1687 D CompatibilityChangeReporter: Compat change id reported: 135772972; UID 1000; state: DISABLED
04-29 03:57:55.793  1687  1687 D CompatibilityChangeReporter: Compat change id reported: 135754954; UID 1000; state: ENABLED
04-29 03:57:55.794  2306  2306 D LockScreenMagazineController: received broadcast android.intent.action.PACKAGE_REPLACED
04-29 03:57:55.794  7152 12963 D ScanResultDBManager: dbr: 0
04-29 03:57:55.797 18152 18242 W FirebaseRemoteConfig: No value of type 'FirebaseRemoteConfigValue' exists for parameter key 'enableCheckUpdateTrack'.
04-29 03:57:55.799  1687  2544 D AlarmManagerService: inside native alarm timerfd set Alarm Type = 2
04-29 03:57:55.800  1687  2544 D AlarmManagerService: inside native alarm timerfd set Alarm Type = 3
04-29 03:57:55.801  2287  2636 D TelephonyProvider: Using old permission behavior for telephony provider compat
04-29 03:57:55.802  2287  2287 D CarrierConfigLoader: mHandler: EVENT_PACKAGE_CHANGED phoneId: 0
04-29 03:57:55.802  1687  1810 D AlarmManagerService: inside native alarm timerfd set Alarm Type = 2
04-29 03:57:55.802  1687  1810 D AlarmManagerService: inside native alarm timerfd set Alarm Type = 3
04-29 03:57:55.803  2306  2757 D ControlsListingControllerImpl: ServiceConfig reloaded
04-29 03:57:55.806  1687  1687 I WifiScoreReportInjector: ACTION_PACKAGE_REMOVED uid = 10237
04-29 03:57:55.808  3282 18711 D AppVerDbManager: will update
04-29 03:57:55.810  5961  6085 D GrantPermission: id: 1 packageName: com.mi.android.globallauncher
04-29 03:57:55.810  5961  6085 D GrantPermission: id: 3 packageName: com.comprion.android.GSMA_AC_Mobile_App_SP1_signed
04-29 03:57:55.811  5961  6085 D GrantPermission: id: 4 packageName: com.gallery.player
04-29 03:57:55.811  5961  6085 D GrantPermission: id: 5 packageName: de.telekom.tsc
04-29 03:57:55.811  5961  6085 D GrantPermission: id: 7 packageName: com.comprion.android.GSMA_AC_Mobile_App_SP1_signed_AndroidPOnwards
04-29 03:57:55.811  5961  6085 D GrantPermission: id: 8 packageName: com.kakao.talk
04-29 03:57:55.811  5961  6085 D GrantPermission: id: 9 packageName: com.android.incallui
04-29 03:57:55.811  5961  6085 D GrantPermission: id: 10 packageName: com.android.incallui
04-29 03:57:55.811  5961  6085 D GrantPermission: id: 11 packageName: com.miui.core
04-29 03:57:55.811  5961  6085 D GrantPermission: id: 12 packageName: com.miui.core
04-29 03:57:55.814   869   869 D Zygote  : Forked child process 18718
04-29 03:57:55.815  2306  2757 D ControlsListingControllerImpl: ServiceConfig reloaded
04-29 03:57:55.816  1687  1687 I Telecom : CarModeTracker: Package com.muonline.client is not tracked.: SSH.oR@AlE
04-29 03:57:55.817  1687  1687 I Telecom-InCallController: updateCarModeForConnections: car mode apps: : SSH.oR@AlE
04-29 03:57:55.817  1687  1687 D Cta_ReceiverController: onPackageUpdateFinished()
04-29 03:57:55.817  1687  1687 D Cta_ReceiverRecordHelper: addReceiverRecord() with com.muonline.client at User(0) enabled: true
04-29 03:57:55.818  2306  2757 D ControlsListingControllerImpl: ServiceConfig reloaded
04-29 03:57:55.820  1687  1766 D Cta_ReceiverRecordHelper: saveToFile, size = 0
04-29 03:57:55.831  1687  1687 I WifiScoreReportInjector: ACTION_PACKAGE_ADDED uid = 10237
04-29 03:57:55.835  1687  1943 E AppScanObserverService: Try to add a invalid package: com.muonline.client | 10237 | 0
04-29 03:57:55.836  1687  1687 I Telecom : DefaultDialerCache: Refreshing default dialer for user 0: now com.google.android.dialer: DDC.oR@AlI
04-29 03:57:55.839  1687  1723 W ActivityManager: Slow operation: 69ms so far, now at startProcess: done updating battery stats
04-29 03:57:55.840  1687  1723 W ActivityManager: Slow operation: 70ms so far, now at startProcess: building log message
04-29 03:57:55.840  1687  1723 I ActivityManager: Start proc 18718:com.miui.global.packageinstaller/u0a116 for service {com.miui.global.packageinstaller/com.miui.global.packageinstaller.service.ScanDispatchService} caller=com.miui.securitycenter
04-29 03:57:55.840  1687  1723 W ActivityManager: Slow operation: 70ms so far, now at startProcess: starting to update pids map
04-29 03:57:55.840  1687  1723 W ActivityManager: Slow operation: 70ms so far, now at startProcess: done updating pids map
04-29 03:57:55.841  1687  1723 W ActivityManager: Slow operation: 66ms so far, now at startProcess: asking zygote to start proc
04-29 03:57:55.841  1687  1723 D CompatibilityChangeReporter: Compat change id reported: 143937733; UID 10101; state: ENABLED
04-29 03:57:55.841  2287  2762 D TelephonyProvider: Using old permission behavior for telephony provider compat
04-29 03:57:55.852  1687  1704 D CompatibilityChangeReporter: Compat change id reported: 135634846; UID 10217; state: DISABLED
04-29 03:57:55.852  1687  1704 D CompatibilityChangeReporter: Compat change id reported: 177438394; UID 10217; state: DISABLED
04-29 03:57:55.852  1687  1704 D CompatibilityChangeReporter: Compat change id reported: 135772972; UID 10217; state: DISABLED
04-29 03:57:55.852  1687  1704 D CompatibilityChangeReporter: Compat change id reported: 135754954; UID 10217; state: ENABLED
04-29 03:57:55.865  3166 18715 I AppBackupStateCleanupIO: Backup state cleanup on uninstall is disabled. [CONTEXT service_id=229 ]
04-29 03:57:55.866  3166 18715 I PackageInstalledIntentO: Test flag v2 is disabled [CONTEXT service_id=469 ]
04-29 03:57:55.869 18718 18718 I ackageinstalle: Using CollectorTypeCC GC.
04-29 03:57:55.877 18152 18242 I Ad      : isPersonalizedAdEnabled getAdSettings: 2
04-29 03:57:55.880  3166 18728 W AppInstallOperation: FDL Migration::InstallIntentOperation by Appinvite Module [CONTEXT service_id=77 ]
04-29 03:57:55.882 18152 18242 W FirebaseRemoteConfig: No value of type 'FirebaseRemoteConfigValue' exists for parameter key 'sim_message_access'.
04-29 03:57:55.884  1687  1746 E VerityUtils: Failed to measure fs-verity, errno 1: /data/app/~~vs6qq-5OGJ1QPJ-OFXs1ZA==/com.muonline.client-TyM83ySzoBNW7_f5uoCHuQ==/base.apk
04-29 03:57:55.885 18718 18718 D ProcessState: Binder ioctl to enable oneway spam detection failed: Invalid argument
04-29 03:57:55.892 18718 18718 I MessageMonitor: Load libmiui_runtime
04-29 03:57:55.896  1687  1951 V ActivityManager: New death recipient com.android.server.am.ActivityManagerService$AppDeathRecipient@4b0fcb4 for thread android.os.BinderProxy@392a0dd
04-29 03:57:55.897  2774 18737 I Fitness : (REDACTED) FitCleanupIntentOperation received Intent %s
04-29 03:57:55.904  3166 18734 I Auth    : (REDACTED) [SupervisedAccountIntentOperation] onHandleIntent: %s
04-29 03:57:55.904   869   869 D Zygote  : Forked child process 18756
04-29 03:57:55.905  3166 18715 I PackageInstalledIntentO: Test flag v2 is disabled [CONTEXT service_id=469 ]
04-29 03:57:55.906  1687  1723 W ActivityManager: Slow operation: 132ms so far, now at startProcess: returned from zygote!
04-29 03:57:55.909  2774 18737 I FontLog : (REDACTED) Package %s has no metadata
04-29 03:57:55.913  1687  1951 D CompatibilityChangeReporter: Compat change id reported: 168419799; UID 10116; state: DISABLED
04-29 03:57:55.917  1687  1838 I MiuiNetworkPolicy: updateUidState uid = 10116, uidState = 4
04-29 03:57:55.920  1687  1723 W ActivityManager: Slow operation: 145ms so far, now at startProcess: done updating battery stats
04-29 03:57:55.921  1687  1723 W ActivityManager: Slow operation: 147ms so far, now at startProcess: building log message
04-29 03:57:55.921  1687  1723 I ActivityManager: Start proc 18756:com.miui.cloudservice/u0a101 for broadcast {com.miui.cloudservice/com.miui.cloudservice.finddevice.FindDeviceGuideNotificationReceiver} caller=com.xiaomi.finddevice
04-29 03:57:55.921  1687  1723 W ActivityManager: Slow operation: 147ms so far, now at startProcess: starting to update pids map
04-29 03:57:55.921  1687  1723 W ActivityManager: Slow operation: 147ms so far, now at startProcess: done updating pids map
04-29 03:57:55.921  1687  1723 W ActivityManager: Slow operation: 129ms so far, now at startProcess: asking zygote to start proc
04-29 03:57:55.922  3166  3166 D BoundBrokerSvc: onBind: Intent { act=com.google.android.gms.common.BIND_SHARED_PREFS pkg=com.google.android.gms }
04-29 03:57:55.922  3166  3166 D BoundBrokerSvc: Loading bound service for intent: Intent { act=com.google.android.gms.common.BIND_SHARED_PREFS pkg=com.google.android.gms }
04-29 03:57:55.925  3525  3551 W MQSService: CallerName:com.miui.global.packageinstaller,calling Uid:10116
04-29 03:57:55.925  3525  3551 D MQSService: registerApplicationScoutThread pid = 18718, packageName = com.miui.global.packageinstaller
04-29 03:57:55.927  3166 18741 I NearbyDiscovery: (REDACTED) processGrantSlicePermission: %s
04-29 03:57:55.933 17880 17880 I Finsky  : [2] Resetting scheduler db
04-29 03:57:55.934  3166  3166 D BoundBrokerSvc: onBind: Intent { act=com.google.android.gms.safetynet.service.START pkg=com.google.android.gms }
04-29 03:57:55.934  3166  3166 D BoundBrokerSvc: Loading bound service for intent: Intent { act=com.google.android.gms.safetynet.service.START pkg=com.google.android.gms }
04-29 03:57:55.940 18718 18718 D CompatibilityChangeReporter: Compat change id reported: 171979766; UID 10116; state: ENABLED
04-29 03:57:55.945 18220 18220 I Finsky:background: [2] ajje - Received: android.intent.action.PACKAGE_ADDED, [n076RJLEETmEZ61FBJHrGFwh-0szukPG_iaeB-mhrwQ]
04-29 03:57:55.945 17880 17880 I Finsky  : [2] AIM: AppInfoCacheUpdater -> invalidating apps: [com.muonline.client]
04-29 03:57:55.946 17880 17880 I Finsky  : [2] AIM: AppInfoManager-Perf > Creating AppInfoManager ...
04-29 03:57:55.951  1687  1823 I InputReader: Reconfiguring input devices, changes=KEYBOARD_LAYOUTS | 
04-29 03:57:55.954  1687  1823 I InputReader: Reconfiguring input devices, changes=KEYBOARD_LAYOUTS | 
04-29 03:57:55.956 18756 18756 I ui.cloudservic: Using CollectorTypeCC GC.
04-29 03:57:55.965 18756 18756 D ProcessState: Binder ioctl to enable oneway spam detection failed: Invalid argument
04-29 03:57:55.968 18756 18756 I MessageMonitor: Load libmiui_runtime
04-29 03:57:55.971  1687  1823 I InputReader: Reconfiguring input devices, changes=KEYBOARD_LAYOUTS | 
04-29 03:57:55.971 18220 18220 I Finsky:background: [2] ajje - Received: android.intent.action.PACKAGE_ADDED, [n076RJLEETmEZ61FBJHrGFwh-0szukPG_iaeB-mhrwQ]
04-29 03:57:55.972 17880 17880 I Finsky  : [2] AIM: AppInfoManager-Perf > getApps > called for 1 apps
04-29 03:57:55.973   869   869 D Zygote  : Forked child process 18780
04-29 03:57:55.974  1687  3254 V ActivityManager: New death recipient com.android.server.am.ActivityManagerService$AppDeathRecipient@e75f31b for thread android.os.BinderProxy@a2cecb8
04-29 03:57:55.975  1687  1723 W ActivityManager: Slow operation: 182ms so far, now at startProcess: returned from zygote!
04-29 03:57:55.978 18220 18354 I Finsky:background: [5892] IQ:PSL: skipping onPackageRemoved(replacing=true) for untracked package=com.muonline.client
04-29 03:57:55.978  3166 18730 W SQLiteLog: (28) double-quoted string literal: "com.muonline.client"
04-29 03:57:55.979  1687  3254 D CompatibilityChangeReporter: Compat change id reported: 168419799; UID 10101; state: DISABLED
04-29 03:57:55.983  1687  1838 I MiuiNetworkPolicy: updateUidState uid = 10101, uidState = 11
04-29 03:57:55.983  1687  1723 W ActivityManager: Slow operation: 191ms so far, now at startProcess: done updating battery stats
04-29 03:57:55.984 18220 18220 I Finsky:background: [2] ajje - Deduping intent android.intent.action.PACKAGE_ADDED
04-29 03:57:55.984  1687  1723 W ActivityManager: Slow operation: 192ms so far, now at startProcess: building log message
04-29 03:57:55.984  1687  1723 I ActivityManager: Start proc 18780:com.android.keychain/1000 for service {com.android.keychain/com.android.keychain.KeyChainService} caller=android
04-29 03:57:55.985  1687  1723 W ActivityManager: Slow operation: 192ms so far, now at startProcess: starting to update pids map
04-29 03:57:55.985  1687  1723 W ActivityManager: Slow operation: 192ms so far, now at startProcess: done updating pids map
04-29 03:57:55.985  1687  1723 W ActivityManager: Slow operation: 134ms so far, now at startProcess: asking zygote to start proc
04-29 03:57:55.985  1687  1723 D CompatibilityChangeReporter: Compat change id reported: 143937733; UID 10217; state: ENABLED
04-29 03:57:55.991  3525  3551 W MQSService: CallerName:com.miui.cloudservice:10101,calling Uid:10101
04-29 03:57:55.992  3525  3551 D MQSService: registerApplicationScoutThread pid = 18756, packageName = com.miui.cloudservice:10101
04-29 03:57:55.992 17880 18028 I Finsky  : [5856] AIM: AppInfoManager-Perf > OnDeviceAppInfo > cacheHitCount=0, cacheMissCount=1. Missed  in cache (limit 10) : [com.muonline.client]
04-29 03:57:55.992 18756 18756 D CompatibilityChangeReporter: Compat change id reported: 171979766; UID 10101; state: ENABLED
04-29 03:57:55.996 17880 18028 I Finsky  : [5856] AIM: Got app ownership map. App counts: . Unique apps: 0
04-29 03:57:55.996 17880 18028 E Finsky  : [5856] [Counters] attempted to use a non-positive increment for: 4752
04-29 03:57:56.001 18718 18718 D nativeloader: Configuring clns-4 for other apk /apex/com.android.extservices/javalib/android.ext.adservices.jar. target_sdk_version=36, uses_libraries=ALL, library_path=/data/app/~~-vRPKLwHGrQ73gBlH2HnSA==/com.miui.global.packageinstaller-e8fDmJa9nL4isvo2I92LkA==/lib/arm64:/data/app/~~-vRPKLwHGrQ73gBlH2HnSA==/com.miui.global.packageinstaller-e8fDmJa9nL4isvo2I92LkA==/base.apk!/lib/arm64-v8a, permitted_path=/data:/mnt/expand:/data/user/0/com.miui.global.packageinstaller
04-29 03:57:56.001 18718 18718 D nativeloader: Extending system_exposed_libraries: libteeservice_client.trustonic.so:libapuwareapusys.mtk.so:libapuwareapusys_v2.mtk.so:libapuwarexrp.mtk.so:libapuwarexrp_v2.mtk.so:libapuwareutils.mtk.so:libapuwareutils_v2.mtk.so:libapuwarehmp.mtk.so:libmcv_runtime_usdk.mtk.so:libneuron_graph_delegate.mtk.so:libneuronusdk_adapter.mtk.so:libtflite_mtk.mtk.so:libarmnn_ndk.mtk.so:libcmdl_ndk.mtk.so:libnir_neon_driver_ndk.mtk.so:libmvpu_runtime.mtk.so:libmvpu_runtime_pub.mtk.so:libmvpu_engine_pub.mtk.so:libmvpu_pattern_pub.mtk.so:libmvpuop_mtk_cv.mtk.so:libmvpuop_mtk_nn.mtk.so:libcamera_algoup_jni.xiaomi.so:libcamera_mianode_jni.xiaomi.so
04-29 03:57:56.003 18718 18718 D nativeloader: InitApexLibraries:
04-29 03:57:56.003 18718 18718 D nativeloader:   com_android_appsearch: libicing.so
04-29 03:57:56.003 18718 18718 D nativeloader:   com_android_art: libartservice.so
04-29 03:57:56.003 18718 18718 D nativeloader:   com_android_conscrypt: libjavacrypto.so
04-29 03:57:56.003 18718 18718 D nativeloader:   com_android_extservices: libtflite_support_classifiers_native.so
04-29 03:57:56.003 18718 18718 D nativeloader:   com_android_mediaprovider: libpdfclient.so
04-29 03:57:56.003 18718 18718 D nativeloader:   com_android_os_statsd: libstats_jni.so
04-29 03:57:56.003 18718 18718 D nativeloader:   com_android_tethering: libandroid_net_connectivity_com_android_net_module_util_jni.so:libandroid_net_connectivity_com_android_net_module_util_jni_CommonConnectivityJni.so:libframework-connectivity-jni.so:libframework-connectivity-tiramisu-jni.so:libmainlinecronet.144.0.7500.8.so:libservice-connectivity.so:libservice-thread-jni.so:stable_cronet_libcrypto.so
04-29 03:57:56.017  3166 24532 I Icing   : IndexChimeraService.getServiceInterface callingPackage=com.google.android.gms componentName=AppsCorpus serviceId=36
04-29 03:57:56.018 18780 18780 I ndroid.keychai: Using CollectorTypeCC GC.
04-29 03:57:56.019   869   869 D Zygote  : Forked child process 18790
04-29 03:57:56.023  1687  1723 W ActivityManager: Slow operation: 172ms so far, now at startProcess: returned from zygote!
04-29 03:57:56.023 18718 18718 I ackageinstalle: Failed to open app image /data/app/~~-vRPKLwHGrQ73gBlH2HnSA==/com.miui.global.packageinstaller-e8fDmJa9nL4isvo2I92LkA==/oat/arm64/base.art Invalid image header in '/data/app/~~-vRPKLwHGrQ73gBlH2HnSA==/com.miui.global.packageinstaller-e8fDmJa9nL4isvo2I92LkA==/oat/arm64/base.art'
04-29 03:57:56.023 18756 18756 D nativeloader: Configuring clns-shared-4 for other apk /system/app/miui/miui.apk. target_sdk_version=31, uses_libraries=ALL, library_path=/system/app/CloudService/lib/arm64:/system/app/CloudService/CloudService.apk!/lib/arm64-v8a:/system/lib64:/system/system_ext/lib64:/system/priv-app/RtMiCloudSDK/RtMiCloudSDK.apk!/lib/arm64-v8a:/system/app/miuisystem/miuisystem.apk!/lib/arm64-v8a:/system/app/miui/miui.apk!/lib/arm64-v8a:/system/app/miuisystem/miuisystem.apk!/lib/arm64-v8a:/system/app/miui/miui.apk!/lib/arm64-v8a, permitted_path=/data:/mnt/expand:/data/user/0/com.miui.cloudservice:/system/app/CloudService:/system/lib64:/system/system_ext/lib64
04-29 03:57:56.024 18756 18756 D nativeloader: Extending system_exposed_libraries: libteeservice_client.trustonic.so:libapuwareapusys.mtk.so:libapuwareapusys_v2.mtk.so:libapuwarexrp.mtk.so:libapuwarexrp_v2.mtk.so:libapuwareutils.mtk.so:libapuwareutils_v2.mtk.so:libapuwarehmp.mtk.so:libmcv_runtime_usdk.mtk.so:libneuron_graph_delegate.mtk.so:libneuronusdk_adapter.mtk.so:libtflite_mtk.mtk.so:libarmnn_ndk.mtk.so:libcmdl_ndk.mtk.so:libnir_neon_driver_ndk.mtk.so:libmvpu_runtime.mtk.so:libmvpu_runtime_pub.mtk.so:libmvpu_engine_pub.mtk.so:libmvpu_pattern_pub.mtk.so:libmvpuop_mtk_cv.mtk.so:libmvpuop_mtk_nn.mtk.so:libcamera_algoup_jni.xiaomi.so:libcamera_mianode_jni.xiaomi.so
04-29 03:57:56.024  1687  1723 W ActivityManager: Slow operation: 172ms so far, now at startProcess: done updating battery stats
04-29 03:57:56.026 18780 18780 D ProcessState: Binder ioctl to enable oneway spam detection failed: Invalid argument
04-29 03:57:56.026 18152 18242 W FirebaseRemoteConfig: No value of type 'FirebaseRemoteConfigValue' exists for parameter key 'c_selfDns'.
04-29 03:57:56.028 18780 18780 I MessageMonitor: Load libmiui_runtime
04-29 03:57:56.031 18756 18756 D nativeloader: Configuring clns-shared-5 for other apk /system/app/miuisystem/miuisystem.apk. target_sdk_version=31, uses_libraries=ALL, library_path=/system/app/CloudService/lib/arm64:/system/app/CloudService/CloudService.apk!/lib/arm64-v8a:/system/lib64:/system/system_ext/lib64:/system/priv-app/RtMiCloudSDK/RtMiCloudSDK.apk!/lib/arm64-v8a:/system/app/miuisystem/miuisystem.apk!/lib/arm64-v8a:/system/app/miui/miui.apk!/lib/arm64-v8a:/system/app/miuisystem/miuisystem.apk!/lib/arm64-v8a:/system/app/miui/miui.apk!/lib/arm64-v8a, permitted_path=/data:/mnt/expand:/data/user/0/com.miui.cloudservice:/system/app/CloudService:/system/lib64:/system/system_ext/lib64
04-29 03:57:56.031 18756 18756 D nativeloader: Extending system_exposed_libraries: libteeservice_client.trustonic.so:libapuwareapusys.mtk.so:libapuwareapusys_v2.mtk.so:libapuwarexrp.mtk.so:libapuwarexrp_v2.mtk.so:libapuwareutils.mtk.so:libapuwareutils_v2.mtk.so:libapuwarehmp.mtk.so:libmcv_runtime_usdk.mtk.so:libneuron_graph_delegate.mtk.so:libneuronusdk_adapter.mtk.so:libtflite_mtk.mtk.so:libarmnn_ndk.mtk.so:libcmdl_ndk.mtk.so:libnir_neon_driver_ndk.mtk.so:libmvpu_runtime.mtk.so:libmvpu_runtime_pub.mtk.so:libmvpu_engine_pub.mtk.so:libmvpu_pattern_pub.mtk.so:libmvpuop_mtk_cv.mtk.so:libmvpuop_mtk_nn.mtk.so:libcamera_algoup_jni.xiaomi.so:libcamera_mianode_jni.xiaomi.so
04-29 03:57:56.033  1687  1723 W ActivityManager: Slow operation: 182ms so far, now at startProcess: building log message
04-29 03:57:56.033  1687  1723 I ActivityManager: Start proc 18790:com.google.android.permissioncontroller/u0a217 for service {com.google.android.permissioncontroller/com.android.permissioncontroller.permission.service.PermissionControllerServiceImpl} caller=android
04-29 03:57:56.033  1687  1723 W ActivityManager: Slow operation: 182ms so far, now at startProcess: starting to update pids map
04-29 03:57:56.034  1687  1723 W ActivityManager: Slow operation: 183ms so far, now at startProcess: done updating pids map
04-29 03:57:56.041 18756 18756 D nativeloader: Configuring clns-shared-6 for other apk /system/priv-app/RtMiCloudSDK/RtMiCloudSDK.apk. target_sdk_version=31, uses_libraries=ALL, library_path=/system/app/CloudService/lib/arm64:/system/app/CloudService/CloudService.apk!/lib/arm64-v8a:/system/lib64:/system/system_ext/lib64:/system/priv-app/RtMiCloudSDK/RtMiCloudSDK.apk!/lib/arm64-v8a:/system/app/miuisystem/miuisystem.apk!/lib/arm64-v8a:/system/app/miui/miui.apk!/lib/arm64-v8a:/system/app/miuisystem/miuisystem.apk!/lib/arm64-v8a:/system/app/miui/miui.apk!/lib/arm64-v8a, permitted_path=/data:/mnt/expand:/data/user/0/com.miui.cloudservice:/system/app/CloudService:/system/lib64:/system/system_ext/lib64
04-29 03:57:56.041 18756 18756 D nativeloader: Extending system_exposed_libraries: libteeservice_client.trustonic.so:libapuwareapusys.mtk.so:libapuwareapusys_v2.mtk.so:libapuwarexrp.mtk.so:libapuwarexrp_v2.mtk.so:libapuwareutils.mtk.so:libapuwareutils_v2.mtk.so:libapuwarehmp.mtk.so:libmcv_runtime_usdk.mtk.so:libneuron_graph_delegate.mtk.so:libneuronusdk_adapter.mtk.so:libtflite_mtk.mtk.so:libarmnn_ndk.mtk.so:libcmdl_ndk.mtk.so:libnir_neon_driver_ndk.mtk.so:libmvpu_runtime.mtk.so:libmvpu_runtime_pub.mtk.so:libmvpu_engine_pub.mtk.so:libmvpu_pattern_pub.mtk.so:libmvpuop_mtk_cv.mtk.so:libmvpuop_mtk_nn.mtk.so:libcamera_algoup_jni.xiaomi.so:libcamera_mianode_jni.xiaomi.so
04-29 03:57:56.041  1687  1868 V ActivityManager: New death recipient com.android.server.am.ActivityManagerService$AppDeathRecipient@d485d77 for thread android.os.BinderProxy@5543de4
04-29 03:57:56.048 17880 17880 I Finsky  : [2] ajjp - Received: android.intent.action.PACKAGE_ADDED, [n076RJLEETmEZ61FBJHrGFwh-0szukPG_iaeB-mhrwQ]
04-29 03:57:56.051  3525  3551 W MQSService: CallerName:android.uid.system:1000,calling Uid:1000
04-29 03:57:56.051  3525  3551 D MQSService: registerApplicationScoutThread pid = 18780, packageName = android.uid.system:1000
04-29 03:57:56.052 18780 18780 D CompatibilityChangeReporter: Compat change id reported: 171979766; UID 1000; state: ENABLED
04-29 03:57:56.053 17880 18028 E Finsky  : [5856] [Counters] attempted to use a non-positive increment for: 4753
04-29 03:57:56.054 17880 18024 I Finsky  : [5855] SCH: Scheduling phonesky job Id: 1-1337, CT: 1777377945925, Constraints: [{ L: 42191451, D: 85391451, C: CHARGING_NONE, I: IDLE_NONE, N: NET_ANY, B: BATTERY_ANY }]
04-29 03:57:56.054 17880 18024 I Finsky  : [5855] SCH: Scheduling phonesky job Id: 26-1414141414, CT: 1777402543085, Constraints: [{ L: 43200000, D: 44100000, C: CHARGING_NONE, I: IDLE_NONE, N: NET_NONE, B: BATTERY_ANY }]
04-29 03:57:56.057 17880 18024 I Finsky  : [5855] SCH: Scheduling phonesky job Id: 34-827, CT: 1777335529983, Constraints: [{ L: 604800000, D: 2477870710, C: CHARGING_NONE, I: IDLE_NONE, N: NET_ANY, B: BATTERY_ANY }]
04-29 03:57:56.058 17880 18024 I Finsky  : [5855] SCH: Scheduling phonesky job Id: 34-831, CT: 1777335529983, Constraints: [{ L: 604800000, D: 2557740316, C: CHARGING_NONE, I: IDLE_NONE, N: NET_ANY, B: BATTERY_ANY }]
04-29 03:57:56.058 17880 18024 I Finsky  : [5855] SCH: Scheduling phonesky job Id: 34-832, CT: 1777389162263, Constraints: [{ L: 7469782, D: 1303469782, C: CHARGING_REQUIRED, I: IDLE_REQUIRED, N: NET_UNMETERED, B: BATTERY_ANY }, { L: 7469782, D: 1303469782, C: CHARGING_NONE, I: IDLE_REQUIRED, N: NET_UNMETERED, B: BATTERY_NOT_LOW }]
04-29 03:57:56.059 17880 18024 I Finsky  : [5855] SCH: Scheduling phonesky job Id: 34-833, CT: 1777335529982, Constraints: [{ L: 104760122, D: 1400760122, C: CHARGING_NONE, I: IDLE_NONE, N: NET_UNMETERED, B: BATTERY_NOT_LOW }]
04-29 03:57:56.059 17880 18024 I Finsky  : [5855] SCH: Scheduling phonesky job Id: 34-834, CT: 1777381040756, Constraints: [{ L: 79199484, D: 1375199484, C: CHARGING_NONE, I: IDLE_NONE, N: NET_ANY, B: BATTERY_ANY }]
04-29 03:57:56.060 17880 18024 I Finsky  : [5855] SCH: Scheduling phonesky job Id: 34-835, CT: 1777381041861, Constraints: [{ L: 604800000, D: 2591998923, C: CHARGING_NONE, I: IDLE_NONE, N: NET_ANY, B: BATTERY_ANY }]
04-29 03:57:56.062  1687  1704 W Looper  : Slow delivery took 202ms android.fg h=android.os.Handler c=<recycled PooledLambda@bc4136e> m=0
04-29 03:57:56.092 18152 18242 I MMKV    : <MemoryFile.cpp:97::open> open fd[0xa1], /data/user/0/com.xiaomi.mipicks/files/mmkv/connect_fail_ipv6
04-29 03:57:56.093 18152 18242 I MMKV    : <MemoryFile.cpp:97::open> open fd[0xa2], /data/user/0/com.xiaomi.mipicks/files/mmkv/connect_fail_ipv6.crc
04-29 03:57:56.096 18790 18790 I ssioncontrolle: Using CollectorTypeCC GC.
04-29 03:57:56.102 17880 17880 I Finsky  : [2] AIM: AppInfoCacheUpdater -> invalidating apps: [com.muonline.client]
04-29 03:57:56.102 17880 17880 I Finsky  : [2] AIM: AppInfoManager-Perf > getApps > called for 1 apps
04-29 03:57:56.104 17880 18024 I Finsky  : [5855] AIM: AppInfoManager-Perf > OnDeviceAppInfo > cacheHitCount=0, cacheMissCount=1. Missed  in cache (limit 10) : [com.muonline.client]
04-29 03:57:56.105 18718 18718 D nativeloader: Configuring clns-5 for other apk /data/app/~~-vRPKLwHGrQ73gBlH2HnSA==/com.miui.global.packageinstaller-e8fDmJa9nL4isvo2I92LkA==/base.apk. target_sdk_version=36, uses_libraries=, library_path=/data/app/~~-vRPKLwHGrQ73gBlH2HnSA==/com.miui.global.packageinstaller-e8fDmJa9nL4isvo2I92LkA==/lib/arm64:/data/app/~~-vRPKLwHGrQ73gBlH2HnSA==/com.miui.global.packageinstaller-e8fDmJa9nL4isvo2I92LkA==/base.apk!/lib/arm64-v8a, permitted_path=/data:/mnt/expand:/data/user/0/com.miui.global.packageinstaller
04-29 03:57:56.105  3166  3166 D BoundBrokerSvc: onBind: Intent { act=com.google.android.gms.feedback.internal.IFeedbackService dat=chimera-action: cmp=com.google.android.gms/.chimera.GmsBoundBrokerService }
04-29 03:57:56.106  3166  3166 D BoundBrokerSvc: Loading bound service for intent: Intent { act=com.google.android.gms.feedback.internal.IFeedbackService dat=chimera-action: cmp=com.google.android.gms/.chimera.GmsBoundBrokerService }
04-29 03:57:56.109 18790 18790 D ProcessState: Binder ioctl to enable oneway spam detection failed: Invalid argument
04-29 03:57:56.112 17880 17880 I Finsky  : [2] DTU: Received onPackageAdded, replacing: true
04-29 03:57:56.113 17880 18024 I Finsky  : [5855] AIM: Got app ownership map. App counts: . Unique apps: 0
04-29 03:57:56.113 17880 18024 E Finsky  : [5855] [Counters] attempted to use a non-positive increment for: 4752
04-29 03:57:56.113 18790 18790 I MessageMonitor: Load libmiui_runtime
04-29 03:57:56.115 17880 17880 I Finsky  : [2] ajjp - Received: android.intent.action.PACKAGE_ADDED, [n076RJLEETmEZ61FBJHrGFwh-0szukPG_iaeB-mhrwQ]
04-29 03:57:56.116  1687  3387 V ActivityManager: New death recipient com.android.server.am.ActivityManagerService$AppDeathRecipient@a8cb5d for thread android.os.BinderProxy@cc31cd2
04-29 03:57:56.118 17880 18034 W PackageManager: Failure retrieving resources for com.muonline.client: Drawable com.muonline.client:mipmap/ic_launcher with resource ID #0x7f0c0005
04-29 03:57:56.122  1687  3387 D CompatibilityChangeReporter: Compat change id reported: 168419799; UID 10217; state: DISABLED
04-29 03:57:56.123 17880 17880 I Finsky  : [2] ajjp - Deduping intent android.intent.action.PACKAGE_ADDED
04-29 03:57:56.123 17880 18034 W PackageManager: Failure retrieving resources for com.muonline.client: Drawable com.muonline.client:mipmap/ic_launcher with resource ID #0x7f0c0005
04-29 03:57:56.125  1687  1838 I MiuiNetworkPolicy: updateUidState uid = 10217, uidState = 6
04-29 03:57:56.125 17880 18034 W PackageManager: Failure retrieving resources for com.muonline.client: Drawable com.muonline.client:mipmap/ic_launcher with resource ID #0x7f0c0005
04-29 03:57:56.131 18790 18790 D CompatibilityChangeReporter: Compat change id reported: 171979766; UID 10217; state: ENABLED
04-29 03:57:56.131  3525  3551 W MQSService: CallerName:com.google.android.permissioncontroller,calling Uid:10217
04-29 03:57:56.132  3525  3551 D MQSService: registerApplicationScoutThread pid = 18790, packageName = com.google.android.permissioncontroller
04-29 03:57:56.150 18152 18242 I MMKV    : <MMKV_IO.cpp:81::loadFromFile> loading [connect_fail_ipv6] with 0 actual size, file size 4096, InterProcess 1, meta info version:1
04-29 03:57:56.151 18152 18242 I MMKV    : <MMKV_IO.cpp:130::loadFromFile> loaded [connect_fail_ipv6] with 0 key-values
04-29 03:57:56.151 18756 18756 D nativeloader: Configuring clns-shared-7 for other apk /system/framework/org.apache.http.legacy.jar. target_sdk_version=31, uses_libraries=ALL, library_path=/system/app/CloudService/lib/arm64:/system/app/CloudService/CloudService.apk!/lib/arm64-v8a:/system/lib64:/system/system_ext/lib64:/system/priv-app/RtMiCloudSDK/RtMiCloudSDK.apk!/lib/arm64-v8a:/system/app/miuisystem/miuisystem.apk!/lib/arm64-v8a:/system/app/miui/miui.apk!/lib/arm64-v8a:/system/app/miuisystem/miuisystem.apk!/lib/arm64-v8a:/system/app/miui/miui.apk!/lib/arm64-v8a, permitted_path=/data:/mnt/expand:/data/user/0/com.miui.cloudservice:/system/app/CloudService:/system/lib64:/system/system_ext/lib64
04-29 03:57:56.151 18756 18756 D nativeloader: Extending system_exposed_libraries: libteeservice_client.trustonic.so:libapuwareapusys.mtk.so:libapuwareapusys_v2.mtk.so:libapuwarexrp.mtk.so:libapuwarexrp_v2.mtk.so:libapuwareutils.mtk.so:libapuwareutils_v2.mtk.so:libapuwarehmp.mtk.so:libmcv_runtime_usdk.mtk.so:libneuron_graph_delegate.mtk.so:libneuronusdk_adapter.mtk.so:libtflite_mtk.mtk.so:libarmnn_ndk.mtk.so:libcmdl_ndk.mtk.so:libnir_neon_driver_ndk.mtk.so:libmvpu_runtime.mtk.so:libmvpu_runtime_pub.mtk.so:libmvpu_engine_pub.mtk.so:libmvpu_pattern_pub.mtk.so:libmvpuop_mtk_cv.mtk.so:libmvpuop_mtk_nn.mtk.so:libcamera_algoup_jni.xiaomi.so:libcamera_mianode_jni.xiaomi.so
04-29 03:57:56.152 18152 18242 I MMKV    : <MemoryFile.cpp:97::open> open fd[0xa3], /data/user/0/com.xiaomi.mipicks/files/mmkv/host
04-29 03:57:56.152 18152 18242 I MMKV    : <MemoryFile.cpp:97::open> open fd[0xa4], /data/user/0/com.xiaomi.mipicks/files/mmkv/host.crc
04-29 03:57:56.159 18152 18242 I MMKV    : <MMKV_IO.cpp:81::loadFromFile> loading [host] with 69 actual size, file size 4096, InterProcess 1, meta info version:3
04-29 03:57:56.159 18152 18242 I MMKV    : <MMKV_IO.cpp:86::loadFromFile> loading [host] with crc 3239492603 sequence 11 version 3
04-29 03:57:56.159 18152 18242 I MMKV    : <MMKV_IO.cpp:130::loadFromFile> loaded [host] with 0 key-values
04-29 03:57:56.164 17880 18028 E Finsky  : [5856] [Counters] attempted to use a non-positive increment for: 4753
04-29 03:57:56.169   868  1534 E netd    : FwmarkServer connect uid=10144addr=::ffff:47.236.201.189,port443
04-29 03:57:56.175 18790 18790 D nativeloader: Configuring clns-shared-4 for other apk /system/framework/org.apache.http.legacy.jar. target_sdk_version=36, uses_libraries=ALL, library_path=/apex/com.android.permission/priv-app/GooglePermissionController@361524160/lib/arm64:/system/lib64:/system/system_ext/lib64, permitted_path=/data:/mnt/expand:/data/user_de/0/com.google.android.permissioncontroller:/apex/com.android.permission/priv-app/GooglePermissionController@361524160:/system/lib64:/system/system_ext/lib64
04-29 03:57:56.175 18790 18790 D nativeloader: Extending system_exposed_libraries: libteeservice_client.trustonic.so:libapuwareapusys.mtk.so:libapuwareapusys_v2.mtk.so:libapuwarexrp.mtk.so:libapuwarexrp_v2.mtk.so:libapuwareutils.mtk.so:libapuwareutils_v2.mtk.so:libapuwarehmp.mtk.so:libmcv_runtime_usdk.mtk.so:libneuron_graph_delegate.mtk.so:libneuronusdk_adapter.mtk.so:libtflite_mtk.mtk.so:libarmnn_ndk.mtk.so:libcmdl_ndk.mtk.so:libnir_neon_driver_ndk.mtk.so:libmvpu_runtime.mtk.so:libmvpu_runtime_pub.mtk.so:libmvpu_engine_pub.mtk.so:libmvpu_pattern_pub.mtk.so:libmvpuop_mtk_cv.mtk.so:libmvpuop_mtk_nn.mtk.so:libcamera_algoup_jni.xiaomi.so:libcamera_mianode_jni.xiaomi.so
04-29 03:57:56.191 17880 18030 W PackageManager: Failure retrieving resources for com.muonline.client: Drawable com.muonline.client:mipmap/ic_launcher with resource ID #0x7f0c0005
04-29 03:57:56.191 18780 18780 D nativeloader: Configuring clns-shared-4 for other apk /system/app/KeyChain/KeyChain.apk. target_sdk_version=31, uses_libraries=, library_path=/system/app/KeyChain/lib/arm64:/system/app/KeyChain/KeyChain.apk!/lib/arm64-v8a:/system/lib64:/system/system_ext/lib64, permitted_path=/data:/mnt/expand:/data/user/0/com.android.keychain:/system/app/KeyChain:/system/lib64:/system/system_ext/lib64
04-29 03:57:56.193 17880 18028 I Finsky  : [5856] AIM: AppInfoManager-Perf > OnDeviceAppInfo > cacheHitCount=1, cacheMissCount=0. Missed  in cache (limit 10) : []
04-29 03:57:56.194 17880 18028 I Finsky  : [5856] AIM: Got app ownership map. App counts: . Unique apps: 0
04-29 03:57:56.194 17880 18028 E Finsky  : [5856] [Counters] attempted to use a non-positive increment for: 4752
04-29 03:57:56.194 17880 18028 E Finsky  : [5856] [Counters] attempted to use a non-positive increment for: 4753
04-29 03:57:56.195 18756 18756 D nativeloader: Configuring clns-shared-8 for other apk /system/app/CloudService/CloudService.apk. target_sdk_version=31, uses_libraries=, library_path=/system/app/CloudService/lib/arm64:/system/app/CloudService/CloudService.apk!/lib/arm64-v8a:/system/lib64:/system/system_ext/lib64:/system/priv-app/RtMiCloudSDK/RtMiCloudSDK.apk!/lib/arm64-v8a:/system/app/miuisystem/miuisystem.apk!/lib/arm64-v8a:/system/app/miui/miui.apk!/lib/arm64-v8a:/system/app/miuisystem/miuisystem.apk!/lib/arm64-v8a:/system/app/miui/miui.apk!/lib/arm64-v8a, permitted_path=/data:/mnt/expand:/data/user/0/com.miui.cloudservice:/system/app/CloudService:/system/lib64:/system/system_ext/lib64
04-29 03:57:56.199 18756 18756 E LoadedApk: Unable to instantiate appComponentFactory
04-29 03:57:56.199 18756 18756 E LoadedApk: java.lang.ClassNotFoundException: Didn't find class "androidx.core.app.CoreComponentFactory" on path: DexPathList[[zip file "/system/app/CloudService/CloudService.apk"],nativeLibraryDirectories=[/system/app/CloudService/lib/arm64, /system/app/CloudService/CloudService.apk!/lib/arm64-v8a, /system/lib64, /system/system_ext/lib64, /system/priv-app/RtMiCloudSDK/RtMiCloudSDK.apk!/lib/arm64-v8a, /system/app/miuisystem/miuisystem.apk!/lib/arm64-v8a, /system/app/miui/miui.apk!/lib/arm64-v8a, /system/app/miuisystem/miuisystem.apk!/lib/arm64-v8a, /system/app/miui/miui.apk!/lib/arm64-v8a, /system/lib64, /system/system_ext/lib64]]
04-29 03:57:56.199 18756 18756 E LoadedApk: 	at dalvik.system.BaseDexClassLoader.findClass(BaseDexClassLoader.java:259)
04-29 03:57:56.199 18756 18756 E LoadedApk: 	at java.lang.ClassLoader.loadClass(ClassLoader.java:642)
04-29 03:57:56.199 18756 18756 E LoadedApk: 	at java.lang.ClassLoader.loadClass(ClassLoader.java:578)
04-29 03:57:56.199 18756 18756 E LoadedApk: 	at android.app.LoadedApk.createAppFactory(LoadedApk.java:272)
04-29 03:57:56.199 18756 18756 E LoadedApk: 	at android.app.LoadedApk.createOrUpdateClassLoaderLocked(LoadedApk.java:989)
04-29 03:57:56.199 18756 18756 E LoadedApk: 	at android.app.LoadedApk.getClassLoader(LoadedApk.java:1076)
04-29 03:57:56.199 18756 18756 E LoadedApk: 	at android.app.LoadedApk.getResources(LoadedApk.java:1324)
04-29 03:57:56.199 18756 18756 E LoadedApk: 	at android.app.ContextImpl.createAppContext(ContextImpl.java:3025)
04-29 03:57:56.199 18756 18756 E LoadedApk: 	at android.app.ContextImpl.createAppContext(ContextImpl.java:3017)
04-29 03:57:56.199 18756 18756 E LoadedApk: 	at android.app.ActivityThread.handleBindApplication(ActivityThread.java:6980)
04-29 03:57:56.199 18756 18756 E LoadedApk: 	at android.app.ActivityThread.access$1700(ActivityThread.java:275)
04-29 03:57:56.199 18756 18756 E LoadedApk: 	at android.app.ActivityThread$H.handleMessage(ActivityThread.java:2168)
04-29 03:57:56.199 18756 18756 E LoadedApk: 	at android.os.Handler.dispatchMessage(Handler.java:106)
04-29 03:57:56.199 18756 18756 E LoadedApk: 	at android.os.Looper.loopOnce(Looper.java:210)
04-29 03:57:56.199 18756 18756 E LoadedApk: 	at android.os.Looper.loop(Looper.java:299)
04-29 03:57:56.199 18756 18756 E LoadedApk: 	at android.app.ActivityThread.main(ActivityThread.java:8280)
04-29 03:57:56.199 18756 18756 E LoadedApk: 	at java.lang.reflect.Method.invoke(Native Method)
04-29 03:57:56.199 18756 18756 E LoadedApk: 	at com.android.internal.os.RuntimeInit$MethodAndArgsCaller.run(RuntimeInit.java:576)
04-29 03:57:56.199 18756 18756 E LoadedApk: 	at com.android.internal.os.ZygoteInit.main(ZygoteInit.java:1073)
04-29 03:57:56.201 17880 18030 W PackageManager: Failure retrieving resources for com.muonline.client: Drawable com.muonline.client:mipmap/ic_launcher with resource ID #0x7f0c0005
04-29 03:57:56.203 17880 18030 W PackageManager: Failure retrieving resources for com.muonline.client: Drawable com.muonline.client:mipmap/ic_launcher with resource ID #0x7f0c0005
04-29 03:57:56.206  3166 24532 I Icing   : IndexChimeraService.getServiceInterface callingPackage=com.google.android.gms componentName=null serviceId=30
04-29 03:57:56.211 17880 18024 W PackageManager: Failure retrieving resources for com.muonline.client: Drawable com.muonline.client:mipmap/ic_launcher with resource ID #0x7f0c0005
04-29 03:57:56.230  1687  1746 E VerityUtils: Failed to measure fs-verity, errno 1: /data/app/~~vs6qq-5OGJ1QPJ-OFXs1ZA==/com.muonline.client-TyM83ySzoBNW7_f5uoCHuQ==/base.apk
04-29 03:57:56.238 18220 18752 I Finsky:background: [5924] Wrote row to frosting DB: 8066
04-29 03:57:56.239 18790 18790 I ssioncontrolle: Failed to open app image /data/dalvik-cache/arm64/apex@com.android.permission@priv-app@GooglePermissionController@361524160@GooglePermissionController.apk@classes.art Invalid image header in '/data/dalvik-cache/arm64/apex@com.android.permission@priv-app@GooglePermissionController@361524160@GooglePermissionController.apk@classes.art'
04-29 03:57:56.239 17880 18024 W PackageManager: Failure retrieving resources for com.muonline.client: Drawable com.muonline.client:mipmap/ic_launcher with resource ID #0x7f0c0005
04-29 03:57:56.242 18790 18790 D nativeloader: Configuring clns-shared-5 for other apk /apex/com.android.permission/priv-app/GooglePermissionController@361524160/GooglePermissionController.apk. target_sdk_version=36, uses_libraries=, library_path=/apex/com.android.permission/priv-app/GooglePermissionController@361524160/lib/arm64:/system/lib64:/system/system_ext/lib64, permitted_path=/data:/mnt/expand:/data/user_de/0/com.google.android.permissioncontroller:/apex/com.android.permission/priv-app/GooglePermissionController@361524160:/system/lib64:/system/system_ext/lib64
04-29 03:57:56.243 18790 18790 D nativeloader: InitApexLibraries:
04-29 03:57:56.243 18790 18790 D nativeloader:   com_android_appsearch: libicing.so
04-29 03:57:56.243 18790 18790 D nativeloader:   com_android_art: libartservice.so
04-29 03:57:56.243 18790 18790 D nativeloader:   com_android_conscrypt: libjavacrypto.so
04-29 03:57:56.243 18790 18790 D nativeloader:   com_android_extservices: libtflite_support_classifiers_native.so
04-29 03:57:56.243 18790 18790 D nativeloader:   com_android_mediaprovider: libpdfclient.so
04-29 03:57:56.243 18790 18790 D nativeloader:   com_android_os_statsd: libstats_jni.so
04-29 03:57:56.243 18790 18790 D nativeloader:   com_android_tethering: libandroid_net_connectivity_com_android_net_module_util_jni.so:libandroid_net_connectivity_com_android_net_module_util_jni_CommonConnectivityJni.so:libframework-connectivity-jni.so:libframework-connectivity-tiramisu-jni.so:libmainlinecronet.144.0.7500.8.so:libservice-connectivity.so:libservice-thread-jni.so:stable_cronet_libcrypto.so
04-29 03:57:56.248 17880 18024 W PackageManager: Failure retrieving resources for com.muonline.client: Drawable com.muonline.client:mipmap/ic_launcher with resource ID #0x7f0c0005
04-29 03:57:56.252 17880 18024 I Finsky  : [5855] SCH: Scheduling 0 system job(s)
04-29 03:57:56.255   868  1534 E netd    : FwmarkServer connect uid=10144addr=::ffff:8.8.4.4,port443
04-29 03:57:56.257  1687  1697 I system_server: Background concurrent copying GC freed 17MB AllocSpace bytes, 109(7864KB) LOS objects, 32% free, 50MB/74MB, paused 373us,221us total 520.771ms
04-29 03:57:56.257 18718 18718 V GraphicsEnvironment: ANGLE Developer option for 'com.miui.global.packageinstaller' set to: 'default'
04-29 03:57:56.258 18718 18718 V GraphicsEnvironment: Neither updatable production driver nor prerelease driver is supported.
04-29 03:57:56.261 18718 18718 I ForceDarkHelperStubImpl: initialize for com.miui.global.packageinstaller , ForceDarkOrigin
04-29 03:57:56.262  1687  1699 W System  : A resource failed to call close. 
04-29 03:57:56.263 18718 18718 D nativeloader: Load libforcedarkimpl.so using system ns (caller=/system/framework/miui-framework.jar): ok
04-29 03:57:56.263 18718 18718 D OpenGLRenderer: JNI_OnLoad success
04-29 03:57:56.263 18718 18718 I MiuiForceDarkConfig: setConfig density:2.750000, mainRule:0, secondaryRule:0, tertiaryRule:0
04-29 03:57:56.265 18718 18718 D NetworkSecurityConfig: Using Network Security Config from resource network_security_config debugBuild: false
04-29 03:57:56.268  1687  1699 W System  : A resource failed to call close. 
04-29 03:57:56.270  1687  1699 W System  : A resource failed to call close. 
04-29 03:57:56.277  1687  1699 W System  : A resource failed to call close. 
04-29 03:57:56.280 18780 18780 V GraphicsEnvironment: ANGLE Developer option for 'com.android.keychain' set to: 'default'
04-29 03:57:56.280 18780 18780 V GraphicsEnvironment: Neither updatable production driver nor prerelease driver is supported.
04-29 03:57:56.284 18718 18718 D NetworkSecurityConfig: Using Network Security Config from resource network_security_config debugBuild: false
04-29 03:57:56.285  3166 16477 I Icing   : Usage reports ok 3, Failed Usage reports 0, indexed 0, rejected 0
04-29 03:57:56.285 18780 18780 I ForceDarkHelperStubImpl: initialize for com.android.keychain , ForceDarkOrigin
04-29 03:57:56.289 18780 18780 D nativeloader: Load libforcedarkimpl.so using system ns (caller=/system/framework/miui-framework.jar): ok
04-29 03:57:56.290 18780 18780 D OpenGLRenderer: JNI_OnLoad success
04-29 03:57:56.290 18780 18780 I MiuiForceDarkConfig: setConfig density:2.750000, mainRule:0, secondaryRule:0, tertiaryRule:0
04-29 03:57:56.293 18780 18780 D NetworkSecurityConfig: No Network Security Config specified, using platform default
04-29 03:57:56.293 18780 18780 D NetworkSecurityConfig: No Network Security Config specified, using platform default
04-29 03:57:56.311 18220 18752 I Finsky:background: [5924] Wrote row to frosting DB: 8067
04-29 03:57:56.319 17880 18024 I Finsky  : [5855] AIM: AppInfoManager-Perf > ItemModel > CacheSize=50, cacheHitCount=0, cacheMissCount=0, total appsWithNoServerDataCount=0. Missed  in cache (limit 10) : []
04-29 03:57:56.340 18718 18718 D WM-WrkMgrInitializer: Initializing WorkManager with default configuration.
04-29 03:57:56.341 18756 18756 V GraphicsEnvironment: ANGLE Developer option for 'com.miui.cloudservice' set to: 'default'
04-29 03:57:56.341 18756 18756 V GraphicsEnvironment: Neither updatable production driver nor prerelease driver is supported.
04-29 03:57:56.344  1687  1810 D PackageManager: set app  component=com.miui.global.packageinstaller/androidx.work.impl.background.systemjob.SystemJobService enabled state: 1 from null,uid=10116,pid=18718
04-29 03:57:56.345 18756 18756 I ForceDarkHelperStubImpl: initialize for com.miui.cloudservice , ForceDarkOrigin
04-29 03:57:56.348 18756 18756 D nativeloader: Load libforcedarkimpl.so using system ns (caller=/system/framework/miui-framework.jar): ok
04-29 03:57:56.348 18756 18756 D OpenGLRenderer: JNI_OnLoad success
04-29 03:57:56.348 18756 18756 I MiuiForceDarkConfig: setConfig density:2.750000, mainRule:0, secondaryRule:0, tertiaryRule:0
04-29 03:57:56.351 18756 18756 D NetworkSecurityConfig: Using Network Security Config from resource network_security_config debugBuild: false
04-29 03:57:56.362 18756 18756 D NetworkSecurityConfig: Using Network Security Config from resource network_security_config debugBuild: false
04-29 03:57:56.365 18718 18718 D AutoDensity: autodensity debugEnable = 
04-29 03:57:56.370 18718 18718 D AutoDensity: 	getAccessibilityDpi Exception: android.provider.Settings$SettingNotFoundException: display_density_forced
04-29 03:57:56.372 18718 18718 D GlobalAdLoader: applicationInit
04-29 03:57:56.374 18718 18718 D GlobalAdLoader: default config is not null:{
04-29 03:57:56.374 18718 18718 D GlobalAdLoader:   "poslist": [
04-29 03:57:56.374 18718 18718 D GlobalAdLoader:     {
04-29 03:57:56.374 18718 18718 D GlobalAdLoader:       "adtype": 1,
04-29 03:57:56.374 18718 18718 D GlobalAdLoader:       "placeid": "1.312.1.1",
04-29 03:57:56.374 18718 18718 D GlobalAdLoader:       "info": [
04-29 03:57:56.374 18718 18718 D GlobalAdLoader:         {
04-29 03:57:56.374 18718 18718 D GlobalAdLoader:           "name": "mi_h",
04-29 03:57:56.374 18718 18718 D GlobalAdLoader:           "parameter": "1.312.1.100",
04-29 03:57:56.374 18718 18718 D GlobalAdLoader:           "weight": 1
04-29 03:57:56.374 18718 18718 D GlobalAdLoader:         },
04-29 03:57:56.374 18718 18718 D GlobalAdLoader:         {
04-29 03:57:56.374 18718 18718 D GlobalAdLoader:           "name": "mi",
04-29 03:57:56.374 18718 18718 D GlobalAdLoader:           "parameter": "1.312.1.1",
