04-29 03:58:08.406 19252 19252 D WM-WorkerWrapper: Starting work for com.google.apps.tiktok.contrib.work.TikTokListenableWorker
04-29 03:58:08.408 19252 19355 D WM-PackageManagerHelper: Skipping component enablement for androidx.work.impl.background.systemalarm.RescheduleReceiver
04-29 03:58:08.413 19252 19252 I DefaultProcessValidator: Validating WorkManager process
04-29 03:58:08.415 19252 19349 I DefaultProcessValidator: Processes: NONE, true, com.google.android.apps.messaging, com.google.android.apps.messaging
04-29 03:58:08.435 19252 19252 I BugleRestore: Returning restoreAnytimeCompatibleRestoreWorkflowSteps [CONTEXT ratelimit_period="10 SECONDS" ]
04-29 03:58:08.439  1687  1741 I AutomaticBrightnessControllerImpl: drop the lightsensor event! lux=0.0
04-29 03:58:08.439  1687  1741 I AutomaticBrightnessControllerImpl: drop the lightsensor event! lux=0.0
04-29 03:58:08.443 19252 19252 I SyncManagerImpl: #sync(). Running Synclets and scheduling next sync.
04-29 03:58:08.445 19252 19252 D WM-WorkerWrapper: Starting work for com.google.android.apps.messaging.shared.datamodel.workqueue.WorkQueueWorkerShim
04-29 03:58:08.446  1687  1822 D MIUIInput: [MotionEvent] publisher action=0x0, 13243873, channel '7bde8a1 NotificationShade (server)'
04-29 03:58:08.451 19252 19362 I WM-WorkerWrapper: Worker result SUCCESS for Work [ id=cb4d961a-d1c1-4fc2-88e4-90034f687056, tags={ com.google.android.apps.messaging.shared.datamodel.workqueue.WorkQueueWorkerShim,data_upgrade- } ]
04-29 03:58:08.457 19252 19252 D WM-Processor: sso cb4d961a-d1c1-4fc2-88e4-90034f687056 executed; reschedule = false
04-29 03:58:08.460 19252 19355 D WM-GreedyScheduler: Cancelling work ID cb4d961a-d1c1-4fc2-88e4-90034f687056
04-29 03:58:08.461   910   910 I Vibrator: Vibrator on for timeoutMs: 20
04-29 03:58:08.461   910   910 D Vibrator: Vibrator using LED trigger
04-29 03:58:08.463 19252 19355 D WM-GreedyScheduler: Ignoring {WorkSpec: 1902eabe-a972-4ec0-ad86-b9827c7d6513}. Requires ContentUri triggers.
04-29 03:58:08.463 19252 19355 D WM-GreedyScheduler: Ignoring {WorkSpec: a1312996-a178-490b-8cd6-cd2de129e605}. Requires device idle.
04-29 03:58:08.463 19252 19355 D WM-GreedyScheduler: Ignoring {WorkSpec: d01c8924-1d66-4578-bad3-e1a2c3acb3f8}. Requires device idle.
04-29 03:58:08.463 19252 19355 D WM-GreedyScheduler: Ignoring {WorkSpec: 64fdef5e-43ed-4481-9dd0-931dd6dfd51c}. Requires device idle.
04-29 03:58:08.463 19252 19355 D WM-GreedyScheduler: Ignoring {WorkSpec: 662fb048-9e7f-49ac-b22f-a0354d63edde}. Requires ContentUri triggers.
04-29 03:58:08.465 19252 19311 I SyncManagerImpl: Running synclets: [TemplateFetcherSynclet]
04-29 03:58:08.469 19252 19387 I SyncManagerImpl: Starting synclet: TemplateFetcherSynclet
04-29 03:58:08.474 19252 19311 I SyncManagerImpl: #sync() complete
04-29 03:58:08.475 19252 19311 I SyncManagerImpl: Completed sync. Scheduling next wakeup
04-29 03:58:08.476 19252 19362 I WM-WorkerWrapper: Worker result SUCCESS for Work [ id=3416b32f-3d4e-408d-a540-49b36c00e9a1, tags={ com.google.apps.tiktok.contrib.work.TikTokListenableWorker,com.google.apps.tiktok.sync.impl.workmanager.SyncPeriodicWorker,sync_constraint:none,TikTokWorker#com.google.apps.tiktok.sync.impl.workmanager.SyncPeriodicWorker } ]
04-29 03:58:08.476 19252 19311 I SyncWorkManagerPeriodic: Scheduling next periodic WorkManager workers
04-29 03:58:08.479   910   910 D Vibrator: Vibrator off
04-29 03:58:08.479   910   910 D Vibrator: Vibrator using LED trigger
04-29 03:58:08.498 19252 19362 D WM-GreedyScheduler: Cancelling work ID 67f94a17-d6c9-4265-b8d0-2ff4ec1e1a1f
04-29 03:58:08.507 19252 19362 D WM-SystemJobScheduler: Scheduling work ID 67f94a17-d6c9-4265-b8d0-2ff4ec1e1a1fJob ID 2325
04-29 03:58:08.508   910   910 I Vibrator: Vibrator on for timeoutMs: 35
04-29 03:58:08.508   910   910 D Vibrator: Vibrator using LED trigger
04-29 03:58:08.510 19252 19362 D WM-SystemJobScheduler: Scheduling work ID d6b4fe23-ff25-4ac5-9ed3-064720a5b7c0Job ID 2326
04-29 03:58:08.512 19252 19362 D WM-GreedyScheduler: Ignoring {WorkSpec: 1902eabe-a972-4ec0-ad86-b9827c7d6513}. Requires ContentUri triggers.
04-29 03:58:08.512 19252 19362 D WM-GreedyScheduler: Ignoring {WorkSpec: a1312996-a178-490b-8cd6-cd2de129e605}. Requires device idle.
04-29 03:58:08.512 19252 19362 D WM-GreedyScheduler: Ignoring {WorkSpec: d01c8924-1d66-4578-bad3-e1a2c3acb3f8}. Requires device idle.
04-29 03:58:08.512 19252 19362 D WM-GreedyScheduler: Ignoring {WorkSpec: 64fdef5e-43ed-4481-9dd0-931dd6dfd51c}. Requires device idle.
04-29 03:58:08.512 19252 19362 D WM-GreedyScheduler: Ignoring {WorkSpec: 662fb048-9e7f-49ac-b22f-a0354d63edde}. Requires ContentUri triggers.
04-29 03:58:08.517 19252 19355 D WM-GreedyScheduler: Cancelling work ID 64067ff3-0033-41b6-a60e-68af7987dec5
04-29 03:58:08.520  1687  1822 D MIUIInput: [MotionEvent] publisher action=0x1, 13243947, channel '7bde8a1 NotificationShade (server)'
04-29 03:58:08.525 19252 19355 D WM-SystemJobScheduler: Scheduling work ID 64067ff3-0033-41b6-a60e-68af7987dec5Job ID 2327
04-29 03:58:08.527 19252 19355 D WM-GreedyScheduler: Ignoring {WorkSpec: 1902eabe-a972-4ec0-ad86-b9827c7d6513}. Requires ContentUri triggers.
04-29 03:58:08.527 19252 19355 D WM-GreedyScheduler: Ignoring {WorkSpec: a1312996-a178-490b-8cd6-cd2de129e605}. Requires device idle.
04-29 03:58:08.527 19252 19355 D WM-GreedyScheduler: Ignoring {WorkSpec: d01c8924-1d66-4578-bad3-e1a2c3acb3f8}. Requires device idle.
04-29 03:58:08.527 19252 19355 D WM-GreedyScheduler: Ignoring {WorkSpec: 64fdef5e-43ed-4481-9dd0-931dd6dfd51c}. Requires device idle.
04-29 03:58:08.527 19252 19355 D WM-GreedyScheduler: Ignoring {WorkSpec: 662fb048-9e7f-49ac-b22f-a0354d63edde}. Requires ContentUri triggers.
04-29 03:58:08.531   895   978 I libPowerHal: [perfLockAcq] idx:1 hdl:8805 hint:0 pid:895 duration:80 lock_user:mtkpower@1.0-se => ret_hdl:8805
04-29 03:58:08.531   895   978 I libPowerHal: INTERACTION: set gpu opp level max: 0
04-29 03:58:08.532   895   978 I libPowerHal: [perfLockAcq] idx:2 hdl:8806 hint:0 pid:895 duration:80 lock_user:mtkpower@1.0-se => ret_hdl:8806
04-29 03:58:08.532   895   978 I libPowerHal: INTERACTION: set gpu opp level max: 0
04-29 03:58:08.532 19252 19362 D WM-GreedyScheduler: Cancelling work ID f5c452a2-f9ea-457f-b5b0-ee560f02dc17
04-29 03:58:08.540 19252 19362 D WM-SystemJobScheduler: Scheduling work ID f5c452a2-f9ea-457f-b5b0-ee560f02dc17Job ID 2328
04-29 03:58:08.542 19252 19362 D WM-GreedyScheduler: Ignoring {WorkSpec: 1902eabe-a972-4ec0-ad86-b9827c7d6513}. Requires ContentUri triggers.
04-29 03:58:08.542 19252 19362 D WM-GreedyScheduler: Ignoring {WorkSpec: a1312996-a178-490b-8cd6-cd2de129e605}. Requires device idle.
04-29 03:58:08.542 19252 19362 D WM-GreedyScheduler: Ignoring {WorkSpec: d01c8924-1d66-4578-bad3-e1a2c3acb3f8}. Requires device idle.
04-29 03:58:08.542 19252 19362 D WM-GreedyScheduler: Ignoring {WorkSpec: 64fdef5e-43ed-4481-9dd0-931dd6dfd51c}. Requires device idle.
04-29 03:58:08.542 19252 19362 D WM-GreedyScheduler: Ignoring {WorkSpec: 662fb048-9e7f-49ac-b22f-a0354d63edde}. Requires ContentUri triggers.
04-29 03:58:08.544   910   910 D Vibrator: Vibrator off
04-29 03:58:08.544   910   910 D Vibrator: Vibrator using LED trigger
04-29 03:58:08.547  2306  2306 D KeyguardViewMediator: handleKeyguardDoneDrawing
04-29 03:58:08.549 19252 19384 I SyncWorkManagerPeriodic: Successfully scheduled next periodic workers
04-29 03:58:08.549 19252 19252 D WM-Processor: sso 3416b32f-3d4e-408d-a540-49b36c00e9a1 executed; reschedule = false
04-29 03:58:08.552 19252 19347 D WM-GreedyScheduler: Cancelling work ID 3416b32f-3d4e-408d-a540-49b36c00e9a1
04-29 03:58:08.556 19252 19347 D WM-GreedyScheduler: Ignoring {WorkSpec: 1902eabe-a972-4ec0-ad86-b9827c7d6513}. Requires ContentUri triggers.
04-29 03:58:08.557 19252 19347 D WM-GreedyScheduler: Ignoring {WorkSpec: a1312996-a178-490b-8cd6-cd2de129e605}. Requires device idle.
04-29 03:58:08.557 19252 19347 D WM-GreedyScheduler: Ignoring {WorkSpec: d01c8924-1d66-4578-bad3-e1a2c3acb3f8}. Requires device idle.
04-29 03:58:08.557 19252 19347 D WM-GreedyScheduler: Ignoring {WorkSpec: 64fdef5e-43ed-4481-9dd0-931dd6dfd51c}. Requires device idle.
04-29 03:58:08.557 19252 19347 D WM-GreedyScheduler: Ignoring {WorkSpec: 662fb048-9e7f-49ac-b22f-a0354d63edde}. Requires ContentUri triggers.
04-29 03:58:08.557  2306  2306 I FalsingManager: {belief=0.8266590333614546 confidence=0.5870209851712935}
04-29 03:58:08.604   895   978 I mtkpower@impl: [powerd_req] TIMER_MSG_PERF_LOCK_TIMEOUT hdl:8804
04-29 03:58:08.604   895   978 I libPowerHal: [perfLockRel] hdl:8804, idx:0
04-29 03:58:08.604   895   978 I libPowerHal: [PD] system_server update cmd:1000000, param:-1
04-29 03:58:08.604   895   978 I libPowerHal: [PD] system_server update cmd:1000000 param:-1
04-29 03:58:08.611   895   978 I mtkpower@impl: [powerd_req] TIMER_MSG_PERF_LOCK_TIMEOUT hdl:8805
04-29 03:58:08.611   895   978 I libPowerHal: [perfLockRel] hdl:8805, idx:1
04-29 03:58:08.613   895   978 I mtkpower@impl: [powerd_req] TIMER_MSG_PERF_LOCK_TIMEOUT hdl:8806
04-29 03:58:08.613   895   978 I libPowerHal: [perfLockRel] hdl:8806, idx:2
04-29 03:58:08.613   895   978 I libPowerHal: INTERACTION: cpu_ctrl set cpu freq: -1 -1 -1 -1
04-29 03:58:08.613   895   978 I libPowerHal: INTERACTION: set gpu opp level: 29
04-29 03:58:08.613   895   978 I libPowerHal: INTERACTION: set gpu opp level max: 0
04-29 03:58:08.616   916   916 I BufferQueueProducer: [NotificationShade#0](this:0xb400007b67e0b8d0,id:-1,api:0,p:-1,c:916) queueBuffer: fps=48.84 dur=1003.30 max=167.17 min=16.44
04-29 03:58:08.618   884   995 I hwcomposer: [HWCDisplay] [Display_0 (type:1)] fps:48.810181,dur:1003.89,max:167.66,min:16.24  
04-29 03:58:08.635  1043  1167 I mi_thermald: special_target_modify: set generic device battery to 10
04-29 03:58:08.639  1043  1167 I mi_thermald: generic_set_level: set generic device battery to 10
04-29 03:58:08.681  1687  1822 D MIUIInput: [MotionEvent] publisher action=0x0, 13244107, channel '7bde8a1 NotificationShade (server)'
04-29 03:58:08.689   910   910 I Vibrator: Vibrator on for timeoutMs: 20
04-29 03:58:08.689   910   910 D Vibrator: Vibrator using LED trigger
04-29 03:58:08.709   910   910 D Vibrator: Vibrator off
04-29 03:58:08.710   910   910 D Vibrator: Vibrator using LED trigger
04-29 03:58:08.739   910   910 I Vibrator: Vibrator on for timeoutMs: 35
04-29 03:58:08.739   910   910 D Vibrator: Vibrator using LED trigger
04-29 03:58:08.764  1687  1822 D MIUIInput: [MotionEvent] publisher action=0x1, 13244190, channel '7bde8a1 NotificationShade (server)'
04-29 03:58:08.773  1687  1741 I AutomaticBrightnessControllerImpl: drop the lightsensor event! lux=0.0
04-29 03:58:08.773  1687  1741 I AutomaticBrightnessControllerImpl: drop the lightsensor event! lux=0.0
04-29 03:58:08.776   910   910 D Vibrator: Vibrator off
04-29 03:58:08.776   910   910 D Vibrator: Vibrator using LED trigger
04-29 03:58:08.785   895   978 I libPowerHal: [perfLockAcq] idx:0 hdl:8807 hint:0 pid:895 duration:80 lock_user:mtkpower@1.0-se => ret_hdl:8807
04-29 03:58:08.785   895   978 I libPowerHal: INTERACTION: set gpu opp level: 0
04-29 03:58:08.785   895   978 I libPowerHal: INTERACTION: set gpu opp level max: 0
04-29 03:58:08.786   895   978 I libPowerHal: INTERACTION: cpu_ctrl set cpu freq: 1800000 -1 2000000 -1
04-29 03:58:08.787   895   978 I libPowerHal: [perfLockAcq] idx:1 hdl:8808 hint:0 pid:895 duration:80 lock_user:mtkpower@1.0-se => ret_hdl:8808
04-29 03:58:08.787   895   978 I libPowerHal: INTERACTION: set gpu opp level max: 0
04-29 03:58:08.788  2306  2306 I FalsingManager: {belief=0.973547076699204 confidence=0.6169654878228986}
04-29 03:58:08.788  2306  2306 I FalsingManager: Triggering False Event (Threshold: 0.9)
04-29 03:58:08.831  1687  1822 D MIUIInput: [MotionEvent] publisher action=0x0, 13244257, channel '7bde8a1 NotificationShade (server)'
04-29 03:58:08.835   910   910 I Vibrator: Vibrator on for timeoutMs: 20
04-29 03:58:08.836   910   910 D Vibrator: Vibrator using LED trigger
04-29 03:58:08.855   910   910 D Vibrator: Vibrator off
04-29 03:58:08.856   910   910 D Vibrator: Vibrator using LED trigger
04-29 03:58:08.868   895   978 I mtkpower@impl: [powerd_req] TIMER_MSG_PERF_LOCK_TIMEOUT hdl:8807
04-29 03:58:08.868   895   978 I libPowerHal: [perfLockRel] hdl:8807, idx:0
04-29 03:58:08.868   895   978 I mtkpower@impl: [powerd_req] TIMER_MSG_PERF_LOCK_TIMEOUT hdl:8808
04-29 03:58:08.868   895   978 I libPowerHal: [perfLockRel] hdl:8808, idx:1
04-29 03:58:08.869   895   978 I libPowerHal: INTERACTION: cpu_ctrl set cpu freq: -1 -1 -1 -1
04-29 03:58:08.869   895   978 I libPowerHal: INTERACTION: set gpu opp level: 29
04-29 03:58:08.869   895   978 I libPowerHal: INTERACTION: set gpu opp level max: 0
04-29 03:58:08.886   910   910 I Vibrator: Vibrator on for timeoutMs: 35
04-29 03:58:08.886   910   910 D Vibrator: Vibrator using LED trigger
04-29 03:58:08.923   910   910 D Vibrator: Vibrator off
04-29 03:58:08.923   910   910 D Vibrator: Vibrator using LED trigger
04-29 03:58:08.931  1687  1822 D MIUIInput: [MotionEvent] publisher action=0x1, 13244357, channel '7bde8a1 NotificationShade (server)'
04-29 03:58:08.954  2306  2306 I FalsingManager: {belief=0.9961033716994822 confidence=0.6444762173693579}
04-29 03:58:08.954  2306  2306 I FalsingManager: Triggering False Event (Threshold: 0.9)
04-29 03:58:08.955   895   978 I libPowerHal: [perfLockAcq] idx:0 hdl:8809 hint:0 pid:895 duration:80 lock_user:mtkpower@1.0-se => ret_hdl:8809
04-29 03:58:08.955   895   978 I libPowerHal: INTERACTION: set gpu opp level: 0
04-29 03:58:08.955   895   978 I libPowerHal: INTERACTION: set gpu opp level max: 0
04-29 03:58:08.956   895   978 I libPowerHal: INTERACTION: cpu_ctrl set cpu freq: 1800000 -1 2000000 -1
04-29 03:58:08.957   895   978 I libPowerHal: [perfLockAcq] idx:1 hdl:8810 hint:0 pid:895 duration:80 lock_user:mtkpower@1.0-se => ret_hdl:8810
04-29 03:58:08.957   895   978 I libPowerHal: INTERACTION: set gpu opp level max: 0
04-29 03:58:09.036   895   978 I mtkpower@impl: [powerd_req] TIMER_MSG_PERF_LOCK_TIMEOUT hdl:8809
04-29 03:58:09.037   895   978 I libPowerHal: [perfLockRel] hdl:8809, idx:0
04-29 03:58:09.037   895   978 I mtkpower@impl: [powerd_req] TIMER_MSG_PERF_LOCK_TIMEOUT hdl:8810
04-29 03:58:09.037   895   978 I libPowerHal: [perfLockRel] hdl:8810, idx:1
04-29 03:58:09.037   895   978 I libPowerHal: INTERACTION: cpu_ctrl set cpu freq: -1 -1 -1 -1
04-29 03:58:09.037   895   978 I libPowerHal: INTERACTION: set gpu opp level: 29
04-29 03:58:09.037   895   978 I libPowerHal: INTERACTION: set gpu opp level max: 0
04-29 03:58:09.056  2774 19277 I AOSP-MdnsDiscoveryManag: (REDACTED) %s
04-29 03:58:09.057  2774 19277 I AOSP-MdnsDiscoveryManag: (REDACTED) %s
04-29 03:58:09.057  2774 19275 I AOSP-MdnsDiscoveryManag: (REDACTED) %s
04-29 03:58:09.058  2774 11001 I AOSP-MdnsDiscoveryManag: (REDACTED) %s
04-29 03:58:09.058  2774 19275 I AOSP-MdnsDiscoveryManag: (REDACTED) %s
04-29 03:58:09.059  2774 19276 W AOSP-MdnsDiscoveryManag: Error while decoding multicast packet (4494): 1 [CONTEXT service_id=168 ]
04-29 03:58:09.060  2774 19276 W AOSP-MdnsDiscoveryManag: Error while decoding multicast packet (4495): 1 [CONTEXT service_id=168 ]
04-29 03:58:09.082  1687  1822 D MIUIInput: [MotionEvent] publisher action=0x0, 13244508, channel '7bde8a1 NotificationShade (server)'
04-29 03:58:09.091   910   910 I Vibrator: Vibrator on for timeoutMs: 20
04-29 03:58:09.091   910   910 D Vibrator: Vibrator using LED trigger
04-29 03:58:09.101  2774 11001 I AOSP-MdnsDiscoveryManag: (REDACTED) %s
04-29 03:58:09.107  1687  1741 I AutomaticBrightnessControllerImpl: drop the lightsensor event! lux=0.0
04-29 03:58:09.107  1687  1741 I AutomaticBrightnessControllerImpl: drop the lightsensor event! lux=0.0
04-29 03:58:09.110   910   910 D Vibrator: Vibrator off
04-29 03:58:09.110   910   910 D Vibrator: Vibrator using LED trigger
04-29 03:58:09.130  2774 11001 I AOSP-MdnsDiscoveryManag: (REDACTED) %s
04-29 03:58:09.130  2774 11001 I AOSP-MdnsDiscoveryManag: (REDACTED) %s
04-29 03:58:09.131  2774 11001 I AOSP-MdnsDiscoveryManag: (REDACTED) %s
04-29 03:58:09.132  2774 11001 I AOSP-MdnsDiscoveryManag: (REDACTED) %s
04-29 03:58:09.132  2774 11001 I AOSP-MdnsDiscoveryManag: (REDACTED) %s
04-29 03:58:09.133  2774 11001 I AOSP-MdnsDiscoveryManag: (REDACTED) %s
04-29 03:58:09.134  2774 11001 I AOSP-MdnsDiscoveryManag: (REDACTED) %s
04-29 03:58:09.134  2774 11001 I AOSP-MdnsDiscoveryManag: (REDACTED) %s
04-29 03:58:09.135  2774 11001 I AOSP-MdnsDiscoveryManag: (REDACTED) %s
04-29 03:58:09.135  2774 11001 I AOSP-MdnsDiscoveryManag: (REDACTED) %s
04-29 03:58:09.136  2774 11001 I AOSP-MdnsDiscoveryManag: (REDACTED) %s
04-29 03:58:09.136  2774 11001 I AOSP-MdnsDiscoveryManag: (REDACTED) %s
04-29 03:58:09.138  2774 11001 I AOSP-MdnsDiscoveryManag: (REDACTED) %s
04-29 03:58:09.139  2774 11001 I AOSP-MdnsDiscoveryManag: (REDACTED) %s
04-29 03:58:09.140  2774 11001 I AOSP-MdnsDiscoveryManag: (REDACTED) %s
04-29 03:58:09.140  2774 11001 I AOSP-MdnsDiscoveryManag: (REDACTED) %s
04-29 03:58:09.141   910   910 I Vibrator: Vibrator on for timeoutMs: 35
04-29 03:58:09.141   910   910 D Vibrator: Vibrator using LED trigger
04-29 03:58:09.148  1687  1822 D MIUIInput: [MotionEvent] publisher action=0x1, 13244574, channel '7bde8a1 NotificationShade (server)'
04-29 03:58:09.171   895   978 I libPowerHal: [perfLockAcq] idx:0 hdl:8811 hint:0 pid:895 duration:80 lock_user:mtkpower@1.0-se => ret_hdl:8811
04-29 03:58:09.171   895   978 I libPowerHal: INTERACTION: set gpu opp level: 0
04-29 03:58:09.172  1687  3254 D LockSettingsService: spBasedDoVerifyCredential: user=0 hasEnrolledBiometrics=false
04-29 03:58:09.172   895   978 I libPowerHal: INTERACTION: set gpu opp level max: 0
04-29 03:58:09.172   895   978 I libPowerHal: INTERACTION: cpu_ctrl set cpu freq: 1800000 -1 2000000 -1
04-29 03:58:09.174   895   978 I libPowerHal: [perfLockAcq] idx:1 hdl:8812 hint:0 pid:895 duration:80 lock_user:mtkpower@1.0-se => ret_hdl:8812
04-29 03:58:09.174   895   978 I libPowerHal: INTERACTION: set gpu opp level max: 0
04-29 03:58:09.177   910   910 D Vibrator: Vibrator off
04-29 03:58:09.177   910   910 D Vibrator: Vibrator using LED trigger
04-29 03:58:09.189  2306  2306 I FalsingManager: {belief=0.9992610364815915 confidence=0.6678181973468611}
04-29 03:58:09.189  2306  2306 I FalsingManager: Triggering False Event (Threshold: 0.9)
04-29 03:58:09.211   881   881 I microgatekeeper: ~~~~ Enter ree verify ~~~~
04-29 03:58:09.211   881   881 I microgatekeeper: ~~~~ ut_gk_transfer_buff begin ~~~~
04-29 03:58:09.216   474   474 D [mTEE]  :  come into the TZ_VFS_IOCTL function
04-29 03:58:09.216   474   474 D [mTEE]  :  fd = 6
04-29 03:58:09.216   474   474 D [mTEE]  :  cmd = 5
04-29 03:58:09.217   474   474 D [mTEE]  : retVal = 0x0 , *((int*)param_address) = 0x200 
04-29 03:58:09.219   474   474 D [mTEE]  :  come into the TZ_VFS_IOCTL function
04-29 03:58:09.219   474   474 D [mTEE]  :  fd = 6
04-29 03:58:09.219   474   474 D [mTEE]  :  cmd = 5
04-29 03:58:09.220   474   474 D [mTEE]  : retVal = 0x0 , *((int*)param_address) = 0x200 
04-29 03:58:09.221   881   881 I microgatekeeper: ~~~~ ut_gk_transfer_buff end ~~~~
04-29 03:58:09.221   881   881 I microgatekeeper: ~~~~ From ree verify, success ~~~~
04-29 03:58:09.231  2306  2306 I miui_keyguard_password: password unlock duration 62, user: 0
04-29 03:58:09.234  2306  2306 D KeyguardViewMediator: keyguardDone
04-29 03:58:09.234  2306  2306 D KeyguardViewMediator: tryKeyguardDone: pending - false, animRan - false animRunning - false
04-29 03:58:09.234  2306  2306 D KeyguardViewMediator: tryKeyguardDone: starting pre-hide animation
04-29 03:58:09.234  2306  2306 I BoostHelper: boost: add myTid: 2306
04-29 03:58:09.234  2306  2306 I BoostHelper: boost: add mRenderThreadTid: 2693
04-29 03:58:09.235  2306  2306 I BoostHelper: boostThreadLegacy sched thread [2306, 2693] is run,mod=1
04-29 03:58:09.253   895   978 I mtkpower@impl: [powerd_req] TIMER_MSG_PERF_LOCK_TIMEOUT hdl:8811
04-29 03:58:09.253   895   978 I libPowerHal: [perfLockRel] hdl:8811, idx:0
04-29 03:58:09.255   895   978 I mtkpower@impl: [powerd_req] TIMER_MSG_PERF_LOCK_TIMEOUT hdl:8812
04-29 03:58:09.255   895   978 I libPowerHal: [perfLockRel] hdl:8812, idx:1
04-29 03:58:09.255   895   978 I libPowerHal: INTERACTION: cpu_ctrl set cpu freq: -1 -1 -1 -1
04-29 03:58:09.255   895   978 I libPowerHal: INTERACTION: set gpu opp level: 29
04-29 03:58:09.255   895   978 I libPowerHal: INTERACTION: set gpu opp level max: 0
04-29 03:58:09.259  2774 19251 W .gms.persisten: Long monitor contention with owner lowpool[924] (19242) at boolean azgw.o()(:com.google.android.gms@261533029@26.15.33 (190400-900762463):58) waiters=0 in boolean azgw.o() for 2s
04-29 03:58:09.278   500   500 I beanpodkeymaster: Enter BeanpodKeymaster BeginOperation
04-29 03:58:09.279   500   500 I beanpodkeymaster: cmd:4 Received 24 byte response
04-29 03:58:09.279   500   500 I beanpodkeymaster: Exit BeanpodKeymaster BeginOperation
04-29 03:58:09.286   500   500 I beanpodkeymaster: Enter BeanpodKeymaster UpdateOperation
04-29 03:58:09.286   500   500 I beanpodkeymaster: cmd:8 Received 180 byte response
04-29 03:58:09.287   500   500 I beanpodkeymaster: Exit BeanpodKeymaster UpdateOperation
04-29 03:58:09.288   500   500 I beanpodkeymaster: Enter BeanpodKeymaster FinishOperation
04-29 03:58:09.289   500   500 I beanpodkeymaster: cmd:c Received 20 byte response
04-29 03:58:09.289   500   500 I beanpodkeymaster: Exit BeanpodKeymaster FinishOperation
04-29 03:58:09.294   881   881 I microgatekeeper: ~~~~ Enter ree verify ~~~~
04-29 03:58:09.294   881   881 I microgatekeeper: ~~~~ ut_gk_transfer_buff begin ~~~~
04-29 03:58:09.296   474   474 D [mTEE]  :  come into the TZ_VFS_IOCTL function
04-29 03:58:09.296   474   474 D [mTEE]  :  fd = 6
04-29 03:58:09.296   474   474 D [mTEE]  :  cmd = 5
04-29 03:58:09.297   474   474 D [mTEE]  : retVal = 0x0 , *((int*)param_address) = 0x200 
04-29 03:58:09.303   474   474 D [mTEE]  :  come into the TZ_VFS_IOCTL function
04-29 03:58:09.303   474   474 D [mTEE]  :  fd = 6
04-29 03:58:09.303   474   474 D [mTEE]  :  cmd = 5
04-29 03:58:09.304   474   474 D [mTEE]  : retVal = 0x0 , *((int*)param_address) = 0x200 
04-29 03:58:09.306   881   881 I microgatekeeper: ~~~~ ut_gk_transfer_buff end ~~~~
04-29 03:58:09.306   881   881 I microgatekeeper: ~~~~ From ree verify, success ~~~~
04-29 03:58:09.310   881   881 I microgatekeeper: ~~~~ Enter ree verify ~~~~
04-29 03:58:09.310   881   881 I microgatekeeper: ~~~~ ut_gk_transfer_buff begin ~~~~
04-29 03:58:09.311   474   474 D [mTEE]  :  come into the TZ_VFS_IOCTL function
04-29 03:58:09.311   474   474 D [mTEE]  :  fd = 6
04-29 03:58:09.311   474   474 D [mTEE]  :  cmd = 5
04-29 03:58:09.313   474   474 D [mTEE]  : retVal = 0x0 , *((int*)param_address) = 0x200 
04-29 03:58:09.314   474   474 D [mTEE]  :  come into the TZ_VFS_IOCTL function
04-29 03:58:09.314   474   474 D [mTEE]  :  fd = 6
04-29 03:58:09.314   474   474 D [mTEE]  :  cmd = 5
04-29 03:58:09.316   474   474 D [mTEE]  : retVal = 0x0 , *((int*)param_address) = 0x200 
04-29 03:58:09.320   881   881 I microgatekeeper: ~~~~ ut_gk_transfer_buff end ~~~~
04-29 03:58:09.320   881   881 I microgatekeeper: ~~~~ From ree verify, success ~~~~
04-29 03:58:09.325   499 13873 I keystore2: keystore2::authorization: on_lock_screen_event(LockScreenEvent(0), user_id=0, password.is_some()=true, unlocking_sids=None)
04-29 03:58:09.370   895   972 I libPerfCtl: xgfGetFPS pid:1687 fps:-1
04-29 03:58:09.370   895   972 I libPerfCtl: xgfGetFPS pid:1979 fps:-1
04-29 03:58:09.370   895   972 I libPerfCtl: xgfGetFPS pid:2306 fps:59
04-29 03:58:09.372   499 13873 I keystore2: keystore2::super_key: In get_with_password_unlock. Trying to unlock when already unlocked.
04-29 03:58:09.373  1687  3254 I LockSettingsService: Unlocking user 0 with secret only, length 32
04-29 03:58:09.374  1687  3254 D LockSettingsService: unlockUser finished
04-29 03:58:09.381  1687  3254 W ActivityManager: UserLifecycleEvent 5 received without an active userJourneySession.
04-29 03:58:09.382  1687  3254 D LockSettingsService: unlockUser finished
04-29 03:58:09.382  1687  3254 I LockSettingsService: Disabling escrow token on user 0
04-29 03:58:09.385  1687  1687 D AlarmManagerService: inside native alarm timerfd set Alarm Type = 2
04-29 03:58:09.385  1687  1687 D AlarmManagerService: inside native alarm timerfd set Alarm Type = 3
04-29 03:58:09.386  2306  9934 W BpBinder: Slow Binder: BpBinder transact took 217 ms, interface=com.android.internal.widget.ILockSettings, code=9 oneway=false
04-29 03:58:09.386  1687  1687 D AlarmManagerService: inside native alarm timerfd set Alarm Type = 2
04-29 03:58:09.386  1687  1687 D AlarmManagerService: inside native alarm timerfd set Alarm Type = 3
04-29 03:58:09.387  2306  2306 E miui_keyguard_password: checkPasswordForUsers onChecked; result = true, mUserIdMatched = 0, mUserIdLocked: 0, mThrottleTimeout = 0
04-29 03:58:09.387  1687  1687 D AlarmManagerService: inside native alarm timerfd set Alarm Type = 2
04-29 03:58:09.387  1687  1687 D AlarmManagerService: inside native alarm timerfd set Alarm Type = 3
04-29 03:58:09.441  1687  1741 I AutomaticBrightnessControllerImpl: drop the lightsensor event! lux=0.0
04-29 03:58:09.442  1687  1741 I AutomaticBrightnessControllerImpl: drop the lightsensor event! lux=0.0
04-29 03:58:09.535  1940  1940 I WifiHAL : Get link layer stats
04-29 03:58:09.535  1940  1940 I WifiHAL : GetLinkStatsCommand::create
04-29 03:58:09.535  1940  1940 D android.hardware.wifi@1.0-service-lazy: WifiRequest::create vendor command to iface 32, vendor_id=0x1a11, subcmd=0x1200, res=0
04-29 03:58:09.535  1940  1940 I android.hardware.wifi@1.0-service-lazy: WifiCommand::requestResponse err=-14
04-29 03:58:09.535  1940  1940 I WifiHAL : wifi_get_link_stats: result=-1
04-29 03:58:09.536  2306  2306 W KeyguardViewMediator: fw call password view onAnimationEnd timeout
04-29 03:58:09.536  2306  2306 E KeyguardViewMediator: mHideAnimationFinishedRunnable#run: mHideAnimationRun - true
04-29 03:58:09.536  2306  2306 D KeyguardViewMediator: tryKeyguardDone: pending - false, animRan - true animRunning - false
04-29 03:58:09.536  2306  2306 D KeyguardViewMediator: handleKeyguardDone
04-29 03:58:09.536  2306  2306 D KeyguardViewMediator: handleHide
04-29 03:58:09.536  2306  2306 I KeyguardViewMediator: keyguardGoingAway
04-29 03:58:09.536  2306  2306 D MiuiFaceManager: inernational:true supportR:[ALL] nowR:VN
04-29 03:58:09.536  2306  2306 D MiuiFaceManager: inernational:true supportR:[ALL] nowR:VN
04-29 03:58:09.537  1979 12374 D MiuiKeyguardWallpaperRemoteService: onKeyguardGoingAway goingAway = true  isFastUnlock  = false
04-29 03:58:09.537  2306  2306 D MiuiFaceManager: inernational:true supportR:[ALL] nowR:VN
04-29 03:58:09.537  2306  2306 D MiuiFaceManager: inernational:true supportR:[ALL] nowR:VN
04-29 03:58:09.537  1687  1840 E WifiVendorHal: getWifiLinkLayerStats_1_5_Internal(l.1198) failed {.code = ERROR_UNKNOWN, .description = unknown}
04-29 03:58:09.538  2306  3154 I KeyguardViewMediator: call fw keyguardGoingAway: flags = 8
04-29 03:58:09.540  2306  2306 D KeyguardPINView: startDisappearAnimation finish
04-29 03:58:09.541  2306  2306 E KeyguardViewMediator: mHideAnimationFinishedRunnable#run: mHideAnimationRun - true
04-29 03:58:09.541  2306  2306 D KeyguardViewMediator: tryKeyguardDone: pending - false, animRan - true animRunning - false
04-29 03:58:09.541  2306  2306 D KeyguardViewMediator: handleKeyguardDone
04-29 03:58:09.541  2306  2306 D KeyguardViewMediator: handleHide
04-29 03:58:09.541  2306  2306 I KeyguardViewMediator: keyguardGoingAway
04-29 03:58:09.541  1687  3254 D ActivityTaskManager: Top Process State changed to PROCESS_STATE_TOP
04-29 03:58:09.541  2306  2306 D MiuiFaceManager: inernational:true supportR:[ALL] nowR:VN
04-29 03:58:09.541  2306  2306 D MiuiFaceManager: inernational:true supportR:[ALL] nowR:VN
04-29 03:58:09.541  2306  2599 D MiuiFaceManager: inernational:true supportR:[ALL] nowR:VN
04-29 03:58:09.541  2306  2599 D MiuiFaceManager: inernational:true supportR:[ALL] nowR:VN
04-29 03:58:09.541  1979 12374 D MiuiKeyguardWallpaperRemoteService: onKeyguardGoingAway goingAway = true  isFastUnlock  = false
04-29 03:58:09.542  2306  2306 D MiuiFaceManager: inernational:true supportR:[ALL] nowR:VN
04-29 03:58:09.542  2306  2306 D MiuiFaceManager: inernational:true supportR:[ALL] nowR:VN
04-29 03:58:09.543  1687  3254 I mtkpower_client: perf_lock_acq, hdl:8763, dur:600, num:10, tid:3254
04-29 03:58:09.543  2306  2599 D MiuiFaceManager: inernational:true supportR:[ALL] nowR:VN
04-29 03:58:09.543  2306  2599 D MiuiFaceManager: inernational:true supportR:[ALL] nowR:VN
04-29 03:58:09.544  1687  3254 I mtkpower_client: ret_hdl:8813
04-29 03:58:09.545   895   978 I libPowerHal: [perfLockAcq] idx:0 hdl:8813 hint:-1 pid:1687 duration:600 lock_user:system_server => ret_hdl:8813
04-29 03:58:09.545  1687  3254 I PowerHalWrapper: <amsBoostResume> last:null, next:com.miui.home 
04-29 03:58:09.545   895   978 I libPowerHal: system_server: set gpu opp level: 0
04-29 03:58:09.545   895   978 I libPowerHal: system_server: set gpu opp level max: 0
04-29 03:58:09.546   895   978 I libPowerHal: system_server: cpu_ctrl set cpu freq: 1800000 -1 2000000 -1
04-29 03:58:09.547   895   978 I libPowerHal: [PE] system_server update cmd:1000000, param:0
04-29 03:58:09.547   895   978 I libPowerHal: [PE] system_server update cmd:1000000 param:0
04-29 03:58:09.547   895   978 I libPowerHal: [perfLockAcq] idx:1 hdl:8814 hint:22 pid:895 duration:10000 lock_user:mtkpower@1.0-se => ret_hdl:8814
04-29 03:58:09.548   895   978 I libPowerHal: [PE] MTKPOWER_HINT_PACK_SWITCH update cmd:1408300, param:100
04-29 03:58:09.548  1687  3254 I PowerHalWrapper: amsBoostNotify pid:2323,activity:com.miui.home.launcher.Launcher, package:com.miui.home, mProcessCreatePackcom.muonline.client 
04-29 03:58:09.548  1687  3254 I PowerHalWrapper: state: 1 
04-29 03:58:09.548  1687  3254 I PowerHalWrapper: amsBoostNotify AMS_BOOST_PROCESS_CREATE_BOOST:false 
04-29 03:58:09.548   895   978 I libPowerHal: [perfLockRel] hdl:8797, idx:-1
04-29 03:58:09.548   895   978 I libPowerHal: [perfNotifyAppState] pack:com.miui.home, act:com.miui.home.launcher.Launcher, state:1, pid:2323, uid:10066, fps:-1
04-29 03:58:09.548   895   978 I libPowerHal: [perfNotifyAppState] foreground:com.miui.home, pid:2323, uid:10066
04-29 03:58:09.549   895   978 E UxUtility: notifyAppState error = NULL
04-29 03:58:09.549   895   978 I TouchUtility: notifyAppState error = NULL
04-29 03:58:09.549   895   978 I SbeHandle: pack:com.miui.home->Common Not Has APPList
04-29 03:58:09.549   895   978 I libPowerHal: [AppScenarioEnable] pack:com.miui.home launch cold:25000 warm:5000 act:0
04-29 03:58:09.549   895   978 I libPowerHal: [perfNotifyAppState] scn:312, pack:com.miui.home, act:Common, fps:Common !!!
04-29 03:58:09.549   895   978 I libPowerHal: [PE] scn:312 pack:com.miui.home
04-29 03:58:09.550   895   978 I libPowerHal: [PE] com.miui.home update cmd:2020000, param:6
04-29 03:58:09.550   895   978 I libPowerHal: [PE] com.miui.home update cmd:202c000, param:80
04-29 03:58:09.550   895   978 I libPowerHal: [PE] com.miui.home update cmd:200c000, param:16666666
04-29 03:58:09.550   895   978 I libPowerHal: [PE] com.miui.home update cmd:2040000, param:1
04-29 03:58:09.550   895   951 I mtkpower@impl: [notifyAppState] pc:0, com.muonline.client => com.miui.home
04-29 03:58:09.550   895   951 I libPowerHal: [perfUserGetCapability] GET_LAUNCH_TIME_WARM cmd:101, time:5000 ms
04-29 03:58:09.551   895   978 I libPowerHal: [perfLockAcq] idx:2 hdl:8815 hint:31 pid:895 duration:5000 lock_user:mtkpower@1.0-se => ret_hdl:8815
04-29 03:58:09.570  2306  3154 I KeyguardViewMediator: call fw keyguardGoingAway: flags = 8
04-29 03:58:09.572  1687  1838 I MiuiNetworkPolicy: updateUidState uid = 10066, uidState = 2
04-29 03:58:09.573  1687  1951 I WindowManagerService: Physical orientation not applied, rotation=0
04-29 03:58:09.573  1687  1718 D ATMSImpl: Begin to report package foreground events...
04-29 03:58:09.574 18490 18535 D ThermalIECHandler: IECAll48Allowed: false; IECMonitorAllowed: false; IECTestState: false
04-29 03:58:09.574  2323  2341 D AppObserver: ForegroundInfo{mForegroundPackageName='com.miui.home', mForegroundUid=10066, mForegroundPid=2323, mLastForegroundPackageName='com.muonline.client', mLastForegroundUid=10237, mLastForegroundPid=18642, mMultiWindowForegroundPackageName='com.miui.home', mMultiWindowForegroundUid=10066, mFlags=0}
04-29 03:58:09.574 18384 18408 D AutoInstallService: onForegroundInfoChanged: com.miui.home
04-29 03:58:09.575 18490 18533 I ThermalInfoCollector: collectForgroundAppsInfo: com.muonline.client
04-29 03:58:09.575 15807 15846 I GST     : forePkg: com.miui.home, preForePkg: com.muonline.client
04-29 03:58:09.576 18490 18526 D LS-ForegroundStatusManager: handleMessage ForegroundInfoChanged. pkg = com.miui.home, uid = 10066, mCurrentForegroundUid = 10237
04-29 03:58:09.576 18490 18526 D LS-ForegroundStatusManager: onForegroundChanged mCurrentForegroundUid = 10237, new uid = 10066
04-29 03:58:09.576  1687  1705 D Aurogon :  uid = 10066 switch to FG
04-29 03:58:09.576 18490 18677 D PerfEngineController: ForegroundInfo{mForegroundPackageName='com.miui.home', mForegroundUid=10066, mForegroundPid=2323, mLastForegroundPackageName='com.muonline.client', mLastForegroundUid=10237, mLastForegroundPid=18642, mMultiWindowForegroundPackageName='com.miui.home', mMultiWindowForegroundUid=10066, mFlags=0}
04-29 03:58:09.576  4018 32486 I ProcessMonitor: onForegroundInfoChanged: ForegroundInfo{mForegroundPackageName='com.miui.home', mForegroundUid=10066, mForegroundPid=2323, mLastForegroundPackageName='com.muonline.client', mLastForegroundUid=10237, mLastForegroundPid=18642, mMultiWindowForegroundPackageName='com.miui.home', mMultiWindowForegroundUid=10066, mFlags=0}
04-29 03:58:09.577  2323  2323 D RecentsContainer: onApplyWindowInsets, insets=WindowInsets{
04-29 03:58:09.577  2323  2323 D RecentsContainer:     statusBars=Insets{left=0, top=76, right=0, bottom=0} max=Insets{left=0, top=76, right=0, bottom=0} vis=true
04-29 03:58:09.577  2323  2323 D RecentsContainer:     navigationBars=Insets{left=0, top=0, right=0, bottom=0} max=Insets{left=0, top=0, right=0, bottom=130} vis=false
04-29 03:58:09.577  2323  2323 D RecentsContainer:     captionBar=Insets{left=0, top=0, right=0, bottom=0} max=null vis=false
04-29 03:58:09.577  2323  2323 D RecentsContainer:     ime=Insets{left=0, top=0, right=0, bottom=0} max=null vis=false
04-29 03:58:09.577  2323  2323 D RecentsContainer:     systemGestures=Insets{left=0, top=109, right=0, bottom=130} max=Insets{left=0, top=109, right=0, bottom=130} vis=true
04-29 03:58:09.577  2323  2323 D RecentsContainer:     mandatorySystemGestures=Insets{left=0, top=109, right=0, bottom=130} max=Insets{left=0, top=109, right=0, bottom=130} vis=true
04-29 03:58:09.577  2323  2323 D RecentsContainer:     tappableElement=Insets{left=0, top=76, right=0, bottom=130} max=Insets{left=0, top=76, right=0, bottom=130} vis=true
04-29 03:58:09.577  2323  2323 D RecentsContainer:     displayCutout=Insets{left=0, top=76, right=0, bottom=0} max=Insets{left=0, top=76, right=0, bottom=0} vis=true
04-29 03:58:09.577  2323  2323 D RecentsContainer:     windowDecor=null max=null vis=false
04-29 03:58:09.577  2323  2323 D RecentsContainer:     cutout=DisplayCutout{insets=Rect(0, 76 - 0, 0) waterfall=Insets{left=0, top=0, right=0, bottom=0} boundingRect={Bounds=[Rect(0, 0 - 0, 0), Rect(456, 0 - 624, 76), Rect(0, 0 - 0, 0), Rect(0, 0 - 0, 0)]} cutoutPathParserInfo={CutoutPathParserInfo{displayWidth=1080 displayHeight=2340 density={2.75} cutoutSpec={M84.0014003,76.0002722 C39.8036856,75.9997279 11.8039716,75.9996372 0.00225823708,76 C-11.8004588,76.0003629 -39.8012115,76.0004536 -84,76.0002722 L-84,-4.19220214e-13 L84.0014003,-4.19220214e-13 L84.0014003,76.0002722 Z} rotation={0} scale={1.0}}}}
04-29 03:58:09.577  2323  2323 D RecentsContainer:     roundedCorners=RoundedCorners{[RoundedCorner{position=TopLeft, radius=95, center=Point(95, 95)}, RoundedCorner{position=TopRight, radius=95, center=Point(985, 95)}, RoundedCorner{position=BottomRight, radius=90, center=Point(990, 2250)}, RoundedCorner{position=BottomLeft, radius=90, center=Point(90, 2250)}]}
04-29 03:58:09.577  2323  2323 D RecentsContainer:     privacyIndicatorBounds=PrivacyIndicatorBounds {static bounds=Rect(34, 0 - 70, 76) rotation=0}
04-29 03:58:09.577  2323  2323 D RecentsContainer:     }, rotation=0
04-29 03:58:09.577  5566  5582 D PMonitor:  onForegroundActivitiesChanged:pid = 2323,activity-uid=10066,foregroundActivities=true
04-29 03:58:09.577  4018 32486 I GameBoosterService: screen locked!
04-29 03:58:09.577  4018 32486 I VideoBoxUtils: isSupportVideoBox: false
04-29 03:58:09.577  4018 32486 I VideoToolBoxService: vtb is closed!!!
04-29 03:58:09.578  2323  2323 D Launcher.Lifecycle: onStart:UserHandle{0},fd4e88c,false
04-29 03:58:09.582  2306  2306 D NotifBadge: recevie broadbcast ACTION_APPLICATION_MESSAGE_QUERY, requestFirstTime=false
04-29 03:58:09.584  1687  3246 D CompatibilityChangeReporter: Compat change id reported: 135634846; UID 10182; state: DISABLED
04-29 03:58:09.584  1687  3246 D CompatibilityChangeReporter: Compat change id reported: 177438394; UID 10182; state: DISABLED
04-29 03:58:09.584  1687  3246 D CompatibilityChangeReporter: Compat change id reported: 135772972; UID 10182; state: DISABLED
04-29 03:58:09.584  1687  3246 D CompatibilityChangeReporter: Compat change id reported: 135754954; UID 10182; state: ENABLED
04-29 03:58:09.585  1687  1723 D CompatibilityChangeReporter: Compat change id reported: 143937733; UID 10182; state: ENABLED
04-29 03:58:09.589  2323  2323 D Launcher.Lifecycle: onResume:UserHandle{0},fd4e88c,false
04-29 03:58:09.589  2323  2420 D MiBridge: requestCpuHighFreq---- uid: 10066 level: 1 timeoutms:500
04-29 03:58:09.589  2323  2323 W Settings: Setting device_provisioned has moved from android.provider.Settings.Secure to android.provider.Settings.Global.
04-29 03:58:09.590  1184  1208 W MiuiBooster: "MiuiBoosterService requestCpuHighFreq: 10066, 1, 500"
04-29 03:58:09.590  1184  1208 W MiuiBooster: "requestCpuHighFreq,final level:1,final timeoutms:500"
04-29 03:58:09.590  1184  1208 W MiuiBooster: "perf_hint_hc start"
04-29 03:58:09.590   895   951 E libPowerHal: Could not open '/proc/1184/comm'
04-29 03:58:09.588   895   895 W mtkPowerService: type=1400 audit(0.0:3623): avc: denied { getattr } for path="/proc/1184" dev="proc" ino=821353 scontext=u:r:mtk_hal_power:s0 tcontext=u:r:miuibooster:s0 tclass=dir permissive=0
04-29 03:58:09.588   895   895 W mtkPowerService: type=1400 audit(0.0:3624): avc: denied { search } for name="1184" dev="proc" ino=821353 scontext=u:r:mtk_hal_power:s0 tcontext=u:r:miuibooster:s0 tclass=dir permissive=0
04-29 03:58:09.590  1184  1208 W MiuiBooster: "perf_handle:8816"
04-29 03:58:09.590   895   978 I libPowerHal: [perfLockAcq] idx:3 hdl:8816 hint:-1 pid:1184 duration:500 lock_user: => ret_hdl:8816
04-29 03:58:09.591  2323  2420 D MiBridge: requestCpuHighFreq handle: 1
04-29 03:58:09.591  2323  2420 D Launcher_CPUBooster: boostCpuToMax:0
04-29 03:58:09.591  2323  2323 D Launcher.FullbackHome: FallbackHomeCompat::needKillSelf::needKillSelf = false
04-29 03:58:09.591  2323  2323 I Launcher.widget: onInvisible Tìm kiếm
04-29 03:58:09.592  2323  2323 D Launcher.RecommendController: folder display but only request when folder open
04-29 03:58:09.592  2323  2323 D Launcher.RecommendController: folder display but only request when folder open
04-29 03:58:09.592  2323  2323 D Launcher.RecommendController: folder display but only request when folder open
04-29 03:58:09.592  2323  2323 D Launcher_UnlockAnimationStateMachine: setState:IDLE
04-29 03:58:09.592  2323  2323 D Launcher_UnlockAnimationStateMachine: showUpdateDialog:onResume
04-29 03:58:09.593  2323  2390 D Launcher_UnlockAnimationStateMachine: show updater dialog, mDialogType = 0
04-29 03:58:09.593   869   869 D Zygote  : Forked child process 19399
04-29 03:58:09.596  1687  1723 I ActivityManager: Start proc 19399:com.google.android.googlequicksearchbox:googleapp/u0a182 for service {com.google.android.googlequicksearchbox/com.google.android.apps.gsa.nowoverlayservice.DrawerOverlayService} caller=com.miui.home
04-29 03:58:09.602 18490 18535 D ThermalIECHandler: storeDataStyle: thermal_iec_monitor_persistence_data_style_iec_state; startIECTime: -1; IECScreenOffOverPeriodTime: 16823131
04-29 03:58:09.603 18490 18535 D ThermalIECHandler: storeDataStyle: thermal_iec_monitor_persistence_data_style_iec_state; startIECTime: -1; IECScreenOffOverPeriodTime: 16823131
04-29 03:58:09.603   916   996 E BufferQueueDebug: [com.miui.home/com.miui.home.launcher.Launcher#0](this:0xb400007b5d5c78d0,id:-1,api:0,p:-1,c:-1) id info cannot be read from 'com.miui.home/com.miui.home.launcher.Launcher#0'
04-29 03:58:09.604   916   996 I BufferQueueDebug: [com.miui.home/com.miui.home.launcher.Launcher#0](this:0xb400007b5d5c78d0,id:-1,api:0,p:-1,c:-1) BufferQueue core=(916:/system/bin/surfaceflinger)
04-29 03:58:09.604 19399 19399 I chbox:googleap: Using CollectorTypeCC GC.
04-29 03:58:09.608  1687  3246 I WindowManagerService: Physical orientation not applied, rotation=0
04-29 03:58:09.610 19399 19399 D ProcessState: Binder ioctl to enable oneway spam detection failed: Invalid argument
04-29 03:58:09.610  2323  2323 I BufferQueueConsumer: [](id:91300000027,api:0,p:-1,c:2323) connect: controlledByApp=false
04-29 03:58:09.611  2323  2323 I BLASTBufferQueue: [ViewRootImpl[Launcher]#39] constructor()
04-29 03:58:09.612  2323  2410 I BufferQueueProducer: [ViewRootImpl[Launcher]#39(BLAST Consumer)39](id:91300000027,api:1,p:2323,c:2323) connect: api=1 producerControlledByApp=true
04-29 03:58:09.612 19399 19399 I MessageMonitor: Load libmiui_runtime
04-29 03:58:09.615  1687  3246 V ActivityManager: New death recipient com.android.server.am.ActivityManagerService$AppDeathRecipient@193ff7 for thread android.os.BinderProxy@c47ae64
04-29 03:58:09.620   884   995 I hwcomposer: [HWCDisplay] [Display_0 (type:1)] fps:59.839447,dur:1002.68,max:18.01,min:14.60  
04-29 03:58:09.625  1687  1838 I MiuiNetworkPolicy: updateUidState uid = 10182, uidState = 3
04-29 03:58:09.631 19399 19399 D CompatibilityChangeReporter: Compat change id reported: 171979766; UID 10182; state: ENABLED
04-29 03:58:09.632  3525  3551 W MQSService: CallerName:com.google.android.googlequicksearchbox,calling Uid:10182
04-29 03:58:09.632  3525  3551 D MQSService: registerApplicationScoutThread pid = 19399, packageName = com.google.android.googlequicksearchbox
04-29 03:58:09.650 19399 19399 D nativeloader: Configuring clns-4 for other apk /system/framework/org.apache.http.legacy.jar. target_sdk_version=36, uses_libraries=ALL, library_path=/data/app/~~raPM210rARi-O_uVuUiKFA==/com.google.android.googlequicksearchbox-HrbMBOCzwlNXDMo-8M4biA==/lib/arm64:/data/app/~~raPM210rARi-O_uVuUiKFA==/com.google.android.googlequicksearchbox-HrbMBOCzwlNXDMo-8M4biA==/base.apk!/lib/arm64-v8a:/data/app/~~raPM210rARi-O_uVuUiKFA==/com.google.android.googlequicksearchbox-HrbMBOCzwlNXDMo-8M4biA==/split_config.xxhdpi.apk!/lib/arm64-v8a:/data/app/~~raPM210rARi-O_uVuUiKFA==/com.google.android.googlequicksearchbox-HrbMBOCzwlNXDMo-8M4biA==/split_lens_ondevice_engine_feature_module.apk!/lib/arm64-v8a, permitted_path=/data:/mnt/expand:/data/user/0/com.google.android.googlequicksearchbox
04-29 03:58:09.650 19399 19399 D nativeloader: Extending system_exposed_libraries: libteeservice_client.trustonic.so:libapuwareapusys.mtk.so:libapuwareapusys_v2.mtk.so:libapuwarexrp.mtk.so:libapuwarexrp_v2.mtk.so:libapuwareutils.mtk.so:libapuwareutils_v2.mtk.so:libapuwarehmp.mtk.so:libmcv_runtime_usdk.mtk.so:libneuron_graph_delegate.mtk.so:libneuronusdk_adapter.mtk.so:libtflite_mtk.mtk.so:libarmnn_ndk.mtk.so:libcmdl_ndk.mtk.so:libnir_neon_driver_ndk.mtk.so:libmvpu_runtime.mtk.so:libmvpu_runtime_pub.mtk.so:libmvpu_engine_pub.mtk.so:libmvpu_pattern_pub.mtk.so:libmvpuop_mtk_cv.mtk.so:libmvpuop_mtk_nn.mtk.so:libcamera_algoup_jni.xiaomi.so:libcamera_mianode_jni.xiaomi.so
04-29 03:58:09.656 19399 19399 D nativeloader: Configuring clns-5 for other apk /apex/com.android.extservices/javalib/android.ext.adservices.jar. target_sdk_version=36, uses_libraries=ALL, library_path=/data/app/~~raPM210rARi-O_uVuUiKFA==/com.google.android.googlequicksearchbox-HrbMBOCzwlNXDMo-8M4biA==/lib/arm64:/data/app/~~raPM210rARi-O_uVuUiKFA==/com.google.android.googlequicksearchbox-HrbMBOCzwlNXDMo-8M4biA==/base.apk!/lib/arm64-v8a:/data/app/~~raPM210rARi-O_uVuUiKFA==/com.google.android.googlequicksearchbox-HrbMBOCzwlNXDMo-8M4biA==/split_config.xxhdpi.apk!/lib/arm64-v8a:/data/app/~~raPM210rARi-O_uVuUiKFA==/com.google.android.googlequicksearchbox-HrbMBOCzwlNXDMo-8M4biA==/split_lens_ondevice_engine_feature_module.apk!/lib/arm64-v8a, permitted_path=/data:/mnt/expand:/data/user/0/com.google.android.googlequicksearchbox
04-29 03:58:09.656 19399 19399 D nativeloader: Extending system_exposed_libraries: libteeservice_client.trustonic.so:libapuwareapusys.mtk.so:libapuwareapusys_v2.mtk.so:libapuwarexrp.mtk.so:libapuwarexrp_v2.mtk.so:libapuwareutils.mtk.so:libapuwareutils_v2.mtk.so:libapuwarehmp.mtk.so:libmcv_runtime_usdk.mtk.so:libneuron_graph_delegate.mtk.so:libneuronusdk_adapter.mtk.so:libtflite_mtk.mtk.so:libarmnn_ndk.mtk.so:libcmdl_ndk.mtk.so:libnir_neon_driver_ndk.mtk.so:libmvpu_runtime.mtk.so:libmvpu_runtime_pub.mtk.so:libmvpu_engine_pub.mtk.so:libmvpu_pattern_pub.mtk.so:libmvpuop_mtk_cv.mtk.so:libmvpuop_mtk_nn.mtk.so:libcamera_algoup_jni.xiaomi.so:libcamera_mianode_jni.xiaomi.so
04-29 03:58:09.657 19399 19399 D nativeloader: InitApexLibraries:
04-29 03:58:09.657 19399 19399 D nativeloader:   com_android_appsearch: libicing.so
04-29 03:58:09.657 19399 19399 D nativeloader:   com_android_art: libartservice.so
04-29 03:58:09.657 19399 19399 D nativeloader:   com_android_conscrypt: libjavacrypto.so
04-29 03:58:09.657 19399 19399 D nativeloader:   com_android_extservices: libtflite_support_classifiers_native.so
04-29 03:58:09.657 19399 19399 D nativeloader:   com_android_mediaprovider: libpdfclient.so
04-29 03:58:09.657 19399 19399 D nativeloader:   com_android_os_statsd: libstats_jni.so
04-29 03:58:09.657 19399 19399 D nativeloader:   com_android_tethering: libandroid_net_connectivity_com_android_net_module_util_jni.so:libandroid_net_connectivity_com_android_net_module_util_jni_CommonConnectivityJni.so:libframework-connectivity-jni.so:libframework-connectivity-tiramisu-jni.so:libmainlinecronet.144.0.7500.8.so:libservice-connectivity.so:libservice-thread-jni.so:stable_cronet_libcrypto.so
04-29 03:58:09.702   916   916 E ClientCache: failed to get buffer, could not retrieve buffer
04-29 03:58:09.703  2323  2323 D RecentsImpl: mActivityStateObserver com.miui.home.launcher.Launcher
04-29 03:58:09.703  1687  3239 D WindowManager: finishDrawingLocked: mDrawState=COMMIT_DRAW_PENDING Window{f07a5af u0 com.miui.home/com.miui.home.launcher.Launcher} in Surface(name=com.miui.home/com.miui.home.launcher.Launcher)/@0x97e493
04-29 03:58:09.703  2323  2323 W RecentsImpl: onResumed className=com.miui.home.launcher.Launcher   mIsInAnotherPro=false   isKeyguardLocked=true
04-29 03:58:09.708  2323  2369 D StatusBarController: handleMessage: flag 800000  disable false
04-29 03:58:09.719  2323  2323 D Launcher_WallpaperUtils: changeStatusBarMode:false
04-29 03:58:09.735   916   916 E ClientCache: failed to get buffer, could not retrieve buffer
04-29 03:58:09.772  1687  1741 I AutomaticBrightnessControllerImpl: drop the lightsensor event! lux=0.0
04-29 03:58:09.773  1687  1741 I AutomaticBrightnessControllerImpl: drop the lightsensor event! lux=0.0
04-29 03:58:09.787 19399 19399 I chbox:googleap: Failed to open app image /data/app/~~raPM210rARi-O_uVuUiKFA==/com.google.android.googlequicksearchbox-HrbMBOCzwlNXDMo-8M4biA==/oat/arm64/base.art Invalid image header in '/data/app/~~raPM210rARi-O_uVuUiKFA==/com.google.android.googlequicksearchbox-HrbMBOCzwlNXDMo-8M4biA==/oat/arm64/base.art'
04-29 03:58:09.792  2306  2887 D KeyguardService: startKeyguardExitAnimation startTime=13245219;fadeoutDuration=300
04-29 03:58:09.792  2306  2306 D KeyguardViewMediator: handleStartKeyguardExitAnimation startTime=13245219 fadeoutDuration=300
04-29 03:58:09.795  1687  3246 I PowerHalWrapper: amsBoostStop AMS_BOOST_PACK_SWITCH:true, AMS_BOOST_ACT_SWITCH:false, AMS_BOOST_PROCESS_CREATE:false 
04-29 03:58:09.795   895   951 I mtkpower@impl: [mtkPowerHint] hint:22, hold:500, ext:0, ext_hold:0
04-29 03:58:09.796   895   978 I libPowerHal: [perfLockAcq] idx:4 hdl:8817 hint:22 pid:895 duration:500 lock_user:mtkpower@1.0-se => ret_hdl:8817
04-29 03:58:09.796   895   978 I libPowerHal: [perfLockRel] hdl:8814, idx:1
04-29 03:58:09.803   895   978 I libPowerHal: [perfLockAcq] idx:1 hdl:8818 hint:0 pid:895 duration:80 lock_user:mtkpower@1.0-se => ret_hdl:8818
04-29 03:58:09.803   895   978 I libPowerHal: INTERACTION: set gpu opp level max: 0
04-29 03:58:09.809   916   916 I BufferQueueProducer: [FramebufferSurface](this:0xb400007c14dce6e0,id:-1,api:1,p:916,c:916) queueBuffer: fps=0.22 dur=94403.41 max=94073.19 min=11.93
04-29 03:58:09.854   425   425 E lowmemorykiller: MTK_packageName=com.miui.securitycenter,taskname=com.miui.securitycenter,strcmp=104
04-29 03:58:09.857   425   425 I lowmemorykiller: Kill 'com.miui.securitycenter' (17824), uid 1000, oom_score_adj 955 to free 206072kB rss, 28240kB swap; reason: critical pressure and device is low on memory
04-29 03:58:09.858  1687  1724 I libprocessgroup: Successfully killed process cgroup uid 1000 pid 17824 in 0ms
04-29 03:58:09.867  1687  1731 D IntervalStats: Unable to parse usage stats packages: [372]
04-29 03:58:09.883   869   869 I Zygote  : Process 17824 exited due to signal 9 (Killed)
