04-29 03:38:56.311 I/mtkpower@impl(  895): [powerd_req] TIMER_MSG_PERF_LOCK_TIMEOUT hdl:8202
04-29 03:38:56.311 I/libPowerHal(  895): [perfLockRel] hdl:8202, idx:1
04-29 03:38:56.330 I/libPowerHal(  895): [perfLockAcq] idx:0 hdl:8203 hint:0 pid:895 duration:80 lock_user:mtkpower@1.0-se => ret_hdl:8203
04-29 03:38:56.330 I/libPowerHal(  895): INTERACTION: set gpu opp level max: 0
04-29 03:38:56.330 I/libPowerHal(  895): [perfLockAcq] idx:1 hdl:8204 hint:0 pid:895 duration:80 lock_user:mtkpower@1.0-se => ret_hdl:8204
04-29 03:38:56.330 I/libPowerHal(  895): INTERACTION: set gpu opp level max: 0
04-29 03:38:56.407 D/AAL     ( 1229): 04-29 03:38:56.395 BL= 562,ESS= 256, 
04-29 03:38:56.411 I/mtkpower@impl(  895): [powerd_req] TIMER_MSG_PERF_LOCK_TIMEOUT hdl:8203
04-29 03:38:56.411 I/libPowerHal(  895): [perfLockRel] hdl:8203, idx:0
04-29 03:38:56.411 I/mtkpower@impl(  895): [powerd_req] TIMER_MSG_PERF_LOCK_TIMEOUT hdl:8204
04-29 03:38:56.411 I/libPowerHal(  895): [perfLockRel] hdl:8204, idx:1
04-29 03:38:56.430 I/libPowerHal(  895): [perfLockAcq] idx:0 hdl:8205 hint:0 pid:895 duration:80 lock_user:mtkpower@1.0-se => ret_hdl:8205
04-29 03:38:56.430 I/libPowerHal(  895): INTERACTION: set gpu opp level max: 0
04-29 03:38:56.430 I/libPowerHal(  895): [perfLockAcq] idx:1 hdl:8206 hint:0 pid:895 duration:80 lock_user:mtkpower@1.0-se => ret_hdl:8206
04-29 03:38:56.430 I/libPowerHal(  895): INTERACTION: set gpu opp level max: 0
04-29 03:38:56.439 I/AutomaticBrightnessControllerImpl( 1687): drop the lightsensor event! lux=5.0
04-29 03:38:56.440 I/Accelerometer(  888): Acceleration: x:6.438000, y:-0.083000, z:7.800000]
04-29 03:38:56.511 I/mtkpower@impl(  895): [powerd_req] TIMER_MSG_PERF_LOCK_TIMEOUT hdl:8205
04-29 03:38:56.511 I/libPowerHal(  895): [perfLockRel] hdl:8205, idx:0
04-29 03:38:56.511 I/mtkpower@impl(  895): [powerd_req] TIMER_MSG_PERF_LOCK_TIMEOUT hdl:8206
04-29 03:38:56.511 I/libPowerHal(  895): [perfLockRel] hdl:8206, idx:1
04-29 03:38:56.530 I/libPowerHal(  895): [perfLockAcq] idx:0 hdl:8207 hint:0 pid:895 duration:80 lock_user:mtkpower@1.0-se => ret_hdl:8207
04-29 03:38:56.530 I/libPowerHal(  895): INTERACTION: set gpu opp level max: 0
04-29 03:38:56.530 I/libPowerHal(  895): [perfLockAcq] idx:1 hdl:8208 hint:0 pid:895 duration:80 lock_user:mtkpower@1.0-se => ret_hdl:8208
04-29 03:38:56.530 I/libPowerHal(  895): INTERACTION: set gpu opp level max: 0
04-29 03:38:56.611 I/mtkpower@impl(  895): [powerd_req] TIMER_MSG_PERF_LOCK_TIMEOUT hdl:8207
04-29 03:38:56.611 I/libPowerHal(  895): [perfLockRel] hdl:8207, idx:0
04-29 03:38:56.611 I/mtkpower@impl(  895): [powerd_req] TIMER_MSG_PERF_LOCK_TIMEOUT hdl:8208
04-29 03:38:56.611 I/libPowerHal(  895): [perfLockRel] hdl:8208, idx:1
04-29 03:38:56.639 I/libPowerHal(  895): [perfLockAcq] idx:0 hdl:8209 hint:0 pid:895 duration:80 lock_user:mtkpower@1.0-se => ret_hdl:8209
04-29 03:38:56.639 I/libPowerHal(  895): INTERACTION: set gpu opp level max: 0
04-29 03:38:56.640 I/libPowerHal(  895): [perfLockAcq] idx:1 hdl:8210 hint:0 pid:895 duration:80 lock_user:mtkpower@1.0-se => ret_hdl:8210
04-29 03:38:56.640 I/libPowerHal(  895): INTERACTION: set gpu opp level max: 0
04-29 03:38:56.719 I/mtkpower@impl(  895): [powerd_req] TIMER_MSG_PERF_LOCK_TIMEOUT hdl:8209
04-29 03:38:56.719 I/libPowerHal(  895): [perfLockRel] hdl:8209, idx:0
04-29 03:38:56.720 I/mtkpower@impl(  895): [powerd_req] TIMER_MSG_PERF_LOCK_TIMEOUT hdl:8210
04-29 03:38:56.721 I/libPowerHal(  895): [perfLockRel] hdl:8210, idx:1
04-29 03:38:56.739 I/libPowerHal(  895): [perfLockAcq] idx:0 hdl:8211 hint:0 pid:895 duration:80 lock_user:mtkpower@1.0-se => ret_hdl:8211
04-29 03:38:56.739 I/libPowerHal(  895): INTERACTION: set gpu opp level max: 0
04-29 03:38:56.739 I/libPowerHal(  895): [perfLockAcq] idx:1 hdl:8212 hint:0 pid:895 duration:80 lock_user:mtkpower@1.0-se => ret_hdl:8212
04-29 03:38:56.739 I/libPowerHal(  895): INTERACTION: set gpu opp level max: 0
04-29 03:38:56.772 I/AutomaticBrightnessControllerImpl( 1687): drop the lightsensor event! lux=6.0
04-29 03:38:56.807 I/MuMain  (14342): PERF fps=17.1 frameMs=58.35 phase(render=55.99 pad=0.77 present=1.51) renderLevel=2 fxScale=0.60 maxMsg=90 avg(draw=687 verts=335734 im=543 vaD=0 vaC=585 qI=6 qE=0) max(draw=690 verts=338807)
04-29 03:38:56.807 I/MuMain  (14342): PERF_SCENE world=6 char(live=29 vis=29 ply=1 mon=28 npc=0 pet=0 prio=1 topMon=713 x9) obj(live=1489 vis=192 op=0 trap=0 topObj=26 x48)
04-29 03:38:56.807 I/MuMain  (14342): PERF_BUCKET objMove(cand=192 upd=91 def=100 n=47 m=119 f=26) objRender(cand=192 draw=192 cull=0 n=47 m=118 f=26 visDraw=144 visDef=47) charMove(cand=29 upd=14 def=14 n=21 m=8 f=0) charRender(cand=29 draw=29 def=0 cull=0 n=21 m=7 f=0)
04-29 03:38:56.807 I/MuMain  (14342): PERF_CPU terrain=2.52 after=0.00 obj(move=0.25 render=13.75) char(move=0.36 render=22.70) other=16.41
04-29 03:38:56.807 I/MuMain  (14342): PERF_PHASE shadow=0.04 boids=0.00 misc=0.22 joints=0.28 effects=0.51 blurs=0.07 sprites=0.83 particles=1.22 points=0.01 afterfx=0.00 ui=10.07 rem=3.14
04-29 03:38:56.807 I/MuMain  (14342): PERF_CAM zoom(cur=1600 min=1600 max=1600 tgt=1600 tmin=1600 tmax=1600 ov=1600) clip(near=20 far=3200 fmin=3200 fmax=3200) ang(p=-48.5 pmin=-48.5 pmax=-48.5 y=-45.0 ymin=-45.0 ymax=-45.0) top=0/5 settling=0/5
04-29 03:38:56.807 I/MuMain  (14342): PERF_TERRAIN world=6 normal(block=154 tile=1997) grass(block=154 tile=1997) after(block=0 tile=0)
04-29 03:38:56.809 D/AAL     ( 1229): 04-29 03:38:56.799 BL= 561,ESS= 256, 
04-29 03:38:56.820 I/mtkpower@impl(  895): [powerd_req] TIMER_MSG_PERF_LOCK_TIMEOUT hdl:8211
04-29 03:38:56.820 I/libPowerHal(  895): [perfLockRel] hdl:8211, idx:0
04-29 03:38:56.820 I/mtkpower@impl(  895): [powerd_req] TIMER_MSG_PERF_LOCK_TIMEOUT hdl:8212
04-29 03:38:56.820 I/libPowerHal(  895): [perfLockRel] hdl:8212, idx:1
04-29 03:38:56.839 I/libPowerHal(  895): [perfLockAcq] idx:0 hdl:8213 hint:0 pid:895 duration:80 lock_user:mtkpower@1.0-se => ret_hdl:8213
04-29 03:38:56.839 I/libPowerHal(  895): INTERACTION: set gpu opp level max: 0
04-29 03:38:56.840 I/libPowerHal(  895): [perfLockAcq] idx:1 hdl:8214 hint:0 pid:895 duration:80 lock_user:mtkpower@1.0-se => ret_hdl:8214
04-29 03:38:56.840 I/libPowerHal(  895): INTERACTION: set gpu opp level max: 0
04-29 03:38:56.904 D/MIUIInput( 1687): [MotionEvent] publisher action=0x1, 12092331, channel '40bad56 com.muonline.client/com.muonline.client.MuMainActivity (server)'
04-29 03:38:56.905 I/mtkpower_client( 1687): perf_lock_rel, hdl:8198, tid:1705
04-29 03:38:56.905 I/libPowerHal(  895): [perfLockRel] hdl:8198, idx:2
04-29 03:38:56.906 I/libPowerHal(  895): [PD] system_server update cmd:1000000, param:-1
04-29 03:38:56.906 I/libPowerHal(  895): [PD] system_server update cmd:1000000 param:-1
04-29 03:38:56.911 I/AutomaticBrightnessControllerImpl( 1687): drop the lightsensor event! lux=52.0
04-29 03:38:56.919 I/mtkpower@impl(  895): [powerd_req] TIMER_MSG_PERF_LOCK_TIMEOUT hdl:8213
04-29 03:38:56.919 I/libPowerHal(  895): [perfLockRel] hdl:8213, idx:0
04-29 03:38:56.920 I/mtkpower@impl(  895): [powerd_req] TIMER_MSG_PERF_LOCK_TIMEOUT hdl:8214
04-29 03:38:56.920 I/libPowerHal(  895): [perfLockRel] hdl:8214, idx:1
04-29 03:38:56.920 I/libPowerHal(  895): INTERACTION: cpu_ctrl set cpu freq: -1 -1 -1 -1
04-29 03:38:56.920 I/libPowerHal(  895): INTERACTION: set gpu opp level: 29
04-29 03:38:56.920 I/libPowerHal(  895): INTERACTION: set gpu opp level max: 0
04-29 03:38:56.977 I/AudioTrack(14342): isLongTimeZoreData zoer date time 11 Seconds
04-29 03:38:57.067 I/BufferQueueProducer(  916): [SurfaceView[com.muonline.client/com.muonline.client.MuMainActivity](BLAST)#0](this:0xb400007b5d53a8d0,id:-1,api:0,p:-1,c:916) queueBuffer: fps=16.94 dur=1003.66 max=84.04 min=48.94
04-29 03:38:57.070 I/hwcomposer(  884): [HWCDisplay] [Display_0 (type:1)] fps:16.801008,dur:1071.36,max:84.85,min:48.89  
04-29 03:38:57.076 D/AAL     ( 1229): 04-29 03:38:57.025 BL= 562,ESS= 256, 04-29 03:38:57.047 BL= 563,ESS= 256, 
04-29 03:38:57.106 I/AutomaticBrightnessControllerImpl( 1687): drop the lightsensor event! lux=6.0
04-29 03:38:57.169 I/libPerfCtl(  895): xgfGetFPS pid:14342 fps:16
04-29 03:38:57.316 D/MIUIInput( 1687): [MotionEvent] publisher action=0x0, 12092741, channel '40bad56 com.muonline.client/com.muonline.client.MuMainActivity (server)'
04-29 03:38:57.318 I/libPowerHal(  895): [perfLockAcq] idx:0 hdl:8215 hint:0 pid:895 duration:80 lock_user:mtkpower@1.0-se => ret_hdl:8215
04-29 03:38:57.318 I/libPowerHal(  895): INTERACTION: set gpu opp level: 0
04-29 03:38:57.319 I/libPowerHal(  895): INTERACTION: set gpu opp level max: 0
04-29 03:38:57.320 I/libPowerHal(  895): INTERACTION: cpu_ctrl set cpu freq: 1800000 -1 2000000 -1
04-29 03:38:57.321 I/libPowerHal(  895): [perfLockAcq] idx:1 hdl:8216 hint:0 pid:895 duration:80 lock_user:mtkpower@1.0-se => ret_hdl:8216
04-29 03:38:57.321 I/libPowerHal(  895): INTERACTION: set gpu opp level max: 0
04-29 03:38:57.400 I/mtkpower@impl(  895): [powerd_req] TIMER_MSG_PERF_LOCK_TIMEOUT hdl:8215
04-29 03:38:57.401 I/libPowerHal(  895): [perfLockRel] hdl:8215, idx:0
04-29 03:38:57.401 I/mtkpower@impl(  895): [powerd_req] TIMER_MSG_PERF_LOCK_TIMEOUT hdl:8216
04-29 03:38:57.401 I/libPowerHal(  895): [perfLockRel] hdl:8216, idx:1
04-29 03:38:57.402 I/libPowerHal(  895): INTERACTION: cpu_ctrl set cpu freq: -1 -1 -1 -1
04-29 03:38:57.402 I/libPowerHal(  895): INTERACTION: set gpu opp level: 29
04-29 03:38:57.402 I/libPowerHal(  895): INTERACTION: set gpu opp level max: 0
04-29 03:38:57.409 I/mtkpower_client( 1687): perf_lock_acq, hdl:8198, dur:2000, num:8, tid:1705
04-29 03:38:57.411 I/mtkpower_client( 1687): ret_hdl:8217
04-29 03:38:57.411 I/libPowerHal(  895): [perfLockAcq] idx:0 hdl:8217 hint:-1 pid:1687 duration:2000 lock_user:system_server => ret_hdl:8217
04-29 03:38:57.411 I/libPowerHal(  895): system_server: set gpu opp level: 0
04-29 03:38:57.411 I/libPowerHal(  895): system_server: set gpu opp level max: 0
04-29 03:38:57.412 I/libPowerHal(  895): system_server: cpu_ctrl set cpu freq: 1800000 -1 2000000 -1
04-29 03:38:57.412 I/libPowerHal(  895): [PE] system_server update cmd:1000000, param:0
04-29 03:38:57.412 I/libPowerHal(  895): [PE] system_server update cmd:1000000 param:0
04-29 03:38:57.416 I/libPowerHal(  895): [perfLockAcq] idx:1 hdl:8218 hint:0 pid:895 duration:80 lock_user:mtkpower@1.0-se => ret_hdl:8218
04-29 03:38:57.416 I/libPowerHal(  895): INTERACTION: set gpu opp level max: 0
04-29 03:38:57.417 I/libPowerHal(  895): [perfLockAcq] idx:2 hdl:8219 hint:0 pid:895 duration:80 lock_user:mtkpower@1.0-se => ret_hdl:8219
04-29 03:38:57.417 I/libPowerHal(  895): INTERACTION: set gpu opp level max: 0
04-29 03:38:57.427 D/AAL     ( 1229): 04-29 03:38:57.415 BL= 564,ESS= 256, 
04-29 03:38:57.429 I/Accelerometer(  888): Acceleration: x:6.443000, y:0.069000, z:7.647000]
04-29 03:38:57.439 I/AutomaticBrightnessControllerImpl( 1687): drop the lightsensor event! lux=5.0
04-29 03:38:57.439 D/AALLightSensor( 1229): oldLux=8 [SA:5 LA:5] newLux=8 (oriLux: 5)
04-29 03:38:57.485 I/WifiHAL ( 1940): Get link layer stats
04-29 03:38:57.485 I/WifiHAL ( 1940): GetLinkStatsCommand::create
04-29 03:38:57.485 D/android.hardware.wifi@1.0-service-lazy( 1940): WifiRequest::create vendor command to iface 32, vendor_id=0x1a11, subcmd=0x1200, res=0
04-29 03:38:57.485 I/android.hardware.wifi@1.0-service-lazy( 1940): WifiCommand::requestResponse err=-14
04-29 03:38:57.485 I/WifiHAL ( 1940): wifi_get_link_stats: result=-1
04-29 03:38:57.485 E/WifiVendorHal( 1687): getWifiLinkLayerStats_1_5_Internal(l.1198) failed {.code = ERROR_UNKNOWN, .description = unknown}
04-29 03:38:57.496 I/mtkpower@impl(  895): [powerd_req] TIMER_MSG_PERF_LOCK_TIMEOUT hdl:8218
04-29 03:38:57.496 I/libPowerHal(  895): [perfLockRel] hdl:8218, idx:1
04-29 03:38:57.498 I/mtkpower@impl(  895): [powerd_req] TIMER_MSG_PERF_LOCK_TIMEOUT hdl:8219
04-29 03:38:57.498 I/libPowerHal(  895): [perfLockRel] hdl:8219, idx:2
04-29 03:38:57.517 I/libPowerHal(  895): [perfLockAcq] idx:1 hdl:8220 hint:0 pid:895 duration:80 lock_user:mtkpower@1.0-se => ret_hdl:8220
04-29 03:38:57.517 I/libPowerHal(  895): INTERACTION: set gpu opp level max: 0
04-29 03:38:57.518 I/libPowerHal(  895): [perfLockAcq] idx:2 hdl:8221 hint:0 pid:895 duration:80 lock_user:mtkpower@1.0-se => ret_hdl:8221
04-29 03:38:57.518 I/libPowerHal(  895): INTERACTION: set gpu opp level max: 0
04-29 03:38:57.594 D/AAL     ( 1229): 04-29 03:38:57.549 BL= 565,ESS= 256, 04-29 03:38:57.580 BL= 566,ESS= 256, 
04-29 03:38:57.598 I/mtkpower@impl(  895): [powerd_req] TIMER_MSG_PERF_LOCK_TIMEOUT hdl:8220
04-29 03:38:57.598 I/libPowerHal(  895): [perfLockRel] hdl:8220, idx:1
04-29 03:38:57.598 I/mtkpower@impl(  895): [powerd_req] TIMER_MSG_PERF_LOCK_TIMEOUT hdl:8221
04-29 03:38:57.598 I/libPowerHal(  895): [perfLockRel] hdl:8221, idx:2
04-29 03:38:57.616 I/libPowerHal(  895): [perfLockAcq] idx:1 hdl:8222 hint:0 pid:895 duration:80 lock_user:mtkpower@1.0-se => ret_hdl:8222
04-29 03:38:57.617 I/libPowerHal(  895): INTERACTION: set gpu opp level max: 0
04-29 03:38:57.617 I/libPowerHal(  895): [perfLockAcq] idx:2 hdl:8223 hint:0 pid:895 duration:80 lock_user:mtkpower@1.0-se => ret_hdl:8223
04-29 03:38:57.617 I/libPowerHal(  895): INTERACTION: set gpu opp level max: 0
04-29 03:38:57.698 I/mtkpower@impl(  895): [powerd_req] TIMER_MSG_PERF_LOCK_TIMEOUT hdl:8222
04-29 03:38:57.698 I/libPowerHal(  895): [perfLockRel] hdl:8222, idx:1
04-29 03:38:57.698 I/mtkpower@impl(  895): [powerd_req] TIMER_MSG_PERF_LOCK_TIMEOUT hdl:8223
04-29 03:38:57.698 I/libPowerHal(  895): [perfLockRel] hdl:8223, idx:2
04-29 03:38:57.717 I/libPowerHal(  895): [perfLockAcq] idx:1 hdl:8224 hint:0 pid:895 duration:80 lock_user:mtkpower@1.0-se => ret_hdl:8224
04-29 03:38:57.717 I/libPowerHal(  895): INTERACTION: set gpu opp level max: 0
04-29 03:38:57.718 I/libPowerHal(  895): [perfLockAcq] idx:2 hdl:8225 hint:0 pid:895 duration:80 lock_user:mtkpower@1.0-se => ret_hdl:8225
04-29 03:38:57.718 I/libPowerHal(  895): INTERACTION: set gpu opp level max: 0
04-29 03:38:57.762 D/AAL     ( 1229): 04-29 03:38:57.752 BL= 565,ESS= 256, 
04-29 03:38:57.773 I/AutomaticBrightnessControllerImpl( 1687): drop the lightsensor event! lux=6.0
04-29 03:38:57.797 I/mtkpower@impl(  895): [powerd_req] TIMER_MSG_PERF_LOCK_TIMEOUT hdl:8224
04-29 03:38:57.797 I/libPowerHal(  895): [perfLockRel] hdl:8224, idx:1
04-29 03:38:57.798 I/mtkpower@impl(  895): [powerd_req] TIMER_MSG_PERF_LOCK_TIMEOUT hdl:8225
04-29 03:38:57.798 I/libPowerHal(  895): [perfLockRel] hdl:8225, idx:2
04-29 03:38:57.817 I/libPowerHal(  895): [perfLockAcq] idx:1 hdl:8226 hint:0 pid:895 duration:80 lock_user:mtkpower@1.0-se => ret_hdl:8226
04-29 03:38:57.817 I/libPowerHal(  895): INTERACTION: set gpu opp level max: 0
04-29 03:38:57.818 I/libPowerHal(  895): [perfLockAcq] idx:2 hdl:8227 hint:0 pid:895 duration:80 lock_user:mtkpower@1.0-se => ret_hdl:8227
04-29 03:38:57.818 I/libPowerHal(  895): INTERACTION: set gpu opp level max: 0
04-29 03:38:57.897 I/mtkpower@impl(  895): [powerd_req] TIMER_MSG_PERF_LOCK_TIMEOUT hdl:8226
04-29 03:38:57.897 I/libPowerHal(  895): [perfLockRel] hdl:8226, idx:1
04-29 03:38:57.899 I/mtkpower@impl(  895): [powerd_req] TIMER_MSG_PERF_LOCK_TIMEOUT hdl:8227
04-29 03:38:57.899 I/libPowerHal(  895): [perfLockRel] hdl:8227, idx:2
04-29 03:38:57.911 I/AutomaticBrightnessControllerImpl( 1687): drop the lightsensor event! lux=52.0
04-29 03:38:57.918 I/libPowerHal(  895): [perfLockAcq] idx:1 hdl:8228 hint:0 pid:895 duration:80 lock_user:mtkpower@1.0-se => ret_hdl:8228
04-29 03:38:57.918 I/libPowerHal(  895): INTERACTION: set gpu opp level max: 0
04-29 03:38:57.918 I/libPowerHal(  895): [perfLockAcq] idx:2 hdl:8229 hint:0 pid:895 duration:80 lock_user:mtkpower@1.0-se => ret_hdl:8229
04-29 03:38:57.918 I/libPowerHal(  895): INTERACTION: set gpu opp level max: 0
04-29 03:38:57.940 I/MuMain  (14342): PERF fps=16.3 frameMs=61.24 phase(render=59.00 pad=0.26 present=1.89) renderLevel=2 fxScale=0.60 maxMsg=90 avg(draw=735 verts=363842 im=248 vaD=0 vaC=599 qI=4 qE=0) max(draw=744 verts=371066)
04-29 03:38:57.940 I/MuMain  (14342): PERF_SCENE world=6 char(live=28 vis=27 ply=1 mon=26 npc=0 pet=0 prio=2 topMon=713 x8) obj(live=1489 vis=198 op=0 trap=0 topObj=26 x47)
04-29 03:38:57.940 I/MuMain  (14342): PERF_BUCKET objMove(cand=199 upd=98 def=100 n=54 m=132 f=12) objRender(cand=198 draw=198 cull=0 n=55 m=132 f=11 visDraw=150 visDef=48) charMove(cand=29 upd=16 def=13 n=26 m=3 f=0) charRender(cand=28 draw=28 def=0 cull=0 n=25 m=3 f=0)
04-29 03:38:57.940 I/MuMain  (14342): PERF_CPU terrain=2.49 after=0.00 obj(move=0.24 render=14.16) char(move=0.37 render=24.50) other=17.23
04-29 03:38:57.940 I/MuMain  (14342): PERF_PHASE shadow=0.05 boids=0.00 misc=0.23 joints=0.39 effects=1.02 blurs=0.07 sprites=0.73 particles=1.19 points=0.02 afterfx=0.00 ui=10.12 rem=3.41
04-29 03:38:57.940 I/MuMain  (14342): PERF_CAM zoom(cur=1600 min=1600 max=1600 tgt=1600 tmin=1600 tmax=1600 ov=1600) clip(near=20 far=3200 fmin=3200 fmax=3200) ang(p=-48.5 pmin=-48.5 pmax=-48.5 y=-45.0 ymin=-45.0 ymax=-45.0) top=0/5 settling=0/5
04-29 03:38:57.940 I/MuMain  (14342): PERF_TERRAIN world=6 normal(block=154 tile=2001) grass(block=154 tile=2001) after(block=0 tile=0)
04-29 03:38:57.998 I/mtkpower@impl(  895): [powerd_req] TIMER_MSG_PERF_LOCK_TIMEOUT hdl:8228
04-29 03:38:57.999 I/libPowerHal(  895): [perfLockRel] hdl:8228, idx:1
04-29 03:38:57.999 I/mtkpower@impl(  895): [powerd_req] TIMER_MSG_PERF_LOCK_TIMEOUT hdl:8229
04-29 03:38:57.999 I/libPowerHal(  895): [perfLockRel] hdl:8229, idx:2
04-29 03:38:58.018 I/libPowerHal(  895): [perfLockAcq] idx:1 hdl:8230 hint:0 pid:895 duration:80 lock_user:mtkpower@1.0-se => ret_hdl:8230
04-29 03:38:58.018 I/libPowerHal(  895): INTERACTION: set gpu opp level max: 0
04-29 03:38:58.018 I/libPowerHal(  895): [perfLockAcq] idx:2 hdl:8231 hint:0 pid:895 duration:80 lock_user:mtkpower@1.0-se => ret_hdl:8231
04-29 03:38:58.018 I/libPowerHal(  895): INTERACTION: set gpu opp level max: 0
04-29 03:38:58.025 D/FiveGDataOptimize( 2287): isAnyCallOngoing callOngoing= false
04-29 03:38:58.027 D/FiveGDataOptimize( 2287): TxRx: 0, Tx: 0, Rx: 0, Hit: 0
04-29 03:38:58.080 I/AudioTrack(14342): isLongTimeZoreData zoer date time 12 Seconds
04-29 03:38:58.099 I/mtkpower@impl(  895): [powerd_req] TIMER_MSG_PERF_LOCK_TIMEOUT hdl:8230
04-29 03:38:58.099 I/libPowerHal(  895): [perfLockRel] hdl:8230, idx:1
04-29 03:38:58.099 I/mtkpower@impl(  895): [powerd_req] TIMER_MSG_PERF_LOCK_TIMEOUT hdl:8231
04-29 03:38:58.099 I/libPowerHal(  895): [perfLockRel] hdl:8231, idx:2
04-29 03:38:58.106 I/AutomaticBrightnessControllerImpl( 1687): drop the lightsensor event! lux=6.0
04-29 03:38:58.118 I/libPowerHal(  895): [perfLockAcq] idx:1 hdl:8232 hint:0 pid:895 duration:80 lock_user:mtkpower@1.0-se => ret_hdl:8232
04-29 03:38:58.118 I/libPowerHal(  895): INTERACTION: set gpu opp level max: 0
04-29 03:38:58.119 I/libPowerHal(  895): [perfLockAcq] idx:2 hdl:8233 hint:0 pid:895 duration:80 lock_user:mtkpower@1.0-se => ret_hdl:8233
04-29 03:38:58.119 I/libPowerHal(  895): INTERACTION: set gpu opp level max: 0
04-29 03:38:58.119 I/BufferQueueProducer(  916): [SurfaceView[com.muonline.client/com.muonline.client.MuMainActivity](BLAST)#0](this:0xb400007b5d53a8d0,id:-1,api:0,p:-1,c:916) queueBuffer: fps=14.25 dur=1052.29 max=100.45 min=50.06
04-29 03:38:58.120 I/hwcomposer(  884): [HWCDisplay] [Display_0 (type:1)] fps:14.277274,dur:1050.62,max:100.34,min:50.12  
04-29 03:38:58.169 I/libPerfCtl(  895): xgfGetFPS pid:14342 fps:14
04-29 03:38:58.198 I/mtkpower@impl(  895): [powerd_req] TIMER_MSG_PERF_LOCK_TIMEOUT hdl:8232
04-29 03:38:58.198 I/libPowerHal(  895): [perfLockRel] hdl:8232, idx:1
04-29 03:38:58.199 I/mtkpower@impl(  895): [powerd_req] TIMER_MSG_PERF_LOCK_TIMEOUT hdl:8233
04-29 03:38:58.199 I/libPowerHal(  895): [perfLockRel] hdl:8233, idx:2
04-29 03:38:58.219 I/libPowerHal(  895): [perfLockAcq] idx:1 hdl:8234 hint:0 pid:895 duration:80 lock_user:mtkpower@1.0-se => ret_hdl:8234
04-29 03:38:58.219 I/libPowerHal(  895): INTERACTION: set gpu opp level max: 0
04-29 03:38:58.219 I/libPowerHal(  895): [perfLockAcq] idx:2 hdl:8235 hint:0 pid:895 duration:80 lock_user:mtkpower@1.0-se => ret_hdl:8235
04-29 03:38:58.219 I/libPowerHal(  895): INTERACTION: set gpu opp level max: 0
04-29 03:38:58.300 I/mtkpower@impl(  895): [powerd_req] TIMER_MSG_PERF_LOCK_TIMEOUT hdl:8234
04-29 03:38:58.300 I/libPowerHal(  895): [perfLockRel] hdl:8234, idx:1
04-29 03:38:58.300 I/mtkpower@impl(  895): [powerd_req] TIMER_MSG_PERF_LOCK_TIMEOUT hdl:8235
04-29 03:38:58.300 I/libPowerHal(  895): [perfLockRel] hdl:8235, idx:2
04-29 03:38:58.319 I/libPowerHal(  895): [perfLockAcq] idx:1 hdl:8236 hint:0 pid:895 duration:80 lock_user:mtkpower@1.0-se => ret_hdl:8236
04-29 03:38:58.319 I/libPowerHal(  895): INTERACTION: set gpu opp level max: 0
04-29 03:38:58.319 I/libPowerHal(  895): [perfLockAcq] idx:2 hdl:8237 hint:0 pid:895 duration:80 lock_user:mtkpower@1.0-se => ret_hdl:8237
04-29 03:38:58.319 I/libPowerHal(  895): INTERACTION: set gpu opp level max: 0
04-29 03:38:58.400 I/mtkpower@impl(  895): [powerd_req] TIMER_MSG_PERF_LOCK_TIMEOUT hdl:8236
04-29 03:38:58.400 I/libPowerHal(  895): [perfLockRel] hdl:8236, idx:1
04-29 03:38:58.400 I/mtkpower@impl(  895): [powerd_req] TIMER_MSG_PERF_LOCK_TIMEOUT hdl:8237
04-29 03:38:58.400 I/libPowerHal(  895): [perfLockRel] hdl:8237, idx:2
04-29 03:38:58.417 I/Accelerometer(  888): Acceleration: x:6.462000, y:0.165000, z:7.578000]
04-29 03:38:58.439 I/AutomaticBrightnessControllerImpl( 1687): drop the lightsensor event! lux=6.0
04-29 03:38:58.773 I/AutomaticBrightnessControllerImpl( 1687): drop the lightsensor event! lux=6.0
04-29 03:38:58.904 I/libPowerHal(  895): [perfLockAcq] idx:1 hdl:8238 hint:0 pid:895 duration:80 lock_user:mtkpower@1.0-se => ret_hdl:8238
04-29 03:38:58.904 I/libPowerHal(  895): INTERACTION: set gpu opp level max: 0
04-29 03:38:58.905 I/libPowerHal(  895): [perfLockAcq] idx:2 hdl:8239 hint:0 pid:895 duration:80 lock_user:mtkpower@1.0-se => ret_hdl:8239
04-29 03:38:58.905 I/libPowerHal(  895): INTERACTION: set gpu opp level max: 0
04-29 03:38:58.910 I/AutomaticBrightnessControllerImpl( 1687): drop the lightsensor event! lux=52.0
04-29 03:38:58.929 D/MIUIInput( 1687): [MotionEvent] publisher action=0x1, 12094354, channel '40bad56 com.muonline.client/com.muonline.client.MuMainActivity (server)'
04-29 03:38:58.930 I/mtkpower_client( 1687): perf_lock_rel, hdl:8217, tid:1705
04-29 03:38:58.930 I/libPowerHal(  895): [perfLockRel] hdl:8217, idx:0
04-29 03:38:58.930 I/libPowerHal(  895): [PD] system_server update cmd:1000000, param:-1
04-29 03:38:58.931 I/libPowerHal(  895): [PD] system_server update cmd:1000000 param:-1
04-29 03:38:58.984 I/mtkpower@impl(  895): [powerd_req] TIMER_MSG_PERF_LOCK_TIMEOUT hdl:8238
04-29 03:38:58.985 I/libPowerHal(  895): [perfLockRel] hdl:8238, idx:1
04-29 03:38:58.985 I/mtkpower@impl(  895): [powerd_req] TIMER_MSG_PERF_LOCK_TIMEOUT hdl:8239
04-29 03:38:58.985 I/libPowerHal(  895): [perfLockRel] hdl:8239, idx:2
04-29 03:38:58.985 I/libPowerHal(  895): INTERACTION: cpu_ctrl set cpu freq: -1 -1 -1 -1
04-29 03:38:58.985 I/libPowerHal(  895): INTERACTION: set gpu opp level: 29
04-29 03:38:58.985 I/libPowerHal(  895): INTERACTION: set gpu opp level max: 0
04-29 03:38:59.088 D/MIUIInput( 1687): [MotionEvent] publisher action=0x0, 12094514, channel '40bad56 com.muonline.client/com.muonline.client.MuMainActivity (server)'
04-29 03:38:59.092 I/libPowerHal(  895): [perfLockAcq] idx:0 hdl:8240 hint:0 pid:895 duration:80 lock_user:mtkpower@1.0-se => ret_hdl:8240
04-29 03:38:59.092 I/libPowerHal(  895): INTERACTION: set gpu opp level: 0
04-29 03:38:59.092 I/libPowerHal(  895): INTERACTION: set gpu opp level max: 0
04-29 03:38:59.093 I/libPowerHal(  895): INTERACTION: cpu_ctrl set cpu freq: 1800000 -1 2000000 -1
04-29 03:38:59.094 I/libPowerHal(  895): [perfLockAcq] idx:1 hdl:8241 hint:0 pid:895 duration:80 lock_user:mtkpower@1.0-se => ret_hdl:8241
04-29 03:38:59.094 I/libPowerHal(  895): INTERACTION: set gpu opp level max: 0
04-29 03:38:59.098 I/MuMain  (14342): PERF fps=11.6 frameMs=86.23 phase(render=84.11 pad=0.43 present=1.52) renderLevel=2 fxScale=0.60 maxMsg=90 avg(draw=859 verts=392520 im=331 vaD=0 vaC=786 qI=9 qE=0) max(draw=860 verts=392744)
04-29 03:38:59.098 I/MuMain  (14342): PERF_SCENE world=6 char(live=28 vis=27 ply=1 mon=26 npc=0 pet=0 prio=1 topMon=713 x8) obj(live=1489 vis=268 op=0 trap=0 topObj=26 x55)
04-29 03:38:59.098 I/MuMain  (14342): PERF_BUCKET objMove(cand=268 upd=118 def=149 n=66 m=146 f=55) objRender(cand=268 draw=268 cull=0 n=66 m=146 f=55 visDraw=167 visDef=100) charMove(cand=28 upd=14 def=13 n=25 m=3 f=0) charRender(cand=27 draw=27 def=0 cull=0 n=24 m=3 f=0)
04-29 03:38:59.098 I/MuMain  (14342): PERF_CPU terrain=2.48 after=0.00 obj(move=0.23 render=28.89) char(move=0.36 render=23.53) other=28.62
04-29 03:38:59.098 I/MuMain  (14342): PERF_PHASE shadow=0.05 boids=0.00 misc=0.23 joints=0.25 effects=2.24 blurs=0.07 sprites=1.02 particles=4.79 points=0.03 afterfx=0.00 ui=16.70 rem=3.25
04-29 03:38:59.098 I/MuMain  (14342): PERF_CAM zoom(cur=1600 min=1600 max=1600 tgt=1600 tmin=1600 tmax=1600 ov=1600) clip(near=20 far=3200 fmin=3200 fmax=3200) ang(p=-48.5 pmin=-48.5 pmax=-48.5 y=-45.0 ymin=-45.0 ymax=-45.0) top=0/3 settling=0/3
04-29 03:38:59.098 I/MuMain  (14342): PERF_TERRAIN world=6 normal(block=160 tile=2001) grass(block=160 tile=2001) after(block=0 tile=0)
04-29 03:38:59.106 I/AutomaticBrightnessControllerImpl( 1687): drop the lightsensor event! lux=6.0
04-29 03:38:59.120 D/AAL     ( 1229): 04-29 03:38:59.120 BL= 564,ESS= 256, 
04-29 03:38:59.123 I/BufferQueueProducer(  916): [SurfaceView[com.muonline.client/com.muonline.client.MuMainActivity](BLAST)#0](this:0xb400007b5d53a8d0,id:-1,api:0,p:-1,c:916) queueBuffer: fps=11.96 dur=1003.26 max=100.26 min=66.81
04-29 03:38:59.124 I/hwcomposer(  884): [HWCDisplay] [Display_0 (type:1)] fps:11.961272,dur:1003.24,max:100.33,min:66.68  
04-29 03:38:59.169 I/libPerfCtl(  895): xgfGetFPS pid:14342 fps:11
04-29 03:38:59.171 I/mtkpower_client( 1687): perf_lock_acq, hdl:8217, dur:2000, num:8, tid:1705
04-29 03:38:59.172 I/mtkpower_client( 1687): ret_hdl:8242
04-29 03:38:59.172 I/libPowerHal(  895): [perfLockAcq] idx:2 hdl:8242 hint:-1 pid:1687 duration:2000 lock_user:system_server => ret_hdl:8242
04-29 03:38:59.172 I/libPowerHal(  895): system_server: set gpu opp level max: 0
04-29 03:38:59.172 I/libPowerHal(  895): [PE] system_server update cmd:1000000, param:0
04-29 03:38:59.172 I/libPowerHal(  895): [PE] system_server update cmd:1000000 param:0
04-29 03:38:59.174 I/mtkpower@impl(  895): [powerd_req] TIMER_MSG_PERF_LOCK_TIMEOUT hdl:8240
04-29 03:38:59.174 I/libPowerHal(  895): [perfLockRel] hdl:8240, idx:0
04-29 03:38:59.174 I/mtkpower@impl(  895): [powerd_req] TIMER_MSG_PERF_LOCK_TIMEOUT hdl:8241
04-29 03:38:59.174 I/libPowerHal(  895): [perfLockRel] hdl:8241, idx:1
04-29 03:38:59.184 I/AudioTrack(14342): isLongTimeZoreData zoer date time 13 Seconds
04-29 03:38:59.189 I/libPowerHal(  895): [perfLockAcq] idx:0 hdl:8243 hint:0 pid:895 duration:80 lock_user:mtkpower@1.0-se => ret_hdl:8243
04-29 03:38:59.189 I/libPowerHal(  895): INTERACTION: set gpu opp level max: 0
04-29 03:38:59.190 I/libPowerHal(  895): [perfLockAcq] idx:1 hdl:8244 hint:0 pid:895 duration:80 lock_user:mtkpower@1.0-se => ret_hdl:8244
04-29 03:38:59.190 I/libPowerHal(  895): INTERACTION: set gpu opp level max: 0
04-29 03:38:59.270 I/mtkpower@impl(  895): [powerd_req] TIMER_MSG_PERF_LOCK_TIMEOUT hdl:8243
04-29 03:38:59.270 I/libPowerHal(  895): [perfLockRel] hdl:8243, idx:0
04-29 03:38:59.271 I/mtkpower@impl(  895): [powerd_req] TIMER_MSG_PERF_LOCK_TIMEOUT hdl:8244
04-29 03:38:59.271 I/libPowerHal(  895): [perfLockRel] hdl:8244, idx:1
04-29 03:38:59.289 I/libPowerHal(  895): [perfLockAcq] idx:0 hdl:8245 hint:0 pid:895 duration:80 lock_user:mtkpower@1.0-se => ret_hdl:8245
04-29 03:38:59.289 I/libPowerHal(  895): INTERACTION: set gpu opp level max: 0
04-29 03:38:59.289 I/libPowerHal(  895): [perfLockAcq] idx:1 hdl:8246 hint:0 pid:895 duration:80 lock_user:mtkpower@1.0-se => ret_hdl:8246
04-29 03:38:59.289 I/libPowerHal(  895): INTERACTION: set gpu opp level max: 0
04-29 03:38:59.370 I/mtkpower@impl(  895): [powerd_req] TIMER_MSG_PERF_LOCK_TIMEOUT hdl:8245
04-29 03:38:59.370 I/libPowerHal(  895): [perfLockRel] hdl:8245, idx:0
04-29 03:38:59.370 I/mtkpower@impl(  895): [powerd_req] TIMER_MSG_PERF_LOCK_TIMEOUT hdl:8246
04-29 03:38:59.370 I/libPowerHal(  895): [perfLockRel] hdl:8246, idx:1
04-29 03:38:59.389 I/libPowerHal(  895): [perfLockAcq] idx:0 hdl:8247 hint:0 pid:895 duration:80 lock_user:mtkpower@1.0-se => ret_hdl:8247
04-29 03:38:59.389 I/libPowerHal(  895): INTERACTION: set gpu opp level max: 0
04-29 03:38:59.390 I/libPowerHal(  895): [perfLockAcq] idx:1 hdl:8248 hint:0 pid:895 duration:80 lock_user:mtkpower@1.0-se => ret_hdl:8248
04-29 03:38:59.390 I/libPowerHal(  895): INTERACTION: set gpu opp level max: 0
04-29 03:38:59.406 I/Accelerometer(  888): Acceleration: x:6.414000, y:0.160000, z:7.580000]
04-29 03:38:59.434 D/AAL     ( 1229): 04-29 03:38:59.420 BL= 563,ESS= 256, 
04-29 03:38:59.439 E/Light   (  888): AmbienteLight: 6.000000
04-29 03:38:59.439 I/AutomaticBrightnessControllerImpl( 1687): drop the lightsensor event! lux=6.0
04-29 03:38:59.469 I/mtkpower@impl(  895): [powerd_req] TIMER_MSG_PERF_LOCK_TIMEOUT hdl:8247
04-29 03:38:59.469 I/libPowerHal(  895): [perfLockRel] hdl:8247, idx:0
04-29 03:38:59.470 I/mtkpower@impl(  895): [powerd_req] TIMER_MSG_PERF_LOCK_TIMEOUT hdl:8248
04-29 03:38:59.470 I/libPowerHal(  895): [perfLockRel] hdl:8248, idx:1
04-29 03:38:59.490 I/libPowerHal(  895): [perfLockAcq] idx:0 hdl:8249 hint:0 pid:895 duration:80 lock_user:mtkpower@1.0-se => ret_hdl:8249
04-29 03:38:59.490 I/libPowerHal(  895): INTERACTION: set gpu opp level max: 0
04-29 03:38:59.490 I/libPowerHal(  895): [perfLockAcq] idx:1 hdl:8250 hint:0 pid:895 duration:80 lock_user:mtkpower@1.0-se => ret_hdl:8250
04-29 03:38:59.490 I/libPowerHal(  895): INTERACTION: set gpu opp level max: 0
04-29 03:38:59.570 I/mtkpower@impl(  895): [powerd_req] TIMER_MSG_PERF_LOCK_TIMEOUT hdl:8249
04-29 03:38:59.570 I/libPowerHal(  895): [perfLockRel] hdl:8249, idx:0
04-29 03:38:59.571 I/mtkpower@impl(  895): [powerd_req] TIMER_MSG_PERF_LOCK_TIMEOUT hdl:8250
04-29 03:38:59.572 I/libPowerHal(  895): [perfLockRel] hdl:8250, idx:1
04-29 03:38:59.608 I/libPowerHal(  895): [perfLockAcq] idx:0 hdl:8251 hint:0 pid:895 duration:80 lock_user:mtkpower@1.0-se => ret_hdl:8251
04-29 03:38:59.608 I/libPowerHal(  895): INTERACTION: set gpu opp level max: 0
04-29 03:38:59.609 I/libPowerHal(  895): [perfLockAcq] idx:1 hdl:8252 hint:0 pid:895 duration:80 lock_user:mtkpower@1.0-se => ret_hdl:8252
04-29 03:38:59.609 I/libPowerHal(  895): INTERACTION: set gpu opp level max: 0
04-29 03:38:59.651 D/AAL     ( 1229): 04-29 03:38:59.638 BL= 562,ESS= 256, 
04-29 03:38:59.688 I/mtkpower@impl(  895): [powerd_req] TIMER_MSG_PERF_LOCK_TIMEOUT hdl:8251
04-29 03:38:59.688 I/libPowerHal(  895): [perfLockRel] hdl:8251, idx:0
04-29 03:38:59.690 I/mtkpower@impl(  895): [powerd_req] TIMER_MSG_PERF_LOCK_TIMEOUT hdl:8252
04-29 03:38:59.690 I/libPowerHal(  895): [perfLockRel] hdl:8252, idx:1
04-29 03:38:59.707 I/libPowerHal(  895): [perfLockAcq] idx:0 hdl:8253 hint:0 pid:895 duration:80 lock_user:mtkpower@1.0-se => ret_hdl:8253
04-29 03:38:59.707 I/libPowerHal(  895): INTERACTION: set gpu opp level max: 0
04-29 03:38:59.708 I/libPowerHal(  895): [perfLockAcq] idx:1 hdl:8254 hint:0 pid:895 duration:80 lock_user:mtkpower@1.0-se => ret_hdl:8254
04-29 03:38:59.708 I/libPowerHal(  895): INTERACTION: set gpu opp level max: 0
04-29 03:38:59.772 I/AutomaticBrightnessControllerImpl( 1687): drop the lightsensor event! lux=6.0
04-29 03:38:59.787 I/mtkpower@impl(  895): [powerd_req] TIMER_MSG_PERF_LOCK_TIMEOUT hdl:8253
04-29 03:38:59.787 I/libPowerHal(  895): [perfLockRel] hdl:8253, idx:0
04-29 03:38:59.789 I/mtkpower@impl(  895): [powerd_req] TIMER_MSG_PERF_LOCK_TIMEOUT hdl:8254
04-29 03:38:59.789 I/libPowerHal(  895): [perfLockRel] hdl:8254, idx:1
04-29 03:38:59.807 I/libPowerHal(  895): [perfLockAcq] idx:0 hdl:8255 hint:0 pid:895 duration:80 lock_user:mtkpower@1.0-se => ret_hdl:8255
04-29 03:38:59.807 I/libPowerHal(  895): INTERACTION: set gpu opp level max: 0
04-29 03:38:59.808 I/libPowerHal(  895): [perfLockAcq] idx:1 hdl:8256 hint:0 pid:895 duration:80 lock_user:mtkpower@1.0-se => ret_hdl:8256
04-29 03:38:59.808 I/libPowerHal(  895): INTERACTION: set gpu opp level max: 0
04-29 03:38:59.887 I/mtkpower@impl(  895): [powerd_req] TIMER_MSG_PERF_LOCK_TIMEOUT hdl:8255
04-29 03:38:59.887 I/libPowerHal(  895): [perfLockRel] hdl:8255, idx:0
04-29 03:38:59.889 I/mtkpower@impl(  895): [powerd_req] TIMER_MSG_PERF_LOCK_TIMEOUT hdl:8256
04-29 03:38:59.889 I/libPowerHal(  895): [perfLockRel] hdl:8256, idx:1
04-29 03:38:59.908 I/libPowerHal(  895): [perfLockAcq] idx:0 hdl:8257 hint:0 pid:895 duration:80 lock_user:mtkpower@1.0-se => ret_hdl:8257
04-29 03:38:59.908 I/libPowerHal(  895): INTERACTION: set gpu opp level max: 0
04-29 03:38:59.909 I/libPowerHal(  895): [perfLockAcq] idx:1 hdl:8258 hint:0 pid:895 duration:80 lock_user:mtkpower@1.0-se => ret_hdl:8258
04-29 03:38:59.909 I/libPowerHal(  895): INTERACTION: set gpu opp level max: 0
04-29 03:38:59.910 I/AutomaticBrightnessControllerImpl( 1687): drop the lightsensor event! lux=52.0
04-29 03:38:59.988 I/mtkpower@impl(  895): [powerd_req] TIMER_MSG_PERF_LOCK_TIMEOUT hdl:8257
04-29 03:38:59.988 I/libPowerHal(  895): [perfLockRel] hdl:8257, idx:0
04-29 03:38:59.989 I/mtkpower@impl(  895): [powerd_req] TIMER_MSG_PERF_LOCK_TIMEOUT hdl:8258
04-29 03:38:59.989 I/libPowerHal(  895): [perfLockRel] hdl:8258, idx:1
04-29 03:39:00.000 D/AlarmManagerService( 1687): inside native alarm timerfd set Alarm Type = 2
04-29 03:39:00.001 D/AlarmManagerService( 1687): inside native alarm timerfd set Alarm Type = 3
04-29 03:39:00.001 D/AlarmManagerService( 1687): inside native alarm timerfd set Alarm Type = 2
04-29 03:39:00.002 D/AlarmManagerService( 1687): inside native alarm timerfd set Alarm Type = 3
04-29 03:39:00.002 D/KeyguardUpdateMonitor( 2306): received broadcast android.intent.action.TIME_TICK
04-29 03:39:00.005 D/KeyguardUpdateMonitor( 2306): handleTimeUpdate
04-29 03:39:00.008 I/libPowerHal(  895): [perfLockAcq] idx:0 hdl:8259 hint:0 pid:895 duration:80 lock_user:mtkpower@1.0-se => ret_hdl:8259
04-29 03:39:00.008 I/libPowerHal(  895): INTERACTION: set gpu opp level max: 0
04-29 03:39:00.008 I/libPowerHal(  895): [perfLockAcq] idx:1 hdl:8260 hint:0 pid:895 duration:80 lock_user:mtkpower@1.0-se => ret_hdl:8260
04-29 03:39:00.008 I/libPowerHal(  895): INTERACTION: set gpu opp level max: 0
04-29 03:39:00.042 I/BufferQueueProducer(  916): [StatusBar#0](this:0xb400007b709ac8d0,id:-1,api:0,p:-1,c:916) queueBuffer: fps=0.05 dur=20581.87 max=20581.87 min=20581.87
04-29 03:39:00.046 I/WindowManagerService( 1687): Physical orientation not applied, rotation=1
04-29 03:39:00.059 I/WindowManagerService( 1687): Physical orientation not applied, rotation=1
04-29 03:39:00.089 I/mtkpower@impl(  895): [powerd_req] TIMER_MSG_PERF_LOCK_TIMEOUT hdl:8259
04-29 03:39:00.089 I/libPowerHal(  895): [perfLockRel] hdl:8259, idx:0
04-29 03:39:00.089 I/mtkpower@impl(  895): [powerd_req] TIMER_MSG_PERF_LOCK_TIMEOUT hdl:8260
04-29 03:39:00.089 I/libPowerHal(  895): [perfLockRel] hdl:8260, idx:1
04-29 03:39:00.106 I/AutomaticBrightnessControllerImpl( 1687): drop the lightsensor event! lux=6.0
04-29 03:39:00.108 I/libPowerHal(  895): [perfLockAcq] idx:0 hdl:8261 hint:0 pid:895 duration:80 lock_user:mtkpower@1.0-se => ret_hdl:8261
04-29 03:39:00.108 I/libPowerHal(  895): INTERACTION: set gpu opp level max: 0
04-29 03:39:00.109 I/libPowerHal(  895): [perfLockAcq] idx:1 hdl:8262 hint:0 pid:895 duration:80 lock_user:mtkpower@1.0-se => ret_hdl:8262
04-29 03:39:00.109 I/libPowerHal(  895): INTERACTION: set gpu opp level max: 0
04-29 03:39:00.159 I/BufferQueueProducer(  916): [SurfaceView[com.muonline.client/com.muonline.client.MuMainActivity](BLAST)#0](this:0xb400007b5d53a8d0,id:-1,api:0,p:-1,c:916) queueBuffer: fps=15.43 dur=1036.69 max=83.68 min=50.06
04-29 03:39:00.160 I/hwcomposer(  884): [HWCDisplay] [Display_0 (type:1)] fps:15.433093,dur:1036.73,max:83.72,min:49.96  
04-29 03:39:00.169 I/libPerfCtl(  895): xgfGetFPS pid:2306 fps:-1
04-29 03:39:00.169 I/libPerfCtl(  895): xgfGetFPS pid:14342 fps:15
04-29 03:39:00.188 I/mtkpower@impl(  895): [powerd_req] TIMER_MSG_PERF_LOCK_TIMEOUT hdl:8261
04-29 03:39:00.188 I/libPowerHal(  895): [perfLockRel] hdl:8261, idx:0
04-29 03:39:00.190 I/mtkpower@impl(  895): [powerd_req] TIMER_MSG_PERF_LOCK_TIMEOUT hdl:8262
04-29 03:39:00.190 I/libPowerHal(  895): [perfLockRel] hdl:8262, idx:1
04-29 03:39:00.217 I/libPowerHal(  895): [perfLockAcq] idx:0 hdl:8263 hint:0 pid:895 duration:80 lock_user:mtkpower@1.0-se => ret_hdl:8263
04-29 03:39:00.217 I/libPowerHal(  895): INTERACTION: set gpu opp level max: 0
04-29 03:39:00.218 I/libPowerHal(  895): [perfLockAcq] idx:1 hdl:8264 hint:0 pid:895 duration:80 lock_user:mtkpower@1.0-se => ret_hdl:8264
04-29 03:39:00.218 I/libPowerHal(  895): INTERACTION: set gpu opp level max: 0
04-29 03:39:00.271 I/MuMain  (14342): PERF fps=16.2 frameMs=61.90 phase(render=59.76 pad=0.25 present=1.83) renderLevel=2 fxScale=0.60 maxMsg=90 avg(draw=730 verts=368731 im=425 vaD=0 vaC=621 qI=10 qE=0) max(draw=735 verts=369551)
04-29 03:39:00.271 I/MuMain  (14342): PERF_SCENE world=6 char(live=31 vis=29 ply=1 mon=28 npc=0 pet=0 prio=2 topMon=702 x8) obj(live=1489 vis=199 op=0 trap=0 topObj=26 x46)
04-29 03:39:00.271 I/MuMain  (14342): PERF_BUCKET objMove(cand=199 upd=100 def=98 n=56 m=130 f=12) objRender(cand=199 draw=199 cull=0 n=56 m=130 f=12 visDraw=145 visDef=54) charMove(cand=31 upd=17 def=13 n=26 m=5 f=0) charRender(cand=29 draw=29 def=0 cull=0 n=24 m=5 f=0)
04-29 03:39:00.271 I/MuMain  (14342): PERF_CPU terrain=2.41 after=0.00 obj(move=0.24 render=13.91) char(move=0.40 render=25.99) other=16.81
04-29 03:39:00.271 I/MuMain  (14342): PERF_PHASE shadow=0.04 boids=0.00 misc=0.25 joints=0.29 effects=0.91 blurs=0.08 sprites=0.51 particles=1.08 points=0.02 afterfx=0.00 ui=10.59 rem=3.03
04-29 03:39:00.271 I/MuMain  (14342): PERF_CAM zoom(cur=1600 min=1600 max=1600 tgt=1600 tmin=1600 tmax=1600 ov=1600) clip(near=20 far=3200 fmin=3200 fmax=3200) ang(p=-48.5 pmin=-48.5 pmax=-48.5 y=-45.0 ymin=-45.0 ymax=-45.0) top=0/5 settling=0/5
04-29 03:39:00.271 I/MuMain  (14342): PERF_TERRAIN world=6 normal(block=154 tile=2007) grass(block=154 tile=2007) after(block=0 tile=0)
04-29 03:39:00.274 I/AudioTrack(14342): isLongTimeZoreData zoer date time 14 Seconds
04-29 03:39:00.297 I/mtkpower@impl(  895): [powerd_req] TIMER_MSG_PERF_LOCK_TIMEOUT hdl:8263
04-29 03:39:00.297 I/libPowerHal(  895): [perfLockRel] hdl:8263, idx:0
04-29 03:39:00.299 I/mtkpower@impl(  895): [powerd_req] TIMER_MSG_PERF_LOCK_TIMEOUT hdl:8264
04-29 03:39:00.299 I/libPowerHal(  895): [perfLockRel] hdl:8264, idx:1
04-29 03:39:00.317 I/libPowerHal(  895): [perfLockAcq] idx:0 hdl:8265 hint:0 pid:895 duration:80 lock_user:mtkpower@1.0-se => ret_hdl:8265
04-29 03:39:00.317 I/libPowerHal(  895): INTERACTION: set gpu opp level max: 0
04-29 03:39:00.318 I/libPowerHal(  895): [perfLockAcq] idx:1 hdl:8266 hint:0 pid:895 duration:80 lock_user:mtkpower@1.0-se => ret_hdl:8266
04-29 03:39:00.318 I/libPowerHal(  895): INTERACTION: set gpu opp level max: 0
04-29 03:39:00.394 I/Accelerometer(  888): Acceleration: x:6.525000, y:0.181000, z:7.492000]
04-29 03:39:00.397 I/mtkpower@impl(  895): [powerd_req] TIMER_MSG_PERF_LOCK_TIMEOUT hdl:8265
04-29 03:39:00.397 I/libPowerHal(  895): [perfLockRel] hdl:8265, idx:0
04-29 03:39:00.398 I/mtkpower@impl(  895): [powerd_req] TIMER_MSG_PERF_LOCK_TIMEOUT hdl:8266
04-29 03:39:00.399 I/libPowerHal(  895): [perfLockRel] hdl:8266, idx:1
04-29 03:39:00.417 I/libPowerHal(  895): [perfLockAcq] idx:0 hdl:8267 hint:0 pid:895 duration:80 lock_user:mtkpower@1.0-se => ret_hdl:8267
04-29 03:39:00.418 I/libPowerHal(  895): INTERACTION: set gpu opp level max: 0
04-29 03:39:00.418 I/libPowerHal(  895): [perfLockAcq] idx:1 hdl:8268 hint:0 pid:895 duration:80 lock_user:mtkpower@1.0-se => ret_hdl:8268
04-29 03:39:00.418 I/libPowerHal(  895): INTERACTION: set gpu opp level max: 0
04-29 03:39:00.439 I/AutomaticBrightnessControllerImpl( 1687): drop the lightsensor event! lux=5.0
04-29 03:39:00.494 I/WifiHAL ( 1940): Get link layer stats
04-29 03:39:00.494 I/WifiHAL ( 1940): GetLinkStatsCommand::create
04-29 03:39:00.494 D/android.hardware.wifi@1.0-service-lazy( 1940): WifiRequest::create vendor command to iface 32, vendor_id=0x1a11, subcmd=0x1200, res=0
04-29 03:39:00.494 I/android.hardware.wifi@1.0-service-lazy( 1940): WifiCommand::requestResponse err=-14
04-29 03:39:00.494 I/WifiHAL ( 1940): wifi_get_link_stats: result=-1
04-29 03:39:00.494 E/WifiVendorHal( 1687): getWifiLinkLayerStats_1_5_Internal(l.1198) failed {.code = ERROR_UNKNOWN, .description = unknown}
04-29 03:39:00.497 I/mtkpower@impl(  895): [powerd_req] TIMER_MSG_PERF_LOCK_TIMEOUT hdl:8267
04-29 03:39:00.497 I/libPowerHal(  895): [perfLockRel] hdl:8267, idx:0
04-29 03:39:00.498 I/mtkpower@impl(  895): [powerd_req] TIMER_MSG_PERF_LOCK_TIMEOUT hdl:8268
04-29 03:39:00.498 I/libPowerHal(  895): [perfLockRel] hdl:8268, idx:1
04-29 03:39:00.504 D/AAL     ( 1229): 04-29 03:39:00.491 BL= 561,ESS= 256, 
04-29 03:39:00.517 I/libPowerHal(  895): [perfLockAcq] idx:0 hdl:8269 hint:0 pid:895 duration:80 lock_user:mtkpower@1.0-se => ret_hdl:8269
04-29 03:39:00.518 I/libPowerHal(  895): INTERACTION: set gpu opp level max: 0
04-29 03:39:00.518 I/libPowerHal(  895): [perfLockAcq] idx:1 hdl:8270 hint:0 pid:895 duration:80 lock_user:mtkpower@1.0-se => ret_hdl:8270
04-29 03:39:00.518 I/libPowerHal(  895): INTERACTION: set gpu opp level max: 0
04-29 03:39:00.599 I/mtkpower@impl(  895): [powerd_req] TIMER_MSG_PERF_LOCK_TIMEOUT hdl:8269
04-29 03:39:00.599 I/libPowerHal(  895): [perfLockRel] hdl:8269, idx:0
04-29 03:39:00.599 I/mtkpower@impl(  895): [powerd_req] TIMER_MSG_PERF_LOCK_TIMEOUT hdl:8270
04-29 03:39:00.599 I/libPowerHal(  895): [perfLockRel] hdl:8270, idx:1
04-29 03:39:00.618 I/libPowerHal(  895): [perfLockAcq] idx:0 hdl:8271 hint:0 pid:895 duration:80 lock_user:mtkpower@1.0-se => ret_hdl:8271
04-29 03:39:00.618 I/libPowerHal(  895): INTERACTION: set gpu opp level max: 0
04-29 03:39:00.618 I/libPowerHal(  895): [perfLockAcq] idx:1 hdl:8272 hint:0 pid:895 duration:80 lock_user:mtkpower@1.0-se => ret_hdl:8272
04-29 03:39:00.619 I/libPowerHal(  895): INTERACTION: set gpu opp level max: 0
04-29 03:39:00.698 I/mtkpower@impl(  895): [powerd_req] TIMER_MSG_PERF_LOCK_TIMEOUT hdl:8271
04-29 03:39:00.698 I/libPowerHal(  895): [perfLockRel] hdl:8271, idx:0
04-29 03:39:00.699 I/mtkpower@impl(  895): [powerd_req] TIMER_MSG_PERF_LOCK_TIMEOUT hdl:8272
04-29 03:39:00.699 I/libPowerHal(  895): [perfLockRel] hdl:8272, idx:1
04-29 03:39:00.718 I/libPowerHal(  895): [perfLockAcq] idx:0 hdl:8273 hint:0 pid:895 duration:80 lock_user:mtkpower@1.0-se => ret_hdl:8273
04-29 03:39:00.719 I/libPowerHal(  895): INTERACTION: set gpu opp level max: 0
04-29 03:39:00.719 I/libPowerHal(  895): [perfLockAcq] idx:1 hdl:8274 hint:0 pid:895 duration:80 lock_user:mtkpower@1.0-se => ret_hdl:8274
04-29 03:39:00.719 I/libPowerHal(  895): INTERACTION: set gpu opp level max: 0
04-29 03:39:00.771 D/AAL     ( 1229): 04-29 03:39:00.761 BL= 562,ESS= 256, 
04-29 03:39:00.772 I/AutomaticBrightnessControllerImpl( 1687): drop the lightsensor event! lux=5.0
04-29 03:39:00.800 I/mtkpower@impl(  895): [powerd_req] TIMER_MSG_PERF_LOCK_TIMEOUT hdl:8273
04-29 03:39:00.800 I/libPowerHal(  895): [perfLockRel] hdl:8273, idx:0
04-29 03:39:00.800 I/mtkpower@impl(  895): [powerd_req] TIMER_MSG_PERF_LOCK_TIMEOUT hdl:8274
04-29 03:39:00.800 I/libPowerHal(  895): [perfLockRel] hdl:8274, idx:1
04-29 03:39:00.819 I/libPowerHal(  895): [perfLockAcq] idx:0 hdl:8275 hint:0 pid:895 duration:80 lock_user:mtkpower@1.0-se => ret_hdl:8275
04-29 03:39:00.819 I/libPowerHal(  895): INTERACTION: set gpu opp level max: 0
04-29 03:39:00.820 I/libPowerHal(  895): [perfLockAcq] idx:1 hdl:8276 hint:0 pid:895 duration:80 lock_user:mtkpower@1.0-se => ret_hdl:8276
04-29 03:39:00.820 I/libPowerHal(  895): INTERACTION: set gpu opp level max: 0
04-29 03:39:00.899 I/mtkpower@impl(  895): [powerd_req] TIMER_MSG_PERF_LOCK_TIMEOUT hdl:8275
04-29 03:39:00.899 I/libPowerHal(  895): [perfLockRel] hdl:8275, idx:0
04-29 03:39:00.901 I/mtkpower@impl(  895): [powerd_req] TIMER_MSG_PERF_LOCK_TIMEOUT hdl:8276
04-29 03:39:00.901 I/libPowerHal(  895): [perfLockRel] hdl:8276, idx:1
04-29 03:39:00.910 I/AutomaticBrightnessControllerImpl( 1687): drop the lightsensor event! lux=52.0
04-29 03:39:00.919 I/libPowerHal(  895): [perfLockAcq] idx:0 hdl:8277 hint:0 pid:895 duration:80 lock_user:mtkpower@1.0-se => ret_hdl:8277
04-29 03:39:00.919 I/libPowerHal(  895): INTERACTION: set gpu opp level max: 0
04-29 03:39:00.919 I/libPowerHal(  895): [perfLockAcq] idx:1 hdl:8278 hint:0 pid:895 duration:80 lock_user:mtkpower@1.0-se => ret_hdl:8278
04-29 03:39:00.919 I/libPowerHal(  895): INTERACTION: set gpu opp level max: 0
04-29 03:39:00.989 D/AAL     ( 1229): 04-29 03:39:00.959 BL= 563,ESS= 256, 
04-29 03:39:01.000 I/mtkpower@impl(  895): [powerd_req] TIMER_MSG_PERF_LOCK_TIMEOUT hdl:8277
04-29 03:39:01.000 I/libPowerHal(  895): [perfLockRel] hdl:8277, idx:0
04-29 03:39:01.000 I/mtkpower@impl(  895): [powerd_req] TIMER_MSG_PERF_LOCK_TIMEOUT hdl:8278
04-29 03:39:01.000 I/libPowerHal(  895): [perfLockRel] hdl:8278, idx:1
04-29 03:39:01.019 I/libPowerHal(  895): [perfLockAcq] idx:0 hdl:8279 hint:0 pid:895 duration:80 lock_user:mtkpower@1.0-se => ret_hdl:8279
04-29 03:39:01.019 I/libPowerHal(  895): INTERACTION: set gpu opp level max: 0
04-29 03:39:01.020 I/libPowerHal(  895): [perfLockAcq] idx:1 hdl:8280 hint:0 pid:895 duration:80 lock_user:mtkpower@1.0-se => ret_hdl:8280
04-29 03:39:01.020 I/libPowerHal(  895): INTERACTION: set gpu opp level max: 0
04-29 03:39:01.099 I/mtkpower@impl(  895): [powerd_req] TIMER_MSG_PERF_LOCK_TIMEOUT hdl:8279
04-29 03:39:01.099 I/libPowerHal(  895): [perfLockRel] hdl:8279, idx:0
04-29 03:39:01.100 I/mtkpower@impl(  895): [powerd_req] TIMER_MSG_PERF_LOCK_TIMEOUT hdl:8280
04-29 03:39:01.100 I/libPowerHal(  895): [perfLockRel] hdl:8280, idx:1
04-29 03:39:01.106 I/AutomaticBrightnessControllerImpl( 1687): drop the lightsensor event! lux=5.0
04-29 03:39:01.120 I/libPowerHal(  895): [perfLockAcq] idx:0 hdl:8281 hint:0 pid:895 duration:80 lock_user:mtkpower@1.0-se => ret_hdl:8281
04-29 03:39:01.120 I/libPowerHal(  895): INTERACTION: set gpu opp level max: 0
04-29 03:39:01.121 I/libPowerHal(  895): [perfLockAcq] idx:1 hdl:8282 hint:0 pid:895 duration:80 lock_user:mtkpower@1.0-se => ret_hdl:8282
04-29 03:39:01.121 I/libPowerHal(  895): INTERACTION: set gpu opp level max: 0
04-29 03:39:01.139 D/AAL     ( 1229): 04-29 03:39:01.126 BL= 562,ESS= 256, 
04-29 03:39:01.148 D/CarrierConfigLoader( 2287): getConfigForSubIdWithFeature: subscriptionId=1, phoneId=1
04-29 03:39:01.159 D/NetworkController.MobileSignalController(1)( 2306): update5GConnectState: false
04-29 03:39:01.159 D/NetworkController.MobileSignalController(1)( 2306): NotQcom5G, signal level = 5
04-29 03:39:01.162 I/BufferQueueProducer(  916): [SurfaceView[com.muonline.client/com.muonline.client.MuMainActivity](BLAST)#0](this:0xb400007b5d53a8d0,id:-1,api:0,p:-1,c:916) queueBuffer: fps=16.95 dur=1003.17 max=67.07 min=50.09
04-29 03:39:01.164 I/hwcomposer(  884): [HWCDisplay] [Display_0 (type:1)] fps:16.944727,dur:1003.26,max:67.40,min:50.03  
04-29 03:39:01.169 I/libPerfCtl(  895): xgfGetFPS pid:2306 fps:-1
04-29 03:39:01.169 I/libPerfCtl(  895): xgfGetFPS pid:14342 fps:17
04-29 03:39:01.172 I/mtkpower@impl(  895): [powerd_req] TIMER_MSG_PERF_LOCK_TIMEOUT hdl:8242
04-29 03:39:01.172 I/libPowerHal(  895): [perfLockRel] hdl:8242, idx:2
04-29 03:39:01.172 I/libPowerHal(  895): [PD] system_server update cmd:1000000, param:-1
04-29 03:39:01.173 I/libPowerHal(  895): [PD] system_server update cmd:1000000 param:-1
04-29 03:39:01.200 I/mtkpower@impl(  895): [powerd_req] TIMER_MSG_PERF_LOCK_TIMEOUT hdl:8281
04-29 03:39:01.200 I/libPowerHal(  895): [perfLockRel] hdl:8281, idx:0
04-29 03:39:01.201 I/mtkpower@impl(  895): [powerd_req] TIMER_MSG_PERF_LOCK_TIMEOUT hdl:8282
04-29 03:39:01.201 I/libPowerHal(  895): [perfLockRel] hdl:8282, idx:1
04-29 03:39:01.201 I/libPowerHal(  895): INTERACTION: cpu_ctrl set cpu freq: -1 -1 -1 -1
04-29 03:39:01.201 I/libPowerHal(  895): INTERACTION: set gpu opp level: 29
04-29 03:39:01.201 I/libPowerHal(  895): INTERACTION: set gpu opp level max: 0
04-29 03:39:01.221 I/libPowerHal(  895): [perfLockAcq] idx:0 hdl:8283 hint:0 pid:895 duration:80 lock_user:mtkpower@1.0-se => ret_hdl:8283
04-29 03:39:01.221 I/libPowerHal(  895): INTERACTION: set gpu opp level: 0
04-29 03:39:01.221 I/libPowerHal(  895): INTERACTION: set gpu opp level max: 0
04-29 03:39:01.222 I/libPowerHal(  895): INTERACTION: cpu_ctrl set cpu freq: 1800000 -1 2000000 -1
04-29 03:39:01.222 I/libPowerHal(  895): [perfLockAcq] idx:1 hdl:8284 hint:0 pid:895 duration:80 lock_user:mtkpower@1.0-se => ret_hdl:8284
04-29 03:39:01.222 I/libPowerHal(  895): INTERACTION: set gpu opp level max: 0
04-29 03:39:01.302 I/mtkpower@impl(  895): [powerd_req] TIMER_MSG_PERF_LOCK_TIMEOUT hdl:8283
04-29 03:39:01.302 I/libPowerHal(  895): [perfLockRel] hdl:8283, idx:0
04-29 03:39:01.302 I/mtkpower@impl(  895): [powerd_req] TIMER_MSG_PERF_LOCK_TIMEOUT hdl:8284
04-29 03:39:01.302 I/libPowerHal(  895): [perfLockRel] hdl:8284, idx:1
04-29 03:39:01.303 I/libPowerHal(  895): INTERACTION: cpu_ctrl set cpu freq: -1 -1 -1 -1
04-29 03:39:01.303 I/libPowerHal(  895): INTERACTION: set gpu opp level: 29
04-29 03:39:01.303 I/libPowerHal(  895): INTERACTION: set gpu opp level max: 0
04-29 03:39:01.320 I/libPowerHal(  895): [perfLockAcq] idx:0 hdl:8285 hint:0 pid:895 duration:80 lock_user:mtkpower@1.0-se => ret_hdl:8285
04-29 03:39:01.321 I/libPowerHal(  895): INTERACTION: set gpu opp level: 0
