04-29 03:38:15.637 E/PowerKeeper.Sensor(14255): setAppSensorsControlType java.lang.UnsupportedOperationException
04-29 03:38:15.637 E/PowerKeeper.Sensor(14255): setAppSensorsControlPolicyjava.lang.UnsupportedOperationException
04-29 03:38:15.638 E/PowerKeeper.Sensor(14255): setAppSensorsControlType java.lang.UnsupportedOperationException
04-29 03:38:15.639 E/PowerKeeper.Sensor(14255): setAppSensorsControlPolicyjava.lang.UnsupportedOperationException
04-29 03:38:15.639 E/PowerKeeper.Sensor(14255): setAppSensorsControlType java.lang.UnsupportedOperationException
04-29 03:38:15.639 E/PowerKeeper.Sensor(14255): setAppSensorsControlPolicyjava.lang.UnsupportedOperationException
04-29 03:38:15.639 E/PowerKeeper.Sensor(14255): setAppSensorsControlType java.lang.UnsupportedOperationException
04-29 03:38:15.640 E/PowerKeeper.Sensor(14255): setAppSensorsControlPolicyjava.lang.UnsupportedOperationException
04-29 03:38:15.640 E/PowerKeeper.Sensor(14255): setAppSensorsControlType java.lang.UnsupportedOperationException
04-29 03:38:15.640 E/PowerKeeper.Sensor(14255): setAppSensorsControlPolicyjava.lang.UnsupportedOperationException
04-29 03:38:15.640 E/PowerKeeper.Sensor(14255): setAppSensorsControlType java.lang.UnsupportedOperationException
04-29 03:38:15.641 E/PowerKeeper.Sensor(14255): setAppSensorsControlPolicyjava.lang.UnsupportedOperationException
04-29 03:38:15.641 E/PowerKeeper.Sensor(14255): setAppSensorsControlType java.lang.UnsupportedOperationException
04-29 03:38:15.641 E/PowerKeeper.Sensor(14255): setAppSensorsControlPolicyjava.lang.UnsupportedOperationException
04-29 03:38:15.642 E/PowerKeeper.Sensor(14255): setAppSensorsControlType java.lang.UnsupportedOperationException
04-29 03:38:15.642 E/PowerKeeper.Sensor(14255): setAppSensorsControlPolicyjava.lang.UnsupportedOperationException
04-29 03:38:15.642 E/PowerKeeper.Sensor(14255): setAppSensorsControlType java.lang.UnsupportedOperationException
04-29 03:38:15.643 E/PowerKeeper.Sensor(14255): setAppSensorsControlPolicyjava.lang.UnsupportedOperationException
04-29 03:38:15.643 E/PowerKeeper.Sensor(14255): setAppSensorsControlType java.lang.UnsupportedOperationException
04-29 03:38:15.643 E/PowerKeeper.Sensor(14255): setAppSensorsControlPolicyjava.lang.UnsupportedOperationException
04-29 03:38:15.643 E/PowerKeeper.Sensor(14255): setAppSensorsControlType java.lang.UnsupportedOperationException
04-29 03:38:15.644 E/PowerKeeper.Sensor(14255): setAppSensorsControlPolicyjava.lang.UnsupportedOperationException
04-29 03:38:15.644 E/PowerKeeper.Sensor(14255): setAppSensorsControlType java.lang.UnsupportedOperationException
04-29 03:38:15.644 E/PowerKeeper.Sensor(14255): setAppSensorsControlPolicyjava.lang.UnsupportedOperationException
04-29 03:38:15.644 E/PowerKeeper.Sensor(14255): setAppSensorsControlType java.lang.UnsupportedOperationException
04-29 03:38:15.644 E/PowerKeeper.Sensor(14255): setAppSensorsControlPolicyjava.lang.UnsupportedOperationException
04-29 03:38:15.645 E/PowerKeeper.Sensor(14255): setAppSensorsControlType java.lang.UnsupportedOperationException
04-29 03:38:15.645 E/PowerKeeper.Sensor(14255): setAppSensorsControlPolicyjava.lang.UnsupportedOperationException
04-29 03:38:15.645 E/PowerKeeper.Sensor(14255): setAppSensorsControlType java.lang.UnsupportedOperationException
04-29 03:38:15.646 E/PowerKeeper.Sensor(14255): setAppSensorsControlPolicyjava.lang.UnsupportedOperationException
04-29 03:38:15.646 E/PowerKeeper.Sensor(14255): setAppSensorsControlType java.lang.UnsupportedOperationException
04-29 03:38:15.646 E/PowerKeeper.Sensor(14255): setAppSensorsControlPolicyjava.lang.UnsupportedOperationException
04-29 03:38:15.646 E/PowerKeeper.Sensor(14255): setAppSensorsControlType java.lang.UnsupportedOperationException
04-29 03:38:15.647 E/PowerKeeper.Sensor(14255): setAppSensorsControlPolicyjava.lang.UnsupportedOperationException
04-29 03:38:15.647 E/PowerKeeper.Sensor(14255): setAppSensorsControlType java.lang.UnsupportedOperationException
04-29 03:38:15.647 E/PowerKeeper.Sensor(14255): setAppSensorsControlPolicyjava.lang.UnsupportedOperationException
04-29 03:38:15.647 E/PowerKeeper.Sensor(14255): setAppSensorsControlType java.lang.UnsupportedOperationException
04-29 03:38:15.647 E/PowerKeeper.Sensor(14255): setAppSensorsControlPolicyjava.lang.UnsupportedOperationException
04-29 03:38:15.648 E/PowerKeeper.Sensor(14255): setAppSensorsControlType java.lang.UnsupportedOperationException
04-29 03:38:15.648 E/PowerKeeper.Sensor(14255): setAppSensorsControlPolicyjava.lang.UnsupportedOperationException
04-29 03:38:15.648 E/PowerKeeper.Sensor(14255): setAppSensorsControlType java.lang.UnsupportedOperationException
04-29 03:38:15.648 E/PowerKeeper.Sensor(14255): setAppSensorsControlPolicyjava.lang.UnsupportedOperationException
04-29 03:38:15.649 E/PowerKeeper.Sensor(14255): setAppSensorsControlType java.lang.UnsupportedOperationException
04-29 03:38:15.649 E/PowerKeeper.Sensor(14255): setAppSensorsControlPolicyjava.lang.UnsupportedOperationException
04-29 03:38:15.649 E/PowerKeeper.Sensor(14255): setAppSensorsControlType java.lang.UnsupportedOperationException
04-29 03:38:15.650 E/PowerKeeper.Sensor(14255): setAppSensorsControlPolicyjava.lang.UnsupportedOperationException
04-29 03:38:15.650 E/PowerKeeper.Sensor(14255): setAppSensorsControlType java.lang.UnsupportedOperationException
04-29 03:38:15.650 E/PowerKeeper.Sensor(14255): setAppSensorsControlPolicyjava.lang.UnsupportedOperationException
04-29 03:38:15.650 E/PowerKeeper.Sensor(14255): setAppSensorsControlType java.lang.UnsupportedOperationException
04-29 03:38:15.651 E/PowerKeeper.Sensor(14255): setAppSensorsControlPolicyjava.lang.UnsupportedOperationException
04-29 03:38:15.651 E/PowerKeeper.Sensor(14255): setAppSensorsControlType java.lang.UnsupportedOperationException
04-29 03:38:15.651 E/PowerKeeper.Sensor(14255): setAppSensorsControlPolicyjava.lang.UnsupportedOperationException
04-29 03:38:15.651 E/PowerKeeper.Sensor(14255): setAppSensorsControlType java.lang.UnsupportedOperationException
04-29 03:38:15.652 E/PowerKeeper.Sensor(14255): setAppSensorsControlPolicyjava.lang.UnsupportedOperationException
04-29 03:38:15.652 E/PowerKeeper.Sensor(14255): setAppSensorsControlType java.lang.UnsupportedOperationException
04-29 03:38:15.652 E/PowerKeeper.Sensor(14255): setAppSensorsControlPolicyjava.lang.UnsupportedOperationException
04-29 03:38:15.652 E/PowerKeeper.Sensor(14255): setAppSensorsControlType java.lang.UnsupportedOperationException
04-29 03:38:15.653 E/PowerKeeper.Sensor(14255): setAppSensorsControlPolicyjava.lang.UnsupportedOperationException
04-29 03:38:15.653 E/PowerKeeper.Sensor(14255): setAppSensorsControlType java.lang.UnsupportedOperationException
04-29 03:38:15.653 E/PowerKeeper.Sensor(14255): setAppSensorsControlPolicyjava.lang.UnsupportedOperationException
04-29 03:38:15.654 E/PowerKeeper.Sensor(14255): setAppSensorsControlType java.lang.UnsupportedOperationException
04-29 03:38:15.654 E/PowerKeeper.Sensor(14255): setAppSensorsControlPolicyjava.lang.UnsupportedOperationException
04-29 03:38:15.654 E/PowerKeeper.Sensor(14255): setAppSensorsControlType java.lang.UnsupportedOperationException
04-29 03:38:15.655 E/PowerKeeper.Sensor(14255): setAppSensorsControlPolicyjava.lang.UnsupportedOperationException
04-29 03:38:15.655 E/PowerKeeper.Sensor(14255): setAppSensorsControlType java.lang.UnsupportedOperationException
04-29 03:38:15.655 E/PowerKeeper.Sensor(14255): setAppSensorsControlPolicyjava.lang.UnsupportedOperationException
04-29 03:38:15.656 E/PowerKeeper.Sensor(14255): setAppSensorsControlType java.lang.UnsupportedOperationException
04-29 03:38:15.656 E/PowerKeeper.Sensor(14255): setAppSensorsControlPolicyjava.lang.UnsupportedOperationException
04-29 03:38:15.656 E/PowerKeeper.Sensor(14255): setAppSensorsControlType java.lang.UnsupportedOperationException
04-29 03:38:15.657 E/PowerKeeper.Sensor(14255): setAppSensorsControlPolicyjava.lang.UnsupportedOperationException
04-29 03:38:15.657 E/PowerKeeper.Sensor(14255): setAppSensorsControlType java.lang.UnsupportedOperationException
04-29 03:38:15.657 E/PowerKeeper.Sensor(14255): setAppSensorsControlPolicyjava.lang.UnsupportedOperationException
04-29 03:38:15.658 E/PowerKeeper.Sensor(14255): setAppSensorsControlType java.lang.UnsupportedOperationException
04-29 03:38:15.659 E/PowerKeeper.Sensor(14255): setAppSensorsControlPolicyjava.lang.UnsupportedOperationException
04-29 03:38:15.659 E/PowerKeeper.Sensor(14255): setAppSensorsControlType java.lang.UnsupportedOperationException
04-29 03:38:15.660 E/PowerKeeper.Sensor(14255): setAppSensorsControlPolicyjava.lang.UnsupportedOperationException
04-29 03:38:15.660 E/PowerKeeper.Sensor(14255): setAppSensorsControlType java.lang.UnsupportedOperationException
04-29 03:38:15.660 E/PowerKeeper.Sensor(14255): setAppSensorsControlPolicyjava.lang.UnsupportedOperationException
04-29 03:38:15.661 E/PowerKeeper.Sensor(14255): setAppSensorsControlType java.lang.UnsupportedOperationException
04-29 03:38:15.661 E/PowerKeeper.Sensor(14255): setAppSensorsControlPolicyjava.lang.UnsupportedOperationException
04-29 03:38:15.661 E/PowerKeeper.Sensor(14255): setAppSensorsControlType java.lang.UnsupportedOperationException
04-29 03:38:15.662 E/PowerKeeper.Sensor(14255): setAppSensorsControlPolicyjava.lang.UnsupportedOperationException
04-29 03:38:15.662 E/PowerKeeper.Sensor(14255): setAppSensorsControlType java.lang.UnsupportedOperationException
04-29 03:38:15.662 E/PowerKeeper.Sensor(14255): setAppSensorsControlPolicyjava.lang.UnsupportedOperationException
04-29 03:38:15.663 E/PowerKeeper.Sensor(14255): setAppSensorsControlType java.lang.UnsupportedOperationException
04-29 03:38:15.663 E/PowerKeeper.Sensor(14255): setAppSensorsControlPolicyjava.lang.UnsupportedOperationException
04-29 03:38:15.664 E/PowerKeeper.Sensor(14255): setAppSensorsControlType java.lang.UnsupportedOperationException
04-29 03:38:15.664 E/PowerKeeper.Sensor(14255): setAppSensorsControlPolicyjava.lang.UnsupportedOperationException
04-29 03:38:15.664 E/PowerKeeper.Sensor(14255): setAppSensorsControlType java.lang.UnsupportedOperationException
04-29 03:38:15.664 E/PowerKeeper.Sensor(14255): setAppSensorsControlPolicyjava.lang.UnsupportedOperationException
04-29 03:38:15.665 E/PowerKeeper.Sensor(14255): setAppSensorsControlType java.lang.UnsupportedOperationException
04-29 03:38:15.665 E/PowerKeeper.Sensor(14255): setAppSensorsControlPolicyjava.lang.UnsupportedOperationException
04-29 03:38:15.665 E/PowerKeeper.Sensor(14255): setAppSensorsControlType java.lang.UnsupportedOperationException
04-29 03:38:15.773 I/AutomaticBrightnessControllerImpl( 1687): drop the lightsensor event! lux=12.0
04-29 03:38:15.822 W/DeviceIdleController(14255): removeList=[10144, 10208, 10081, 10082, 10179, 10148, 10213, 10087, 10088, 10250, 10158, 10191, 10192, 10097, 10066, 10098, 10100, 10071, 10103, 10072, 10137, 10108, 10079] AddList=[]
04-29 03:38:15.865 D/PowerKeeper.AppStandby(14255): txpower---> setFirewallenable true, open network
04-29 03:38:15.866 D/PowerKeeper.AppStandby(14255): configurePolicy: miuiStandbyEnable: true screenTimeout: 30000
04-29 03:38:15.867 D/PowerKeeper.AppStandby(14255): disable standby chain
04-29 03:38:15.899 I/AutomaticBrightnessControllerImpl( 1687): drop the lightsensor event! lux=52.0
04-29 03:38:16.106 I/AutomaticBrightnessControllerImpl( 1687): drop the lightsensor event! lux=11.0
04-29 03:38:16.439 I/AutomaticBrightnessControllerImpl( 1687): drop the lightsensor event! lux=12.0
04-29 03:38:16.773 I/AutomaticBrightnessControllerImpl( 1687): drop the lightsensor event! lux=10.0
04-29 03:38:16.899 I/AutomaticBrightnessControllerImpl( 1687): drop the lightsensor event! lux=52.0
04-29 03:38:17.099 D/PackageManager( 1687): set app  component=com.android.vending/com.android.vending.AssetBrowserActivity enabled state: 1 from null,uid=10173,pid=13923
04-29 03:38:17.107 I/AutomaticBrightnessControllerImpl( 1687): drop the lightsensor event! lux=12.0
04-29 03:38:17.121 D/PackageManager( 1687): set app  component=com.android.vending/com.google.android.finsky.wearsupport.WearSupportService enabled state: 2 from null,uid=10173,pid=13923
04-29 03:38:17.122 D/PackageManager( 1687): set app  component=com.android.vending/com.google.android.finsky.wearsupport.WearChangeListenerService enabled state: 2 from null,uid=10173,pid=13923
04-29 03:38:17.191 E/PowerKeeper.Sensor(14255): setAppSensorsControlPolicyjava.lang.UnsupportedOperationException
04-29 03:38:17.208 E/PowerKeeper.Sensor(14255): setAppSensorsControlPolicyjava.lang.UnsupportedOperationException
04-29 03:38:17.225 E/PowerKeeper.Sensor(14255): setAppSensorsControlPolicyjava.lang.UnsupportedOperationException
04-29 03:38:17.234 E/PowerKeeper.Sensor(14255): setAppSensorsControlPolicyjava.lang.UnsupportedOperationException
04-29 03:38:17.242 E/PowerKeeper.Sensor(14255): setAppSensorsControlPolicyjava.lang.UnsupportedOperationException
04-29 03:38:17.282 E/PowerKeeper.Sensor(14255): setAppSensorsControlPolicyjava.lang.UnsupportedOperationException
04-29 03:38:17.298 E/PowerKeeper.Sensor(14255): setAppSensorsControlPolicyjava.lang.UnsupportedOperationException
04-29 03:38:17.300 E/PowerKeeper.Sensor(14255): setAppSensorsControlPolicyjava.lang.UnsupportedOperationException
04-29 03:38:17.305 E/PowerKeeper.Sensor(14255): setAppSensorsControlPolicyjava.lang.UnsupportedOperationException
04-29 03:38:17.318 E/PowerKeeper.Sensor(14255): setAppSensorsControlPolicyjava.lang.UnsupportedOperationException
04-29 03:38:17.319 E/PowerKeeper.Sensor(14255): setAppSensorsControlPolicyjava.lang.UnsupportedOperationException
04-29 03:38:17.323 E/PowerKeeper.Sensor(14255): setAppSensorsControlPolicyjava.lang.UnsupportedOperationException
04-29 03:38:17.325 E/PowerKeeper.Sensor(14255): setAppSensorsControlPolicyjava.lang.UnsupportedOperationException
04-29 03:38:17.326 E/PowerKeeper.Sensor(14255): setAppSensorsControlPolicyjava.lang.UnsupportedOperationException
04-29 03:38:17.328 E/PowerKeeper.Sensor(14255): setAppSensorsControlPolicyjava.lang.UnsupportedOperationException
04-29 03:38:17.330 E/PowerKeeper.Sensor(14255): setAppSensorsControlPolicyjava.lang.UnsupportedOperationException
04-29 03:38:17.333 E/PowerKeeper.Sensor(14255): setAppSensorsControlPolicyjava.lang.UnsupportedOperationException
04-29 03:38:17.334 E/PowerKeeper.Sensor(14255): setAppSensorsControlPolicyjava.lang.UnsupportedOperationException
04-29 03:38:17.336 E/PowerKeeper.Sensor(14255): setAppSensorsControlPolicyjava.lang.UnsupportedOperationException
04-29 03:38:17.338 E/PowerKeeper.Sensor(14255): setAppSensorsControlPolicyjava.lang.UnsupportedOperationException
04-29 03:38:17.339 E/PowerKeeper.Sensor(14255): setAppSensorsControlPolicyjava.lang.UnsupportedOperationException
04-29 03:38:17.340 E/PowerKeeper.Sensor(14255): setAppSensorsControlPolicyjava.lang.UnsupportedOperationException
04-29 03:38:17.341 E/PowerKeeper.Sensor(14255): setAppSensorsControlPolicyjava.lang.UnsupportedOperationException
04-29 03:38:17.342 E/PowerKeeper.Sensor(14255): setAppSensorsControlPolicyjava.lang.UnsupportedOperationException
04-29 03:38:17.343 E/PowerKeeper.Sensor(14255): setAppSensorsControlPolicyjava.lang.UnsupportedOperationException
04-29 03:38:17.345 E/PowerKeeper.Sensor(14255): setAppSensorsControlPolicyjava.lang.UnsupportedOperationException
04-29 03:38:17.346 E/PowerKeeper.Sensor(14255): setAppSensorsControlPolicyjava.lang.UnsupportedOperationException
04-29 03:38:17.348 E/PowerKeeper.Sensor(14255): setAppSensorsControlPolicyjava.lang.UnsupportedOperationException
04-29 03:38:17.350 E/PowerKeeper.Sensor(14255): setAppSensorsControlPolicyjava.lang.UnsupportedOperationException
04-29 03:38:17.351 E/PowerKeeper.Sensor(14255): setAppSensorsControlPolicyjava.lang.UnsupportedOperationException
04-29 03:38:17.353 E/PowerKeeper.Sensor(14255): setAppSensorsControlPolicyjava.lang.UnsupportedOperationException
04-29 03:38:17.355 E/PowerKeeper.Sensor(14255): setAppSensorsControlPolicyjava.lang.UnsupportedOperationException
04-29 03:38:17.358 E/PowerKeeper.Sensor(14255): setAppSensorsControlPolicyjava.lang.UnsupportedOperationException
04-29 03:38:17.440 I/AutomaticBrightnessControllerImpl( 1687): drop the lightsensor event! lux=12.0
04-29 03:38:17.773 I/AutomaticBrightnessControllerImpl( 1687): drop the lightsensor event! lux=11.0
04-29 03:38:17.891 W/BroadcastQueue( 1687): Skipping deliver [background] BroadcastRecord{82af5f8 u-1 android.net.conn.CONNECTIVITY_CHANGE} to ReceiverList{70c7ad1 14317 (unknown name)/2000/u-1 remote:e65706a}: process gone or crashing
04-29 03:38:17.900 I/AutomaticBrightnessControllerImpl( 1687): drop the lightsensor event! lux=52.0
04-29 03:38:17.933 I/ActivityTaskManager( 1687): START u0 {act=android.intent.action.MAIN cat=[android.intent.category.LAUNCHER] flg=0x10200000 cmp=com.muonline.client/.PreloadActivity} from uid 2000 from pid 14317 callingPackage com.android.shell
04-29 03:38:17.938 W/ActivityTaskManager( 1687): Can't find TaskDisplayArea to determine support for multi window. Task id=1423 attached=false
04-29 03:38:17.939 V/ActivityTaskManager( 1687): onConfigurationChanged overrideWindowingMode = 0 prevWindowingMode = 0 isEnterFreeformMode = false isEnterFreeformMode = false isOutFreeformMode = false alreadySetFreeformBounds = false
04-29 03:38:17.946 D/CompatibilityChangeReporter( 1687): Compat change id reported: 174042980; UID 10237; state: DISABLED
04-29 03:38:17.947 D/CompatibilityChangeReporter( 1687): Compat change id reported: 184838306; UID 10237; state: DISABLED
04-29 03:38:17.948 D/CompatibilityChangeReporter( 1687): Compat change id reported: 185004937; UID 10237; state: DISABLED
04-29 03:38:17.968 D/OneHandedController( 2306): stopOneHanded state isTransitioning or STATE_NONE
04-29 03:38:17.970 D/CompatibilityChangeReporter( 1687): Compat change id reported: 158002302; UID 1000; state: ENABLED
04-29 03:38:17.973 D/CompatibilityChangeReporter( 1687): Compat change id reported: 158002302; UID 10182; state: ENABLED
04-29 03:38:17.974 D/WindowManager( 1687): Update InputWindowHandle: f07a5af com.miui.home/com.miui.home.launcher.Launcher, frame=[0,0,1080,2340], touchableRegion=SkRegion((0,0,1080,2340)), visible=true, focusable=true, changed=true
04-29 03:38:17.976 D/TaskSnapshot_Helper( 2306): app is not pre-defined.
04-29 03:38:17.995 D/WindowManager( 1687): Focus not requested for window=Window{f07a5af u0 com.miui.home/com.miui.home.launcher.Launcher} because it has no surface or is not focusable.
04-29 03:38:17.997 D/OneHandedController( 2306): stopOneHanded state isTransitioning or STATE_NONE
04-29 03:38:18.010 D/WindowManager( 1687): Input focus has changed to null display=0 updateInputWindows = true
04-29 03:38:18.013 D/OneHandedController( 2306): stopOneHanded state isTransitioning or STATE_NONE
04-29 03:38:18.028 D/SBE-LaunchIdentify( 1687): SBE boost:com.muonline.client begin
04-29 03:38:18.029 D/CompatibilityChangeReporter( 1687): Compat change id reported: 135634846; UID 10237; state: DISABLED
04-29 03:38:18.029 D/CompatibilityChangeReporter( 1687): Compat change id reported: 177438394; UID 10237; state: DISABLED
04-29 03:38:18.029 D/CompatibilityChangeReporter( 1687): Compat change id reported: 135772972; UID 10237; state: DISABLED
04-29 03:38:18.029 D/CompatibilityChangeReporter( 1687): Compat change id reported: 135754954; UID 10237; state: ENABLED
04-29 03:38:18.039 D/CompatibilityChangeReporter( 1687): Compat change id reported: 143937733; UID 10237; state: ENABLED
04-29 03:38:18.042 D/DexOptExtImpl( 1687): com.muonline.client reason is 4 abi is arm64-v8a
04-29 03:38:18.060 I/ActivityManager( 1687): Start proc 14342:com.muonline.client/u0a237 for pre-top-activity {com.muonline.client/com.muonline.client.PreloadActivity} caller=others
04-29 03:38:18.080 V/ActivityManager( 1687): New death recipient com.android.server.am.ActivityManagerService$AppDeathRecipient@704fbed for thread android.os.BinderProxy@82faa22
04-29 03:38:18.092 D/Aurogon ( 1687):  uid = 10237 switch to FG
04-29 03:38:18.095 D/NetworkManagement( 1687): failed to update firewall rulle!
04-29 03:38:18.099 E/PowerKeeper.Sensor(14255): setAppSensorsControlPolicyjava.lang.UnsupportedOperationException
04-29 03:38:18.106 I/AutomaticBrightnessControllerImpl( 1687): drop the lightsensor event! lux=12.0
04-29 03:38:18.126 I/ForceDarkHelperStubImpl(14342): initialize for com.muonline.client , ForceDarkOrigin
04-29 03:38:18.174 D/ViewScrollStubImpl(14342): the value of mScrollFrictionRes is: 0.015
04-29 03:38:18.180 D/MiuiMultiWindowUtils(14342): freeform resolution args raw data:{  "zizhan":{    "freeform_args": {      "inner":{        "vertical_portrait":{"aspect_ratio":0.626, "original_ratio":0.5643,"original_scale":0.74,"top_margin":0.168,"left_margin":0.484},        "horizontal_portrait":{"aspect_ratio":0.626, "original_ratio":0.5643,"original_scale":0.74,"top_margin":0.1222,"left_margin":0.59745},        "vertical_landscape":{"aspect_ratio":1.6, "original_ratio":1,"original_scale":0.604,"top_margin":0.2596,"left_margin":0.2624},        "horizontal_landscape":{"aspect_ratio":1.6, "original_ratio":1,"original_scale":0.604,"top_margin":0.213,"left_margin":0.3758}      },      "outer":{        "vertical_portrait":{"aspect_ratio":0.626, "original_ratio":1,"original_scale":0.74,"top_margin":0.0753,"left_margin":-1},        "horizontal_portrait":{"aspect_ratio":0.626, "original_ratio":1,"original_scale":0.5756,"top_margin":-1,"left_margin":0.0753},        "vertical_landscape":{"aspect_ratio":1.6, "original_ratio":0.6847,"original_scale":0.587,"top_margin":0.0753,"left_margin":-1},        "horizontal_landscape":{"aspect_ratio":1.6, "original_ratio":0.6847,"original_scale":0.587,"top_margin":-1,"left_margin":0.0753}}    },    "mini_freeform_args":{      "inner":{        "vertical_portrait":{"aspect_ratio":0.626, "original_ratio":0.147},        "horizontal_portrait":{"aspect_ratio":0.626, "original_ratio":0.147},        "vertical_landscape":{"aspect_ratio":1.6, "original_ratio":0.165},        "horizontal_landscape":{"aspect_ratio":1.6, "original_ratio":0.165}      },      "outer":{        "vertical_portrait":{"aspect_ratio":0.626, "original_ratio":0.26},        "horizontal_portrait":{"aspect_ratio":0.626, "original_ratio":0.26},        "vertical_landscape":{"aspect_ratio":1.6, "original_ratio":0.293},        "horizontal_landscape":{"aspect_ratio":1.6, "original_ratio":0.293}}    }  },  "wide_default":{    "freeform_args": {        "vertical_portrait":{"aspect_ratio":0.625, "original_ratio":0.58,"original_scale":0.7574,"top_margin":0.125,"left_margin":-1},        "horizontal_portrait":{"aspect_ratio":0.625, "original_ratio":0.58,"original_scale":0.7574,"top_margin":-1,"left_margin":0.0714},        "vertical_landscape":{"aspect_ratio":1.6, "original_ratio":1,"original_scale":0.5153,"top_margin":0.125,"left_margin":-1},        "horizontal_landscape":{"aspect_ratio":1.6, "original_ratio":1,"original_scale":0.5153,"top_margin":-1,"left_margin":0.0714}    },    "mini_freeform_args":{        "vertical_portrait":{"aspect_ratio":0.5625, "original_ratio":0.144},        "horizontal_portrait":{"aspect_ratio":0.5625, "original_ratio":0.144},        "vertical_landscape":{"aspect_ratio":-1, "original_ratio":0.144},        "horizontal_landscape":{"aspect_ratio":-1, "original_ratio":0.144}    }  },  "narrow_default": {    "freeform_args": {        "vertical_portrait":{"aspect_ratio":0.5625, "original_ratio":1,"original_scale":0.7182,"top_margin":0.142,"left_margin":-1},        "horizontal_portrait":{"aspect_ratio":0.8, "original_ratio":1,"original_scale":0.7182,"top_margin":-1,"left_margin":0.05},        "vertical_landscape":{"aspect_ratio":1.6, "original_ratio":0.6545,"original_scale":0.4473,"top_margin":0.142,"left_margin":-1},        "horizontal_landscape":{"aspect_ratio":1.6, "original_ratio":0.6545,"original_scale":0.4473,"top_margin":-1,"left_margin":0.05}    },    "mini_freeform_args":{        "vertical_portrait":{"aspect_ratio":0.5625, "original_ratio":0.3},        "horizontal_portrait":{"aspect_ratio":0.5625, "original_ratio":0.3},        "vertical_landscape":{"aspect_ratio":1.7778, "original_ratio":0.3},        "horizontal_landscape":{"aspect_ratio":1.7778, "original_ratio":0.3}    }  },  "regular_default": {    "freeform_args": {      "vertical_portrait":{"aspect_ratio":0.625, "original_ratio":1,"original_scale":0.7,"top_margin":0.109,"left_margin":-1},      "horizontal_portrait":{"aspect_ratio":0.6667, "original_ratio":1,"original_scale":0.6102,"top_margin":-1,"left_margin":0.026},      "vertical_landscape":{"aspect_ratio
04-29 03:38:18.211 W/DeviceIdleController(14255): removeList=[] AddList=[10144, 10097, 10081, 10066, 10098, 10100, 10071, 10103, 10137, 10250, 10108, 10079]
04-29 03:38:18.219 W/WindowManager( 1687): Failed looking up window session=Session{7f24f2b 14342:u0a10237} callers=com.android.server.wm.WindowManagerService.windowForClientLocked:6036 com.android.server.wm.Session.insetsModified:641 android.view.IWindowSession$Stub.onTransact:1163 
04-29 03:38:18.245 D/WindowManager( 1687): Input focus has changed to Window{7c4b307 u0 com.muonline.client/com.muonline.client.PreloadActivity} display=0 updateInputWindows = true
04-29 03:38:18.248 D/CompatibilityChangeReporter( 1687): Compat change id reported: 158002302; UID 10237; state: ENABLED
04-29 03:38:18.248 D/WindowManager( 1687): Update InputWindowHandle: 7c4b307 com.muonline.client/com.muonline.client.PreloadActivity, frame=[0,0,2340,1080], touchableRegion=SkRegion((76,0,1080,1080)), visible=true, focusable=true, changed=true
04-29 03:38:18.254 D/WindowManager( 1687): update navigation bar window=Window{7c4b307 u0 com.muonline.client/com.muonline.client.PreloadActivity},disableFlags=0,appearance=0,this=com.android.server.wm.DisplayPolicy@c3a0ad9
04-29 03:38:18.364 D/WindowManager( 1687): finishDrawingLocked: mDrawState=COMMIT_DRAW_PENDING Window{7c4b307 u0 com.muonline.client/com.muonline.client.PreloadActivity} in Surface(name=com.muonline.client/com.muonline.client.PreloadActivity)/@0x84c9f59
04-29 03:38:18.394 D/CompatibilityChangeReporter( 1687): Compat change id reported: 157929241; UID 1000; state: LOGGED
04-29 03:38:18.406 D/WindowManager( 1687): Update InputWindowHandle: 7c4b307 com.muonline.client/com.muonline.client.PreloadActivity, frame=[0,0,2340,1080], touchableRegion=SkRegion((0,0,1080,1080)), visible=true, focusable=true, changed=true
04-29 03:38:18.427 D/WindowManager( 1687): shouldDeferAnimationFinish WindowToken{7fa2f4c android.os.BinderProxy@daec9e}, anim = com.android.server.wm.FadeAnimationController$FadeAnimationAdapter@4c710c9
04-29 03:38:18.439 I/AutomaticBrightnessControllerImpl( 1687): drop the lightsensor event! lux=8.0
04-29 03:38:18.478 D/PerfShielderService( 1687): com.android.systemui|com.android.systemui-Nav-831445295|621|12039505556101|227|0|6
04-29 03:38:18.479 W/MiuiPerfServiceClient( 3525): interceptAndQueuing:2306|com.android.systemui|621|227|12039505556101|Slow main thread|6
04-29 03:38:18.480 I/WindowManagerService( 1687): Physical orientation not applied, rotation=0
04-29 03:38:18.482 I/WindowManagerService( 1687): Physical orientation not applied, rotation=0
04-29 03:38:18.510 D/Aurogon ( 1687):  uid = 10066 switch to BG
04-29 03:38:18.545 D/WindowManager( 1687): setParent old=ActivityRecord{41e3037 u0 com.muonline.client/.PreloadActivity t1423},new=null,this window=Window{549290e u0 Splash Screen com.muonline.client},callers=com.android.server.wm.WindowContainer.removeChild:620 com.android.server.wm.ActivityRecord.removeChild:4214 com.android.server.wm.ActivityRecord.removeChild:417 com.android.server.wm.WindowContainer.removeImmediately:672 com.android.server.wm.WindowState.removeImmediately:2533 com.android.server.wm.WindowState.destroySurface:3724 
04-29 03:38:18.595 I/WindowManager( 1687): rotation changed from 0 to 1 due ActivityRecord{41e3037 u0 com.muonline.client/.PreloadActivity t1423}
04-29 03:38:18.595 I/WindowManager( 1687): request=SCREEN_ORIENTATION_LANDSCAPE sensor=ROTATION_90,true user=ROTATION_0, displayId=0
04-29 03:38:18.602 I/ActivityTaskManager( 1687): Config changes=20000480 {1.0 452mcc1mnc [vi_VN] ldltr sw392dp w776dp h365dp 440dpi nrml long land ?pc finger -keyb/v/h -nav/h winConfig={ mBounds=Rect(0, 0 - 2340, 1080) mAppBounds=Rect(76, 0 - 2210, 1080) mMaxBounds=Rect(0, 0 - 2340, 1080) mWindowingMode=fullscreen mDisplayWindowingMode=fullscreen mActivityType=undefined mAlwaysOnTop=undefined mRotation=ROTATION_90} as.2 s.2193 fontWeightAdjustment=0 themeChanged=0 themeChangedFlags=0 extraData = Bundle[{}] dt/?}
04-29 03:38:18.612 I/WindowManager( 1687): Override config changes=20000480 {1.0 452mcc1mnc [vi_VN] ldltr sw392dp w776dp h365dp 440dpi nrml long land ?pc finger -keyb/v/h -nav/h winConfig={ mBounds=Rect(0, 0 - 2340, 1080) mAppBounds=Rect(76, 0 - 2210, 1080) mMaxBounds=Rect(0, 0 - 2340, 1080) mWindowingMode=fullscreen mDisplayWindowingMode=fullscreen mActivityType=undefined mAlwaysOnTop=undefined mRotation=ROTATION_90} as.2 s.2193 fontWeightAdjustment=0 themeChanged=0 themeChangedFlags=0 extraData = Bundle[{}] dt/?} for displayId=0
04-29 03:38:18.641 V/ActivityTaskManager( 1687): onConfigurationChanged overrideWindowingMode = 0 prevWindowingMode = 1 isEnterFreeformMode = false isEnterFreeformMode = false isOutFreeformMode = false alreadySetFreeformBounds = false
04-29 03:38:18.653 V/ActivityTaskManager( 1687): onConfigurationChanged overrideWindowingMode = 0 prevWindowingMode = 1 isEnterFreeformMode = false isEnterFreeformMode = false isOutFreeformMode = false alreadySetFreeformBounds = false
04-29 03:38:18.653 V/ActivityTaskManager( 1687): onConfigurationChanged overrideWindowingMode = 1 prevWindowingMode = 1 isEnterFreeformMode = false isEnterFreeformMode = false isOutFreeformMode = false alreadySetFreeformBounds = false
04-29 03:38:18.658 V/ActivityTaskManager( 1687): onConfigurationChanged overrideWindowingMode = 6 prevWindowingMode = 6 isEnterFreeformMode = false isEnterFreeformMode = false isOutFreeformMode = false alreadySetFreeformBounds = false
04-29 03:38:18.659 V/ActivityTaskManager( 1687): onConfigurationChanged overrideWindowingMode = 6 prevWindowingMode = 6 isEnterFreeformMode = false isEnterFreeformMode = false isOutFreeformMode = false alreadySetFreeformBounds = false
04-29 03:38:18.659 V/ActivityTaskManager( 1687): onConfigurationChanged overrideWindowingMode = 3 prevWindowingMode = 3 isEnterFreeformMode = false isEnterFreeformMode = false isOutFreeformMode = false alreadySetFreeformBounds = false
04-29 03:38:18.662 D/MiuiFreeFormCameraStrategy( 1687): set persist.vendor.freeform.3appcam error! java.lang.RuntimeException: failed to set system property (check logcat for reason)
04-29 03:38:18.663 V/ActivityTaskManager( 1687): onConfigurationChanged overrideWindowingMode = 3 prevWindowingMode = 3 isEnterFreeformMode = false isEnterFreeformMode = false isOutFreeformMode = false alreadySetFreeformBounds = false
04-29 03:38:18.663 V/ActivityTaskManager( 1687): onConfigurationChanged overrideWindowingMode = 4 prevWindowingMode = 4 isEnterFreeformMode = false isEnterFreeformMode = false isOutFreeformMode = false alreadySetFreeformBounds = false
04-29 03:38:18.663 D/MiuiFreeFormCameraStrategy( 1687): set persist.vendor.freeform.3appcam error! java.lang.RuntimeException: failed to set system property (check logcat for reason)
04-29 03:38:18.664 V/ActivityTaskManager( 1687): onConfigurationChanged overrideWindowingMode = 4 prevWindowingMode = 4 isEnterFreeformMode = false isEnterFreeformMode = false isOutFreeformMode = false alreadySetFreeformBounds = false
04-29 03:38:18.665 D/MiuiFreeFormGestureController( 1687): displayConfigurationChange
04-29 03:38:18.668 V/ActivityTaskManager( 1687): onConfigurationChanged overrideWindowingMode = 4 prevWindowingMode = 4 isEnterFreeformMode = false isEnterFreeformMode = false isOutFreeformMode = false alreadySetFreeformBounds = false
04-29 03:38:18.668 V/ActivityTaskManager( 1687): onConfigurationChanged overrideWindowingMode = 3 prevWindowingMode = 3 isEnterFreeformMode = false isEnterFreeformMode = false isOutFreeformMode = false alreadySetFreeformBounds = false
04-29 03:38:18.681 D/WindowManager( 1687): Update InputWindowHandle: 7c4b307 com.muonline.client/com.muonline.client.PreloadActivity, frame=[0,0,2340,1080], touchableRegion=SkRegion((0,0,2340,1080)), visible=true, focusable=true, changed=true
04-29 03:38:18.682 D/MiuiFreeFormGesturePointerEventListener( 1687): updateScreenParams ori:2 mNotchBar:76 mDisplayRotation:1
04-29 03:38:18.692 I/WindowManagerService( 1687): Physical orientation not applied, rotation=1
04-29 03:38:18.707 I/WindowManagerService( 1687): Physical orientation not applied, rotation=1
04-29 03:38:18.712 I/ActivityTaskManager( 1687): START u0 {flg=0x14000000 cmp=com.muonline.client/.MuMainActivity} from uid 10237 from pid 14342 callingPackage com.muonline.client
04-29 03:38:18.724 D/CompatibilityChangeReporter( 1687): Compat change id reported: 168419799; UID 10237; state: DISABLED
04-29 03:38:18.733 I/WindowManagerService( 1687): Physical orientation not applied, rotation=1
04-29 03:38:18.734 D/WindowManager( 1687): Update InputWindowHandle: 7c4b307 com.muonline.client/com.muonline.client.PreloadActivity, frame=[0,0,2340,1080], touchableRegion=SkRegion((0,0,2340,1080)), visible=true, focusable=true, changed=true
04-29 03:38:18.738 I/WindowManagerService( 1687): Physical orientation not applied, rotation=1
04-29 03:38:18.745 W/ActivityTaskManager( 1687): Tried to set launchTime (0) < mLastActivityLaunchTime (12053513)
04-29 03:38:18.751 D/WindowManager( 1687): Input focus has changed to null display=0 updateInputWindows = true
04-29 03:38:18.759 I/WindowManagerService( 1687): Physical orientation not applied, rotation=1
04-29 03:38:18.760 D/ATMSImpl( 1687): Begin to report package foreground events...
04-29 03:38:18.772 I/AutomaticBrightnessControllerImpl( 1687): drop the lightsensor event! lux=8.0
04-29 03:38:18.792 I/WindowManagerService( 1687): Physical orientation not applied, rotation=1
04-29 03:38:18.795 I/WindowManagerService( 1687): Physical orientation not applied, rotation=1
04-29 03:38:18.797 I/WindowManagerService( 1687): Physical orientation not applied, rotation=1
04-29 03:38:18.805 I/WindowManagerService( 1687): Physical orientation not applied, rotation=1
04-29 03:38:18.833 I/WindowManagerService( 1687): Physical orientation not applied, rotation=1
04-29 03:38:18.839 I/WindowManagerService( 1687): Physical orientation not applied, rotation=1
04-29 03:38:18.841 W/WindowManager( 1687): Failed looking up window session=Session{7f24f2b 14342:u0a10237} callers=com.android.server.wm.WindowManagerService.windowForClientLocked:6036 com.android.server.wm.Session.insetsModified:641 android.view.IWindowSession$Stub.onTransact:1163 
04-29 03:38:18.853 D/WindowManager( 1687): Input focus has changed to Window{40bad56 u0 com.muonline.client/com.muonline.client.MuMainActivity} display=0 updateInputWindows = true
04-29 03:38:18.854 I/WindowManagerService( 1687): Physical orientation not applied, rotation=1
04-29 03:38:18.855 D/WindowManager( 1687): Update InputWindowHandle: 40bad56 com.muonline.client/com.muonline.client.MuMainActivity, frame=[0,0,2340,1080], touchableRegion=SkRegion((0,0,2340,1080)), visible=true, focusable=true, changed=true
04-29 03:38:18.863 D/WindowManager( 1687): update navigation bar window=Window{40bad56 u0 com.muonline.client/com.muonline.client.MuMainActivity},disableFlags=0,appearance=0,this=com.android.server.wm.DisplayPolicy@c3a0ad9
04-29 03:38:18.871 I/WindowManagerService( 1687): Physical orientation not applied, rotation=1
04-29 03:38:18.884 D/ActivityTaskManager( 1687):  setRequestedOrientationFreeForm: requestedOrientation= 6 task=Task{51579a4 #1423 type=standard A=10237:com.muonline.client U=0 visible=true mode=fullscreen translucent=false sz=2} MiuiFreeformServicesUtils.getFreeformIgnoreRequestOrientationList()= [com.miui.player, com.sqw.setdl.mi, air.tv.douyu.android, com.youku.phone, com.tencent.gamehelper.smoba, com.taobao.litetao, com.live.shuoqiudi, com.baidu.homework, com.tencent.qqmusic, cn.xiaochuankeji.zuiyouLite, com.facebook.orca, com.android.browser]packageName= com.muonline.client
04-29 03:38:18.884 D/PerfShielderService( 1687): com.android.systemui|com.android.systemui-Nav-831445295|149|12054199313640|149|0|1
04-29 03:38:18.884 W/MiuiPerfServiceClient( 3525): interceptAndQueuing:2306|com.android.systemui|149|149|12054199313640|Slow main thread|1
04-29 03:38:18.885 D/WindowManager( 1687): finishDrawingLocked: mDrawState=COMMIT_DRAW_PENDING Window{40bad56 u0 com.muonline.client/com.muonline.client.MuMainActivity} in Surface(name=com.muonline.client/com.muonline.client.MuMainActivity)/@0x14aef30
04-29 03:38:18.900 I/AutomaticBrightnessControllerImpl( 1687): drop the lightsensor event! lux=52.0
04-29 03:38:18.911 I/WindowManagerService( 1687): Physical orientation not applied, rotation=1
04-29 03:38:18.914 D/WindowManager( 1687): update navigation bar window=Window{40bad56 u0 com.muonline.client/com.muonline.client.MuMainActivity},disableFlags=0,appearance=0,this=com.android.server.wm.DisplayPolicy@c3a0ad9
04-29 03:38:18.921 I/WindowManagerService( 1687): Physical orientation not applied, rotation=1
04-29 03:38:18.923 D/WindowManager( 1687): Update InputWindowHandle: 40bad56 com.muonline.client/com.muonline.client.MuMainActivity, frame=[0,0,2340,1080], touchableRegion=SkRegion((0,0,2340,1080)), visible=true, focusable=true, changed=true
04-29 03:38:18.933 D/ProcessManager( 1687): add audio active uid : 10237
04-29 03:38:18.936 I/WindowManagerService( 1687): Physical orientation not applied, rotation=1
04-29 03:38:18.949 I/WindowManagerService( 1687): Physical orientation not applied, rotation=1
04-29 03:38:18.952 I/WindowManagerService( 1687): Physical orientation not applied, rotation=1
04-29 03:38:19.106 I/AutomaticBrightnessControllerImpl( 1687): drop the lightsensor event! lux=8.0
04-29 03:38:19.194 I/WindowManagerService( 1687): Physical orientation not applied, rotation=1
04-29 03:38:19.395 D/WindowManager( 1687): shouldDeferAnimationFinish ActivityRecord{438be39 u0 com.muonline.client/.MuMainActivity t1423}, anim = com.android.server.wm.LocalAnimationAdapter@dfdae92
04-29 03:38:19.403 D/WindowManager( 1687): Update InputWindowHandle: 40bad56 com.muonline.client/com.muonline.client.MuMainActivity, frame=[0,0,2340,1080], touchableRegion=SkRegion((0,0,2340,1080)), visible=true, focusable=true, changed=true
04-29 03:38:19.414 I/WindowManagerService( 1687): Physical orientation not applied, rotation=1
04-29 03:38:19.421 D/WindowManager( 1687): setParent old=ActivityRecord{41e3037 u0 com.muonline.client/.PreloadActivity t1423 f}},new=null,this window=Window{7c4b307 u0 com.muonline.client/com.muonline.client.PreloadActivity},callers=com.android.server.wm.WindowContainer.removeChild:620 com.android.server.wm.ActivityRecord.removeChild:4214 com.android.server.wm.ActivityRecord.removeChild:417 com.android.server.wm.WindowContainer.removeImmediately:672 com.android.server.wm.WindowState.removeImmediately:2533 com.android.server.wm.WindowState.removeIfPossible:2729 
04-29 03:38:19.426 D/WindowManager( 1687): setParent old=Task{51579a4 #1423 type=standard A=10237:com.muonline.client U=0 visible=true mode=fullscreen translucent=false sz=1},new=null,this window=ActivityRecord{41e3037 u0 com.muonline.client/.PreloadActivity t1423 f}},callers=com.android.server.wm.WindowContainer.removeChild:620 com.android.server.wm.Task.removeChild:1896 com.android.server.wm.Task.removeChild:1877 com.android.server.wm.WindowContainer.removeImmediately:672 com.android.server.wm.WindowToken.removeImmediately:363 com.android.server.wm.ActivityRecord.removeImmediately:4031 
04-29 03:38:19.439 I/AutomaticBrightnessControllerImpl( 1687): drop the lightsensor event! lux=7.0
04-29 03:38:19.772 I/AutomaticBrightnessControllerImpl( 1687): drop the lightsensor event! lux=7.0
04-29 03:38:19.901 I/AutomaticBrightnessControllerImpl( 1687): drop the lightsensor event! lux=52.0
04-29 03:38:20.106 I/AutomaticBrightnessControllerImpl( 1687): drop the lightsensor event! lux=7.0
04-29 03:38:20.439 I/AutomaticBrightnessControllerImpl( 1687): drop the lightsensor event! lux=7.0
04-29 03:38:20.772 I/AutomaticBrightnessControllerImpl( 1687): drop the lightsensor event! lux=6.0
04-29 03:38:20.901 I/AutomaticBrightnessControllerImpl( 1687): drop the lightsensor event! lux=52.0
04-29 03:38:21.106 I/AutomaticBrightnessControllerImpl( 1687): drop the lightsensor event! lux=6.0
04-29 03:38:21.331 D/PerfShielderService( 1687): com.android.systemui|StatusBar|243|12054292970871|156|0|3
04-29 03:38:21.332 W/MiuiPerfServiceClient( 3525): interceptAndQueuing:2306|com.android.systemui|243|156|12054292970871|Slow main thread|3
04-29 03:38:21.395 W/ProcessStats( 1687): Tracking association SourceState{b90e45 com.miui.analytics/10098 BTopFgs #35710} whose proc state 2 is better than process ProcessState{c730a8a com.miui.securitycenter.remote/1000 pkg=com.miui.securitycenter} proc state 3 (155 skipped)
04-29 03:38:21.439 I/AutomaticBrightnessControllerImpl( 1687): drop the lightsensor event! lux=6.0
04-29 03:38:21.772 I/AutomaticBrightnessControllerImpl( 1687): drop the lightsensor event! lux=6.0
04-29 03:38:21.902 I/AutomaticBrightnessControllerImpl( 1687): drop the lightsensor event! lux=52.0
04-29 03:38:22.106 I/AutomaticBrightnessControllerImpl( 1687): drop the lightsensor event! lux=4.0
04-29 03:38:22.439 I/AutomaticBrightnessControllerImpl( 1687): drop the lightsensor event! lux=3.0
04-29 03:38:22.772 I/AutomaticBrightnessControllerImpl( 1687): drop the lightsensor event! lux=3.0
04-29 03:38:22.902 I/AutomaticBrightnessControllerImpl( 1687): drop the lightsensor event! lux=52.0
04-29 03:38:23.106 I/AutomaticBrightnessControllerImpl( 1687): drop the lightsensor event! lux=0.0
04-29 03:38:23.439 I/AutomaticBrightnessControllerImpl( 1687): drop the lightsensor event! lux=0.0
04-29 03:38:23.772 I/AutomaticBrightnessControllerImpl( 1687): drop the lightsensor event! lux=0.0
04-29 03:38:23.903 I/AutomaticBrightnessControllerImpl( 1687): drop the lightsensor event! lux=52.0
04-29 03:38:24.106 I/AutomaticBrightnessControllerImpl( 1687): drop the lightsensor event! lux=0.0
04-29 03:38:24.346 D/HeapUsage Monitor( 1687): HeapAllocSize : 59MB; monitorSize : 500MB
04-29 03:38:24.439 I/AutomaticBrightnessControllerImpl( 1687): drop the lightsensor event! lux=0.0
04-29 03:38:24.785 I/AutomaticBrightnessControllerImpl( 1687): drop the lightsensor event! lux=0.0
04-29 03:38:24.903 I/AutomaticBrightnessControllerImpl( 1687): drop the lightsensor event! lux=52.0
04-29 03:38:25.106 I/AutomaticBrightnessControllerImpl( 1687): drop the lightsensor event! lux=0.0
04-29 03:38:25.440 I/AutomaticBrightnessControllerImpl( 1687): drop the lightsensor event! lux=0.0
04-29 03:38:25.773 I/AutomaticBrightnessControllerImpl( 1687): drop the lightsensor event! lux=0.0
04-29 03:38:25.903 I/AutomaticBrightnessControllerImpl( 1687): drop the lightsensor event! lux=52.0
04-29 03:38:26.110 I/AutomaticBrightnessControllerImpl( 1687): drop the lightsensor event! lux=0.0
04-29 03:38:26.440 I/AutomaticBrightnessControllerImpl( 1687): drop the lightsensor event! lux=0.0
04-29 03:38:26.773 I/AutomaticBrightnessControllerImpl( 1687): drop the lightsensor event! lux=0.0
04-29 03:38:26.903 I/AutomaticBrightnessControllerImpl( 1687): drop the lightsensor event! lux=52.0
04-29 03:38:27.105 I/AutomaticBrightnessControllerImpl( 1687): drop the lightsensor event! lux=0.0
04-29 03:38:27.440 I/AutomaticBrightnessControllerImpl( 1687): drop the lightsensor event! lux=8.0
04-29 03:38:27.773 I/AutomaticBrightnessControllerImpl( 1687): drop the lightsensor event! lux=7.0
04-29 03:38:27.895 D/IntervalStats( 1687): Unable to parse usage stats packages: [372]
04-29 03:38:27.903 I/AutomaticBrightnessControllerImpl( 1687): drop the lightsensor event! lux=52.0
04-29 03:38:27.907 V/ActivityManager( 1687): Death received in com.android.server.am.ActivityManagerService$AppDeathRecipient@a58ac69 for thread android.os.BinderProxy@e7f96ee
04-29 03:38:27.908 I/ActivityManager( 1687): Process com.xiaomi.simactivate.service (pid 13865) has died: cch+35 CEM 
04-29 03:38:27.909 D/ActivityManagerServiceImpl( 1687): Service controller is not enabled.
04-29 03:38:27.911 D/ProcessManager( 1687): skip restart com.xiaomi.simactivate.service because this device is a lowmemory device!
04-29 03:38:27.911 D/ProcessRecordInjector( 1687): Finishing reporting clean up app record.
04-29 03:38:27.944 D/IntervalStats( 1687): Unable to parse usage stats packages: [374]
04-29 03:38:27.983 D/IntervalStats( 1687): Unable to parse usage stats packages: [376]
04-29 03:38:28.021 D/IntervalStats( 1687): Unable to parse usage stats packages: [376]
04-29 03:38:28.028 D/IntervalStats( 1687): Unable to parse usage stats packages: [376]
04-29 03:38:28.038 I/ActivityManager( 1687): Killing 13778:com.google.android.permissioncontroller/u0a217 (adj 925): MiuiMemoryService(cch-empty)
04-29 03:38:28.039 W/PreloadController( 1687): notify...pkgName=com.google.android.permissioncontroller, userId=0, processName=com.google.android.permissioncontroller, pid=13778, reason=MiuiMemoryService(cch-empty)
04-29 03:38:28.041 W/PreloadManager( 1687): checkMemory()....return as low-mem device
04-29 03:38:28.041 W/PreloadManager( 1687): Failed : memory, numOf=0
04-29 03:38:28.041 W/PreloadController( 1687): Will not preload com.google.android.permissioncontroller, decision = false, mMonitor.size()=0
04-29 03:38:28.054 I/ActivityManager( 1687): Killing 14116:com.android.vending:background/u0a173 (adj 915): MiuiMemoryService(cch-empty)
04-29 03:38:28.073 V/ActivityManager( 1687): Death received in com.android.server.am.ActivityManagerService$AppDeathRecipient@6e3e33 for thread android.os.BinderProxy@45635f0
04-29 03:38:28.074 D/ActivityManagerServiceImpl( 1687): Service controller is not enabled.
04-29 03:38:28.075 D/ProcessManager( 1687): skip restart com.google.android.permissioncontroller because this device is a lowmemory device!
04-29 03:38:28.075 D/ProcessRecordInjector( 1687): Finishing reporting clean up app record.
04-29 03:38:28.106 I/AutomaticBrightnessControllerImpl( 1687): drop the lightsensor event! lux=6.0
04-29 03:38:28.113 V/ActivityManager( 1687): Death received in com.android.server.am.ActivityManagerService$AppDeathRecipient@2fb66c8 for thread android.os.BinderProxy@50be361
04-29 03:38:28.114 D/ActivityManagerServiceImpl( 1687): Service controller is not enabled.
04-29 03:38:28.115 D/ProcessManager( 1687): skip restart com.android.vending:background because this device is a lowmemory device!
04-29 03:38:28.115 D/ProcessRecordInjector( 1687): Finishing reporting clean up app record.
04-29 03:38:28.116 W/ActivityManager( 1687): Scheduling restart of crashed service com.android.vending/com.google.frameworks.client.data.android.server.play.BackgroundProcessEndpointService in 1000ms for connection
04-29 03:38:28.440 I/AutomaticBrightnessControllerImpl( 1687): drop the lightsensor event! lux=6.0
04-29 03:38:28.773 I/AutomaticBrightnessControllerImpl( 1687): drop the lightsensor event! lux=6.0
04-29 03:38:28.904 I/AutomaticBrightnessControllerImpl( 1687): drop the lightsensor event! lux=52.0
04-29 03:38:29.106 I/AutomaticBrightnessControllerImpl( 1687): drop the lightsensor event! lux=5.0
04-29 03:38:29.146 I/WindowManagerService( 1687): Physical orientation not applied, rotation=1
04-29 03:38:29.433 I/WindowManagerService( 1687): Physical orientation not applied, rotation=1
04-29 03:38:29.440 I/AutomaticBrightnessControllerImpl( 1687): drop the lightsensor event! lux=5.0
04-29 03:38:29.512 D/WindowManager( 1687): finishDrawingLocked: mDrawState=COMMIT_DRAW_PENDING Window{d3c148b u0 InputMethod} in Surface(name=InputMethod)/@0x8433aec
04-29 03:38:29.520 D/WindowManager( 1687): update navigation bar window=Window{40bad56 u0 com.muonline.client/com.muonline.client.MuMainActivity},disableFlags=0,appearance=0,this=com.android.server.wm.DisplayPolicy@c3a0ad9
04-29 03:38:29.586 I/UsageStatsService( 1687): User[0] Flushing usage stats to disk
04-29 03:38:29.731 D/OneHandedController( 2306): stopOneHanded state isTransitioning or STATE_NONE
04-29 03:38:29.773 I/AutomaticBrightnessControllerImpl( 1687): drop the lightsensor event! lux=5.0
04-29 03:38:29.905 I/AutomaticBrightnessControllerImpl( 1687): drop the lightsensor event! lux=52.0
04-29 03:38:30.106 I/AutomaticBrightnessControllerImpl( 1687): drop the lightsensor event! lux=5.0
04-29 03:38:30.439 I/AutomaticBrightnessControllerImpl( 1687): drop the lightsensor event! lux=5.0
04-29 03:38:30.773 I/AutomaticBrightnessControllerImpl( 1687): drop the lightsensor event! lux=6.0
04-29 03:38:30.905 I/AutomaticBrightnessControllerImpl( 1687): drop the lightsensor event! lux=52.0
04-29 03:38:31.106 I/AutomaticBrightnessControllerImpl( 1687): drop the lightsensor event! lux=6.0
04-29 03:38:31.439 I/AutomaticBrightnessControllerImpl( 1687): drop the lightsensor event! lux=6.0
04-29 03:38:31.576 W/ProcessStats( 1687): Tracking association SourceState{b90e45 com.miui.analytics/10098 BTopFgs #35731} whose proc state 2 is better than process ProcessState{c730a8a com.miui.securitycenter.remote/1000 pkg=com.miui.securitycenter} proc state 3 (47 skipped)
04-29 03:38:31.772 I/AutomaticBrightnessControllerImpl( 1687): drop the lightsensor event! lux=6.0
04-29 03:38:31.906 I/AutomaticBrightnessControllerImpl( 1687): drop the lightsensor event! lux=52.0
04-29 03:38:32.106 I/AutomaticBrightnessControllerImpl( 1687): drop the lightsensor event! lux=6.0
04-29 03:38:32.441 I/AutomaticBrightnessControllerImpl( 1687): drop the lightsensor event! lux=6.0
04-29 03:38:32.773 I/AutomaticBrightnessControllerImpl( 1687): drop the lightsensor event! lux=6.0
04-29 03:38:32.907 I/AutomaticBrightnessControllerImpl( 1687): drop the lightsensor event! lux=52.0
04-29 03:38:33.106 I/AutomaticBrightnessControllerImpl( 1687): drop the lightsensor event! lux=6.0
