--------- beginning of system
04-29 03:37:59.106 I/AutomaticBrightnessControllerImpl( 1687): drop the lightsensor event! lux=7.0
04-29 03:37:59.193 I/InstallationTiming( 1687): beginInstall_sessionId: 840565761
04-29 03:37:59.439 I/AutomaticBrightnessControllerImpl( 1687): drop the lightsensor event! lux=7.0
04-29 03:37:59.772 I/AutomaticBrightnessControllerImpl( 1687): drop the lightsensor event! lux=7.0
04-29 03:37:59.890 I/AutomaticBrightnessControllerImpl( 1687): drop the lightsensor event! lux=52.0
04-29 03:38:00.106 I/AutomaticBrightnessControllerImpl( 1687): drop the lightsensor event! lux=6.0
04-29 03:38:00.439 I/AutomaticBrightnessControllerImpl( 1687): drop the lightsensor event! lux=6.0
04-29 03:38:00.772 I/AutomaticBrightnessControllerImpl( 1687): drop the lightsensor event! lux=6.0
04-29 03:38:00.891 I/AutomaticBrightnessControllerImpl( 1687): drop the lightsensor event! lux=52.0
04-29 03:38:01.106 I/AutomaticBrightnessControllerImpl( 1687): drop the lightsensor event! lux=6.0
04-29 03:38:01.180 W/BpBinder( 2323): Slow Binder: BpBinder transact took 644 ms, interface=android.content.pm.IPackageInstaller, code=6 oneway=false
04-29 03:38:01.183 W/ProcessStats( 1687): Tracking association SourceState{b90e45 com.miui.analytics/10098 BTopFgs #35328} whose proc state 2 is better than process ProcessState{c730a8a com.miui.securitycenter.remote/1000 pkg=com.miui.securitycenter} proc state 3 (8 skipped)
04-29 03:38:01.208 I/PackageManager( 1687): Integrity check passed for file:///data/app/vmdl840565761.tmp
04-29 03:38:01.334 I/ActivityTaskManager( 1687): START u0 {act=android.intent.action.VIEW dat=file:///data/app/vmdl840565761.tmp typ=application/vnd.android.package-archive flg=0x18000000 cmp=com.miui.securitycenter/com.miui.permcenter.install.AdbInstallActivity (has extras)} from uid 1000 from pid 1687 callingPackage pm
04-29 03:38:01.352 W/ActivityTaskManager( 1687): Can't find TaskDisplayArea to determine support for multi window. Task id=1422 attached=false
04-29 03:38:01.353 V/ActivityTaskManager( 1687): onConfigurationChanged overrideWindowingMode = 0 prevWindowingMode = 0 isEnterFreeformMode = false isEnterFreeformMode = false isOutFreeformMode = false alreadySetFreeformBounds = false
04-29 03:38:01.356 D/CompatibilityChangeReporter( 1687): Compat change id reported: 174042980; UID 1000; state: DISABLED
04-29 03:38:01.364 D/CompatibilityChangeReporter( 1687): Compat change id reported: 168419799; UID 1000; state: DISABLED
04-29 03:38:01.370 D/OneHandedController( 2306): stopOneHanded state isTransitioning or STATE_NONE
04-29 03:38:01.370 D/WindowManager( 1687): Update InputWindowHandle: ae575b8 com.muonline.client/com.muonline.client.MuMainActivity, frame=[0,0,2340,1080], touchableRegion=SkRegion((0,0,2340,1080)), visible=true, focusable=true, changed=true
04-29 03:38:01.372 D/OneHandedController( 2306): stopOneHanded state isTransitioning or STATE_NONE
04-29 03:38:01.389 D/OneHandedController( 2306): stopOneHanded state isTransitioning or STATE_NONE
04-29 03:38:01.389 D/WindowManager( 1687): Update InputWindowHandle: ae575b8 com.muonline.client/com.muonline.client.MuMainActivity, frame=[0,0,2340,1080], touchableRegion=SkRegion((0,0,2340,1080)), visible=true, focusable=true, changed=true
04-29 03:38:01.394 D/CompatibilityChangeReporter( 1687): Compat change id reported: 135634846; UID 1000; state: DISABLED
04-29 03:38:01.394 D/CompatibilityChangeReporter( 1687): Compat change id reported: 177438394; UID 1000; state: DISABLED
04-29 03:38:01.394 D/CompatibilityChangeReporter( 1687): Compat change id reported: 135772972; UID 1000; state: DISABLED
04-29 03:38:01.395 D/CompatibilityChangeReporter( 1687): Compat change id reported: 135754954; UID 1000; state: ENABLED
04-29 03:38:01.410 D/DexOptExtImpl( 1687): com.miui.securitycenter reason is 5 abi is arm64-v8a
04-29 03:38:01.413 I/ActivityManager( 1687): Start proc 13241:com.miui.securitycenter/1000 for pre-top-activity {com.miui.securitycenter/com.miui.permcenter.install.AdbInstallActivity} caller=others
04-29 03:38:01.437 V/ActivityManager( 1687): New death recipient com.android.server.am.ActivityManagerService$AppDeathRecipient@9adb467 for thread android.os.BinderProxy@a976214
04-29 03:38:01.439 I/AutomaticBrightnessControllerImpl( 1687): drop the lightsensor event! lux=7.0
04-29 03:38:01.449 D/WindowManager( 1687): Input focus has changed to null display=0 updateInputWindows = true
04-29 03:38:01.451 D/CompatibilityChangeReporter( 1687): Compat change id reported: 181136395; UID 1000; state: DISABLED
04-29 03:38:01.452 D/CompatibilityChangeReporter( 1687): Compat change id reported: 174042936; UID 1000; state: DISABLED
04-29 03:38:01.456 D/Aurogon ( 1687):  uid = 1000 switch to FG
04-29 03:38:01.629 D/DexOptExtImpl( 1687): try dex2oat for com.muonline.client result=0 cnt = 4
04-29 03:38:01.698 D/IntervalStats( 1687): Unable to parse usage stats packages: [372]
04-29 03:38:01.702 I/ForceDarkHelperStubImpl(13241): initialize for com.miui.securitycenter , ForceDarkOrigin
04-29 03:38:01.705 V/ActivityManager( 1687): Death received in com.android.server.am.ActivityManagerService$AppDeathRecipient@880dde5 for thread android.os.BinderProxy@69870ba
04-29 03:38:01.706 I/ActivityManager( 1687): Process com.miui.core (pid 13086) has died: svc SVC 
04-29 03:38:01.706 D/ActivityManagerServiceImpl( 1687): Service controller is not enabled.
04-29 03:38:01.707 D/ProcessManager( 1687): skip restart com.miui.core because this device is a lowmemory device!
04-29 03:38:01.707 D/ProcessRecordInjector( 1687): Finishing reporting clean up app record.
04-29 03:38:01.708 W/ActivityManager( 1687): Scheduling restart of crashed service com.miui.core/miui.autoinstall.config.service.AutoInstallService in 1000ms for start-requested
04-29 03:38:01.723 D/IntervalStats( 1687): Unable to parse usage stats packages: [374]
04-29 03:38:01.736 D/IntervalStats( 1687): Unable to parse usage stats packages: [376]
04-29 03:38:01.763 D/IntervalStats( 1687): Unable to parse usage stats packages: [376]
04-29 03:38:01.772 I/AutomaticBrightnessControllerImpl( 1687): drop the lightsensor event! lux=7.0
04-29 03:38:01.775 D/IntervalStats( 1687): Unable to parse usage stats packages: [376]
04-29 03:38:01.790 I/ActivityManager( 1687): Killing 13038:com.miui.powerkeeper/1000 (adj 800): MiuiMemoryService(started-services)
04-29 03:38:01.829 W/ActivityManager( 1687): Scheduling restart of crashed service com.xiaomi.powerchecker/.PowerCheckerService in 10880ms for start-requested
04-29 03:38:01.829 W/ActivityManager( 1687): Scheduling restart of crashed service com.miui.powerkeeper/.feedbackcontrol.FeedbackControlService in 20879ms for connection
04-29 03:38:01.829 W/ActivityManager( 1687): Scheduling restart of crashed service com.miui.powerkeeper/.statemachine.PowerStateMachineService in 30879ms for start-requested
04-29 03:38:01.829 W/ActivityManager( 1687): Scheduling restart of crashed service com.miui.powerkeeper/.logsystem.LogSystemService in 40879ms for start-requested
04-29 03:38:01.829 W/ActivityManager( 1687): Scheduling restart of crashed service com.miui.powerkeeper/.PowerKeeperBackgroundService in 50879ms for start-requested
04-29 03:38:01.830 W/ActivityManager( 1687): Scheduling restart of crashed service com.miui.powerkeeper/.powerchecker.PowerCheckerService in 60879ms for start-requested
04-29 03:38:01.878 I/ActivityManager( 1687): com.xiaomi.mipicks is exempt from freezer
04-29 03:38:01.891 W/ContextImpl(13241): Calling a method in the system process without a qualified user: android.app.ContextImpl.bindService:1905 android.content.ContextWrapper.bindService:820 com.xiaomi.onetrack.api.bd.e:25 com.xiaomi.onetrack.api.bd.d:20 com.xiaomi.onetrack.api.bd.i:0 
04-29 03:38:01.891 I/AutomaticBrightnessControllerImpl( 1687): drop the lightsensor event! lux=52.0
04-29 03:38:01.898 I/ActivityManager( 1687): Start proc 13299:com.xiaomi.mipicks/u0a144 for content provider {com.xiaomi.mipicks/com.xiaomi.market.provider.MarketProvider} caller=com.miui.securitycenter
04-29 03:38:02.018 I/ActivityManager( 1687): Start proc 13326:com.android.htmlviewer:remote/u0a107 for content provider {com.android.htmlviewer/com.android.settings.cloud.CloudSettingsProvider} caller=com.miui.securitycenter
04-29 03:38:02.106 I/AutomaticBrightnessControllerImpl( 1687): drop the lightsensor event! lux=6.0
04-29 03:38:02.276 I/ForceDarkHelperStubImpl(13326): initialize for com.android.htmlviewer , ForceDarkOrigin
04-29 03:38:02.282 I/ForceDarkHelperStubImpl(13299): initialize for com.xiaomi.mipicks , ForceDarkOrigin
04-29 03:38:02.292 W/WindowManager( 1687): Failed looking up window session=Session{88d3a01 13241:1000} callers=com.android.server.wm.WindowManagerService.windowForClientLocked:6036 com.android.server.wm.Session.insetsModified:641 android.view.IWindowSession$Stub.onTransact:1163 
04-29 03:38:02.321 W/Looper  (13241): PerfMonitor looperActivity : package=com.miui.securitycenter/com.miui.permcenter.install.AdbInstallActivity time=446ms latency=423ms running=0ms  procState=-1  historyMsgCount=2 (msgIndex=2 wall=418ms seq=2 late=10ms h=android.app.ActivityThread$H w=110)
04-29 03:38:02.322 W/Looper  (13241): PerfMonitor looperActivity : package=com.miui.securitycenter/com.miui.permcenter.install.AdbInstallActivity time=0ms latency=870ms running=0ms  procState=-1  historyMsgCount=3 (msgIndex=2 wall=418ms seq=2 late=10ms h=android.app.ActivityThread$H w=110) (msgIndex=3 wall=446ms seq=3 late=423ms h=android.app.ActivityThread$H w=159)
04-29 03:38:02.333 W/BpBinder(13241): Slow Binder: BpBinder transact took 333 ms, interface=android.content.IContentProvider, code=21 oneway=false
04-29 03:38:02.357 I/WindowManagerService( 1687): Physical orientation not applied, rotation=1
04-29 03:38:02.419 W/ContextImpl(13241): Calling a method in the system process without a qualified user: android.app.ContextImpl.bindService:1905 android.content.ContextWrapper.bindService:820 m7.ie.g:11 m7.ie.d:103 m7.gt.a:203 
04-29 03:38:02.439 I/AutomaticBrightnessControllerImpl( 1687): drop the lightsensor event! lux=6.0
04-29 03:38:02.456 W/ActivityTaskManager( 1687): Activity top resumed state loss timeout for ActivityRecord{eec9f7c u0 com.miui.securitycenter/com.miui.permcenter.install.AdbInstallActivity t1422 f}}
04-29 03:38:02.457 W/ActivityTaskManager( 1687): Activity pause timeout for ActivityRecord{eec9f7c u0 com.miui.securitycenter/com.miui.permcenter.install.AdbInstallActivity t1422 f}}
04-29 03:38:02.467 W/Looper  (13241): PerfMonitor doFrame : time=145ms vsyncFrame=0 latency=486ms procState=-1 historyMsgCount=4 (msgIndex=1 wall=418ms seq=2 late=10ms h=android.app.ActivityThread$H w=110) (msgIndex=2 wall=446ms seq=3 late=423ms h=android.app.ActivityThread$H w=159)
04-29 03:38:02.483 W/ActivityManager( 1687): Receiver with filter android.content.IntentFilter@6a8e12 already registered for pid 13299, callerPackage is com.xiaomi.mipicks
04-29 03:38:02.490 W/Looper  (13241): PerfMonitor looperActivity : package=com.miui.securitycenter/com.miui.permcenter.install.AdbInstallActivity time=17ms latency=518ms running=0ms  procState=-1  historyMsgCount=9 (msgIndex=1 wall=446ms seq=3 late=423ms h=android.app.ActivityThread$H w=159) (msgIndex=4 wall=145ms seq=6 late=486ms h=android.view.Choreographer$FrameHandler c=android.view.Choreographer$FrameDisplayEventReceiver)
04-29 03:38:02.491 I/WindowManagerService( 1687): Physical orientation not applied, rotation=1
04-29 03:38:02.511 W/Looper  (13241): PerfMonitor looperActivity : package=com.miui.securitycenter/com.miui.permcenter.install.AdbInstallActivity time=21ms latency=533ms running=0ms  procState=-1  historyMsgCount=10 (msgIndex=1 wall=446ms seq=3 late=423ms h=android.app.ActivityThread$H w=159) (msgIndex=4 wall=145ms seq=6 late=486ms h=android.view.Choreographer$FrameHandler c=android.view.Choreographer$FrameDisplayEventReceiver)
04-29 03:38:02.547 W/Looper  ( 1687): PerfMonitor longMsg : seq=369 plan=03:38:01.208 late=0ms wall=1334ms running=0ms h=com.android.server.pm.PackageManagerService$PackageHandler w=25 procState=-1
04-29 03:38:02.550 W/ActivityManager( 1687): Unable to start service Intent { cmp=com.miui.powerkeeper/.perfshielder.PerfShielderStatisticsService } U=0: not found
04-29 03:38:02.649 W/WindowManager( 1687): Failed looking up window session=Session{88d3a01 13241:1000} callers=com.android.server.wm.WindowManagerService.windowForClientLocked:6036 com.android.server.wm.WindowManagerService.removeWindow:2256 com.android.server.wm.Session.remove:220 
04-29 03:38:02.665 I/ActivityManager( 1687): Force stopping com.muonline.client appid=10237 user=-1: installPackageLI
04-29 03:38:02.668 I/ActivityManager( 1687): Killing 12724:com.muonline.client/u0a237 (adj 0): stop com.muonline.client due to installPackageLI
04-29 03:38:02.668 W/PreloadController( 1687): notify...pkgName=com.muonline.client, userId=0, processName=com.muonline.client, pid=12724, reason=stop com.muonline.client due to installPackageLI
04-29 03:38:02.669 I/PackageManager( 1687): Update package com.muonline.client code path from /data/app/~~LU_slC0mxoqSTGIf1PRl1w==/com.muonline.client-xehXpa9EAKUrQlYgvvEhhw== to /data/app/~~nbJHWluZM0KMlX02vDjN9w==/com.muonline.client-bEUTwWhKlrD7WTkBXxp04A==; Retain data and using new
04-29 03:38:02.673 W/ActivityTaskManager( 1687): Force removing ActivityRecord{8dada1e u0 com.muonline.client/.MuMainActivity t1421 f}}: app died, no saved state
04-29 03:38:02.679 I/PackageManager( 1687): Permission ownership changed. Updating all permissions.
04-29 03:38:02.772 I/AutomaticBrightnessControllerImpl( 1687): drop the lightsensor event! lux=7.0
04-29 03:38:02.891 I/AutomaticBrightnessControllerImpl( 1687): drop the lightsensor event! lux=52.0
04-29 03:38:02.905 W/BpBinder( 5961): Slow Binder: BpBinder transact took 234 ms, interface=android.content.pm.IPackageManager, code=20 oneway=false
04-29 03:38:02.907 W/BpBinder( 3166): Slow Binder: BpBinder transact took 212 ms, interface=android.content.pm.IPackageManager, code=9 oneway=false
04-29 03:38:02.909 W/Looper  ( 1687): Slow dispatch took 223ms android.fg h=android.os.Handler c=runnable@7b6325f(ProcessRecord{24dcfa1 2323:com.miui.home/u0a66},false,true,true) m=0
04-29 03:38:02.909 W/Looper  ( 1687): Slow delivery took 222ms android.fg h=android.os.Handler c=<recycled PooledLambda@6694ac> m=0
04-29 03:38:02.913 W/BpBinder(13299): Slow Binder: BpBinder transact took 215 ms, interface=android.net.IConnectivityManager, code=45 oneway=false
04-29 03:38:02.915 W/Looper  ( 1687): Drained
04-29 03:38:02.938 W/ActivityTaskManager( 1687): Can't find TaskDisplayArea to determine support for multi window. Task id=1421 attached=false
04-29 03:38:02.938 W/ActivityTaskManager( 1687): Can't find TaskDisplayArea to determine support for multi window. Task id=1421 attached=false
04-29 03:38:02.955 W/BpBinder(  911): Slow Binder: BpBinder transact took 278 ms, interface=android.app.IActivityManager, code=4 oneway=false
04-29 03:38:02.964 W/BpBinder(13299): Slow Binder: BpBinder transact took 262 ms, interface=android.app.IActivityManager, code=32 oneway=false
04-29 03:38:02.974 W/BpBinder(13299): Slow Binder: BpBinder transact took 270 ms, interface=android.app.IActivityManager, code=43 oneway=false
04-29 03:38:02.974 I/ActivityManager( 1687): Process com.miui.securitycenter (pid 13241) has died: cch+5 CEM 
04-29 03:38:02.989 W/ActivityManager( 1687): setHasOverlayUi called on unknown pid: 13241
04-29 03:38:02.990 W/ActivityManager( 1687): setHasOverlayUi called on unknown pid: 12724
04-29 03:38:02.990 W/BpBinder(13299): Slow Binder: BpBinder transact took 284 ms, interface=android.app.IActivityManager, code=13 oneway=false
04-29 03:38:03.008 I/ActivityManager( 1687): Start proc 13469:com.miui.core/u0a148 for service {com.miui.core/miui.autoinstall.config.service.AutoInstallService} caller=com.miui.core
04-29 03:38:03.037 I/ActivityManager( 1687): Start proc 13508:com.google.android.googlequicksearchbox:googleapp/u0a182 for service {com.google.android.googlequicksearchbox/com.google.android.apps.gsa.nowoverlayservice.DrawerOverlayService} caller=com.miui.home
04-29 03:38:03.106 I/AutomaticBrightnessControllerImpl( 1687): drop the lightsensor event! lux=6.0
04-29 03:38:03.111 W/Looper  ( 1687): Slow delivery took 200ms android.fg h=android.os.Handler c=<recycled PooledLambda@1c98119> m=0
04-29 03:38:03.117 I/ForceDarkHelperStubImpl(13469): initialize for com.miui.core , ForceDarkOrigin
04-29 03:38:03.439 I/AutomaticBrightnessControllerImpl( 1687): drop the lightsensor event! lux=6.0
04-29 03:38:03.448 W/Looper  ( 2323): PerfMonitor doFrame : time=441ms vsyncFrame=0 latency=51ms procState=-1 historyMsgCount=4
04-29 03:38:03.450 W/Looper  ( 2323): PerfMonitor doFrame : time=1ms vsyncFrame=0 latency=427ms procState=-1 historyMsgCount=7 (msgIndex=1 wall=441ms seq=13757 late=51ms h=android.view.Choreographer$FrameHandler c=android.view.Choreographer$FrameDisplayEventReceiver)
04-29 03:38:03.480 I/ActivityManager( 1687): Start proc 13542:com.miui.weather2/u0a81 for content provider {com.miui.weather2/com.miui.weather2.providers.WeatherProvider} caller=com.miui.home
04-29 03:38:03.512 W/Looper  ( 1687): Drained
04-29 03:38:03.601 I/WindowManager( 1687): rotation changed from 1 to 0 due ActivityRecord{2dd323e u0 com.miui.home/.launcher.Launcher t2}
04-29 03:38:03.601 I/WindowManager( 1687): request=SCREEN_ORIENTATION_PORTRAIT sensor=ROTATION_90,true user=ROTATION_0, displayId=0
04-29 03:38:03.633 W/MiuiPerfServiceClient( 3525): interceptAndQueuing:2306|com.android.systemui|309|155|11497576164069|Slow main thread|3
04-29 03:38:03.689 I/ActivityTaskManager( 1687): Config changes=20000480 {1.0 452mcc1mnc [vi_VN] ldltr sw392dp w392dp h776dp 440dpi nrml long port ?pc finger -keyb/v/h -nav/h winConfig={ mBounds=Rect(0, 0 - 1080, 2340) mAppBounds=Rect(0, 76 - 1080, 2210) mMaxBounds=Rect(0, 0 - 1080, 2340) mWindowingMode=fullscreen mDisplayWindowingMode=fullscreen mActivityType=undefined mAlwaysOnTop=undefined mRotation=ROTATION_0} as.2 s.2150 fontWeightAdjustment=0 themeChanged=0 themeChangedFlags=0 extraData = Bundle[{}] dt/?}
04-29 03:38:03.702 I/WindowManager( 1687): Override config changes=20000480 {1.0 452mcc1mnc [vi_VN] ldltr sw392dp w392dp h776dp 440dpi nrml long port ?pc finger -keyb/v/h -nav/h winConfig={ mBounds=Rect(0, 0 - 1080, 2340) mAppBounds=Rect(0, 76 - 1080, 2210) mMaxBounds=Rect(0, 0 - 1080, 2340) mWindowingMode=fullscreen mDisplayWindowingMode=fullscreen mActivityType=undefined mAlwaysOnTop=undefined mRotation=ROTATION_0} as.2 s.2150 fontWeightAdjustment=0 themeChanged=0 themeChangedFlags=0 extraData = Bundle[{}] dt/?} for displayId=0
04-29 03:38:03.726 I/ForceDarkHelperStubImpl(13542): initialize for com.miui.weather2 , ForceDarkOrigin
04-29 03:38:03.740 I/WindowManagerService( 1687): Physical orientation not applied, rotation=0
04-29 03:38:03.752 I/WindowManagerService( 1687): Physical orientation not applied, rotation=0
04-29 03:38:03.754 I/WindowManagerService( 1687): Physical orientation not applied, rotation=0
04-29 03:38:03.757 I/WindowManagerService( 1687): Physical orientation not applied, rotation=0
04-29 03:38:03.772 I/AutomaticBrightnessControllerImpl( 1687): drop the lightsensor event! lux=7.0
04-29 03:38:03.802 I/WindowManagerService( 1687): Physical orientation not applied, rotation=0
04-29 03:38:03.817 I/WindowManagerService( 1687): Physical orientation not applied, rotation=0
04-29 03:38:03.824 W/ProcessCpuTracker( 1687): Failed to stat(/proc/13564): android.system.ErrnoException: stat failed: ENOENT (No such file or directory)
04-29 03:38:03.824 W/ProcessCpuTracker( 1687): Skipping unknown process pid 13564
04-29 03:38:03.829 I/WindowManagerService( 1687): Physical orientation not applied, rotation=0
04-29 03:38:03.844 I/WindowManagerService( 1687): Physical orientation not applied, rotation=0
04-29 03:38:03.859 I/WindowManagerService( 1687): Physical orientation not applied, rotation=0
04-29 03:38:03.863 I/WindowManagerService( 1687): Physical orientation not applied, rotation=0
04-29 03:38:03.892 I/AutomaticBrightnessControllerImpl( 1687): drop the lightsensor event! lux=52.0
04-29 03:38:03.896 I/ActivityManager( 1687): Process com.xiaomi.mipicks (pid 13299) has died: cch+5 CEM 
04-29 03:38:03.959 I/WindowManagerService( 1687): Physical orientation not applied, rotation=0
04-29 03:38:03.981 I/ForceDarkHelperStubImpl(13508): initialize for com.google.android.googlequicksearchbox , ForceDarkOrigin
04-29 03:38:03.987 I/WindowManagerService( 1687): Physical orientation not applied, rotation=0
04-29 03:38:04.013 I/WindowManagerService( 1687): Physical orientation not applied, rotation=0
04-29 03:38:04.031 I/WindowManagerService( 1687): Physical orientation not applied, rotation=0
04-29 03:38:04.040 I/WindowManagerService( 1687): Physical orientation not applied, rotation=0
04-29 03:38:04.083 I/WindowManagerService( 1687): Physical orientation not applied, rotation=0
04-29 03:38:04.106 I/AutomaticBrightnessControllerImpl( 1687): drop the lightsensor event! lux=8.0
04-29 03:38:04.203 W/Looper  (13508): PerfMonitor longMsg : seq=2 plan=03:38:03.075 late=5ms wall=1121ms running=0ms h=android.app.ActivityThread$H w=110 procState=-1
04-29 03:38:04.228 I/ActivityManager( 1687): Start proc 13601:com.google.process.gservices/u0a181 for content provider {com.google.android.gsf/com.google.android.gsf.gservices.GservicesProvider} caller=com.google.android.googlequicksearchbox
04-29 03:38:04.322 I/ForceDarkHelperStubImpl(13601): initialize for com.google.android.gsf , ForceDarkOrigin
04-29 03:38:04.346 W/ActivityManager( 1687): Unable to start service Intent { act=com.google.android.gms.gservices.START pkg=com.google.android.gms } U=0: not found
04-29 03:38:04.346 W/ActivityManager( 1687): Unbind failed: could not find connection for android.os.BinderProxy@b1ffeba
04-29 03:38:04.391 I/WindowManagerService( 1687): Physical orientation not applied, rotation=0
04-29 03:38:04.439 I/AutomaticBrightnessControllerImpl( 1687): drop the lightsensor event! lux=8.0
04-29 03:38:04.772 I/AutomaticBrightnessControllerImpl( 1687): drop the lightsensor event! lux=8.0
04-29 03:38:04.883 I/WindowManagerService( 1687): Physical orientation not applied, rotation=0
04-29 03:38:04.892 W/Looper  (13508): PerfMonitor doFrame : time=21ms vsyncFrame=0 latency=477ms procState=-1 historyMsgCount=8 (msgIndex=1 wall=58ms seq=26 late=85ms h=android.view.Choreographer$FrameHandler c=android.view.Choreographer$FrameDisplayEventReceiver) (msgIndex=8 wall=431ms seq=33 late=58ms h=android.os.Handler c=esno)
04-29 03:38:04.893 I/AutomaticBrightnessControllerImpl( 1687): drop the lightsensor event! lux=52.0
04-29 03:38:05.106 I/AutomaticBrightnessControllerImpl( 1687): drop the lightsensor event! lux=7.0
04-29 03:38:05.152 I/ActivityManager( 1687): Start proc 13665:com.google.android.googlequicksearchbox:search/u0a182 for service {com.google.android.googlequicksearchbox/com.google.apps.tiktok.account.data.manager.AccountSyncService} caller=com.google.android.googlequicksearchbox
04-29 03:38:05.270 I/ForceDarkHelperStubImpl(13665): initialize for com.google.android.googlequicksearchbox , ForceDarkOrigin
04-29 03:38:05.440 I/AutomaticBrightnessControllerImpl( 1687): drop the lightsensor event! lux=9.0
04-29 03:38:05.444 W/BpBinder( 1687): Slow Binder: BpBinder transact took 2502 ms, interface=android.os.IInstalld, code=17 oneway=false
04-29 03:38:05.446 W/Looper  ( 1687): PerfMonitor longMsg : seq=371 plan=03:38:02.553 late=0ms wall=2892ms running=0ms h=com.android.server.pm.PackageManagerService$PackageHandler c=com.android.server.pm.PackageManagerService$$ExternalSyntheticLambda57 procState=-1
04-29 03:38:05.447 W/PackageManager( 1687): Freeze package com.muonline.client about 2.783 seconds for reason: installPackageLI
04-29 03:38:05.447 I/InstallationTiming( 1687): com.muonline.client|null|6255|1263|77|1334|27|2507
04-29 03:38:05.482 I/ActivityManager( 1687): Force stopping com.muonline.client appid=10237 user=0: pkg removed
04-29 03:38:05.484 W/BpBinder(13226): Slow Binder: BpBinder transact took 6308 ms, interface=android.content.pm.IPackageManager, code=1598246212 oneway=false
04-29 03:38:05.502 W/BroadcastQueue( 1687): Background execution not allowed: receiving Intent { act=android.intent.action.PACKAGE_REMOVED dat=package:com.muonline.client flg=0x4000010 (has extras) } to com.lbe.security.miui/com.lbe.security.service.BootReceiver
04-29 03:38:05.502 W/BroadcastQueue( 1687): Background execution not allowed: receiving Intent { act=android.intent.action.PACKAGE_REMOVED dat=package:com.muonline.client flg=0x4000010 (has extras) } to com.android.settings/.search.provider.UpdateReceiver
04-29 03:38:05.510 W/BroadcastQueue( 1687): Background execution not allowed: receiving Intent { act=android.intent.action.PACKAGE_REMOVED dat=package:com.muonline.client flg=0x4000010 (has extras) } to com.android.vending/com.google.android.finsky.packagemonitor.impl.PackageMonitorReceiverImpl$RegisteredReceiver
04-29 03:38:05.524 I/MiuiCompatModePackages( 1687): package com.muonline.client updated, removing config
04-29 03:38:05.528 W/BroadcastQueue( 1687): Background execution not allowed: receiving Intent { act=android.intent.action.PACKAGE_REMOVED dat=package:com.muonline.client flg=0x4000010 (has extras) } to com.android.vending/com.google.android.finsky.packagemonitor.backgroundimpl.BackgroundPackageMonitorReceiverImpl$RegisteredReceiver
04-29 03:38:05.529 W/BroadcastQueue( 1687): Background execution not allowed: receiving Intent { act=android.intent.action.PACKAGE_REMOVED dat=package:com.muonline.client flg=0x4000010 (has extras) } to com.google.android.gms/.chimera.GmsIntentOperationService$PersistentTrustedReceiver
04-29 03:38:05.529 W/BroadcastQueue( 1687): Background execution not allowed: receiving Intent { act=android.intent.action.PACKAGE_REMOVED dat=package:com.muonline.client flg=0x4000010 (has extras) } to com.xiaomi.discover/com.xiaomi.market.data.MyPackageMonitor
04-29 03:38:05.529 W/BroadcastQueue( 1687): Background execution not allowed: receiving Intent { act=android.intent.action.PACKAGE_REMOVED dat=package:com.muonline.client flg=0x4000010 (has extras) } to com.xiaomi.mipicks/com.xiaomi.market.data.MyPackageMonitor
04-29 03:38:05.530 W/BroadcastQueue( 1687): Background execution not allowed: receiving Intent { act=android.intent.action.PACKAGE_REMOVED dat=package:com.muonline.client flg=0x4000010 (has extras) } to com.xiaomi.misettings/.usagestats.AppTimerReceiver
04-29 03:38:05.530 W/BroadcastQueue( 1687): Background execution not allowed: receiving Intent { act=android.intent.action.PACKAGE_REMOVED dat=package:com.muonline.client flg=0x4000010 (has extras) } to com.google.android.videos/com.google.android.libraries.social.peoplekit.thirdparty.viewcontrollers.ThirdPartyReceiver
04-29 03:38:05.530 W/BroadcastQueue( 1687): Background execution not allowed: receiving Intent { act=android.intent.action.PACKAGE_REMOVED dat=package:com.muonline.client flg=0x4000010 (has extras) } to com.zing.zalo/.receiver.ZaloReceiver
04-29 03:38:05.530 W/BroadcastQueue( 1687): Background execution not allowed: receiving Intent { act=android.intent.action.PACKAGE_ADDED dat=package:com.muonline.client flg=0x4000010 (has extras) } to com.lbe.security.miui/com.lbe.security.service.BootReceiver
04-29 03:38:05.530 W/BroadcastQueue( 1687): Background execution not allowed: receiving Intent { act=android.intent.action.PACKAGE_ADDED dat=package:com.muonline.client flg=0x4000010 (has extras) } to com.google.android.packageinstaller/com.android.packageinstaller.PackageInstalledReceiver
04-29 03:38:05.530 W/BroadcastQueue( 1687): Background execution not allowed: receiving Intent { act=android.intent.action.PACKAGE_ADDED dat=package:com.muonline.client flg=0x4000010 (has extras) } to com.android.settings/.search.provider.UpdateReceiver
04-29 03:38:05.530 W/BroadcastQueue( 1687): Background execution not allowed: receiving Intent { act=android.intent.action.PACKAGE_ADDED dat=package:com.muonline.client flg=0x4000010 (has extras) } to com.android.vending/com.google.android.finsky.packagemonitor.impl.PackageMonitorReceiverImpl$RegisteredReceiver
04-29 03:38:05.530 W/BroadcastQueue( 1687): Background execution not allowed: receiving Intent { act=android.intent.action.PACKAGE_ADDED dat=package:com.muonline.client flg=0x4000010 (has extras) } to com.android.vending/com.google.android.finsky.packagemonitor.backgroundimpl.BackgroundPackageMonitorReceiverImpl$RegisteredReceiver
04-29 03:38:05.530 W/BroadcastQueue( 1687): Background execution not allowed: receiving Intent { act=android.intent.action.PACKAGE_ADDED dat=package:com.muonline.client flg=0x4000010 (has extras) } to com.google.android.ext.services/com.android.adservices.service.common.PackageChangedReceiver
04-29 03:38:05.530 W/BroadcastQueue( 1687): Background execution not allowed: receiving Intent { act=android.intent.action.PACKAGE_ADDED dat=package:com.muonline.client flg=0x4000010 (has extras) } to com.google.android.gms/.gass.chimera.PackageChangeBroadcastReceiver
04-29 03:38:05.531 W/BroadcastQueue( 1687): Background execution not allowed: receiving Intent { act=android.intent.action.PACKAGE_ADDED dat=package:com.muonline.client flg=0x4000010 (has extras) } to com.google.android.gms/.chimera.GmsIntentOperationService$PersistentTrustedReceiver
04-29 03:38:05.531 W/BroadcastQueue( 1687): Background execution not allowed: receiving Intent { act=android.intent.action.PACKAGE_ADDED dat=package:com.muonline.client flg=0x4000010 (has extras) } to com.xiaomi.discover/com.xiaomi.market.data.MyPackageMonitor
04-29 03:38:05.531 W/BroadcastQueue( 1687): Background execution not allowed: receiving Intent { act=android.intent.action.PACKAGE_ADDED dat=package:com.muonline.client flg=0x4000010 (has extras) } to com.xiaomi.mipicks/com.xiaomi.market.data.MyPackageMonitor
04-29 03:38:05.531 W/BroadcastQueue( 1687): Background execution not allowed: receiving Intent { act=android.intent.action.PACKAGE_ADDED dat=package:com.muonline.client flg=0x4000010 (has extras) } to com.xiaomi.misettings/.usagestats.AppTimerReceiver
04-29 03:38:05.531 W/BroadcastQueue( 1687): Background execution not allowed: receiving Intent { act=android.intent.action.PACKAGE_ADDED dat=package:com.muonline.client flg=0x4000010 (has extras) } to com.facebook.katana/com.facebook.feed.platformads.AppInstallReceiver
04-29 03:38:05.531 W/BroadcastQueue( 1687): Background execution not allowed: receiving Intent { act=android.intent.action.PACKAGE_ADDED dat=package:com.muonline.client flg=0x4000010 (has extras) } to com.zing.zalo/.receiver.ZaloReceiver
04-29 03:38:05.531 W/BroadcastQueue( 1687): Background execution not allowed: receiving Intent { act=android.intent.action.PACKAGE_ADDED dat=package:com.muonline.client flg=0x4000010 (has extras) } to com.zing.zalo/me.zalo.startuphelper.StartupHelperReceiver
04-29 03:38:05.539 W/ContextImpl( 4018): Calling a method in the system process without a qualified user: android.app.ContextImpl.bindService:1905 android.content.ContextWrapper.bindService:820 u2.e.m:57 u2.d.f:25 u2.d.a:0 
04-29 03:38:05.542 I/ActivityManager( 1687): Start proc 13707:com.android.keychain/1000 for service {com.android.keychain/com.android.keychain.KeyChainService} caller=android
04-29 03:38:05.578 I/ActivityManager( 1687): Start proc 13724:com.miui.cloudservice/u0a101 for broadcast {com.miui.cloudservice/com.miui.cloudservice.finddevice.FindDeviceGuideNotificationReceiver} caller=com.xiaomi.finddevice
04-29 03:38:05.584 I/Telecom ( 1687): CarModeTracker: Package com.muonline.client is not tracked.: SSH.oR@Aik
04-29 03:38:05.584 I/Telecom-InCallController( 1687): updateCarModeForConnections: car mode apps: : SSH.oR@Aik
04-29 03:38:05.607 W/ActivityManager( 1687): Slow operation: 60ms so far, now at startProcess: returned from zygote!
04-29 03:38:05.627 W/ActivityManager( 1687): Slow operation: 81ms so far, now at startProcess: done updating battery stats
04-29 03:38:05.628 W/ActivityManager( 1687): Slow operation: 81ms so far, now at startProcess: building log message
04-29 03:38:05.628 I/ActivityManager( 1687): Start proc 13734:com.miui.global.packageinstaller/u0a116 for service {com.miui.global.packageinstaller/com.miui.global.packageinstaller.service.ScanDispatchService} caller=com.miui.securitycenter
04-29 03:38:05.628 W/ActivityManager( 1687): Slow operation: 82ms so far, now at startProcess: starting to update pids map
04-29 03:38:05.628 W/ActivityManager( 1687): Slow operation: 82ms so far, now at startProcess: done updating pids map
04-29 03:38:05.635 I/Telecom ( 1687): DefaultDialerCache: Refreshing default dialer for user 0: now com.google.android.dialer: DDC.oR@Ais
04-29 03:38:05.694 I/ForceDarkHelperStubImpl(13707): initialize for com.android.keychain , ForceDarkOrigin
04-29 03:38:05.725 I/ActivityManager( 1687): Start proc 13778:com.google.android.permissioncontroller/u0a217 for service {com.google.android.permissioncontroller/com.android.permissioncontroller.permission.service.PermissionControllerServiceImpl} caller=android
04-29 03:38:05.725 W/ActivityManager( 1687): Slow operation: 51ms so far, now at startProcess: starting to update pids map
04-29 03:38:05.725 W/ActivityManager( 1687): Slow operation: 51ms so far, now at startProcess: done updating pids map
04-29 03:38:05.771 E/VerityUtils( 1687): Failed to measure fs-verity, errno 1: /data/app/~~nbJHWluZM0KMlX02vDjN9w==/com.muonline.client-bEUTwWhKlrD7WTkBXxp04A==/base.apk
04-29 03:38:05.773 I/AutomaticBrightnessControllerImpl( 1687): drop the lightsensor event! lux=7.0
04-29 03:38:05.813 E/LoadedApk(13724): Unable to instantiate appComponentFactory
04-29 03:38:05.813 E/LoadedApk(13724): java.lang.ClassNotFoundException: Didn't find class "androidx.core.app.CoreComponentFactory" on path: DexPathList[[zip file "/system/app/CloudService/CloudService.apk"],nativeLibraryDirectories=[/system/app/CloudService/lib/arm64, /system/app/CloudService/CloudService.apk!/lib/arm64-v8a, /system/lib64, /system/system_ext/lib64, /system/priv-app/RtMiCloudSDK/RtMiCloudSDK.apk!/lib/arm64-v8a, /system/app/miuisystem/miuisystem.apk!/lib/arm64-v8a, /system/app/miui/miui.apk!/lib/arm64-v8a, /system/app/miuisystem/miuisystem.apk!/lib/arm64-v8a, /system/app/miui/miui.apk!/lib/arm64-v8a, /system/lib64, /system/system_ext/lib64]]
04-29 03:38:05.813 E/LoadedApk(13724): 	at dalvik.system.BaseDexClassLoader.findClass(BaseDexClassLoader.java:259)
04-29 03:38:05.813 E/LoadedApk(13724): 	at java.lang.ClassLoader.loadClass(ClassLoader.java:642)
04-29 03:38:05.813 E/LoadedApk(13724): 	at java.lang.ClassLoader.loadClass(ClassLoader.java:578)
04-29 03:38:05.813 E/LoadedApk(13724): 	at android.app.LoadedApk.createAppFactory(LoadedApk.java:272)
04-29 03:38:05.813 E/LoadedApk(13724): 	at android.app.LoadedApk.createOrUpdateClassLoaderLocked(LoadedApk.java:989)
04-29 03:38:05.813 E/LoadedApk(13724): 	at android.app.LoadedApk.getClassLoader(LoadedApk.java:1076)
04-29 03:38:05.813 E/LoadedApk(13724): 	at android.app.LoadedApk.getResources(LoadedApk.java:1324)
04-29 03:38:05.813 E/LoadedApk(13724): 	at android.app.ContextImpl.createAppContext(ContextImpl.java:3025)
04-29 03:38:05.813 E/LoadedApk(13724): 	at android.app.ContextImpl.createAppContext(ContextImpl.java:3017)
04-29 03:38:05.813 E/LoadedApk(13724): 	at android.app.ActivityThread.handleBindApplication(ActivityThread.java:6980)
04-29 03:38:05.813 E/LoadedApk(13724): 	at android.app.ActivityThread.access$1700(ActivityThread.java:275)
04-29 03:38:05.813 E/LoadedApk(13724): 	at android.app.ActivityThread$H.handleMessage(ActivityThread.java:2168)
04-29 03:38:05.813 E/LoadedApk(13724): 	at android.os.Handler.dispatchMessage(Handler.java:106)
04-29 03:38:05.813 E/LoadedApk(13724): 	at android.os.Looper.loopOnce(Looper.java:210)
04-29 03:38:05.813 E/LoadedApk(13724): 	at android.os.Looper.loop(Looper.java:299)
04-29 03:38:05.813 E/LoadedApk(13724): 	at android.app.ActivityThread.main(ActivityThread.java:8280)
04-29 03:38:05.813 E/LoadedApk(13724): 	at java.lang.reflect.Method.invoke(Native Method)
04-29 03:38:05.813 E/LoadedApk(13724): 	at com.android.internal.os.RuntimeInit$MethodAndArgsCaller.run(RuntimeInit.java:576)
04-29 03:38:05.813 E/LoadedApk(13724): 	at com.android.internal.os.ZygoteInit.main(ZygoteInit.java:1073)
04-29 03:38:05.894 I/AutomaticBrightnessControllerImpl( 1687): drop the lightsensor event! lux=52.0
04-29 03:38:06.025 I/ActivityManager( 1687): Process com.google.android.googlequicksearchbox:search (pid 13665) has died: cch+5 CEM 
04-29 03:38:06.055 I/ActivityManager( 1687): Killing 13707:com.android.keychain/1000 (adj 905): MiuiMemoryService(cch-empty)
04-29 03:38:06.056 W/PreloadController( 1687): notify...pkgName=com.android.keychain, userId=0, processName=com.android.keychain, pid=13707, reason=MiuiMemoryService(cch-empty)
04-29 03:38:06.056 W/PreloadManager( 1687): checkMemory()....return as low-mem device
04-29 03:38:06.056 W/PreloadManager( 1687): Failed : memory, numOf=0
04-29 03:38:06.056 W/PreloadController( 1687): Will not preload com.android.keychain, decision = false, mMonitor.size()=0
04-29 03:38:06.076 I/ForceDarkHelperStubImpl(13734): initialize for com.miui.global.packageinstaller , ForceDarkOrigin
04-29 03:38:06.106 I/AutomaticBrightnessControllerImpl( 1687): drop the lightsensor event! lux=6.0
04-29 03:38:06.106 I/ForceDarkHelperStubImpl(13724): initialize for com.miui.cloudservice , ForceDarkOrigin
04-29 03:38:06.209 E/VerityUtils( 1687): Failed to measure fs-verity, errno 1: /data/app/~~nbJHWluZM0KMlX02vDjN9w==/com.muonline.client-bEUTwWhKlrD7WTkBXxp04A==/base.apk
04-29 03:38:06.215 I/Ad      (13734): isPersonalizedAdEnabled getAdSettings: 2
04-29 03:38:06.216 I/ForceDarkHelperStubImpl(13778): initialize for com.google.android.permissioncontroller , ForceDarkOrigin
04-29 03:38:06.277 W/ActivityManager( 1687): Slow operation: 77ms so far, now at startProcess: returned from zygote!
04-29 03:38:06.277 W/ActivityManager( 1687): Slow operation: 77ms so far, now at startProcess: done updating battery stats
04-29 03:38:06.278 W/ActivityManager( 1687): Slow operation: 78ms so far, now at startProcess: building log message
04-29 03:38:06.278 I/ActivityManager( 1687): Start proc 13865:com.xiaomi.simactivate.service/u0a106 for service {com.xiaomi.simactivate.service/com.xiaomi.activate.ActivateService} caller=com.miui.cloudservice
04-29 03:38:06.278 W/ActivityManager( 1687): Slow operation: 78ms so far, now at startProcess: starting to update pids map
04-29 03:38:06.278 W/ActivityManager( 1687): Slow operation: 78ms so far, now at startProcess: done updating pids map
04-29 03:38:06.283 W/MiuiPerfServiceClient( 3525): interceptAndQueuing:2306|com.android.systemui|641|182|12039525335486|Slow main thread|6
04-29 03:38:06.334 I/ActivityManager( 1687): com.android.vending is exempt from freezer
04-29 03:38:06.357 I/ActivityManager( 1687): Start proc 13923:com.android.vending/u0a173 for broadcast {com.android.vending/com.google.android.finsky.packagemonitor.impl.PackageMonitorReceiverImpl$RegisteredReceiver} caller=null
04-29 03:38:06.380 I/Ad      (13734): isPersonalizedAdEnabled getAdSettings: 2
04-29 03:38:06.440 I/AutomaticBrightnessControllerImpl( 1687): drop the lightsensor event! lux=7.0
04-29 03:38:06.559 I/ForceDarkHelperStubImpl(13865): initialize for com.xiaomi.simactivate.service , ForceDarkOrigin
04-29 03:38:06.772 I/AutomaticBrightnessControllerImpl( 1687): drop the lightsensor event! lux=7.0
04-29 03:38:06.895 I/AutomaticBrightnessControllerImpl( 1687): drop the lightsensor event! lux=52.0
04-29 03:38:06.975 I/ForceDarkHelperStubImpl(13923): initialize for com.android.vending , ForceDarkOrigin
04-29 03:38:07.109 I/AutomaticBrightnessControllerImpl( 1687): drop the lightsensor event! lux=7.0
04-29 03:38:07.209 I/ActivityManager( 1687): Process com.miui.cloudservice (pid 13724) has died: cch+25 CEM 
04-29 03:38:07.266 I/ActivityManager( 1687): Killing 13734:com.miui.global.packageinstaller/u0a116 (adj 915): MiuiMemoryService(cch-empty)
04-29 03:38:07.267 W/PreloadController( 1687): notify...pkgName=com.miui.global.packageinstaller, userId=0, processName=com.miui.global.packageinstaller, pid=13734, reason=MiuiMemoryService(cch-empty)
04-29 03:38:07.268 W/PreloadManager( 1687): checkMemory()....return as low-mem device
04-29 03:38:07.268 W/PreloadManager( 1687): Failed : memory, numOf=0
04-29 03:38:07.268 W/PreloadController( 1687): Will not preload com.miui.global.packageinstaller, decision = false, mMonitor.size()=0
04-29 03:38:07.336 I/ActivityManager( 1687): com.android.vending is exempt from freezer
04-29 03:38:07.357 I/ActivityManager( 1687): Start proc 14116:com.android.vending:background/u0a173 for broadcast {com.android.vending/com.google.android.finsky.packagemonitor.backgroundimpl.BackgroundPackageMonitorReceiverImpl$RegisteredReceiver} caller=null
04-29 03:38:07.377 I/ActivityManager( 1687): Start proc 14129:com.google.process.gapps/u0a181 for content provider {com.google.android.gsf/com.google.android.gsf.settings.GoogleSettingsProvider} caller=com.android.vending
04-29 03:38:07.439 I/AutomaticBrightnessControllerImpl( 1687): drop the lightsensor event! lux=7.0
04-29 03:38:07.446 I/ForceDarkHelperStubImpl(14116): initialize for com.android.vending , ForceDarkOrigin
04-29 03:38:07.455 I/ForceDarkHelperStubImpl(14129): initialize for com.google.android.gsf , ForceDarkOrigin
04-29 03:38:07.629 W/BroadcastQueue( 1687): Background execution not allowed: receiving Intent { act=android.intent.action.PACKAGE_REPLACED dat=package:com.muonline.client flg=0x4000010 (has extras) } to com.google.android.gms/.gass.chimera.PackageChangeBroadcastReceiver
04-29 03:38:07.631 W/BroadcastQueue( 1687): Background execution not allowed: receiving Intent { act=android.intent.action.PACKAGE_REPLACED dat=package:com.muonline.client flg=0x4000010 (has extras) } to com.google.android.gms/.chimera.GmsIntentOperationService$PersistentTrustedReceiver
04-29 03:38:07.632 W/BroadcastQueue( 1687): Background execution not allowed: receiving Intent { act=android.intent.action.PACKAGE_REPLACED dat=package:com.muonline.client flg=0x4000010 (has extras) } to com.zing.zalo/.receiver.ZaloReceiver
04-29 03:38:07.772 I/AutomaticBrightnessControllerImpl( 1687): drop the lightsensor event! lux=6.0
04-29 03:38:07.895 I/AutomaticBrightnessControllerImpl( 1687): drop the lightsensor event! lux=52.0
04-29 03:38:08.106 I/AutomaticBrightnessControllerImpl( 1687): drop the lightsensor event! lux=7.0
04-29 03:38:08.439 I/AutomaticBrightnessControllerImpl( 1687): drop the lightsensor event! lux=8.0
04-29 03:38:08.773 I/AutomaticBrightnessControllerImpl( 1687): drop the lightsensor event! lux=6.0
04-29 03:38:08.895 I/AutomaticBrightnessControllerImpl( 1687): drop the lightsensor event! lux=52.0
04-29 03:38:09.106 I/AutomaticBrightnessControllerImpl( 1687): drop the lightsensor event! lux=8.0
04-29 03:38:09.439 I/AutomaticBrightnessControllerImpl( 1687): drop the lightsensor event! lux=7.0
04-29 03:38:09.773 I/AutomaticBrightnessControllerImpl( 1687): drop the lightsensor event! lux=7.0
04-29 03:38:09.808 W/BpBinder( 1687): Slow Binder: BpBinder transact took 1173 ms, interface=android.os.IInstalld, code=10 oneway=false
04-29 03:38:09.822 W/BpBinder(13923): Slow Binder: BpBinder transact took 1187 ms, interface=android.app.usage.IStorageStatsManager, code=7 oneway=false
04-29 03:38:09.895 I/AutomaticBrightnessControllerImpl( 1687): drop the lightsensor event! lux=52.0
04-29 03:38:10.106 I/AutomaticBrightnessControllerImpl( 1687): drop the lightsensor event! lux=7.0
04-29 03:38:10.439 I/AutomaticBrightnessControllerImpl( 1687): drop the lightsensor event! lux=8.0
04-29 03:38:10.773 I/AutomaticBrightnessControllerImpl( 1687): drop the lightsensor event! lux=9.0
04-29 03:38:10.895 I/AutomaticBrightnessControllerImpl( 1687): drop the lightsensor event! lux=52.0
04-29 03:38:11.106 I/AutomaticBrightnessControllerImpl( 1687): drop the lightsensor event! lux=8.0
04-29 03:38:11.353 W/ProcessStats( 1687): Tracking association SourceState{b90e45 com.miui.analytics/10098 BTopFgs #35623} whose proc state 2 is better than process ProcessState{c730a8a com.miui.securitycenter.remote/1000 pkg=com.miui.securitycenter} proc state 3 (624 skipped)
04-29 03:38:11.440 I/AutomaticBrightnessControllerImpl( 1687): drop the lightsensor event! lux=8.0
04-29 03:38:11.773 I/AutomaticBrightnessControllerImpl( 1687): drop the lightsensor event! lux=8.0
04-29 03:38:11.896 I/AutomaticBrightnessControllerImpl( 1687): drop the lightsensor event! lux=52.0
04-29 03:38:12.106 I/AutomaticBrightnessControllerImpl( 1687): drop the lightsensor event! lux=8.0
04-29 03:38:12.440 I/AutomaticBrightnessControllerImpl( 1687): drop the lightsensor event! lux=8.0
04-29 03:38:12.737 I/ActivityManager( 1687): Start proc 14255:com.miui.powerkeeper/1000 for service {com.xiaomi.powerchecker/com.xiaomi.powerchecker.PowerCheckerService} caller=com.xiaomi.powerchecker
04-29 03:38:12.772 I/AutomaticBrightnessControllerImpl( 1687): drop the lightsensor event! lux=8.0
04-29 03:38:12.822 I/ForceDarkHelperStubImpl(14255): initialize for com.xiaomi.powerchecker , ForceDarkOrigin
04-29 03:38:12.873 I/PackageSettingsTiming( 1687): writePermState-0
04-29 03:38:12.897 I/AutomaticBrightnessControllerImpl( 1687): drop the lightsensor event! lux=52.0
04-29 03:38:13.106 I/AutomaticBrightnessControllerImpl( 1687): drop the lightsensor event! lux=9.0
04-29 03:38:13.220 W/Utils   (14255): increaseStartTimes current=83
04-29 03:38:13.235 W/PK      (14255): init EventsAggregator context=com.miui.powerkeeper.PowerKeeperApplication@c90fc0c
04-29 03:38:13.244 W/ContextImpl(14255): Calling a method in the system process without a qualified user: android.app.ContextImpl.bindService:1905 android.content.ContextWrapper.bindService:820 com.miui.powerkeeper.event.EventsAggregator.enableNotificationListener:17 com.miui.powerkeeper.event.EventsAggregator.<init>:285 com.miui.powerkeeper.event.EventsAggregator.getInstance:39 
04-29 03:38:13.342 W/ContextImpl(14255): Calling a method in the system process without a qualified user: android.app.ContextImpl.bindService:1905 android.content.ContextWrapper.bindService:820 com.miui.powerkeeper.a1.<init>:29 com.miui.powerkeeper.PowerKeeperManager.<init>:248 com.miui.powerkeeper.PowerKeeperManager.V:33 
04-29 03:38:13.399 E/PeSchedController(14255): parse default config error: java.io.FileNotFoundException: default_perf_config
04-29 03:38:13.410 W/ProcessManager( 1687): Permission Denial: ProcessManager.protectCurrentProcess() from pid=14255, uid=1000
04-29 03:38:13.411 W/ContextImpl(14255): Calling a method in the system process without a qualified user: android.app.ContextImpl.sendBroadcast:1183 android.content.ContextWrapper.sendBroadcast:489 com.miui.powerkeeper.PowerKeeperManager.A0:26 com.miui.powerkeeper.PowerKeeperManager.<init>:668 com.miui.powerkeeper.PowerKeeperManager.V:33 
04-29 03:38:13.415 W/ContextImpl(14255): Calling a method in the system process without a qualified user: android.app.ContextImpl.sendStickyBroadcast:1530 android.content.ContextWrapper.sendStickyBroadcast:654 com.miui.powerkeeper.feedbackcontrol.ThermalManager.cccSendIntent:39 com.miui.powerkeeper.feedbackcontrol.ThermalManager.updateTempState:179 com.miui.powerkeeper.feedbackcontrol.ThermalManager.access$500:0 
04-29 03:38:13.418 D/FlashlightController( 2306): onReceive: forceOff=false, state=0, from=com.xiaomi.powerchecker
04-29 03:38:13.439 I/AutomaticBrightnessControllerImpl( 1687): drop the lightsensor event! lux=13.0
04-29 03:38:13.503 W/ContextImpl(14255): Calling a method in the system process without a qualified user: android.app.ContextImpl.bindService:1905 android.content.ContextWrapper.bindService:820 com.miui.powerkeeper.PowerKeeperManager.y0:24 com.miui.powerkeeper.PowerKeeperBackgroundService.onCreate:43 android.app.ActivityThread.handleCreateService:4648 
04-29 03:38:13.506 W/ContextImpl(14255): Calling a method in the system process without a qualified user: android.app.ContextImpl.bindService:1905 android.content.ContextWrapper.bindService:820 com.miui.powerkeeper.PowerKeeperManager.y0:43 com.miui.powerkeeper.PowerKeeperBackgroundService.onCreate:43 android.app.ActivityThread.handleCreateService:4648 
04-29 03:38:13.511 W/ContextImpl(14255): Calling a method in the system process without a qualified user: android.app.ContextImpl.bindService:1905 android.content.ContextWrapper.bindService:820 com.miui.powerkeeper.PowerKeeperManager.y0:62 com.miui.powerkeeper.PowerKeeperBackgroundService.onCreate:43 android.app.ActivityThread.handleCreateService:4648 
04-29 03:38:13.552 D/PowerChecker_Service(14255): battery status = 2 plug = 1 level = 28
04-29 03:38:13.560 D/PowerCheckerService(14255): enable slog the cpu usage
04-29 03:38:13.570 D/CompatibilityChangeReporter( 1687): Compat change id reported: 157233955; UID 1000; state: ENABLED
04-29 03:38:13.578 W/PK      (14255): setParam type=2 value=false
04-29 03:38:13.579 W/PK      (14255): setParam type=1 value=
04-29 03:38:13.682 W/PK      (14255): setParam type=2 value=false
04-29 03:38:13.773 I/AutomaticBrightnessControllerImpl( 1687): drop the lightsensor event! lux=12.0
04-29 03:38:13.898 I/AutomaticBrightnessControllerImpl( 1687): drop the lightsensor event! lux=52.0
04-29 03:38:14.106 I/AutomaticBrightnessControllerImpl( 1687): drop the lightsensor event! lux=12.0
04-29 03:38:14.439 I/AutomaticBrightnessControllerImpl( 1687): drop the lightsensor event! lux=12.0
04-29 03:38:14.684 W/PK      (14255): enter mode=2
04-29 03:38:14.686 W/PK      (14255): setParam type=2 value=false
04-29 03:38:14.696 I/DeviceIdleController(14255): DeviceIdleController enable
04-29 03:38:14.773 I/AutomaticBrightnessControllerImpl( 1687): drop the lightsensor event! lux=11.0
04-29 03:38:14.822 I/DeviceIdleController(14255): DeviceIdleController enable end
04-29 03:38:14.823 V/PowerKeeper.Location(14255): enable 
