--------- beginning of main
I/HalDevMgr(  756): bestIfaceCreationProposal is null, requestIface=STA, existingIface=[name=wlan0 type=STA]
D/IpClient/wlan0( 1175): interfaceLinkStateChanged: ifindex 16 up
D/IpClient/wlan0( 1175): interfaceLinkStateChanged: ifindex 16 up
W/SDL     ( 9224): Request to get environment variables before JNI is ready
W/SDL     ( 9224): Request to get environment variables before JNI is ready
W/SDL     ( 9224): Request to get environment variables before JNI is ready
W/SDL     ( 9224): Request to get environment variables before JNI is ready
W/SDL     ( 9224): Request to get environment variables before JNI is ready
W/SDL     ( 9224): Request to get environment variables before JNI is ready
W/SDL     ( 9224): Request to get environment variables before JNI is ready
W/SDL     ( 9224): Request to get environment variables before JNI is ready
W/SDL     ( 9224): Request to get environment variables before JNI is ready
W/SDL     ( 9224): Request to get environment variables before JNI is ready
W/SDL     ( 9224): Request to get environment variables before JNI is ready
W/SDL     ( 9224): Request to get environment variables before JNI is ready
W/SDL     ( 9224): Request to get environment variables before JNI is ready
W/SDL     ( 9224): Request to get environment variables before JNI is ready
W/SDL     ( 9224): Request to get environment variables before JNI is ready
W/SDL     ( 9224): Request to get environment variables before JNI is ready
W/SDL     ( 9224): Request to get environment variables before JNI is ready
W/SDL     ( 9224): Request to get environment variables before JNI is ready
W/SDL     ( 9224): Request to get environment variables before JNI is ready
W/SDL     ( 9224): Request to get environment variables before JNI is ready
W/SDL     ( 9224): Request to get environment variables before JNI is ready
W/SDL     ( 9224): Request to get environment variables before JNI is ready
W/SDL     ( 9224): Request to get environment variables before JNI is ready
W/SDL     ( 9224): Request to get environment variables before JNI is ready
W/SDL     ( 9224): Request to get environment variables before JNI is ready
W/SDL     ( 9224): Request to get environment variables before JNI is ready
W/SDL     ( 9224): Request to get environment variables before JNI is ready
W/SDL     ( 9224): Request to get environment variables before JNI is ready
W/SDL     ( 9224): Request to get environment variables before JNI is ready
W/SDL     ( 9224): Request to get environment variables before JNI is ready
W/SDL     ( 9224): Request to get environment variables before JNI is ready
W/SDL     ( 9224): Request to get environment variables before JNI is ready
I/MuMain  ( 9224): PERF fps=0.6 frameMs=1656.70 sceneMs=1637.96 padMs=16.29 presentMs=0.02 avg(draw=826 verts=190399)
I/MuMain  ( 9224): PERF_SCENE world=0:Lorencia fxScale=1.00 char(vis=7 ply=5 mon=1 npc=1 pet=0 topMon=645:Monster 645 x1) obj(vis=409 op=0 trap=0 topObj=77:Data2\Object1\c_wall03.smd x31)
I/MuMain  ( 9224): PERF_CPU obj(move=0.64 render=1300.52 cand=409 draw=409 cull=0 calls=409/409/0) char(move=0.29 render=32.84 cand=7 draw=7 def=0 ply=5 mon=2) terrain(render=4.99 after=0.00 blk=195/2481 grass=0/0 after=0/0)
I/MuMain  ( 9224): PERF_PHASE shadow=0.10 boids=0.04 misc=0.17 joints=0.04 effects=0.14 blurs=0.06 sprites=0.53 particles=1.84 points=0.02 afterfx=0.01 ui=291.80 rem=3.93
I/system_server(  756): Background young concurrent mark compact GC freed 23MB AllocSpace bytes, 4(128KB) LOS objects, 39% free, 35MB/58MB, paused 3.777ms,81.387ms total 370.343ms
I/artd    ( 2118): GetBestInfo: odex next to the dex file (/data/app/~~rVOGivi7PK9aFViSjOqxUg==/com.google.android.gms-Gp_wFWC5-clLXSjJte1a_g==/oat/x86_64/base.odex) is kOatUpToDate with filter 'speed-profile' executable 'false'
I/artd    ( 2118): GetBestInfo: dm (/data/app/~~rVOGivi7PK9aFViSjOqxUg==/com.google.android.gms-Gp_wFWC5-clLXSjJte1a_g==/split_AdsDynamite_installtime.dm) is kOatUpToDate with filter 'verify' executable 'false'
I/artd    ( 2118): GetBestInfo: dm (/data/app/~~rVOGivi7PK9aFViSjOqxUg==/com.google.android.gms-Gp_wFWC5-clLXSjJte1a_g==/split_CronetDynamite_installtime.dm) is kOatUpToDate with filter 'verify' executable 'false'
I/artd    ( 2118): GetBestInfo: dm (/data/app/~~rVOGivi7PK9aFViSjOqxUg==/com.google.android.gms-Gp_wFWC5-clLXSjJte1a_g==/split_DynamiteLoader_installtime.dm) is kOatUpToDate with filter 'verify' executable 'false'
I/artd    ( 2118): GetBestInfo: dm (/data/app/~~rVOGivi7PK9aFViSjOqxUg==/com.google.android.gms-Gp_wFWC5-clLXSjJte1a_g==/split_DynamiteModulesA_installtime.dm) is kOatUpToDate with filter 'verify' executable 'false'
I/artd    ( 2118): GetBestInfo: dm (/data/app/~~rVOGivi7PK9aFViSjOqxUg==/com.google.android.gms-Gp_wFWC5-clLXSjJte1a_g==/split_DynamiteModulesC_installtime.dm) is kOatUpToDate with filter 'verify' executable 'false'
I/artd    ( 2118): GetBestInfo: dm (/data/app/~~rVOGivi7PK9aFViSjOqxUg==/com.google.android.gms-Gp_wFWC5-clLXSjJte1a_g==/split_GoogleCertificates_installtime.dm) is kOatUpToDate with filter 'verify' executable 'false'
I/artd    ( 2118): GetBestInfo: dm (/data/app/~~rVOGivi7PK9aFViSjOqxUg==/com.google.android.gms-Gp_wFWC5-clLXSjJte1a_g==/split_MapsDynamite_installtime.dm) is kOatUpToDate with filter 'verify' executable 'false'
I/artd    ( 2118): GetBestInfo: dm (/data/app/~~rVOGivi7PK9aFViSjOqxUg==/com.google.android.gms-Gp_wFWC5-clLXSjJte1a_g==/split_MeasurementDynamite_installtime.dm) is kOatUpToDate with filter 'verify' executable 'false'
I/artd    ( 2118): GetBestInfo: /data/user_de/0/com.google.android.gms/app_chimera/m/00000013/dl-MlkitBarcodeUi.optional_261533100800.apk has no usable artifacts
I/artd    ( 2118): GetBestInfo: /data/user_de/0/com.google.android.gms/app_chimera/m/00000016/dl-Appsearch.optional_261533100800.apk has no usable artifacts
I/artd    ( 2118): GetBestInfo: /data/user_de/0/com.google.android.gms/app_chimera/m/00000001/CronetDynamite.apk has no usable artifacts
I/artd    ( 2118): GetBestInfo: /data/user_de/0/com.google.android.gms/app_chimera/m/00000002/DynamiteLoader.apk has no usable artifacts
I/artd    ( 2118): GetBestInfo: /data/user_de/0/com.google.android.gms/app_chimera/m/00000005/GoogleCertificates.apk has no usable artifacts
I/artd    ( 2118): GetBestInfo: /data/user_de/0/com.google.android.gms/app_chimera/m/0000000f/dl-MlkitBarcodeUi.optional_260235100800.apk has no usable artifacts
I/artd    ( 2118): GetBestInfo: /data/user_de/0/com.google.android.gms/app_chimera/m/00000014/dl-PlayCloudSearch.optional_261533100000.apk has no usable artifacts
I/artd    ( 2118): GetBestInfo: /data/user_de/0/com.google.android.gms/app_chimera/m/0000000b/dl-TfliteDynamiteDynamite.integ_260580502100800.apk has no usable artifacts
I/artd    ( 2118): GetBestInfo: /data/user_de/0/com.google.android.gms/app_chimera/m/00000010/dl-PlayCloudSearch.optional_260235100000.apk has no usable artifacts
I/artd    ( 2118): GetBestInfo: /data/user_de/0/com.google.android.gms/app_chimera/m/00000012/dl-MlkitOcrCommon.optional_261533100800.apk has no usable artifacts
I/artd    ( 2118): GetBestInfo: /data/user_de/0/com.google.android.gms/app_chimera/m/00000009/dl-VisionOcr.optional_260235100000.apk has no usable artifacts
I/artd    ( 2118): GetBestInfo: /data/user_de/0/com.google.android.gms/app_chimera/m/0000001f/dl-IdentityCredentialsPlacebo.optional_261533100800.apk has no usable artifacts
I/artd    ( 2118): GetBestInfo: vdex next to the dex file (/data/user/0/com.google.android.gms/app_dg_cache/B3ED91DEC21F0EB5284BE10D982ABEAAC45F5C48/oat/x86_64/the.vdex) is kOatUpToDate with filter 'verify' executable 'false'
I/artd    ( 2118): GetBestInfo: /data/user_de/0/com.google.android.gms/app_chimera/m/00000015/dl-VisionOcr.optional_261533100000.apk has no usable artifacts
I/artd    ( 2118): GetBestInfo: /data/user_de/0/com.google.android.gms/app_chimera/m/0000000c/dl-Appsearch.optional_260235100800.apk has no usable artifacts
I/artd    ( 2118): GetBestInfo: vdex next to the dex file (/data/user/0/com.google.android.gms/app_dg_cache/3C99312020F0F0D70782F583B896FDDF9030AAF4/oat/x86_64/the.vdex) is kOatUpToDate with filter 'verify' executable 'false'
I/artd    ( 2118): GetBestInfo: /data/user_de/0/com.google.android.gms/app_chimera/m/00000008/dl-MlkitOcrCommon.optional_260235100800.apk has no usable artifacts
I/artd    ( 2118): GetBestInfo: /data/user_de/0/com.google.android.gms/app_chimera/m/00000007/MeasurementDynamite.apk has no usable artifacts
W/libbinder.Binder(  756): Binder transaction to android.content.pm.IPackageManager, function: UNKNOWN_FUNCTION_NAME, code: 1598311760, took 1496ms. Data bytes: 80 Reply bytes: 4 Flags: 16
D/SatelliteController( 1232): isInCarrierRoamingNbIotNtn: satellite is disabled
D/SatelliteController( 1232): getCarrierRoamingNtnConnectType: Checking connect type from PLMN config for subId: 1
D/SatelliteController( 1232): getSatellitePerPlmnConfiguration: invalid subId or not supported via carrier.
D/SatelliteController( 1232): getCarrierRoamingNtnConnectType: config: null
D/SatelliteController( 1232): getCarrierRoamingNtnConnectType: Falling back to global carrier config connect type: 0
D/SatelliteController( 1232): updateLastNotifiedCarrierRoamingNtnSignalStrengthAndNotify(1)
D/SatelliteController( 1232): updateLastNotifiedCarrierRoamingNtnSignalStrengthAndNotify(1) lastNotifiedSignalStrength level: 0
D/SatelliteController( 1232): updateLastNotifiedCarrierRoamingNtnSignalStrengthAndNotify(1) currSignalStrength level: 0
W/SDL     ( 9224): Request to get environment variables before JNI is ready
W/SDL     ( 9224): Request to get environment variables before JNI is ready
W/SDL     ( 9224): Request to get environment variables before JNI is ready
W/SDL     ( 9224): Request to get environment variables before JNI is ready
W/SDL     ( 9224): Request to get environment variables before JNI is ready
W/SDL     ( 9224): Request to get environment variables before JNI is ready
W/SDL     ( 9224): Request to get environment variables before JNI is ready
W/SDL     ( 9224): Request to get environment variables before JNI is ready
W/SDL     ( 9224): Request to get environment variables before JNI is ready
W/SDL     ( 9224): Request to get environment variables before JNI is ready
W/SDL     ( 9224): Request to get environment variables before JNI is ready
W/SDL     ( 9224): Request to get environment variables before JNI is ready
W/SDL     ( 9224): Request to get environment variables before JNI is ready
W/SDL     ( 9224): Request to get environment variables before JNI is ready
W/SDL     ( 9224): Request to get environment variables before JNI is ready
W/SDL     ( 9224): Request to get environment variables before JNI is ready
W/SDL     ( 9224): Request to get environment variables before JNI is ready
W/SDL     ( 9224): Request to get environment variables before JNI is ready
W/SDL     ( 9224): Request to get environment variables before JNI is ready
W/SDL     ( 9224): Request to get environment variables before JNI is ready
W/SDL     ( 9224): Request to get environment variables before JNI is ready
W/SDL     ( 9224): Request to get environment variables before JNI is ready
W/SDL     ( 9224): Request to get environment variables before JNI is ready
W/SDL     ( 9224): Request to get environment variables before JNI is ready
W/SDL     ( 9224): Request to get environment variables before JNI is ready
W/SDL     ( 9224): Request to get environment variables before JNI is ready
W/SDL     ( 9224): Request to get environment variables before JNI is ready
W/SDL     ( 9224): Request to get environment variables before JNI is ready
W/SDL     ( 9224): Request to get environment variables before JNI is ready
W/SDL     ( 9224): Request to get environment variables before JNI is ready
W/SDL     ( 9224): Request to get environment variables before JNI is ready
W/SDL     ( 9224): Request to get environment variables before JNI is ready
I/MuMain  ( 9224): PERF fps=0.8 frameMs=1263.28 sceneMs=1138.86 padMs=122.22 presentMs=0.03 avg(draw=824 verts=190453)
I/MuMain  ( 9224): PERF_SCENE world=0:Lorencia fxScale=1.00 char(vis=7 ply=5 mon=1 npc=1 pet=0 topMon=645:Monster 645 x1) obj(vis=409 op=0 trap=0 topObj=77:Data2\Object1\c_wall03.smd x31)
I/MuMain  ( 9224): PERF_CPU obj(move=0.51 render=534.46 cand=409 draw=409 cull=0 calls=409/409/0) char(move=0.26 render=224.67 cand=7 draw=7 def=0 ply=5 mon=2) terrain(render=40.17 after=0.00 blk=195/2481 grass=0/0 after=0/0)
I/MuMain  ( 9224): PERF_PHASE shadow=0.11 boids=0.05 misc=0.19 joints=0.05 effects=0.11 blurs=0.06 sprites=0.36 particles=0.82 points=0.02 afterfx=0.02 ui=325.06 rem=11.94
I/wpa_supplicant( 1043): wlan0: CTRL-EVENT-BEACON-LOSS 
I/abb     ( 1773): StartCommandInProcess(73657474696e67730067657400676c6f settings.get.glo [truncated])
W/binder:756_2(  756): type=1400 audit(0.0:90): avc:  denied  { getopt } for  scontext=u:r:system_server:s0 tcontext=u:r:shell:s0 tclass=unix_stream_socket permissive=0
W/binder:756_2(  756): type=1400 audit(0.0:91): avc:  denied  { getopt } for  scontext=u:r:system_server:s0 tcontext=u:r:shell:s0 tclass=unix_stream_socket permissive=0
W/binder:756_2(  756): type=1400 audit(0.0:92): avc:  denied  { getopt } for  scontext=u:r:system_server:s0 tcontext=u:r:shell:s0 tclass=unix_stream_socket permissive=0
I/abb     ( 1773): StartCommandInProcess(7061636b61676500696e7374616c6c00 package.install. [truncated])
W/SDL     ( 9224): Request to get environment variables before JNI is ready
W/SDL     ( 9224): Request to get environment variables before JNI is ready
W/SDL     ( 9224): Request to get environment variables before JNI is ready
W/SDL     ( 9224): Request to get environment variables before JNI is ready
W/SDL     ( 9224): Request to get environment variables before JNI is ready
W/SDL     ( 9224): Request to get environment variables before JNI is ready
W/SDL     ( 9224): Request to get environment variables before JNI is ready
W/SDL     ( 9224): Request to get environment variables before JNI is ready
W/SDL     ( 9224): Request to get environment variables before JNI is ready
W/SDL     ( 9224): Request to get environment variables before JNI is ready
W/SDL     ( 9224): Request to get environment variables before JNI is ready
W/SDL     ( 9224): Request to get environment variables before JNI is ready
W/SDL     ( 9224): Request to get environment variables before JNI is ready
W/SDL     ( 9224): Request to get environment variables before JNI is ready
W/SDL     ( 9224): Request to get environment variables before JNI is ready
W/SDL     ( 9224): Request to get environment variables before JNI is ready
W/SDL     ( 9224): Request to get environment variables before JNI is ready
W/SDL     ( 9224): Request to get environment variables before JNI is ready
W/SDL     ( 9224): Request to get environment variables before JNI is ready
W/SDL     ( 9224): Request to get environment variables before JNI is ready
W/SDL     ( 9224): Request to get environment variables before JNI is ready
W/SDL     ( 9224): Request to get environment variables before JNI is ready
W/SDL     ( 9224): Request to get environment variables before JNI is ready
W/SDL     ( 9224): Request to get environment variables before JNI is ready
W/SDL     ( 9224): Request to get environment variables before JNI is ready
W/SDL     ( 9224): Request to get environment variables before JNI is ready
W/SDL     ( 9224): Request to get environment variables before JNI is ready
W/SDL     ( 9224): Request to get environment variables before JNI is ready
W/SDL     ( 9224): Request to get environment variables before JNI is ready
W/SDL     ( 9224): Request to get environment variables before JNI is ready
W/SDL     ( 9224): Request to get environment variables before JNI is ready
W/SDL     ( 9224): Request to get environment variables before JNI is ready
I/MuMain  ( 9224): PERF fps=1.1 frameMs=912.67 sceneMs=826.26 padMs=84.56 presentMs=0.02 avg(draw=822 verts=190417)
I/MuMain  ( 9224): PERF_SCENE world=0:Lorencia fxScale=1.00 char(vis=7 ply=5 mon=1 npc=1 pet=0 topMon=645:Monster 645 x1) obj(vis=409 op=0 trap=0 topObj=77:Data2\Object1\c_wall03.smd x31)
I/MuMain  ( 9224): PERF_CPU obj(move=0.51 render=489.88 cand=409 draw=409 cull=0 calls=409/409/0) char(move=0.30 render=32.77 cand=7 draw=7 def=0 ply=5 mon=2) terrain(render=1.58 after=0.00 blk=195/2481 grass=0/0 after=0/0)
I/MuMain  ( 9224): PERF_PHASE shadow=0.11 boids=0.04 misc=0.21 joints=0.05 effects=0.13 blurs=0.08 sprites=0.33 particles=9.50 points=0.04 afterfx=0.09 ui=286.59 rem=4.06
--------- beginning of system
I/AdbWifiNetworkMonitor(  756): Wi-Fi network available
I/AdbWifiNetworkMonitor(  756): Received the same Wi-Fi SSID. Ignoring.
I/NullBinder( 1414): NullBinder for android.net.action.RECOMMEND_NETWORKS triggering remote TransactionTooLargeException due to Service without Chimera impl, calling uid: 1000, calling pid: 0
W/libbinder.Binder( 1414): Large reply transaction of 1056768 bytes, interface descriptor , function: UNKNOWN_FUNCTION_NAME, code: 1, flags: 17
I/HalDevMgr(  756): bestIfaceCreationProposal is null, requestIface=STA, existingIface=[name=wlan0 type=STA]
W/SDL     ( 9224): Request to get environment variables before JNI is ready
W/SDL     ( 9224): Request to get environment variables before JNI is ready
W/SDL     ( 9224): Request to get environment variables before JNI is ready
W/SDL     ( 9224): Request to get environment variables before JNI is ready
W/SDL     ( 9224): Request to get environment variables before JNI is ready
W/SDL     ( 9224): Request to get environment variables before JNI is ready
W/SDL     ( 9224): Request to get environment variables before JNI is ready
W/SDL     ( 9224): Request to get environment variables before JNI is ready
W/SDL     ( 9224): Request to get environment variables before JNI is ready
W/SDL     ( 9224): Request to get environment variables before JNI is ready
W/SDL     ( 9224): Request to get environment variables before JNI is ready
W/SDL     ( 9224): Request to get environment variables before JNI is ready
W/SDL     ( 9224): Request to get environment variables before JNI is ready
W/SDL     ( 9224): Request to get environment variables before JNI is ready
W/SDL     ( 9224): Request to get environment variables before JNI is ready
W/SDL     ( 9224): Request to get environment variables before JNI is ready
W/SDL     ( 9224): Request to get environment variables before JNI is ready
W/SDL     ( 9224): Request to get environment variables before JNI is ready
W/SDL     ( 9224): Request to get environment variables before JNI is ready
W/SDL     ( 9224): Request to get environment variables before JNI is ready
W/SDL     ( 9224): Request to get environment variables before JNI is ready
W/SDL     ( 9224): Request to get environment variables before JNI is ready
W/SDL     ( 9224): Request to get environment variables before JNI is ready
W/SDL     ( 9224): Request to get environment variables before JNI is ready
W/SDL     ( 9224): Request to get environment variables before JNI is ready
W/SDL     ( 9224): Request to get environment variables before JNI is ready
W/SDL     ( 9224): Request to get environment variables before JNI is ready
W/SDL     ( 9224): Request to get environment variables before JNI is ready
W/SDL     ( 9224): Request to get environment variables before JNI is ready
W/SDL     ( 9224): Request to get environment variables before JNI is ready
W/SDL     ( 9224): Request to get environment variables before JNI is ready
W/SDL     ( 9224): Request to get environment variables before JNI is ready
I/MuMain  ( 9224): PERF fps=1.2 frameMs=838.23 sceneMs=722.28 padMs=112.42 presentMs=0.02 avg(draw=824 verts=190399)
I/MuMain  ( 9224): PERF_SCENE world=0:Lorencia fxScale=1.00 char(vis=7 ply=5 mon=1 npc=1 pet=0 topMon=645:Monster 645 x1) obj(vis=409 op=0 trap=0 topObj=77:Data2\Object1\c_wall03.smd x31)
I/MuMain  ( 9224): PERF_CPU obj(move=80.57 render=609.53 cand=409 draw=409 cull=0 calls=409/409/0) char(move=0.30 render=13.05 cand=7 draw=7 def=0 ply=5 mon=2) terrain(render=1.28 after=0.00 blk=195/2481 grass=0/0 after=0/0)
I/MuMain  ( 9224): PERF_PHASE shadow=0.12 boids=0.04 misc=0.21 joints=0.04 effects=0.15 blurs=0.08 sprites=0.41 particles=0.78 points=0.03 afterfx=0.02 ui=12.57 rem=3.10
W/SDL     ( 9224): Request to get environment variables before JNI is ready
W/SDL     ( 9224): Request to get environment variables before JNI is ready
W/SDL     ( 9224): Request to get environment variables before JNI is ready
W/SDL     ( 9224): Request to get environment variables before JNI is ready
W/SDL     ( 9224): Request to get environment variables before JNI is ready
W/SDL     ( 9224): Request to get environment variables before JNI is ready
W/SDL     ( 9224): Request to get environment variables before JNI is ready
W/SDL     ( 9224): Request to get environment variables before JNI is ready
W/SDL     ( 9224): Request to get environment variables before JNI is ready
W/SDL     ( 9224): Request to get environment variables before JNI is ready
W/SDL     ( 9224): Request to get environment variables before JNI is ready
W/SDL     ( 9224): Request to get environment variables before JNI is ready
W/SDL     ( 9224): Request to get environment variables before JNI is ready
W/SDL     ( 9224): Request to get environment variables before JNI is ready
W/SDL     ( 9224): Request to get environment variables before JNI is ready
W/SDL     ( 9224): Request to get environment variables before JNI is ready
W/SDL     ( 9224): Request to get environment variables before JNI is ready
W/SDL     ( 9224): Request to get environment variables before JNI is ready
W/SDL     ( 9224): Request to get environment variables before JNI is ready
W/SDL     ( 9224): Request to get environment variables before JNI is ready
W/SDL     ( 9224): Request to get environment variables before JNI is ready
W/SDL     ( 9224): Request to get environment variables before JNI is ready
W/SDL     ( 9224): Request to get environment variables before JNI is ready
W/SDL     ( 9224): Request to get environment variables before JNI is ready
W/SDL     ( 9224): Request to get environment variables before JNI is ready
W/SDL     ( 9224): Request to get environment variables before JNI is ready
W/SDL     ( 9224): Request to get environment variables before JNI is ready
W/SDL     ( 9224): Request to get environment variables before JNI is ready
W/SDL     ( 9224): Request to get environment variables before JNI is ready
W/SDL     ( 9224): Request to get environment variables before JNI is ready
W/SDL     ( 9224): Request to get environment variables before JNI is ready
W/SDL     ( 9224): Request to get environment variables before JNI is ready
I/MuMain  ( 9224): PERF fps=1.0 frameMs=968.97 sceneMs=855.23 padMs=112.03 presentMs=0.02 avg(draw=826 verts=190369)
I/MuMain  ( 9224): PERF_SCENE world=0:Lorencia fxScale=1.00 char(vis=7 ply=5 mon=1 npc=1 pet=0 topMon=645:Monster 645 x1) obj(vis=409 op=0 trap=0 topObj=77:Data2\Object1\c_wall03.smd x31)
I/MuMain  ( 9224): PERF_CPU obj(move=0.43 render=598.70 cand=409 draw=409 cull=0 calls=409/409/0) char(move=0.26 render=44.47 cand=7 draw=7 def=0 ply=5 mon=2) terrain(render=96.32 after=0.00 blk=195/2481 grass=0/0 after=0/0)
I/MuMain  ( 9224): PERF_PHASE shadow=0.09 boids=0.12 misc=0.47 joints=0.13 effects=1.55 blurs=0.27 sprites=1.25 particles=1.41 points=0.02 afterfx=0.02 ui=105.45 rem=4.27
W/SDL     ( 9224): Request to get environment variables before JNI is ready
W/SDL     ( 9224): Request to get environment variables before JNI is ready
W/SDL     ( 9224): Request to get environment variables before JNI is ready
W/SDL     ( 9224): Request to get environment variables before JNI is ready
W/SDL     ( 9224): Request to get environment variables before JNI is ready
W/SDL     ( 9224): Request to get environment variables before JNI is ready
W/SDL     ( 9224): Request to get environment variables before JNI is ready
W/SDL     ( 9224): Request to get environment variables before JNI is ready
W/SDL     ( 9224): Request to get environment variables before JNI is ready
W/SDL     ( 9224): Request to get environment variables before JNI is ready
W/SDL     ( 9224): Request to get environment variables before JNI is ready
W/SDL     ( 9224): Request to get environment variables before JNI is ready
W/SDL     ( 9224): Request to get environment variables before JNI is ready
W/SDL     ( 9224): Request to get environment variables before JNI is ready
W/SDL     ( 9224): Request to get environment variables before JNI is ready
W/SDL     ( 9224): Request to get environment variables before JNI is ready
W/SDL     ( 9224): Request to get environment variables before JNI is ready
W/SDL     ( 9224): Request to get environment variables before JNI is ready
W/SDL     ( 9224): Request to get environment variables before JNI is ready
W/SDL     ( 9224): Request to get environment variables before JNI is ready
W/SDL     ( 9224): Request to get environment variables before JNI is ready
W/SDL     ( 9224): Request to get environment variables before JNI is ready
W/SDL     ( 9224): Request to get environment variables before JNI is ready
W/SDL     ( 9224): Request to get environment variables before JNI is ready
W/SDL     ( 9224): Request to get environment variables before JNI is ready
W/SDL     ( 9224): Request to get environment variables before JNI is ready
W/SDL     ( 9224): Request to get environment variables before JNI is ready
W/SDL     ( 9224): Request to get environment variables before JNI is ready
W/SDL     ( 9224): Request to get environment variables before JNI is ready
W/SDL     ( 9224): Request to get environment variables before JNI is ready
W/SDL     ( 9224): Request to get environment variables before JNI is ready
W/SDL     ( 9224): Request to get environment variables before JNI is ready
I/MuMain  ( 9224): PERF fps=1.1 frameMs=929.53 sceneMs=702.39 padMs=76.28 presentMs=0.02 avg(draw=832 verts=190339)
I/MuMain  ( 9224): PERF_SCENE world=0:Lorencia fxScale=1.00 char(vis=7 ply=5 mon=1 npc=1 pet=0 topMon=645:Monster 645 x1) obj(vis=409 op=0 trap=0 topObj=77:Data2\Object1\c_wall03.smd x31)
I/MuMain  ( 9224): PERF_CPU obj(move=0.53 render=634.59 cand=409 draw=409 cull=0 calls=409/409/0) char(move=0.31 render=46.33 cand=7 draw=7 def=0 ply=5 mon=2) terrain(render=1.56 after=0.00 blk=195/2481 grass=0/0 after=0/0)
I/MuMain  ( 9224): PERF_PHASE shadow=0.11 boids=0.04 misc=0.19 joints=0.04 effects=0.13 blurs=0.08 sprites=0.35 particles=1.29 points=0.02 afterfx=0.02 ui=13.24 rem=3.54
W/SDL     ( 9224): Request to get environment variables before JNI is ready
W/SDL     ( 9224): Request to get environment variables before JNI is ready
W/SDL     ( 9224): Request to get environment variables before JNI is ready
W/SDL     ( 9224): Request to get environment variables before JNI is ready
W/SDL     ( 9224): Request to get environment variables before JNI is ready
W/SDL     ( 9224): Request to get environment variables before JNI is ready
W/SDL     ( 9224): Request to get environment variables before JNI is ready
W/SDL     ( 9224): Request to get environment variables before JNI is ready
W/SDL     ( 9224): Request to get environment variables before JNI is ready
W/SDL     ( 9224): Request to get environment variables before JNI is ready
W/SDL     ( 9224): Request to get environment variables before JNI is ready
W/SDL     ( 9224): Request to get environment variables before JNI is ready
W/SDL     ( 9224): Request to get environment variables before JNI is ready
W/SDL     ( 9224): Request to get environment variables before JNI is ready
W/SDL     ( 9224): Request to get environment variables before JNI is ready
W/SDL     ( 9224): Request to get environment variables before JNI is ready
W/SDL     ( 9224): Request to get environment variables before JNI is ready
W/SDL     ( 9224): Request to get environment variables before JNI is ready
W/SDL     ( 9224): Request to get environment variables before JNI is ready
W/SDL     ( 9224): Request to get environment variables before JNI is ready
W/SDL     ( 9224): Request to get environment variables before JNI is ready
W/SDL     ( 9224): Request to get environment variables before JNI is ready
W/SDL     ( 9224): Request to get environment variables before JNI is ready
W/SDL     ( 9224): Request to get environment variables before JNI is ready
W/SDL     ( 9224): Request to get environment variables before JNI is ready
W/SDL     ( 9224): Request to get environment variables before JNI is ready
W/SDL     ( 9224): Request to get environment variables before JNI is ready
W/SDL     ( 9224): Request to get environment variables before JNI is ready
W/SDL     ( 9224): Request to get environment variables before JNI is ready
W/SDL     ( 9224): Request to get environment variables before JNI is ready
W/SDL     ( 9224): Request to get environment variables before JNI is ready
W/SDL     ( 9224): Request to get environment variables before JNI is ready
I/MuMain  ( 9224): PERF fps=0.9 frameMs=1053.76 sceneMs=880.12 padMs=171.74 presentMs=0.03 avg(draw=831 verts=190231)
I/MuMain  ( 9224): PERF_SCENE world=0:Lorencia fxScale=1.00 char(vis=7 ply=5 mon=1 npc=1 pet=0 topMon=645:Monster 645 x1) obj(vis=409 op=0 trap=0 topObj=77:Data2\Object1\c_wall03.smd x31)
I/MuMain  ( 9224): PERF_CPU obj(move=0.53 render=735.44 cand=409 draw=409 cull=0 calls=409/409/0) char(move=0.31 render=122.82 cand=7 draw=7 def=0 ply=5 mon=2) terrain(render=1.71 after=0.00 blk=195/2481 grass=0/0 after=0/0)
I/MuMain  ( 9224): PERF_PHASE shadow=0.04 boids=0.04 misc=0.20 joints=0.05 effects=0.02 blurs=0.07 sprites=0.35 particles=1.34 points=0.02 afterfx=0.02 ui=13.26 rem=3.90
I/HalDevMgr(  756): bestIfaceCreationProposal is null, requestIface=STA, existingIface=[name=wlan0 type=STA]
W/binder:756_2(  756): type=1400 audit(0.0:93): avc:  denied  { getopt } for  scontext=u:r:system_server:s0 tcontext=u:r:shell:s0 tclass=unix_stream_socket permissive=0
W/SDL     ( 9224): Request to get environment variables before JNI is ready
W/SDL     ( 9224): Request to get environment variables before JNI is ready
W/SDL     ( 9224): Request to get environment variables before JNI is ready
W/SDL     ( 9224): Request to get environment variables before JNI is ready
W/SDL     ( 9224): Request to get environment variables before JNI is ready
W/SDL     ( 9224): Request to get environment variables before JNI is ready
W/SDL     ( 9224): Request to get environment variables before JNI is ready
W/SDL     ( 9224): Request to get environment variables before JNI is ready
W/SDL     ( 9224): Request to get environment variables before JNI is ready
W/SDL     ( 9224): Request to get environment variables before JNI is ready
W/SDL     ( 9224): Request to get environment variables before JNI is ready
W/SDL     ( 9224): Request to get environment variables before JNI is ready
W/SDL     ( 9224): Request to get environment variables before JNI is ready
W/SDL     ( 9224): Request to get environment variables before JNI is ready
W/SDL     ( 9224): Request to get environment variables before JNI is ready
W/SDL     ( 9224): Request to get environment variables before JNI is ready
W/SDL     ( 9224): Request to get environment variables before JNI is ready
W/SDL     ( 9224): Request to get environment variables before JNI is ready
W/SDL     ( 9224): Request to get environment variables before JNI is ready
W/SDL     ( 9224): Request to get environment variables before JNI is ready
W/SDL     ( 9224): Request to get environment variables before JNI is ready
W/SDL     ( 9224): Request to get environment variables before JNI is ready
W/SDL     ( 9224): Request to get environment variables before JNI is ready
W/SDL     ( 9224): Request to get environment variables before JNI is ready
W/SDL     ( 9224): Request to get environment variables before JNI is ready
W/SDL     ( 9224): Request to get environment variables before JNI is ready
W/SDL     ( 9224): Request to get environment variables before JNI is ready
W/SDL     ( 9224): Request to get environment variables before JNI is ready
W/SDL     ( 9224): Request to get environment variables before JNI is ready
W/SDL     ( 9224): Request to get environment variables before JNI is ready
W/SDL     ( 9224): Request to get environment variables before JNI is ready
W/SDL     ( 9224): Request to get environment variables before JNI is ready
E/SystemServiceRegistry(  756): No service published for: persistent_data_block
E/SystemServiceRegistry(  756): android.os.ServiceManager$ServiceNotFoundException: No service published for: persistent_data_block
E/SystemServiceRegistry(  756): 	at android.os.ServiceManager.getServiceOrThrow(ServiceManager.java:176)
E/SystemServiceRegistry(  756): 	at android.app.SystemServiceRegistry$90.createService(SystemServiceRegistry.java:1286)
E/SystemServiceRegistry(  756): 	at android.app.SystemServiceRegistry$90.createService(SystemServiceRegistry.java:1283)
E/SystemServiceRegistry(  756): 	at android.app.SystemServiceRegistry$StaticServiceFetcher.getService(SystemServiceRegistry.java:2847)
E/SystemServiceRegistry(  756): 	at android.app.SystemServiceRegistry.getSystemService(SystemServiceRegistry.java:2285)
E/SystemServiceRegistry(  756): 	at android.app.ContextImpl.getSystemService(ContextImpl.java:2448)
E/SystemServiceRegistry(  756): 	at android.content.Context.getSystemService(Context.java:4917)
E/SystemServiceRegistry(  756): 	at com.android.server.pm.PackageInstallerSession.markAsSealed(PackageInstallerSession.java:2595)
E/SystemServiceRegistry(  756): 	at com.android.server.pm.PackageInstallerSession.commit(PackageInstallerSession.java:2345)
E/SystemServiceRegistry(  756): 	at android.content.pm.PackageInstaller$Session.commit(PackageInstaller.java:2345)
E/SystemServiceRegistry(  756): 	at com.android.server.pm.PackageManagerShellCommand.doCommitSession(PackageManagerShellCommand.java:4453)
E/SystemServiceRegistry(  756): 	at com.android.server.pm.PackageManagerShellCommand.doRunInstall(PackageManagerShellCommand.java:1655)
E/SystemServiceRegistry(  756): 	at com.android.server.pm.PackageManagerShellCommand.runInstall(PackageManagerShellCommand.java:1576)
E/SystemServiceRegistry(  756): 	at com.android.server.pm.PackageManagerShellCommand.onCommand(PackageManagerShellCommand.java:248)
E/SystemServiceRegistry(  756): 	at com.android.modules.utils.BasicShellCommandHandler.exec(BasicShellCommandHandler.java:97)
E/SystemServiceRegistry(  756): 	at android.os.ShellCommand.exec(ShellCommand.java:39)
E/SystemServiceRegistry(  756): 	at com.android.server.pm.PackageManagerService$IPackageManagerImpl.onShellCommand(PackageManagerService.java:6981)
E/SystemServiceRegistry(  756): 	at android.os.Binder.shellCommand(Binder.java:1176)
E/SystemServiceRegistry(  756): 	at android.os.Binder.onTransact(Binder.java:961)
E/SystemServiceRegistry(  756): 	at android.content.pm.IPackageManager$Stub.onTransact(IPackageManager.java:4786)
E/SystemServiceRegistry(  756): 	at com.android.server.pm.PackageManagerService$IPackageManagerImpl.onTransact(PackageManagerService.java:6965)
E/SystemServiceRegistry(  756): 	at android.os.Binder.execTransactInternal(Binder.java:1471)
E/SystemServiceRegistry(  756): 	at android.os.Binder.execTransact(Binder.java:1411)
E/SystemServiceRegistry(  756): Manager wrapper not available: persistent_data_block
I/MuMain  ( 9224): PERF fps=0.8 frameMs=1296.08 sceneMs=1263.24 padMs=29.85 presentMs=0.03 avg(draw=827 verts=190189)
I/MuMain  ( 9224): PERF_SCENE world=0:Lorencia fxScale=1.00 char(vis=7 ply=5 mon=1 npc=1 pet=0 topMon=645:Monster 645 x1) obj(vis=409 op=0 trap=0 topObj=77:Data2\Object1\c_wall03.smd x31)
I/MuMain  ( 9224): PERF_CPU obj(move=0.75 render=1033.26 cand=409 draw=409 cull=0 calls=409/409/0) char(move=0.25 render=11.03 cand=7 draw=7 def=0 ply=5 mon=2) terrain(render=1.53 after=0.00 blk=195/2481 grass=0/0 after=0/0)
I/MuMain  ( 9224): PERF_PHASE shadow=0.03 boids=0.04 misc=0.20 joints=0.05 effects=0.02 blurs=0.09 sprites=0.20 particles=1.19 points=0.02 afterfx=0.02 ui=177.93 rem=36.64
W/SDL     ( 9224): Request to get environment variables before JNI is ready
W/SDL     ( 9224): Request to get environment variables before JNI is ready
W/SDL     ( 9224): Request to get environment variables before JNI is ready
W/SDL     ( 9224): Request to get environment variables before JNI is ready
W/SDL     ( 9224): Request to get environment variables before JNI is ready
W/SDL     ( 9224): Request to get environment variables before JNI is ready
W/SDL     ( 9224): Request to get environment variables before JNI is ready
W/SDL     ( 9224): Request to get environment variables before JNI is ready
W/SDL     ( 9224): Request to get environment variables before JNI is ready
W/SDL     ( 9224): Request to get environment variables before JNI is ready
W/SDL     ( 9224): Request to get environment variables before JNI is ready
W/SDL     ( 9224): Request to get environment variables before JNI is ready
W/SDL     ( 9224): Request to get environment variables before JNI is ready
W/SDL     ( 9224): Request to get environment variables before JNI is ready
W/SDL     ( 9224): Request to get environment variables before JNI is ready
W/SDL     ( 9224): Request to get environment variables before JNI is ready
W/SDL     ( 9224): Request to get environment variables before JNI is ready
W/SDL     ( 9224): Request to get environment variables before JNI is ready
W/SDL     ( 9224): Request to get environment variables before JNI is ready
W/SDL     ( 9224): Request to get environment variables before JNI is ready
W/SDL     ( 9224): Request to get environment variables before JNI is ready
W/SDL     ( 9224): Request to get environment variables before JNI is ready
W/SDL     ( 9224): Request to get environment variables before JNI is ready
W/SDL     ( 9224): Request to get environment variables before JNI is ready
W/SDL     ( 9224): Request to get environment variables before JNI is ready
W/SDL     ( 9224): Request to get environment variables before JNI is ready
W/SDL     ( 9224): Request to get environment variables before JNI is ready
W/SDL     ( 9224): Request to get environment variables before JNI is ready
W/SDL     ( 9224): Request to get environment variables before JNI is ready
W/SDL     ( 9224): Request to get environment variables before JNI is ready
W/SDL     ( 9224): Request to get environment variables before JNI is ready
W/SDL     ( 9224): Request to get environment variables before JNI is ready
I/MuMain  ( 9224): PERF fps=0.8 frameMs=1243.55 sceneMs=920.13 padMs=295.88 presentMs=0.03 avg(draw=827 verts=190123)
I/MuMain  ( 9224): PERF_SCENE world=0:Lorencia fxScale=1.00 char(vis=7 ply=5 mon=1 npc=1 pet=0 topMon=645:Monster 645 x1) obj(vis=409 op=0 trap=0 topObj=77:Data2\Object1\c_wall03.smd x31)
I/MuMain  ( 9224): PERF_CPU obj(move=0.60 render=774.13 cand=409 draw=409 cull=0 calls=409/409/0) char(move=0.29 render=18.68 cand=7 draw=7 def=0 ply=5 mon=2) terrain(render=2.65 after=0.00 blk=195/2481 grass=0/0 after=0/0)
I/MuMain  ( 9224): PERF_PHASE shadow=0.04 boids=0.04 misc=0.20 joints=0.05 effects=0.06 blurs=0.14 sprites=1.37 particles=7.54 points=0.94 afterfx=0.05 ui=102.93 rem=10.43
I/HalDevMgr(  756): bestIfaceCreationProposal is null, requestIface=STA, existingIface=[name=wlan0 type=STA]
W/SDL     ( 9224): Request to get environment variables before JNI is ready
W/SDL     ( 9224): Request to get environment variables before JNI is ready
W/SDL     ( 9224): Request to get environment variables before JNI is ready
W/SDL     ( 9224): Request to get environment variables before JNI is ready
W/SDL     ( 9224): Request to get environment variables before JNI is ready
W/SDL     ( 9224): Request to get environment variables before JNI is ready
W/SDL     ( 9224): Request to get environment variables before JNI is ready
W/SDL     ( 9224): Request to get environment variables before JNI is ready
W/SDL     ( 9224): Request to get environment variables before JNI is ready
W/SDL     ( 9224): Request to get environment variables before JNI is ready
W/SDL     ( 9224): Request to get environment variables before JNI is ready
W/SDL     ( 9224): Request to get environment variables before JNI is ready
W/SDL     ( 9224): Request to get environment variables before JNI is ready
W/SDL     ( 9224): Request to get environment variables before JNI is ready
W/SDL     ( 9224): Request to get environment variables before JNI is ready
W/SDL     ( 9224): Request to get environment variables before JNI is ready
W/SDL     ( 9224): Request to get environment variables before JNI is ready
W/SDL     ( 9224): Request to get environment variables before JNI is ready
W/SDL     ( 9224): Request to get environment variables before JNI is ready
W/SDL     ( 9224): Request to get environment variables before JNI is ready
W/SDL     ( 9224): Request to get environment variables before JNI is ready
W/SDL     ( 9224): Request to get environment variables before JNI is ready
W/SDL     ( 9224): Request to get environment variables before JNI is ready
W/SDL     ( 9224): Request to get environment variables before JNI is ready
W/SDL     ( 9224): Request to get environment variables before JNI is ready
W/SDL     ( 9224): Request to get environment variables before JNI is ready
W/SDL     ( 9224): Request to get environment variables before JNI is ready
W/SDL     ( 9224): Request to get environment variables before JNI is ready
W/SDL     ( 9224): Request to get environment variables before JNI is ready
W/SDL     ( 9224): Request to get environment variables before JNI is ready
W/SDL     ( 9224): Request to get environment variables before JNI is ready
W/SDL     ( 9224): Request to get environment variables before JNI is ready
I/MuMain  ( 9224): PERF fps=1.0 frameMs=1040.76 sceneMs=894.25 padMs=120.79 presentMs=0.02 avg(draw=827 verts=190093)
I/MuMain  ( 9224): PERF_SCENE world=0:Lorencia fxScale=1.00 char(vis=7 ply=5 mon=1 npc=1 pet=0 topMon=645:Monster 645 x1) obj(vis=409 op=0 trap=0 topObj=77:Data2\Object1\c_wall03.smd x31)
I/MuMain  ( 9224): PERF_CPU obj(move=0.68 render=705.48 cand=409 draw=409 cull=0 calls=409/409/0) char(move=1.54 render=10.12 cand=7 draw=7 def=0 ply=5 mon=2) terrain(render=2.26 after=0.00 blk=195/2481 grass=0/0 after=0/0)
I/MuMain  ( 9224): PERF_PHASE shadow=0.04 boids=0.04 misc=0.19 joints=0.04 effects=0.02 blurs=0.07 sprites=0.19 particles=1.07 points=0.02 afterfx=0.02 ui=158.15 rem=14.32
I/artd    ( 2118): GetBestInfo: odex next to the dex file (/data/app/~~rVOGivi7PK9aFViSjOqxUg==/com.google.android.gms-Gp_wFWC5-clLXSjJte1a_g==/oat/x86_64/base.odex) is kOatUpToDate with filter 'speed-profile' executable 'false'
I/artd    ( 2118): GetBestInfo: dm (/data/app/~~rVOGivi7PK9aFViSjOqxUg==/com.google.android.gms-Gp_wFWC5-clLXSjJte1a_g==/split_AdsDynamite_installtime.dm) is kOatUpToDate with filter 'verify' executable 'false'
I/artd    ( 2118): GetBestInfo: dm (/data/app/~~rVOGivi7PK9aFViSjOqxUg==/com.google.android.gms-Gp_wFWC5-clLXSjJte1a_g==/split_CronetDynamite_installtime.dm) is kOatUpToDate with filter 'verify' executable 'false'
I/wpa_supplicant( 1043): wlan0: CTRL-EVENT-BEACON-LOSS 
D/NativeLibraryHelper(  756): Punching extracted elf file libmain.so on fs:61267
D/FileSystemUtils(  756): Total number of LOAD segments 3
D/FileSystemUtils(  756): Size before punching holes st_blocks: 116640, st_blksize: 4096, st_size: 59714304
D/FileSystemUtils(  756): Size after punching holes st_blocks: 116640, st_blksize: 4096, st_size: 59714304
I/artd    ( 2118): GetBestInfo: dm (/data/app/~~rVOGivi7PK9aFViSjOqxUg==/com.google.android.gms-Gp_wFWC5-clLXSjJte1a_g==/split_DynamiteLoader_installtime.dm) is kOatUpToDate with filter 'verify' executable 'false'
I/artd    ( 2118): GetBestInfo: dm (/data/app/~~rVOGivi7PK9aFViSjOqxUg==/com.google.android.gms-Gp_wFWC5-clLXSjJte1a_g==/split_DynamiteModulesA_installtime.dm) is kOatUpToDate with filter 'verify' executable 'false'
I/artd    ( 2118): GetBestInfo: dm (/data/app/~~rVOGivi7PK9aFViSjOqxUg==/com.google.android.gms-Gp_wFWC5-clLXSjJte1a_g==/split_DynamiteModulesC_installtime.dm) is kOatUpToDate with filter 'verify' executable 'false'
I/artd    ( 2118): GetBestInfo: dm (/data/app/~~rVOGivi7PK9aFViSjOqxUg==/com.google.android.gms-Gp_wFWC5-clLXSjJte1a_g==/split_GoogleCertificates_installtime.dm) is kOatUpToDate with filter 'verify' executable 'false'
I/artd    ( 2118): GetBestInfo: dm (/data/app/~~rVOGivi7PK9aFViSjOqxUg==/com.google.android.gms-Gp_wFWC5-clLXSjJte1a_g==/split_MapsDynamite_installtime.dm) is kOatUpToDate with filter 'verify' executable 'false'
I/artd    ( 2118): GetBestInfo: dm (/data/app/~~rVOGivi7PK9aFViSjOqxUg==/com.google.android.gms-Gp_wFWC5-clLXSjJte1a_g==/split_MeasurementDynamite_installtime.dm) is kOatUpToDate with filter 'verify' executable 'false'
I/artd    ( 2118): GetBestInfo: /data/user_de/0/com.google.android.gms/app_chimera/m/00000013/dl-MlkitBarcodeUi.optional_261533100800.apk has no usable artifacts
I/artd    ( 2118): GetBestInfo: /data/user_de/0/com.google.android.gms/app_chimera/m/00000016/dl-Appsearch.optional_261533100800.apk has no usable artifacts
I/artd    ( 2118): GetBestInfo: /data/user_de/0/com.google.android.gms/app_chimera/m/00000001/CronetDynamite.apk has no usable artifacts
I/artd    ( 2118): GetBestInfo: /data/user_de/0/com.google.android.gms/app_chimera/m/00000002/DynamiteLoader.apk has no usable artifacts
I/artd    ( 2118): GetBestInfo: /data/user_de/0/com.google.android.gms/app_chimera/m/00000005/GoogleCertificates.apk has no usable artifacts
I/artd    ( 2118): GetBestInfo: /data/user_de/0/com.google.android.gms/app_chimera/m/0000000f/dl-MlkitBarcodeUi.optional_260235100800.apk has no usable artifacts
I/artd    ( 2118): GetBestInfo: /data/user_de/0/com.google.android.gms/app_chimera/m/00000014/dl-PlayCloudSearch.optional_261533100000.apk has no usable artifacts
I/artd    ( 2118): GetBestInfo: /data/user_de/0/com.google.android.gms/app_chimera/m/0000000b/dl-TfliteDynamiteDynamite.integ_260580502100800.apk has no usable artifacts
I/artd    ( 2118): GetBestInfo: /data/user_de/0/com.google.android.gms/app_chimera/m/00000010/dl-PlayCloudSearch.optional_260235100000.apk has no usable artifacts
I/artd    ( 2118): GetBestInfo: /data/user_de/0/com.google.android.gms/app_chimera/m/00000012/dl-MlkitOcrCommon.optional_261533100800.apk has no usable artifacts
I/artd    ( 2118): GetBestInfo: /data/user_de/0/com.google.android.gms/app_chimera/m/00000009/dl-VisionOcr.optional_260235100000.apk has no usable artifacts
I/artd    ( 2118): GetBestInfo: /data/user_de/0/com.google.android.gms/app_chimera/m/0000001f/dl-IdentityCredentialsPlacebo.optional_261533100800.apk has no usable artifacts
I/artd    ( 2118): GetBestInfo: vdex next to the dex file (/data/user/0/com.google.android.gms/app_dg_cache/B3ED91DEC21F0EB5284BE10D982ABEAAC45F5C48/oat/x86_64/the.vdex) is kOatUpToDate with filter 'verify' executable 'false'
I/artd    ( 2118): GetBestInfo: /data/user_de/0/com.google.android.gms/app_chimera/m/00000015/dl-VisionOcr.optional_261533100000.apk has no usable artifacts
I/artd    ( 2118): GetBestInfo: /data/user_de/0/com.google.android.gms/app_chimera/m/0000000c/dl-Appsearch.optional_260235100800.apk has no usable artifacts
I/artd    ( 2118): GetBestInfo: vdex next to the dex file (/data/user/0/com.google.android.gms/app_dg_cache/3C99312020F0F0D70782F583B896FDDF9030AAF4/oat/x86_64/the.vdex) is kOatUpToDate with filter 'verify' executable 'false'
I/artd    ( 2118): GetBestInfo: /data/user_de/0/com.google.android.gms/app_chimera/m/00000008/dl-MlkitOcrCommon.optional_260235100800.apk has no usable artifacts
D/NativeLibraryHelper(  756): Punching extracted elf file libSDL_net.so on fs:61267
D/FileSystemUtils(  756): Total number of LOAD segments 3
D/FileSystemUtils(  756): Size before punching holes st_blocks: 144, st_blksize: 4096, st_size: 66144
D/FileSystemUtils(  756): Size after punching holes st_blocks: 144, st_blksize: 4096, st_size: 66144
I/artd    ( 2118): GetBestInfo: /data/user_de/0/com.google.android.gms/app_chimera/m/00000007/MeasurementDynamite.apk has no usable artifacts
D/NativeLibraryHelper(  756): Punching extracted elf file libSDL2_image.so on fs:61267
D/FileSystemUtils(  756): Total number of LOAD segments 3
D/FileSystemUtils(  756): Size before punching holes st_blocks: 1848, st_blksize: 4096, st_size: 939616
D/FileSystemUtils(  756): Size after punching holes st_blocks: 1848, st_blksize: 4096, st_size: 939616
W/libbinder.Binder(  756): Binder transaction to android.content.pm.IPackageManager, function: UNKNOWN_FUNCTION_NAME, code: 1598311760, took 2095ms. Data bytes: 80 Reply bytes: 4 Flags: 16
W/SDL     ( 9224): Request to get environment variables before JNI is ready
W/SDL     ( 9224): Request to get environment variables before JNI is ready
W/SDL     ( 9224): Request to get environment variables before JNI is ready
W/SDL     ( 9224): Request to get environment variables before JNI is ready
W/SDL     ( 9224): Request to get environment variables before JNI is ready
W/SDL     ( 9224): Request to get environment variables before JNI is ready
W/SDL     ( 9224): Request to get environment variables before JNI is ready
W/SDL     ( 9224): Request to get environment variables before JNI is ready
W/SDL     ( 9224): Request to get environment variables before JNI is ready
W/SDL     ( 9224): Request to get environment variables before JNI is ready
W/SDL     ( 9224): Request to get environment variables before JNI is ready
W/SDL     ( 9224): Request to get environment variables before JNI is ready
W/SDL     ( 9224): Request to get environment variables before JNI is ready
W/SDL     ( 9224): Request to get environment variables before JNI is ready
W/SDL     ( 9224): Request to get environment variables before JNI is ready
W/SDL     ( 9224): Request to get environment variables before JNI is ready
W/SDL     ( 9224): Request to get environment variables before JNI is ready
