W/AmbientCueRepository( 1239): 	at com.android.quickstep.cuebar.data.repository.AmbientCueRepositoryImpl.<init>(go/retraceme 7226a759aa2bb3787a79806f85d80eaad84f1f1e15acd6db988f2df789d1680d:144)
W/AmbientCueRepository( 1239): 	at com.android.launcher3.taskbar.CueBarController.<init>(go/retraceme 7226a759aa2bb3787a79806f85d80eaad84f1f1e15acd6db988f2df789d1680d:31)
W/AmbientCueRepository( 1239): 	at com.android.launcher3.taskbar.TaskbarActivityContext.<init>(go/retraceme 7226a759aa2bb3787a79806f85d80eaad84f1f1e15acd6db988f2df789d1680d:3648)
W/AmbientCueRepository( 1239): 	at com.android.launcher3.taskbar.TaskbarManagerImpl.createTaskbarActivityContext(go/retraceme 7226a759aa2bb3787a79806f85d80eaad84f1f1e15acd6db988f2df789d1680d:59)
W/AmbientCueRepository( 1239): 	at com.android.launcher3.taskbar.TaskbarManagerImpl.recreateTaskbarForDisplay(go/retraceme 7226a759aa2bb3787a79806f85d80eaad84f1f1e15acd6db988f2df789d1680d:248)
W/AmbientCueRepository( 1239): 	at com.android.launcher3.taskbar.TaskbarManagerImpl$$ExternalSyntheticLambda24.invoke(go/retraceme 7226a759aa2bb3787a79806f85d80eaad84f1f1e15acd6db988f2df789d1680d:45)
W/AmbientCueRepository( 1239): 	at com.android.launcher3.taskbar.PerDisplayTaskbarResource$componentCallbacks$1$onConfigurationChanged$1.run(go/retraceme 7226a759aa2bb3787a79806f85d80eaad84f1f1e15acd6db988f2df789d1680d:114)
W/AmbientCueRepository( 1239): 	at com.android.launcher3.util.LooperExecutor.execute(go/retraceme 7226a759aa2bb3787a79806f85d80eaad84f1f1e15acd6db988f2df789d1680d:16)
W/AmbientCueRepository( 1239): 	at com.android.launcher3.taskbar.PerDisplayTaskbarResource$componentCallbacks$1.onConfigurationChanged(go/retraceme 7226a759aa2bb3787a79806f85d80eaad84f1f1e15acd6db988f2df789d1680d:14)
W/AmbientCueRepository( 1239): 	at android.content.ComponentCallbacksController.lambda$dispatchConfigurationChanged$0(ComponentCallbacksController.java:92)
W/AmbientCueRepository( 1239): 	at android.content.ComponentCallbacksController$$ExternalSyntheticLambda2.accept(D8$$SyntheticClass:0)
W/AmbientCueRepository( 1239): 	at android.content.ComponentCallbacksController.forAllComponentCallbacks(ComponentCallbacksController.java:125)
W/AmbientCueRepository( 1239): 	at android.content.ComponentCallbacksController.dispatchConfigurationChanged(ComponentCallbacksController.java:92)
W/AmbientCueRepository( 1239): 	at android.window.WindowContext.dispatchConfigurationChanged(WindowContext.java:281)
W/AmbientCueRepository( 1239): 	at android.window.WindowTokenClient.onConfigurationChangedInner(WindowTokenClient.java:212)
W/AmbientCueRepository( 1239): 	at android.window.WindowTokenClient.onConfigurationChanged(WindowTokenClient.java:158)
W/AmbientCueRepository( 1239): 	at android.window.WindowTokenClient.onConfigurationChanged(WindowTokenClient.java:114)
W/AmbientCueRepository( 1239): 	at android.window.WindowTokenClientController.onWindowContextInfoChanged(WindowTokenClientController.java:249)
W/AmbientCueRepository( 1239): 	at android.app.ActivityThread.handleWindowContextInfoChanged(ActivityThread.java:7289)
W/AmbientCueRepository( 1239): 	at android.app.servertransaction.WindowContextInfoChangeItem.execute(WindowContextInfoChangeItem.java:53)
W/AmbientCueRepository( 1239): 	at android.app.servertransaction.TransactionExecutor.executeNonLifecycleItem(TransactionExecutor.java:133)
W/AmbientCueRepository( 1239): 	at android.app.servertransaction.TransactionExecutor.executeTransactionItems(TransactionExecutor.java:103)
W/AmbientCueRepository( 1239): 	at android.app.servertransaction.TransactionExecutor.execute(TransactionExecutor.java:80)
W/AmbientCueRepository( 1239): 	at android.app.ActivityThread$H.handleMessage(ActivityThread.java:3024)
W/AmbientCueRepository( 1239): 	at android.os.Handler.dispatchMessageImpl(Handler.java:142)
W/AmbientCueRepository( 1239): 	at android.os.Handler.dispatchMessage(Handler.java:125)
W/AmbientCueRepository( 1239): 	at android.os.Looper.loopOnce(Looper.java:292)
W/AmbientCueRepository( 1239): 	at android.os.Looper.loop(Looper.java:393)
W/AmbientCueRepository( 1239): 	at android.app.ActivityThread.main(ActivityThread.java:9486)
W/AmbientCueRepository( 1239): 	at java.lang.reflect.Method.invoke(Native Method)
W/AmbientCueRepository( 1239): 	at com.android.internal.os.RuntimeInit$MethodAndArgsCaller.run(RuntimeInit.java:575)
W/AmbientCueRepository( 1239): 	at com.android.internal.os.ZygoteInit.main(ZygoteInit.java:939)
D/LauncherAmbientCueVM( 1239): onUnfilteredActionsChange: []
W/Looper  (  756): Slow dispatch took 649ms android.perm app=system_server main=false group=FOREGROUND h=android.os.Handler c=com.android.internal.infra.ServiceConnector$Impl$$ExternalSyntheticLambda2@e5d62e9 m=0
D/AmbientCueRepository( 1239): connectToAce: connecting TO ACE and registering
D/AllAppsStore( 1239): setApps: apps.length=21
D/AllAppsStore( 1239): notifyUpdate: notifying listeners
D/AlphabeticIndexCompat( 1239): computeSectionName: cs: Settings sectionName: S
D/AlphabeticIndexCompat( 1239): computeSectionName: cs: Photos sectionName: P
D/AlphabeticIndexCompat( 1239): computeSectionName: cs: Battery sectionName: B
D/AlphabeticIndexCompat( 1239): computeSectionName: cs: Chrome sectionName: C
D/AlphabeticIndexCompat( 1239): computeSectionName: cs: Gmail sectionName: G
D/AlphabeticIndexCompat( 1239): computeSectionName: cs: Drive sectionName: D
D/AlphabeticIndexCompat( 1239): computeSectionName: cs: Clock sectionName: C
D/AlphabeticIndexCompat( 1239): computeSectionName: cs: Contacts sectionName: C
D/AlphabeticIndexCompat( 1239): computeSectionName: cs: Calendar sectionName: C
D/AlphabeticIndexCompat( 1239): computeSectionName: cs: Maps sectionName: M
D/AlphabeticIndexCompat( 1239): computeSectionName: cs: YouTube Music sectionName: Y
D/AlphabeticIndexCompat( 1239): computeSectionName: cs: YouTube sectionName: Y
D/AlphabeticIndexCompat( 1239): computeSectionName: cs: Google sectionName: G
D/AlphabeticIndexCompat( 1239): computeSectionName: cs: Android System Intelligence sectionName: A
D/AlphabeticIndexCompat( 1239): computeSectionName: cs: Digital Wellbeing sectionName: D
D/AlphabeticIndexCompat( 1239): computeSectionName: cs: Conversations sectionName: C
I/libbinder.BpBinder(  567): onLastStrongRef automatically unlinking death recipients for binder (0x771205c521f0) with descriptor: '(not cached)'
W/Looper  (  756): Slow dispatch took 260ms main app=system_server main=true group=FOREGROUND h=android.app.ActivityThread$H c=android.app.LoadedApk$ReceiverDispatcher$Args$$ExternalSyntheticLambda0@f1bd20f m=0
D/Bubbles ( 1069): BubblePositioner.update() insets=Insets{left=0, top=132, right=0, bottom=63} largeScreen=false smallTablet=false isBubbleBar=false bounds=Rect(0, 0 - 1080, 2400)
I/PermissionControllerServiceImpl( 4000): Updating user sensitive for uid 10230
I/Fitness ( 1414): (REDACTED) FitCleanupIntentOperation received Intent %s
D/AS.AudioService(  756): received android.intent.action.PACKAGE_REPLACED replacing: true archival: false for package com.muonline.client with uid 10230
D/AppSearchAppsIndexerManagerS(  756): userid in package receiver: 10230
D/TaskbarManager( 1239): createTaskbarUIControllerForRecentsViewContainer displayId=0 mPrimaryDisplayId=0
D/PerDisplayTaskbarResource( 1239): recreateTaskbarForDisplay: adding rootView displayId=0
D/PerDisplayTaskbarResource( 1239): recreateTaskbarForDisplay: adding root layout displayId=0
I/s.nexuslauncher( 1239): NativeAlloc concurrent mark compact GC freed 3542KB AllocSpace bytes, 8(480KB) LOS objects, 49% free, 6813KB/13MB, paused 2.292ms,63.331ms total 860.142ms
W/s.nexuslauncher( 1239): Reducing the number of considered missed Gc histogram windows from 308 to 100
I/AppBackupStateCleanupIO( 6713): Backup state cleanup on uninstall is disabled. [CONTEXT service_id=229 ]
V/WindowManagerShell( 1069): onTransitionReady (#73) android.os.BinderProxy@98ed86d: {id=73 t=CHANGE f=0x0 trk=0 r=[] c=[]}
V/WindowManagerShell( 1069): No transition roots in (#73) android.os.BinderProxy@98ed86d@0 so abort
W/AlarmManager(  756): Package com.muonline.client, uid 10230 lost permission to set exact alarms!
D/ActivityThread(  756): Package [com.muonline.client] reported as REPLACED, but missing application info. Assuming REMOVED.
V/AccessibilityManagerService(  756): onUserStateChangedLocked for userId: 0, forceUpdate: false
D/PerDisplayTaskbarResource( 1239): onDisplayInfoChanged: Rotation changed displayId=0
D/PerDisplayTaskbarResource( 1239): recreateTaskbarForDisplay displayId=0
D/PerDisplayTaskbarResource( 1239): recreateTaskbarForDisplay: getting device profile displayId=0
D/PerDisplayTaskbarResource( 1239): recreateTaskbarForDisplay: destroying taskbar displayId=0
D/PerDisplayTaskbarResource( 1239): destroyTaskbarForDisplay displayId=0
D/CueBarController( 1239): CuebarController destroy
D/TaskbarOverlayController( 1239): onDestroy: 	at com.android.launcher3.taskbar.PerDisplayTaskbarResource.destroyTaskbarForDisplay(go/retraceme 7226a759aa2bb3787a79806f85d80eaad84f1f1e15acd6db988f2df789d1680d:455)
D/TaskbarOverlayController( 1239): 	at com.android.launcher3.taskbar.TaskbarManagerImpl.recreateTaskbarForDisplay(go/retraceme 7226a759aa2bb3787a79806f85d80eaad84f1f1e15acd6db988f2df789d1680d:125)
D/TaskbarOverlayController( 1239): 	at com.android.launcher3.taskbar.TaskbarManagerImpl$$ExternalSyntheticLambda29.accept(go/retraceme 7226a759aa2bb3787a79806f85d80eaad84f1f1e15acd6db988f2df789d1680d:76)
D/TaskbarOverlayController( 1239): onDestroy: Was window already present? false
D/PerDisplayTaskbarResource( 1239): recreateTaskbarForDisplay: isTaskbarEnabled=true [dp != null]=true mUserUnlocked=true dp.isTaskbarPresent=false isTaskbarEnabled=true displayExists=true displayId=0
V/AccessibilityUserState(  756): updateShortcutTargets: type:accessibility_shortcut_target_service, current:{}, new:{}
V/AccessibilityUserState(  756): updateShortcutTargets: type:accessibility_button_targets, current:{}, new:{}
D/PerDisplayTaskbarResource( 1239): recreateTaskbarForDisplay: creating taskbar displayId=0
V/AccessibilityUserState(  756): updateShortcutTargets: type:accessibility_gesture_targets, current:{}, new:{}
V/AccessibilityUserState(  756): updateShortcutTargets: type:accessibility_qs_targets, current:{}, new:{}
V/AccessibilityUserState(  756): updateShortcutTargets: type:accessibility_key_gesture_targets, current:{}, new:{}
V/AccessibilityUserState(  756): updateShortcutTargets: type:accessibility_top_row_key_targets, current:{}, new:{}
V/AccessibilityUserState(  756): updateShortcutTargets: type:accessibility_quick_access_targets, current:{}, new:{}
W/MagnificationConnectionManager(  756): requestConnection duplicated request: connect=false, mConnectionState=DISCONNECTED
W/libbinder.IPCThreadState(  756): Sending oneway calls to frozen process.
W/libbinder.IPCThreadState(  756): Sending oneway calls to frozen process.
I/PackageInstalledIntentO( 6713): Test flag v2 is disabled [CONTEXT service_id=469 ]
W/libbinder.IPCThreadState(  756): Sending oneway calls to frozen process.
W/libbinder.IPCThreadState(  756): Sending oneway calls to frozen process.
V/AccessibilityManagerService(  756): onUserStateChangedLocked for userId: 0, forceUpdate: false
V/WindowManagerShell( 1069): Transition animation finished (aborted=true), notifying core (#73) android.os.BinderProxy@98ed86d@0
V/AccessibilityUserState(  756): updateShortcutTargets: type:accessibility_shortcut_target_service, current:{}, new:{}
V/AccessibilityUserState(  756): updateShortcutTargets: type:accessibility_button_targets, current:{}, new:{}
V/AccessibilityUserState(  756): updateShortcutTargets: type:accessibility_gesture_targets, current:{}, new:{}
V/AccessibilityUserState(  756): updateShortcutTargets: type:accessibility_qs_targets, current:{}, new:{}
V/AccessibilityUserState(  756): updateShortcutTargets: type:accessibility_key_gesture_targets, current:{}, new:{}
V/AccessibilityUserState(  756): updateShortcutTargets: type:accessibility_top_row_key_targets, current:{}, new:{}
V/AccessibilityUserState(  756): updateShortcutTargets: type:accessibility_quick_access_targets, current:{}, new:{}
W/MagnificationConnectionManager(  756): requestConnection duplicated request: connect=false, mConnectionState=DISCONNECTED
W/libbinder.IPCThreadState(  756): Sending oneway calls to frozen process.
W/libbinder.IPCThreadState(  756): Sending oneway calls to frozen process.
W/libbinder.IPCThreadState(  756): Sending oneway calls to frozen process.
W/libbinder.IPCThreadState(  756): Sending oneway calls to frozen process.
V/WindowManagerShell( 1069): Track 0 became idle
V/WindowManagerShell( 1069): All active transition animations finished
I/Finsky:background( 4133): [57] IQ:PSL: skipping onPackageRemoved(replacing=true) for untracked package=com.muonline.client
I/GoogleInputMethodService( 1565): GoogleInputMethodService.onStartInput():1384 onStartInput(EditorInfo{EditorInfo{packageName=com.google.android.apps.nexuslauncher, inputType=0, inputTypeString=NULL, enableLearning=false, autoCorrection=false, autoComplete=false, imeOptions=0, privateImeOptions=null, actionName=UNSPECIFIED, actionLabel=null, initialSelStart=-1, initialSelEnd=-1, initialCapsMode=0, label=null, fieldId=0, fieldName=null, extras=null, hintText=null, hintLocales=[]}}, true)
W/SessionManager( 1565): SessionManager.beginSession():53 Try to begin an already begun session [INPUT_SESSION], end it first
W/AndroidIME( 1565): LatinIMEBase.updateInputViewCoverNavigation():319 Null input view, cannot update padding!
V/ShellTaskOrganizer( 1069): Task vanished taskId=62
V/ShellTaskOrganizer( 1069): Fullscreen Task Vanished: #62
V/ShellDesktopMode( 1069): Task Vanished: #62 closed=true
V/RecentTasksController( 1069): Notify recent tasks changed
D/ShellDesktopMode( 1069): AppToWebRepository: Task 62 is vanishing. Removing task data from repository
V/AppCompat( 1069): SingleSurfaceLetterboxController: []
V/AppCompat( 1069): MultiSurfaceLetterboxController: []
V/AppCompat( 1069): LetterboxInputController: []
I/Module  ( 1565): DeviceLockedStatusModuleProvider$Module.updateDeviceLockedStatus():103 repeatCheckTimes = 1, locked = false
V/AppCompat( 1069): RoundedCornersLetterboxController: {}
W/InputDispatcher(  756): channel 'Embedded{LetterboxInputDetector of Surface(name=Task=62#580)/@0xc31d818}' ~ Consumer closed input channel or an error occurred.  events=0x9
W/WindowManager(  756): Failed looking up window session=Session{6a07afa 1069:u0a10196} callers=com.android.server.wm.WindowManagerService.removeClientToken:2272 com.android.server.wm.Session.remove:282 android.view.IWindowSession$Stub.onTransact:637 
D/ConnectivityService(  756): Switching to new default network for: uid/pid:1000/756 activeRequest: 11 callbackRequest: 11 [NetworkRequest [ TRACK_DEFAULT id=11, [ Capabilities: INTERNET&NOT_RESTRICTED&TRUSTED&NOT_VPN&NOT_VCN_MANAGED&NOT_BANDWIDTH_CONSTRAINED Uids: <{10157-10157, 10161-10161, 10169-10169, 10228-10228}> RequestorUid: 1000 RequestorPkg: android UnderlyingNetworks: Null] ], NetworkRequest [ REQUEST id=12, [ Transports: SATELLITE Capabilities: INTERNET&NOT_RESTRICTED&TRUSTED&NOT_VPN&NOT_VCN_MANAGED Uids: <{10157-10157, 10161-10161, 10169-10169, 10228-10228}> UnderlyingNetworks: Null] ]] callback flags: 0 order: 40 isUidTracked: false declaredMethods: NONE using NetworkAgentInfo{network{102}  handle{441492361229}  ni{MOBILE[NR] CONNECTED extra: epc.tmobile.com} created=2026-05-04T15:00:36.144Z Score(Policies : TRANSPORT_PRIMARY&EVER_EVALUATED&EVER_VALIDATED&IS_VALIDATED ; KeepConnected : 0)  created 56085 firstValidated 56750 lastValidated 56750  lp{{InterfaceName: eth0 LinkAddresses: [ 10.0.2.15/24 ] DnsAddresses: [ /10.0.2.3 ] UsePrivateDns: true ValidatedPrivateDnsAddresses: [10.0.2.3] Domains: null MTU: 1500 TcpBufferSizes: 2097152,6291456,16777216,512000,2097152,8388608 Routes: [ 0.0.0.0/0 -> 10.0.2.2 eth0 mtu 1500,10.0.2.0/24 -> 0.0.0.0 eth0 mtu 0 ]}}  nc{[ Transports: CELLULAR Capabilities: MMS&SUPL&DUN&FOTA&IMS&CBS&INTERNET&NOT_RESTRICTED&TRUSTED&NOT_VPN&VALIDATED&NOT_ROAMING&NOT_CONGESTED&NOT_SUSPENDED&NOT_VCN_MANAGED&MMTEL&NOT_BANDWIDTH_CONSTRAINED LinkUpBandwidth>=60000Kbps LinkDnBandwidth>=145000Kbps Specifier: <TelephonyNetworkSpecifier [mSubId = 1]> SubscriptionIds: {1} UnderlyingNetworks: Null]}  factorySerialNumber=5}
E/InputDispatcher(  756): channel 'Embedded{LetterboxInputDetector of Surface(name=Task=62#580)/@0xc31d818}' ~ Channel is unrecoverably broken and will be disposed!
I/Choreographer( 1565): Skipped 61 frames!  The application may be doing too much work on its main thread.
V/WindowManager(  756): Finish Transition (#73): created at 05-05 00:24:49.603 collect-started=0.146ms started=0.178ms ready=0.344ms sent=1.016ms finished=1159.714ms
I/DeviceStatusMonitor( 1565): DeviceStatusMonitor.handleBroadcast():138 onReceive() : Action = android.net.conn.CONNECTIVITY_CHANGE
W/SP      ( 1565): File ref is being finalized but wasn't closed, file: en_us_20251103_compact_fst_zip[39]
W/SP      ( 1565): File ref is being finalized but wasn't closed, file: transformer_latin_tflite_20251103_zip[39]
W/SP      ( 1565): File ref is being finalized but wasn't closed, file: transformer_latin_seg_tflite_20251103_zip[39]
W/SP      ( 1565): File ref is being finalized but wasn't closed, file: transformer_latin_conf_tflite_20251103_zip[39]
W/SP      ( 1565): File ref is being finalized but wasn't closed, file: qrnn_en-US_reco_20251103_fst_20251103_recospec_zip[39]
W/SP      ( 1565): File ref is being finalized but wasn't closed, file: scribe_latin_20250829tfreco_tflite_zip[39]
W/SP      ( 1565): File ref is being finalized but wasn't closed, file: scribe_latin_20250829tfreco_recospec_zip[39]
W/SP      ( 1565): File ref is being finalized but wasn't closed, file: transformer_latin_conf_tflite_20251103_zip[39]
W/SP      ( 1565): File ref is being finalized but wasn't closed, file: transformer_latin_tflite_20251103_zip[39]
W/SP      ( 1565): File ref is being finalized but wasn't closed, file: scribe_latin_20250829tfreco_recospec_zip[39]
W/SP      ( 1565): File ref is being finalized but wasn't closed, file: qrnn_en-US_reco_20251103_fst_20251103_recospec_zip[39]
W/SP      ( 1565): File ref is being finalized but wasn't closed, file: transformer_latin_seg_tflite_20251103_zip[39]
W/SP      ( 1565): File ref is being finalized but wasn't closed, file: pack_mapping_v1_lstm_20260206[30]
W/SP      ( 1565): File ref is being finalized but wasn't closed, file: en_us_20251103_compact_fst_zip[39]
W/SP      ( 1565): File ref is being finalized but wasn't closed, file: scribe_latin_20250829tfreco_tflite_zip[39]
W/SP      ( 1565): File ref is being finalized but wasn't closed, file: transformer_latin_conf_tflite_20251103_zip[39]
W/SP      ( 1565): File ref is being finalized but wasn't closed, file: transformer_latin_tflite_20251103_zip[39]
W/SP      ( 1565): File ref is being finalized but wasn't closed, file: scribe_latin_20250829tfreco_recospec_zip[39]
W/SP      ( 1565): File ref is being finalized but wasn't closed, file: qrnn_en-US_reco_20251103_fst_20251103_recospec_zip[39]
W/SP      ( 1565): File ref is being finalized but wasn't closed, file: transformer_latin_seg_tflite_20251103_zip[39]
W/SP      ( 1565): File ref is being finalized but wasn't closed, file: pack_mapping_v1_lstm_20260206[30]
W/SP      ( 1565): File ref is being finalized but wasn't closed, file: en_us_20251103_compact_fst_zip[39]
W/SP      ( 1565): File ref is being finalized but wasn't closed, file: scribe_latin_20250829tfreco_tflite_zip[39]
W/SP      ( 1565): File ref is being finalized but wasn't closed, file: transformer_latin_conf_tflite_20251103_zip[39]
W/SP      ( 1565): File ref is being finalized but wasn't closed, file: transformer_latin_tflite_20251103_zip[39]
W/SP      ( 1565): File ref is being finalized but wasn't closed, file: scribe_latin_20250829tfreco_recospec_zip[39]
W/SP      ( 1565): File ref is being finalized but wasn't closed, file: qrnn_en-US_reco_20251103_fst_20251103_recospec_zip[39]
W/SP      ( 1565): File ref is being finalized but wasn't closed, file: transformer_latin_seg_tflite_20251103_zip[39]
W/SP      ( 1565): File ref is being finalized but wasn't closed, file: pack_mapping_v1_lstm_20260206[30]
W/SP      ( 1565): File ref is being finalized but wasn't closed, file: en_us_20251103_compact_fst_zip[39]
W/SP      ( 1565): File ref is being finalized but wasn't closed, file: scribe_latin_20250829tfreco_tflite_zip[39]
W/SP      ( 1565): File ref is being finalized but wasn't closed, file: transformer_latin_conf_tflite_20251103_zip[39]
W/SP      ( 1565): File ref is being finalized but wasn't closed, file: transformer_latin_tflite_20251103_zip[39]
W/SP      ( 1565): File ref is being finalized but wasn't closed, file: scribe_latin_20250829tfreco_recospec_zip[39]
W/SP      ( 1565): File ref is being finalized but wasn't closed, file: qrnn_en-US_reco_20251103_fst_20251103_recospec_zip[39]
W/SP      ( 1565): File ref is being finalized but wasn't closed, file: transformer_latin_seg_tflite_20251103_zip[39]
W/SP      ( 1565): File ref is being finalized but wasn't closed, file: pack_mapping_v1_lstm_20260206[30]
W/SP      ( 1565): File ref is being finalized but wasn't closed, file: en_us_20251103_compact_fst_zip[39]
W/SP      ( 1565): File ref is being finalized but wasn't closed, file: scribe_latin_20250829tfreco_tflite_zip[39]
W/SP      ( 1565): File ref is being finalized but wasn't closed, file: en_us_20251103_compact_fst_zip[39]
W/SP      ( 1565): File ref is being finalized but wasn't closed, file: transformer_latin_tflite_20251103_zip[39]
W/SP      ( 1565): File ref is being finalized but wasn't closed, file: transformer_latin_seg_tflite_20251103_zip[39]
W/SP      ( 1565): File ref is being finalized but wasn't closed, file: transformer_latin_conf_tflite_20251103_zip[39]
W/SP      ( 1565): File ref is being finalized but wasn't closed, file: qrnn_en-US_reco_20251103_fst_20251103_recospec_zip[39]
W/SP      ( 1565): File ref is being finalized but wasn't closed, file: scribe_latin_20250829tfreco_tflite_zip[39]
W/SP      ( 1565): File ref is being finalized but wasn't closed, file: scribe_latin_20250829tfreco_recospec_zip[39]
W/SP      ( 1565): File ref is being finalized but wasn't closed, file: transformer_latin_conf_tflite_20251103_zip[39]
W/SP      ( 1565): File ref is being finalized but wasn't closed, file: transformer_latin_tflite_20251103_zip[39]
W/SP      ( 1565): File ref is being finalized but wasn't closed, file: scribe_latin_20250829tfreco_recospec_zip[39]
W/SP      ( 1565): File ref is being finalized but wasn't closed, file: qrnn_en-US_reco_20251103_fst_20251103_recospec_zip[39]
W/SP      ( 1565): File ref is being finalized but wasn't closed, file: transformer_latin_seg_tflite_20251103_zip[39]
W/SP      ( 1565): File ref is being finalized but wasn't closed, file: pack_mapping_v1_lstm_20260206[30]
W/SP      ( 1565): File ref is being finalized but wasn't closed, file: en_us_20251103_compact_fst_zip[39]
W/SP      ( 1565): File ref is being finalized but wasn't closed, file: scribe_latin_20250829tfreco_tflite_zip[39]
W/SP      ( 1565): File ref is being finalized but wasn't closed, file: transformer_latin_conf_tflite_20251103_zip[39]
W/SP      ( 1565): File ref is being finalized but wasn't closed, file: transformer_latin_tflite_20251103_zip[39]
W/SP      ( 1565): File ref is being finalized but wasn't closed, file: scribe_latin_20250829tfreco_recospec_zip[39]
W/SP      ( 1565): File ref is being finalized but wasn't closed, file: qrnn_en-US_reco_20251103_fst_20251103_recospec_zip[39]
W/SP      ( 1565): File ref is being finalized but wasn't closed, file: transformer_latin_seg_tflite_20251103_zip[39]
W/SP      ( 1565): File ref is being finalized but wasn't closed, file: pack_mapping_v1_lstm_20260206[30]
W/SP      ( 1565): File ref is being finalized but wasn't closed, file: en_us_20251103_compact_fst_zip[39]
W/SP      ( 1565): File ref is being finalized but wasn't closed, file: scribe_latin_20250829tfreco_tflite_zip[39]
W/system_server(  756): Suspending all threads took: 45.615ms
W/SP      ( 1565): File ref is being finalized but wasn't closed, file: transformer_latin_conf_tflite_20251103_zip[39]
W/SP      ( 1565): File ref is being finalized but wasn't closed, file: transformer_latin_tflite_20251103_zip[39]
W/SP      ( 1565): File ref is being finalized but wasn't closed, file: scribe_latin_20250829tfreco_recospec_zip[39]
W/SP      ( 1565): File ref is being finalized but wasn't closed, file: qrnn_en-US_reco_20251103_fst_20251103_recospec_zip[39]
W/SP      ( 1565): File ref is being finalized but wasn't closed, file: transformer_latin_seg_tflite_20251103_zip[39]
W/SP      ( 1565): File ref is being finalized but wasn't closed, file: pack_mapping_v1_lstm_20260206[30]
W/SP      ( 1565): File ref is being finalized but wasn't closed, file: en_us_20251103_compact_fst_zip[39]
W/SP      ( 1565): File ref is being finalized but wasn't closed, file: scribe_latin_20250829tfreco_tflite_zip[39]
W/SP      ( 1565): File ref is being finalized but wasn't closed, file: transformer_latin_conf_tflite_20251103_zip[39]
W/SP      ( 1565): File ref is being finalized but wasn't closed, file: transformer_latin_tflite_20251103_zip[39]
W/SP      ( 1565): File ref is being finalized but wasn't closed, file: scribe_latin_20250829tfreco_recospec_zip[39]
W/SP      ( 1565): File ref is being finalized but wasn't closed, file: qrnn_en-US_reco_20251103_fst_20251103_recospec_zip[39]
W/SP      ( 1565): File ref is being finalized but wasn't closed, file: transformer_latin_seg_tflite_20251103_zip[39]
W/SP      ( 1565): File ref is being finalized but wasn't closed, file: pack_mapping_v1_lstm_20260206[30]
W/SP      ( 1565): File ref is being finalized but wasn't closed, file: en_us_20251103_compact_fst_zip[39]
W/SP      ( 1565): File ref is being finalized but wasn't closed, file: scribe_latin_20250829tfreco_tflite_zip[39]
I/Choreographer( 1069): Skipped 99 frames!  The application may be doing too much work on its main thread.
D/NetworkStatsObservers(  756): Registering observer for RequestInfo from pid/uid:756/1000(android) for DataUsageRequest [ requestId=13, networkTemplate=NetworkTemplate: matchRule=MOBILE, matchSubscriberIds=[310260...], matchWifiNetworkKeys=[], metered=YES, defaultNetwork=NO, thresholdInBytes=4842052 ] accessLevel:3
D/ConnectivityService(  756): Switching to new default network for: uid/pid:1000/756 activeRequest: 13 callbackRequest: 13 [NetworkRequest [ TRACK_DEFAULT id=13, [ Capabilities: INTERNET&NOT_RESTRICTED&TRUSTED&NOT_VPN&NOT_VCN_MANAGED&NOT_BANDWIDTH_CONSTRAINED Uid: 10155 RequestorUid: 1000 RequestorPkg: android UnderlyingNetworks: Null] ], NetworkRequest [ REQUEST id=14, [ Transports: SATELLITE Capabilities: INTERNET&TRUSTED&NOT_VPN&NOT_VCN_MANAGED Uid: 10155 UnderlyingNetworks: Null] ], NetworkRequest [ REQUEST id=15, [ Transports: SATELLITE Capabilities: INTERNET&NOT_RESTRICTED&TRUSTED&NOT_VPN&NOT_VCN_MANAGED Uid: 10155 UnderlyingNetworks: Null] ]] callback flags: 0 order: 40 isUidTracked: false declaredMethods: NONE using NetworkAgentInfo{network{102}  handle{441492361229}  ni{MOBILE[NR] CONNECTED extra: epc.tmobile.com} created=2026-05-04T15:00:36.144Z Score(Policies : TRANSPORT_PRIMARY&EVER_EVALUATED&EVER_VALIDATED&IS_VALIDATED ; KeepConnected : 0)  created 56085 firstValidated 56750 lastValidated 56750  lp{{InterfaceName: eth0 LinkAddresses: [ 10.0.2.15/24 ] DnsAddresses: [ /10.0.2.3 ] UsePrivateDns: true ValidatedPrivateDnsAddresses: [10.0.2.3] Domains: null MTU: 1500 TcpBufferSizes: 2097152,6291456,16777216,512000,2097152,8388608 Routes: [ 0.0.0.0/0 -> 10.0.2.2 eth0 mtu 1500,10.0.2.0/24 -> 0.0.0.0 eth0 mtu 0 ]}}  nc{[ Transports: CELLULAR Capabilities: MMS&SUPL&DUN&FOTA&IMS&CBS&INTERNET&NOT_RESTRICTED&TRUSTED&NOT_VPN&VALIDATED&NOT_ROAMING&NOT_CONGESTED&NOT_SUSPENDED&NOT_VCN_MANAGED&MMTEL&NOT_BANDWIDTH_CONSTRAINED LinkUpBandwidth>=60000Kbps LinkDnBandwidth>=145000Kbps Specifier: <TelephonyNetworkSpecifier [mSubId = 1]> SubscriptionIds: {1} UnderlyingNetworks: Null]}  factorySerialNumber=5}
E/SystemServiceRegistry( 1175): No service published for: ethernet
E/SystemServiceRegistry( 1175): android.os.ServiceManager$ServiceNotFoundException: No service published for: ethernet
E/SystemServiceRegistry( 1175): 	at android.os.ServiceManager.getServiceOrThrow(ServiceManager.java:176)
E/SystemServiceRegistry( 1175): 	at android.app.SystemServiceRegistry$168.createService(SystemServiceRegistry.java:2638)
E/SystemServiceRegistry( 1175): 	at android.app.SystemServiceRegistry$CachedServiceFetcher.getService(SystemServiceRegistry.java:2768)
E/SystemServiceRegistry( 1175): 	at android.app.SystemServiceRegistry.getSystemService(SystemServiceRegistry.java:2285)
E/SystemServiceRegistry( 1175): 	at android.app.ContextImpl.getSystemService(ContextImpl.java:2448)
E/SystemServiceRegistry( 1175): 	at android.content.ContextWrapper.getSystemService(ContextWrapper.java:991)
E/SystemServiceRegistry( 1175): 	at com.android.networkstack.tethering.Tethering.isEthernetSupported(Tethering.java:1849)
E/SystemServiceRegistry( 1175): 	at com.android.networkstack.tethering.Tethering.makeSupportedDownstreams(Tethering.java:2830)
E/SystemServiceRegistry( 1175): 	at com.android.networkstack.tethering.Tethering.updateSupportedDownstreams(Tethering.java:2804)
E/SystemServiceRegistry( 1175): 	at com.android.networkstack.tethering.Tethering.updateConfiguration(Tethering.java:558)
E/SystemServiceRegistry( 1175): 	at com.android.networkstack.tethering.Tethering.-$$Nest$mupdateConfiguration(Tethering.java:0)
E/SystemServiceRegistry( 1175): 	at com.android.networkstack.tethering.Tethering$StateReceiver.onReceive(Tethering.java:1372)
E/SystemServiceRegistry( 1175): 	at android.app.LoadedApk$ReceiverDispatcher$Args.lambda$getRunnable$0(LoadedApk.java:2050)
E/SystemServiceRegistry( 1175): 	at android.app.LoadedApk$ReceiverDispatcher$Args.$r8$lambda$mcNAAl1SQ4MyJPyDg8TJ2x2h0Rk(LoadedApk.java:0)
E/SystemServiceRegistry( 1175): 	at android.app.LoadedApk$ReceiverDispatcher$Args$$ExternalSyntheticLambda0.run(D8$$SyntheticClass:0)
E/SystemServiceRegistry( 1175): 	at android.os.Handler.handleCallback(Handler.java:1095)
E/SystemServiceRegistry( 1175): 	at android.os.Handler.dispatchMessageImpl(Handler.java:135)
E/SystemServiceRegistry( 1175): 	at android.os.Handler.dispatchMessage(Handler.java:125)
E/SystemServiceRegistry( 1175): 	at android.os.Looper.loopOnce(Looper.java:292)
E/SystemServiceRegistry( 1175): 	at android.os.Looper.loop(Looper.java:393)
E/SystemServiceRegistry( 1175): 	at android.os.HandlerThread.run(HandlerThread.java:139)
W/PackageConfigPersister(  756): App-specific configuration not found for packageName: com.google.android.apps.nexuslauncher and userId: 0
W/WakeLock( 1414): GCM_CONN_ALARM release without a matched acquire! [CONTEXT service_id=259 ]
W/WakeLock( 1414): GCM_CONN_ALARM counter does not exist
D/NetworkTimeUpdateService(  756): New default network 102; checking time.
I/NearbyMediums( 1414): WifiNetwork defaultNetworkCallback onAvailable netId:102
D/NetworkStatsObservers(  756): Unregistering RequestInfo from pid/uid:756/1000(android) for DataUsageRequest [ requestId=12, networkTemplate=NetworkTemplate: matchRule=MOBILE, matchSubscriberIds=[310260...], matchWifiNetworkKeys=[], metered=YES, defaultNetwork=NO, thresholdInBytes=4869268 ] accessLevel:3
I/DeviceStatusMonitor( 1565): DeviceStatusMonitor.notifyIfNetworkChanged():200 notifyIfNetworkChanged: newState = METERED, airplaneModeOn = false, notifyAnyway = false
I/NetworkInfoNotification( 1565): NetworkInfoNotification$Listener.onReceive():107 onNetworkAvailable: networkState = METERED, isAirplaneModeOn = false
E/NotificationCenter( 1565): NotificationCenter.registerListenerInternal():378 Listener mub@61fcfc4 is already registered for notification class mts
W/System  ( 1239): A resource failed to call release. 
W/System  ( 1239): A resource failed to call release. 
W/System  ( 1239): A resource failed to call release. 
W/System  ( 1239): A resource failed to call HardwareBuffer.close. 
W/ding:background( 4133): Suspending all threads took: 135.830ms
I/NetworkInfoNotification( 1565): NetworkInfoNotification$Listener.onReceive():107 onNetworkAvailable: networkState = METERED, isAirplaneModeOn = false
I/NetworkInfoNotification( 1565): NetworkInfoNotification$Listener.onReceive():107 onNetworkAvailable: networkState = METERED, isAirplaneModeOn = false
I/HandwritingOnlineSuperpacks( 1565): HandwritingOnlineSuperpacks$1.onNetworkAvailable():70 onNetworkAvailable
I/HandwritingSuperpacks( 1565): HandwritingSuperpacks.register():265 register(): version '94', url 'https://dl.google.com/handwriting/models/handwriting_release.superpack_manifest.20260206.json' [ONLINE]
I/Finsky:background( 4133): [2] ajje - Received: android.intent.action.PACKAGE_ADDED, [n076RJLEETmEZ61FBJHrGFwh-0szukPG_iaeB-mhrwQ]
D/UpstreamNetworkMonitor( 1175): New default Internet network: 102
I/Choreographer(  756): Skipped 36 frames!  The application may be doing too much work on its main thread.
I/Finsky:background( 4133): [60] DS: Network is available [NetworkState{connected=true, wifi=false, metered=true, roaming=false}].
I/Finsky:background( 4133): [60] DS: Updating downloads for network change
I/Finsky:background( 4133): [149] DS: downloadState filtering results: {}
D/ConnectivityService(  756): Sending CONNECTED broadcast for type 0 [102 CELLULAR] isDefaultNetwork=true
W/ContextImpl(  756): Calling a method in the system process without a qualified user: android.app.ContextImpl.sendStickyBroadcast:1773 android.net.connectivity.com.android.server.ConnectivityService.sendStickyBroadcast:4495 android.net.connectivity.com.android.server.ConnectivityService.sendGeneralBroadcast:4465 android.net.connectivity.com.android.server.ConnectivityService.sendConnectedBroadcast:4438 android.net.connectivity.com.android.server.ConnectivityService.sendLegacyNetworkBroadcast:13630 
W/AmbientCueRepository( 1239): spoonBarOptedIn not found, default to enabled
W/AmbientCueRepository( 1239): android.provider.Settings$SettingNotFoundException: spoonBarOptedIn
W/AmbientCueRepository( 1239): 	at android.provider.Settings.parseIntSetting(Settings.java:4348)
W/AmbientCueRepository( 1239): 	at android.provider.Settings.-$$Nest$smparseIntSetting(Settings.java:0)
W/AmbientCueRepository( 1239): 	at android.provider.Settings$Secure.getIntForUser(Settings.java:7792)
W/AmbientCueRepository( 1239): 	at android.provider.Settings$Secure.getInt(Settings.java:7784)
W/AmbientCueRepository( 1239): 	at com.android.quickstep.cuebar.data.repository.AmbientCueRepositoryImpl.isAmbientCueSettingEnabled(go/retraceme 7226a759aa2bb3787a79806f85d80eaad84f1f1e15acd6db988f2df789d1680d:9)
W/AmbientCueRepository( 1239): 	at com.android.quickstep.cuebar.data.repository.AmbientCueRepositoryImpl.<init>(go/retraceme 7226a759aa2bb3787a79806f85d80eaad84f1f1e15acd6db988f2df789d1680d:144)
W/AmbientCueRepository( 1239): 	at com.android.launcher3.taskbar.CueBarController.<init>(go/retraceme 7226a759aa2bb3787a79806f85d80eaad84f1f1e15acd6db988f2df789d1680d:31)
W/AmbientCueRepository( 1239): 	at com.android.launcher3.taskbar.TaskbarActivityContext.<init>(go/retraceme 7226a759aa2bb3787a79806f85d80eaad84f1f1e15acd6db988f2df789d1680d:3648)
W/AmbientCueRepository( 1239): 	at com.android.launcher3.taskbar.TaskbarManagerImpl.createTaskbarActivityContext(go/retraceme 7226a759aa2bb3787a79806f85d80eaad84f1f1e15acd6db988f2df789d1680d:59)
W/AmbientCueRepository( 1239): 	at com.android.launcher3.taskbar.TaskbarManagerImpl.recreateTaskbarForDisplay(go/retraceme 7226a759aa2bb3787a79806f85d80eaad84f1f1e15acd6db988f2df789d1680d:248)
W/AmbientCueRepository( 1239): 	at com.android.launcher3.taskbar.TaskbarManagerImpl$$ExternalSyntheticLambda29.accept(go/retraceme 7226a759aa2bb3787a79806f85d80eaad84f1f1e15acd6db988f2df789d1680d:76)
W/AmbientCueRepository( 1239): 	at com.android.launcher3.taskbar.PerDisplayTaskbarResource$setDisplayChangeListener$1.accept(go/retraceme 7226a759aa2bb3787a79806f85d80eaad84f1f1e15acd6db988f2df789d1680d:74)
W/AmbientCueRepository( 1239): 	at com.android.launcher3.util.ListenableDiffAwareRef$$ExternalSyntheticLambda0.invoke(go/retraceme 7226a759aa2bb3787a79806f85d80eaad84f1f1e15acd6db988f2df789d1680d:8)
W/AmbientCueRepository( 1239): 	at com.android.launcher3.util.MutableListenableStream$dispatchValue$1$1.run(go/retraceme 7226a759aa2bb3787a79806f85d80eaad84f1f1e15acd6db988f2df789d1680d:20)
W/AmbientCueRepository( 1239): 	at com.android.launcher3.util.LooperExecutor.execute(go/retraceme 7226a759aa2bb3787a79806f85d80eaad84f1f1e15acd6db988f2df789d1680d:16)
W/AmbientCueRepository( 1239): 	at com.android.launcher3.util.MutableListenableStream.dispatchValue(go/retraceme 7226a759aa2bb3787a79806f85d80eaad84f1f1e15acd6db988f2df789d1680d:52)
W/AmbientCueRepository( 1239): 	at com.android.launcher3.display.DisplayInfoContainer.notifyConfigChange(go/retraceme 7226a759aa2bb3787a79806f85d80eaad84f1f1e15acd6db988f2df789d1680d:168)
W/AmbientCueRepository( 1239): 	at com.android.launcher3.display.DisplayInfoContainer.onConfigurationChanged(go/retraceme 7226a759aa2bb3787a79806f85d80eaad84f1f1e15acd6db988f2df789d1680d:90)
W/AmbientCueRepository( 1239): 	at android.content.ComponentCallbacksController.lambda$dispatchConfigurationChanged$0(ComponentCallbacksController.java:92)
W/AmbientCueRepository( 1239): 	at android.content.ComponentCallbacksController$$ExternalSyntheticLambda2.accept(D8$$SyntheticClass:0)
W/AmbientCueRepository( 1239): 	at android.content.ComponentCallbacksController.forAllComponentCallbacks(ComponentCallbacksController.java:125)
W/AmbientCueRepository( 1239): 	at android.content.ComponentCallbacksController.dispatchConfigurationChanged(ComponentCallbacksController.java:92)
W/AmbientCueRepository( 1239): 	at android.window.WindowContext.dispatchConfigurationChanged(WindowContext.java:281)
W/AmbientCueRepository( 1239): 	at android.window.WindowTokenClient.onConfigurationChangedInner(WindowTokenClient.java:212)
W/AmbientCueRepository( 1239): 	at android.window.WindowTokenClient.onConfigurationChanged(WindowTokenClient.java:158)
W/AmbientCueRepository( 1239): 	at android.window.WindowTokenClient.onConfigurationChanged(WindowTokenClient.java:114)
W/AmbientCueRepository( 1239): 	at android.window.WindowTokenClientController.onWindowContextInfoChanged(WindowTokenClientController.java:249)
W/AmbientCueRepository( 1239): 	at android.app.ActivityThread.handleWindowContextInfoChanged(ActivityThread.java:7289)
W/AmbientCueRepository( 1239): 	at android.app.servertransaction.WindowContextInfoChangeItem.execute(WindowContextInfoChangeItem.java:53)
W/AmbientCueRepository( 1239): 	at android.app.servertransaction.TransactionExecutor.executeNonLifecycleItem(TransactionExecutor.java:133)
W/AmbientCueRepository( 1239): 	at android.app.servertransaction.TransactionExecutor.executeTransactionItems(TransactionExecutor.java:103)
W/AmbientCueRepository( 1239): 	at android.app.servertransaction.TransactionExecutor.execute(TransactionExecutor.java:80)
W/AmbientCueRepository( 1239): 	at android.app.ActivityThread$H.handleMessage(ActivityThread.java:3024)
W/AmbientCueRepository( 1239): 	at android.os.Handler.dispatchMessageImpl(Handler.java:142)
W/AmbientCueRepository( 1239): 	at android.os.Handler.dispatchMessage(Handler.java:125)
W/AmbientCueRepository( 1239): 	at android.os.Looper.loopOnce(Looper.java:292)
W/AmbientCueRepository( 1239): 	at android.os.Looper.loop(Looper.java:393)
W/AmbientCueRepository( 1239): 	at android.app.ActivityThread.main(ActivityThread.java:9486)
W/AmbientCueRepository( 1239): 	at java.lang.reflect.Method.invoke(Native Method)
W/AmbientCueRepository( 1239): 	at com.android.internal.os.RuntimeInit$MethodAndArgsCaller.run(RuntimeInit.java:575)
W/AmbientCueRepository( 1239): 	at com.android.internal.os.ZygoteInit.main(ZygoteInit.java:939)
D/LauncherAmbientCueVM( 1239): onUnfilteredActionsChange: []
I/Finsky:background( 4133): [50] IQ: start evaluating install requests.
I/Finsky:background( 4133): [50] IQ: no jobs active. Skipping
I/Finsky  ( 4047): [2] SCH: Received scheduling request: Id: 12-1, Constraints: [{ L: 15000, D: 86400000, C: CHARGING_NONE, I: IDLE_NONE, N: NET_ANY, B: BATTERY_ANY }]
I/Finsky:background( 4133): [50] IQ: 0 scheduled install statuses found to proceed. 
I/WindowManager(  756): Blast sync timeout: Window{bf2e8e8 u0 ScreenDecorOverlayBottom}
W/Looper  (  756): Slow dispatch took 921ms main app=system_server main=true group=FOREGROUND h=android.app.ActivityThread$H c=null m=114
I/WindowManager(  756): finishDrawing of orientation change: Window{bf2e8e8 u0 ScreenDecorOverlayBottom} 2665ms
I/WindowManager(  756): Blast sync timeout: Window{a349ef7 u0 ScreenDecorOverlay}
I/WindowManager(  756): finishDrawing of orientation change: Window{a349ef7 u0 ScreenDecorOverlay} 2667ms
I/AsyncRotation(  756): Async rotation timeout: unfinished windows {WindowToken{97c7c13 type=2019 android.os.BinderProxy@d22c2a9}=Operation{a=2 pending=false}, WindowToken{9880bd8 type=2000 android.os.BinderProxy@e885b4a}=Operation{a=2 pending=false}}
D/AmbientCueRepository( 1239): connectToAce: connecting TO ACE and registering
D/AllAppsStore( 1239): setApps: apps.length=21
D/AllAppsStore( 1239): notifyUpdate: notifying listeners
D/AlphabeticIndexCompat( 1239): computeSectionName: cs: Settings sectionName: S
D/AlphabeticIndexCompat( 1239): computeSectionName: cs: Photos sectionName: P
D/AlphabeticIndexCompat( 1239): computeSectionName: cs: Battery sectionName: B
D/AlphabeticIndexCompat( 1239): computeSectionName: cs: Chrome sectionName: C
D/AlphabeticIndexCompat( 1239): computeSectionName: cs: Gmail sectionName: G
D/AlphabeticIndexCompat( 1239): computeSectionName: cs: Drive sectionName: D
D/AlphabeticIndexCompat( 1239): computeSectionName: cs: Clock sectionName: C
D/AlphabeticIndexCompat( 1239): computeSectionName: cs: Contacts sectionName: C
D/AlphabeticIndexCompat( 1239): computeSectionName: cs: Calendar sectionName: C
D/AlphabeticIndexCompat( 1239): computeSectionName: cs: Maps sectionName: M
D/AlphabeticIndexCompat( 1239): computeSectionName: cs: YouTube Music sectionName: Y
D/AlphabeticIndexCompat( 1239): computeSectionName: cs: YouTube sectionName: Y
D/AlphabeticIndexCompat( 1239): computeSectionName: cs: Google sectionName: G
D/AlphabeticIndexCompat( 1239): computeSectionName: cs: Android System Intelligence sectionName: A
D/AlphabeticIndexCompat( 1239): computeSectionName: cs: Digital Wellbeing sectionName: D
D/AlphabeticIndexCompat( 1239): computeSectionName: cs: Conversations sectionName: C
W/libbinder.Binder(  756): Binder transaction to android.app.IActivityManager, function: UNKNOWN_FUNCTION_NAME, code: 22, took 1102ms. Data bytes: 820 Reply bytes: 8 Flags: 18
W/libbinder.Binder(  756): Binder transaction to android.app.IActivityManager, function: UNKNOWN_FUNCTION_NAME, code: 22, took 1028ms. Data bytes: 524 Reply bytes: 8 Flags: 18
D/TaskbarManager( 1239): createTaskbarUIControllerForRecentsViewContainer displayId=0 mPrimaryDisplayId=0
D/PerDisplayTaskbarResource( 1239): recreateTaskbarForDisplay: adding rootView displayId=0
D/PerDisplayTaskbarResource( 1239): recreateTaskbarForDisplay: adding root layout displayId=0
D/TFOManager( 1239): No activity in overlay, closing
I/Choreographer( 1239): Skipped 151 frames!  The application may be doing too much work on its main thread.
W/WindowManager(  756): Deferred transition id=72 has been continued before the TaskFragmentTransaction=android.os.Binder@54929d3 is finished
W/Transition(  756): #%d: Condition met too late, already in state=4: {task-fragment transaction:TaskFragmentTransaction{token=android.os.Binder@54929d3 changes=[Change{ type=4 },Change{ type=2 }]}}
D/BubbleBarView( 1239): BubbleBar RTL properties changed, new layoutDirection=0 previous layoutDirection=-1
D/ConnectivityService(  756): NetReassign [180 : null → 102, 185 : null → 102, 36 : null → 102, 33 : null → 102, 190 : null → 102, 56 : null → 102, 69 : null → 102, 7 : null → 102, 21 : null → 102, 159 : null → 102, 54 : null → 102, 23 : null → 102, 102 : null → 102, 13 : null → 102, 212 : null → 102, 62 : null → 102, 31 : null → 102, 104 : null → 102, 194 : null → 102, 125 : null → 102, 182 : null → 102, 11 : null → 102, 37 : null → 102, 81 : null → 102, 40 : null → 102, 45 : null → 102, 73 : null → 102, 49 : null → 102, 42 : null → 102, 138 : null → 102, 85 : null → 102, 29 : null → 102, 98 : null → 102, 35 : null → 102, 121 : null → 102, 156 : null → 102, 1 : null → 102, 225 : null → 102, 214 : null → 102, 136 : null → 102, 187 : null → 102, 118 : null → 102, 174 : null → 102, 168 : null → 102, 27 : null → 102, 67 : null → 102, 106 : null → 102, 170 : null → 102, 52 : null → 102, 25 : null → 102, 39 : null → 102, 76 : null → 102] [c 0] [a 2577] [i 1]
W/Looper  (  756): Slow dispatch took 152ms main app=system_server main=true group=FOREGROUND h=android.app.ActivityThread$H c=null m=121
I/system_server(  756): Background young concurrent mark compact GC freed 25MB AllocSpace bytes, 14(512KB) LOS objects, 34% free, 38MB/58MB, paused 61.278ms,625.824ms total 4.016s
W/libbinder.IPCThreadState(  756): Sending oneway calls to frozen process.
W/libbinder.IPCThreadState(  756): Sending oneway calls to frozen process.
W/libbinder.IPCThreadState(  756): Sending oneway calls to frozen process.
W/libbinder.IPCThreadState(  756): Sending oneway calls to frozen process.
W/libbinder.IPCThreadState(  756): Sending oneway calls to frozen process.
W/libbinder.IPCThreadState(  756): Sending oneway calls to frozen process.
W/libbinder.IPCThreadState(  756): Sending oneway calls to frozen process.
W/libbinder.IPCThreadState(  756): Sending oneway calls to frozen process.
W/Looper  (  756): Drained
D/TelephonyManager( 1232): requestModemActivityInfo: Sending result to app: ModemActivityInfo{ mTimestamp=8711741 mSleepTimeMs=1008 mIdleTimeMs=336 mActivityStatsTechSpecificInfo=[{mRat=UNKNOWN,mFrequencyRange=UNKNOWN,mTxTimeMs[]=[24, 72, 144, 192, 216],mRxTimeMs=216}]}
D/IntervalStats(  756): Unable to parse usage stats packages: [240]
D/IntervalStats(  756): Unable to parse usage stats packages: [240, 260, 261, 262]
D/IntervalStats(  756): Unable to parse usage stats packages: [262, 263]
W/libbinder.Binder(  583): Binder transaction to android.hardware.graphics.allocator.IAllocator, function: allocate2, code: 2, took 1351ms. Data bytes: 292 Reply bytes: 168 Flags: 16
D/IntervalStats(  756): Unable to parse usage stats packages: [264, 265]
D/IntervalStats(  756): Unable to parse usage stats packages: [265, 266]
W/libbinder.Binder(  530): Binder transaction to android.hardware.graphics.composer3.IComposerClient, function: executeCommands, code: 5, took 1502ms. Data bytes: 196 Reply bytes: 288 Flags: 16
E/BpTransactionCompletedListener(  567): Failed to transact (-32)
D/InetDiagMessage(  756): Destroyed 0 sockets, proto=IPPROTO_TCP, family=AF_INET, states=14
D/InetDiagMessage(  756): Destroyed 0 sockets, proto=IPPROTO_TCP, family=AF_INET6, states=14
D/InetDiagMessage(  756): Destroyed live tcp sockets for local address /10.0.2.16, netIdRanges[[100, 64511]], uidRanges:null in 1ms
D/InetDiagMessage(  756): Destroyed 0 sockets, proto=IPPROTO_TCP, family=AF_INET, states=14
I/Choreographer( 1069): Skipped 120 frames!  The application may be doing too much work on its main thread.
D/InetDiagMessage(  756): Destroyed 0 sockets, proto=IPPROTO_TCP, family=AF_INET6, states=14
D/InetDiagMessage(  756): Destroyed live tcp sockets for local address /fec0::471b:f2fa:5b1b:cedc, netIdRanges[[100, 64511]], uidRanges:null in 157ms
D/InetDiagMessage(  756): Destroyed 0 sockets, proto=IPPROTO_TCP, family=AF_INET, states=14
D/InetDiagMessage(  756): Destroyed 0 sockets, proto=IPPROTO_TCP, family=AF_INET6, states=14
D/InetDiagMessage(  756): Destroyed live tcp sockets for local address /fec0::bf51:6190:b700:3e96, netIdRanges[[100, 64511]], uidRanges:null in 1ms
W/resolv  (  509): resolv_stats_set_addrs: Network 104 not found for PROTO_DOT
W/resolv  (  509): resolv_stats_set_addrs: Network 104 not found for PROTO_DOH
W/ding:background( 4133): Suspending all threads took: 510.099ms
W/Looper  (  756): Slow dispatch took 710ms main app=system_server main=true group=FOREGROUND h=android.app.job.JobServiceEngine$JobHandler c=null m=2
W/Looper  (  756): Slow delivery took 709ms main app=system_server main=true group=FOREGROUND h=com.android.server.power.Notifier$NotifierHandler c=com.android.server.power.Notifier$$ExternalSyntheticLambda2@d49d38c m=0
W/id.ext.services( 1245): Reducing the number of considered missed Gc histogram windows from 323 to 100
W/Looper  (  756): Drained
I/DeviceStatusMonitor( 1565): DeviceStatusMonitor.handleBroadcast():138 onReceive() : Action = android.net.conn.CONNECTIVITY_CHANGE
D/InetDiagMessage(  756): Destroyed 0 sockets, proto=IPPROTO_TCP, family=AF_INET, states=14
I/DeviceStatusMonitor( 1565): DeviceStatusMonitor.notifyIfNetworkChanged():200 notifyIfNetworkChanged: newState = METERED, airplaneModeOn = false, notifyAnyway = false
D/InetDiagMessage(  756): Destroyed 0 sockets, proto=IPPROTO_TCP, family=AF_INET6, states=14
D/InetDiagMessage(  756): Destroyed live tcp sockets for local address /10.0.2.16, netIdRanges[[0, 99]], uidRanges:null in 50ms
D/InetDiagMessage(  756): Destroyed 0 sockets, proto=IPPROTO_TCP, family=AF_INET, states=14
D/InetDiagMessage(  756): Destroyed 0 sockets, proto=IPPROTO_TCP, family=AF_INET6, states=14
D/InetDiagMessage(  756): Destroyed live tcp sockets for local address /fec0::bf51:6190:b700:3e96, netIdRanges[[0, 99]], uidRanges:null in 1ms
D/InetDiagMessage(  756): Destroyed 0 sockets, proto=IPPROTO_TCP, family=AF_INET, states=14
D/InetDiagMessage(  756): Destroyed 0 sockets, proto=IPPROTO_TCP, family=AF_INET6, states=14
D/InetDiagMessage(  756): Destroyed live tcp sockets for local address /fec0::471b:f2fa:5b1b:cedc, netIdRanges[[0, 99]], uidRanges:null in 1ms
