I/artd    ( 2118): GetBestInfo: /data/user_de/0/com.google.android.gms/app_chimera/m/0000001f/dl-IdentityCredentialsPlacebo.optional_261533100800.apk has no usable artifacts
I/artd    ( 2118): GetBestInfo: vdex next to the dex file (/data/user/0/com.google.android.gms/app_dg_cache/B3ED91DEC21F0EB5284BE10D982ABEAAC45F5C48/oat/x86_64/the.vdex) is kOatUpToDate with filter 'verify' executable 'false'
I/artd    ( 2118): GetBestInfo: /data/user_de/0/com.google.android.gms/app_chimera/m/00000015/dl-VisionOcr.optional_261533100000.apk has no usable artifacts
I/artd    ( 2118): GetBestInfo: /data/user_de/0/com.google.android.gms/app_chimera/m/0000000c/dl-Appsearch.optional_260235100800.apk has no usable artifacts
I/artd    ( 2118): GetBestInfo: vdex next to the dex file (/data/user/0/com.google.android.gms/app_dg_cache/3C99312020F0F0D70782F583B896FDDF9030AAF4/oat/x86_64/the.vdex) is kOatUpToDate with filter 'verify' executable 'false'
I/artd    ( 2118): GetBestInfo: /data/user_de/0/com.google.android.gms/app_chimera/m/00000008/dl-MlkitOcrCommon.optional_260235100800.apk has no usable artifacts
I/artd    ( 2118): GetBestInfo: /data/user_de/0/com.google.android.gms/app_chimera/m/00000007/MeasurementDynamite.apk has no usable artifacts
D/ActivityThread( 1239): Package [com.muonline.client] reported as REPLACED, but missing application info. Assuming REMOVED.
I/Choreographer( 1239): Skipped 414 frames!  The application may be doing too much work on its main thread.
I/InputDispatcher(  756): 5c94328 com.google.android.apps.nexuslauncher/com.google.android.apps.nexuslauncher.NexusLauncherActivity spent 2061ms processing FocusEvent(hasFocus=true)
D/RecentTasksList( 1239): invalidateLoadedTasks - previous requestLoadId: -1
D/LauncherStateManager( 1239): StateManager.createAtomicAnimation: fromState: Normal, toState: Normal, partial trace:
D/LauncherStateManager( 1239): 	at com.android.quickstep.util.ScalingWorkspaceRevealAnim.<init>(go/retraceme 7226a759aa2bb3787a79806f85d80eaad84f1f1e15acd6db988f2df789d1680d:60)
D/LauncherStateManager( 1239): 	at com.android.launcher3.QuickstepTransitionManager.createWallpaperOpenAnimations(go/retraceme 7226a759aa2bb3787a79806f85d80eaad84f1f1e15acd6db988f2df789d1680d:560)
D/LauncherStateManager( 1239): 	at com.android.launcher3.QuickstepTransitionManager$WallpaperOpenLauncherAnimationRunner.onAnimationStart(go/retraceme 7226a759aa2bb3787a79806f85d80eaad84f1f1e15acd6db988f2df789d1680d:135)
D/AllAppsTransitionController( 1239): shouldProtectHeader: false skipScrim: true state: Normal stateManager.getState(): Normal
D/KeyboardInsetsHandler( 1239): removePendingImeController: pendingImeController=null
V/BaseDepthController( 1239): Applying blur: 0 to Surface(name=VRI-com.google.android.apps.nexuslauncher/com.google.android.apps.nexuslauncher.NexusLauncherActivity#622)/@0x1e31023 applyImmediately: false
D/BaseDepthController( 1239): shouldBlurWorkspace: false targetState: Normal currentStableState: Normal mCurrentBlur: 0 mLauncher.getDepthBlurTargets(): [com.android.launcher3.Workspace{aaab920 V.ED..... ......ID 0,0-1080,2400 #7f0a047d app:id/workspace}, com.android.launcher3.Hotseat{dd8c2d9 V.ED..... ........ 0,1905-1080,2400 #7f0a01f1 app:id/hotseat}]
V/BaseDepthController( 1239): Applying blur: 0 to Surface(name=VRI-com.google.android.apps.nexuslauncher/com.google.android.apps.nexuslauncher.NexusLauncherActivity#622)/@0x1e31023 applyImmediately: false
D/BaseDepthController( 1239): shouldBlurWorkspace: false targetState: Normal currentStableState: Normal mCurrentBlur: 0 mLauncher.getDepthBlurTargets(): [com.android.launcher3.Workspace{aaab920 V.ED..... ......ID 0,0-1080,2400 #7f0a047d app:id/workspace}, com.android.launcher3.Hotseat{dd8c2d9 V.ED..... ........ 0,1905-1080,2400 #7f0a01f1 app:id/hotseat}]
D/LauncherStateManager( 1239): StateManager.cancelAnimation: animation ongoing: false, partial trace:
D/LauncherStateManager( 1239): 	at com.android.launcher3.statemanager.StateManager.setCurrentAnimation(go/retraceme 7226a759aa2bb3787a79806f85d80eaad84f1f1e15acd6db988f2df789d1680d:59)
D/LauncherStateManager( 1239): 	at com.android.launcher3.QuickstepTransitionManager.createWallpaperOpenAnimations(go/retraceme 7226a759aa2bb3787a79806f85d80eaad84f1f1e15acd6db988f2df789d1680d:672)
D/LauncherStateManager( 1239): 	at com.android.launcher3.QuickstepTransitionManager$WallpaperOpenLauncherAnimationRunner.onAnimationStart(go/retraceme 7226a759aa2bb3787a79806f85d80eaad84f1f1e15acd6db988f2df789d1680d:135)
D/b/311077782( 1239): LauncherAnimationRunner.setAnimation
V/BaseDepthController( 1239): Applying blur: 0 to Surface(name=VRI-com.google.android.apps.nexuslauncher/com.google.android.apps.nexuslauncher.NexusLauncherActivity#622)/@0x1e31023 applyImmediately: false
D/BaseDepthController( 1239): shouldBlurWorkspace: false targetState: Normal currentStableState: Normal mCurrentBlur: 0 mLauncher.getDepthBlurTargets(): [com.android.launcher3.Workspace{aaab920 V.ED..... ......ID 0,0-1080,2400 #7f0a047d app:id/workspace}, com.android.launcher3.Hotseat{dd8c2d9 V.ED..... ......ID 0,1905-1080,2400 #7f0a01f1 app:id/hotseat}]
V/BaseDepthController( 1239): Applying blur: 0 to Surface(name=VRI-com.google.android.apps.nexuslauncher/com.google.android.apps.nexuslauncher.NexusLauncherActivity#622)/@0x1e31023 applyImmediately: false
D/BaseDepthController( 1239): shouldBlurWorkspace: false targetState: Normal currentStableState: Normal mCurrentBlur: 0 mLauncher.getDepthBlurTargets(): [com.android.launcher3.Workspace{aaab920 V.ED..... ......ID 0,0-1080,2400 #7f0a047d app:id/workspace}, com.android.launcher3.Hotseat{dd8c2d9 V.ED..... ......ID 0,1905-1080,2400 #7f0a01f1 app:id/hotseat}]
V/BaseDepthController( 1239): Applying blur: 0 to Surface(name=VRI-com.google.android.apps.nexuslauncher/com.google.android.apps.nexuslauncher.NexusLauncherActivity#622)/@0x1e31023 applyImmediately: false
D/BaseDepthController( 1239): shouldBlurWorkspace: false targetState: Normal currentStableState: Normal mCurrentBlur: 0 mLauncher.getDepthBlurTargets(): [com.android.launcher3.Workspace{aaab920 V.ED..... ......ID 0,0-1080,2400 #7f0a047d app:id/workspace}, com.android.launcher3.Hotseat{dd8c2d9 V.ED..... ......ID 0,1905-1080,2400 #7f0a01f1 app:id/hotseat}]
V/BaseDepthController( 1239): Applying blur: 0 to Surface(name=VRI-com.google.android.apps.nexuslauncher/com.google.android.apps.nexuslauncher.NexusLauncherActivity#622)/@0x1e31023 applyImmediately: false
D/BaseDepthController( 1239): shouldBlurWorkspace: false targetState: Normal currentStableState: Normal mCurrentBlur: 0 mLauncher.getDepthBlurTargets(): [com.android.launcher3.Workspace{aaab920 V.ED..... ......ID 0,0-1080,2400 #7f0a047d app:id/workspace}, com.android.launcher3.Hotseat{dd8c2d9 V.ED..... ......ID 0,1905-1080,2400 #7f0a01f1 app:id/hotseat}]
V/BaseDepthController( 1239): Applying blur: 0 to Surface(name=VRI-com.google.android.apps.nexuslauncher/com.google.android.apps.nexuslauncher.NexusLauncherActivity#622)/@0x1e31023 applyImmediately: false
D/BaseDepthController( 1239): shouldBlurWorkspace: false targetState: Normal currentStableState: Normal mCurrentBlur: 0 mLauncher.getDepthBlurTargets(): [com.android.launcher3.Workspace{aaab920 V.ED..... ......ID 0,0-1080,2400 #7f0a047d app:id/workspace}, com.android.launcher3.Hotseat{dd8c2d9 V.ED..... ......ID 0,1905-1080,2400 #7f0a01f1 app:id/hotseat}]
D/BaseActivity( 1239): Launcher flags updated: [state_started|state_resumed|state_deferred_resumed|state_window_focused|state_user_active] +[state_window_focused]
W/libbinder.Binder(  756): Binder transaction to android.content.pm.IPackageManager, function: UNKNOWN_FUNCTION_NAME, code: 1598311760, took 1971ms. Data bytes: 80 Reply bytes: 4 Flags: 16
D/SsBaseTemplateCard( 1239): Passed-in item info is null
D/SsBaseTemplateCard( 1239): Passed-in item info is null
D/SsBaseTemplateCard( 1239): Passed-in item info is null
D/SsBaseTemplateCard( 1239): Passed-in item info is null
I/SsBaseTemplateCard( 1239): Secondary card pane is null
W/libbinder.Binder(  583): Binder transaction to android.hardware.graphics.allocator.IAllocator, function: allocate2, code: 2, took 2296ms. Data bytes: 292 Reply bytes: 168 Flags: 16
W/ding:background( 4133): Reducing the number of considered missed Gc histogram windows from 322 to 100
W/libbinder.Binder(  583): Binder transaction to android.hardware.graphics.allocator.IAllocator, function: allocate2, code: 2, took 1484ms. Data bytes: 292 Reply bytes: 168 Flags: 16
V/BaseDepthController( 1239): Applying blur: 0 to Surface(name=VRI-com.google.android.apps.nexuslauncher/com.google.android.apps.nexuslauncher.NexusLauncherActivity#622)/@0x1e31023 applyImmediately: false
D/BaseDepthController( 1239): setEarlyWakeup: true
D/BaseDepthController( 1239): shouldBlurWorkspace: false targetState: Normal currentStableState: Normal mCurrentBlur: 0 mLauncher.getDepthBlurTargets(): [com.android.launcher3.Workspace{aaab920 V.ED..... ........ 0,0-1080,2400 #7f0a047d app:id/workspace}, com.android.launcher3.Hotseat{dd8c2d9 V.ED..... .......D 0,1905-1080,2400 #7f0a01f1 app:id/hotseat}]
I/HWUI    ( 1239): Davey! duration=5922ms; Flags=1, FrameTimelineVsyncId=151886, IntendedVsync=8697379315336, Vsync=8697445982000, InputEventId=0, HandleInputStart=8697462119800, AnimationStart=8697473137200, PerformTraversalsStart=8697490796100, DrawStart=8702309507500, FrameDeadline=8697395982002, FrameStartTime=8697462094600, FrameInterval=16666666, WorkloadTarget=16666666, SyncQueued=8702328412500, SyncStart=8703381342600, IssueDrawCommandsStart=8703483363100, SwapBuffers=8703615449800, FrameCompleted=8704354283800, DequeueBufferDuration=180800, QueueBufferDuration=2369300, GpuCompleted=8704353650000, SwapBuffersCompleted=8704354283800, DisplayPresentTime=0, CommandSubmissionCompleted=8703615449800, 
V/BaseDepthController( 1239): Applying blur: 0 to Surface(name=VRI-com.google.android.apps.nexuslauncher/com.google.android.apps.nexuslauncher.NexusLauncherActivity#622)/@0x1e31023 applyImmediately: false
D/BaseDepthController( 1239): shouldBlurWorkspace: false targetState: Normal currentStableState: Normal mCurrentBlur: 0 mLauncher.getDepthBlurTargets(): [com.android.launcher3.Workspace{aaab920 V.ED..... ........ 0,0-1080,2400 #7f0a047d app:id/workspace}, com.android.launcher3.Hotseat{dd8c2d9 V.ED..... ........ 0,1905-1080,2400 #7f0a01f1 app:id/hotseat}]
I/RanchuHwc(  530): logCompositionFallbackIfChanged: layer 151 CompositionType fallback from 2 to 1
I/RanchuHwc(  530): logCompositionFallbackIfChanged: layer 152 CompositionType fallback from 2 to 1
W/skia    (  567): AGTM parsing failed flags.readFromStream(s) at 159
W/skia    (  567): AGTM parsing failed flags.readFromStream(s) at 159
W/skia    (  567): AGTM parsing failed flags.readFromStream(s) at 159
W/skia    (  567): AGTM parsing failed flags.readFromStream(s) at 159
W/skia    (  567): AGTM parsing failed flags.readFromStream(s) at 159
W/skia    (  567): AGTM parsing failed flags.readFromStream(s) at 159
D/SatelliteController( 1232): isInCarrierRoamingNbIotNtn: satellite is disabled
D/SatelliteController( 1232): getCarrierRoamingNtnConnectType: Checking connect type from PLMN config for subId: 1
D/SatelliteController( 1232): getSatellitePerPlmnConfiguration: invalid subId or not supported via carrier.
D/SatelliteController( 1232): getCarrierRoamingNtnConnectType: config: null
D/SatelliteController( 1232): getCarrierRoamingNtnConnectType: Falling back to global carrier config connect type: 0
W/libbinder.Binder(  567): Binder transaction to android.gui.ISurfaceComposer, function: captureLayersSync, code: 28, took 5147ms. Data bytes: 232 Reply bytes: 248 Flags: 16
V/WindowManager(  756): Sent Transition (#71) createdAt=05-05 00:24:37.174 via request=TransitionRequestInfo { type = CLOSE, triggerTask = TaskInfo{userId=0 taskId=62 effectiveUid=10230 displayId=0 isRunning=false baseIntent=Intent { act=android.intent.action.MAIN cat=[android.intent.category.LAUNCHER] flg=0x10200000 cmp=com.muonline.client/.PreloadActivity } baseActivity=null topActivity=null origActivity=null realActivity=ComponentInfo{com.muonline.client/com.muonline.client.PreloadActivity} realActivityIsAppLockEnabled=false numActivities=0 lastActiveTime=5635060 supportsMultiWindow=true supportsMultiWindowWithoutConstraints=true resizeMode=1 isResizeable=true minWidth=-1 minHeight=-1 defaultMinSize=220 token=WCT{RemoteToken{1eeb549 Task{827e1a1 #62 type=standard A=10230:com.muonline.client}}} topActivityType=1 pictureInPictureParams=null shouldDockBigOverlays=false launchIntoPipHostTaskId=-1 lastParentTaskIdBeforePip=-1 displayCutoutSafeInsets=Rect(0, 0 - 0, 0) topActivityInfo=null launchCookies=[android.os.BinderProxy@2045b6f] positionInParent=Point(0, 0) parentTaskId=-1 isFocused=true isInteractive=false isVisible=true isVisibleRequested=true isTopActivityNoDisplay=false isSleeping=false locusId=null displayAreaFeatureId=1 isTopActivityTransparent=false isActivityStackTransparent=true lastNonFullscreenBounds=null leafTaskBoundsFromOptions= false capturedLink=null capturedLinkTimestamp=0 requestedVisibleTypes=503 topActivityRequestOpenInBrowserEducationTimestamp=0 appCompatTaskInfo=AppCompatTaskInfo { topActivityInSizeCompat=false isLeafTask= true eligibleForLetterboxEducation= false isLetterboxEducationEnabled= false isLetterboxDoubleTapEnabled= false eligibleForUserAspectRatioButton= false topActivityBoundsLetterboxed= false isFromLetterboxDoubleTap= false topActivityLetterboxVerticalPosition= -1 topActivityLetterboxHorizontalPosition= -1 topActivityLetterboxWidth=-1 topActivityLetterboxHeight=-1 topActivityAppBounds=Rect(0, 0 - 0, 0) isUserFullscreenOverrideEnabled=false isSystemFullscreenOverrideEnabled=false hasMinAspectRatioOverride=false topActivityLetterboxBounds=null topNonResizableActivityAspectRatio=-1.0} topActivityMainWindowFrame=null isAppBubble=false}, pipChange = null, remoteTransitionInfo = null, displayChange = null, requestedLocation = null, userChange = null, windowingLayerChange = null, fullscreenRequestChange = null, flags = 0, debugId = 71 }
V/WindowManager(  756):     startWCT=WindowContainerTransaction { changes= {} hops= [] flags= 0 errorCallbackToken=null taskFragmentOrganizer=null }
V/WindowManager(  756):     info={id=71 t=CLOSE f=0x0 trk=0 r=[0@Point(0, 0)] c=[
V/WindowManager(  756):         {WCT{RemoteToken{4d11b82 Task{1843123 #1 type=home}}} m=TO_FRONT f=SHOW_WALLPAPER|MOVE_TO_TOP leash=Surface(name=Task=1#34)/@0xd7a3344 sb=Rect(0, 0 - 2400, 1080) eb=Rect(0, 0 - 2400, 1080) epz=Point(2400, 1080) d=0 endFixedRotation=0 taskParent=-1 winMode=1 userId=0},
V/WindowManager(  756):         {WCT{RemoteToken{1eeb549 Task{827e1a1 #62 type=standard A=10230:com.muonline.client}}} m=CLOSE f=NONE leash=Surface(name=Task=62#580)/@0x5d8c113 sb=Rect(0, 0 - 2400, 1080) eb=Rect(0, 0 - 2400, 1080) epz=Point(2400, 1080) d=0 taskParent=-1 winMode=1 userId=0},
V/WindowManager(  756):         {m=TO_FRONT f=IS_WALLPAPER leash=Surface(name=Surface(name=WallpaperWindowToken{d0fd5fe}#53)/@0x34df1f1 - rotation-leash#626)/@0xf153399 sb=Rect(0, 0 - 2400, 1080) eb=Rect(0, 0 - 2400, 1080) epz=Point(2400, 1080) d=0}
V/WindowManager(  756):     ]}
W/libbinder.Binder(  756): Binder transaction to android.view.IWindowSession, function: UNKNOWN_FUNCTION_NAME, code: 5, took 5281ms. Data bytes: 716 Reply bytes: 1804 Flags: 16
I/Choreographer(  756): Skipped 309 frames!  The application may be doing too much work on its main thread.
W/libbinder.IPCThreadState(  756): Sending oneway calls to frozen process.
D/ActivityThread( 1565): Package [com.muonline.client] reported as REPLACED, but missing application info. Assuming REMOVED.
W/libbinder.Binder(  756): Binder transaction to android.app.IActivityTaskManager, function: UNKNOWN_FUNCTION_NAME, code: 30, took 5011ms. Data bytes: 84 Reply bytes: 4296 Flags: 16
D/ActivityThread( 1239): Package [com.muonline.client] reported as REPLACED, but missing application info. Assuming REMOVED.
W/libbinder.IPCThreadState(  756): Sending oneway calls to frozen process.
W/libbinder.IPCThreadState(  756): Sending oneway calls to frozen process.
W/libbinder.IPCThreadState(  756): Sending oneway calls to frozen process.
D/ActivityThread( 1664): Package [com.muonline.client] reported as REPLACED, but missing application info. Assuming REMOVED.
W/libbinder.IPCThreadState(  756): Sending oneway calls to frozen process.
W/libbinder.IPCThreadState(  756): Sending oneway calls to frozen process.
W/libbinder.IPCThreadState(  756): Sending oneway calls to frozen process.
W/libbinder.IPCThreadState(  756): Sending oneway calls to frozen process.
W/libbinder.IPCThreadState(  756): Sending oneway calls to frozen process.
W/libbinder.IPCThreadState(  756): Sending oneway calls to frozen process.
W/libbinder.IPCThreadState(  756): Sending oneway calls to frozen process.
W/libbinder.IPCThreadState(  756): Sending oneway calls to frozen process.
W/libbinder.IPCThreadState(  756): Sending oneway calls to frozen process.
W/libbinder.IPCThreadState(  756): Sending oneway calls to frozen process.
W/libbinder.IPCThreadState(  756): Sending oneway calls to frozen process.
W/libbinder.IPCThreadState(  756): Sending oneway calls to frozen process.
W/libbinder.IPCThreadState(  756): Sending oneway calls to frozen process.
W/libbinder.IPCThreadState(  756): Sending oneway calls to frozen process.
W/libbinder.IPCThreadState(  756): Sending oneway calls to frozen process.
W/ActivityTaskManager(  756): setRunningRemoteTransition: no process for null
W/libbinder.IPCThreadState(  756): Sending oneway calls to frozen process.
W/libbinder.IPCThreadState(  756): Sending oneway calls to frozen process.
W/libbinder.Binder(  756): Binder transaction to android.app.IActivityTaskManager, function: UNKNOWN_FUNCTION_NAME, code: 90, took 5018ms. Data bytes: 112 Reply bytes: 4 Flags: 16
W/libbinder.IPCThreadState(  756): Sending oneway calls to frozen process.
W/libbinder.IPCThreadState(  756): Sending oneway calls to frozen process.
V/WindowManagerShell( 1069):  animated by com.android.wm.shell.transition.RemoteTransitionHandler@c211071
W/libbinder.IPCThreadState(  756): Sending oneway calls to frozen process.
I/ImeTracker(  756): com.google.android.apps.nexuslauncher:e00a3f62: onRequestHide at ORIGIN_SERVER reason HIDE_UNSPECIFIED_WINDOW fromUser false userId 0 displayId 0
D/ActivityThread( 1414): Package [com.muonline.client] reported as REPLACED, but missing application info. Assuming REMOVED.
I/GoogleInputMethodService( 1565): GoogleInputMethodService.onFinishInput():2113 
I/Module  ( 1565): DeviceLockedStatusModuleProvider$Module.updateDeviceLockedStatus():103 repeatCheckTimes = 0, locked = false
D/InsetsController( 1239): hide(ime())
I/ImeTracker( 1239): com.google.android.apps.nexuslauncher:e00a3f62: onCancelled at PHASE_CLIENT_ALREADY_HIDDEN
D/ActivityThread( 1743): Package [com.muonline.client] reported as REPLACED, but missing application info. Assuming REMOVED.
D/PackageInstallerSession(  756): Marking session 2054056404 as applied
D/SatelliteController( 1232): updateLastNotifiedCarrierRoamingNtnSignalStrengthAndNotify(1)
D/SatelliteController( 1232): updateLastNotifiedCarrierRoamingNtnSignalStrengthAndNotify(1) lastNotifiedSignalStrength level: 0
D/SatelliteController( 1232): updateLastNotifiedCarrierRoamingNtnSignalStrengthAndNotify(1) currSignalStrength level: 0
D/ActivityThread( 7231): Package [com.muonline.client] reported as REPLACED, but missing application info. Assuming REMOVED.
D/ActivityThread( 1210): Package [com.muonline.client] reported as REPLACED, but missing application info. Assuming REMOVED.
W/InputChannel-JNI(  756): Channel already disposed.
D/ActivityThread( 1175): Package [com.muonline.client] reported as REPLACED, but missing application info. Assuming REMOVED.
W/skia    (  567): AGTM parsing failed flags.readFromStream(s) at 159
W/skia    (  567): AGTM parsing failed flags.readFromStream(s) at 159
D/ActivityThread( 1697): Package [com.muonline.client] reported as REPLACED, but missing application info. Assuming REMOVED.
D/ActivityThread( 1245): Package [com.muonline.client] reported as REPLACED, but missing application info. Assuming REMOVED.
W/libbinder.Binder(  756): Binder transaction to android.gui.ITransactionComposerListener, function: UNKNOWN_FUNCTION_NAME, code: 1, took 3596ms. Data bytes: 2568 Reply bytes: 0 Flags: 17
V/BaseDepthController( 1239): Applying blur: 0 to Surface(name=VRI-com.google.android.apps.nexuslauncher/com.google.android.apps.nexuslauncher.NexusLauncherActivity#622)/@0x1e31023 applyImmediately: false
D/BaseDepthController( 1239): setEarlyWakeup: false
D/BaseDepthController( 1239): shouldBlurWorkspace: false targetState: Normal currentStableState: Normal mCurrentBlur: 0 mLauncher.getDepthBlurTargets(): [com.android.launcher3.Workspace{aaab920 V.ED..... ........ 0,0-1080,2400 #7f0a047d app:id/workspace}, com.android.launcher3.Hotseat{dd8c2d9 V.ED..... ........ 0,1905-1080,2400 #7f0a01f1 app:id/hotseat}]
D/ScalingWorkspaceRevealAnim( 1239): onAnimationEnd, workspace and hotseat are visible
V/BaseDepthController( 1239): Applying blur: 0 to Surface(name=VRI-com.google.android.apps.nexuslauncher/com.google.android.apps.nexuslauncher.NexusLauncherActivity#622)/@0x1e31023 applyImmediately: false
D/BaseDepthController( 1239): shouldBlurWorkspace: false targetState: Normal currentStableState: Normal mCurrentBlur: 0 mLauncher.getDepthBlurTargets(): [com.android.launcher3.Workspace{aaab920 V.ED..... ......ID 0,0-1080,2400 #7f0a047d app:id/workspace}, com.android.launcher3.Hotseat{dd8c2d9 V.ED..... ......ID 0,1905-1080,2400 #7f0a01f1 app:id/hotseat}]
I/HWUI    ( 1239): Davey! duration=834ms; Flags=0, FrameTimelineVsyncId=152054, IntendedVsync=8704529315050, Vsync=8704962648366, InputEventId=0, HandleInputStart=8704975282300, AnimationStart=8704975335900, PerformTraversalsStart=8704977368100, DrawStart=8704977522600, FrameDeadline=8705029315030, FrameStartTime=8704974160000, FrameInterval=16666666, WorkloadTarget=16666666, SyncQueued=8704977823700, SyncStart=8704977966000, IssueDrawCommandsStart=8704978875800, SwapBuffers=8704984673600, FrameCompleted=8705364331200, DequeueBufferDuration=173253200, QueueBufferDuration=4782800, GpuCompleted=8705364228700, SwapBuffersCompleted=8705364331200, DisplayPresentTime=0, CommandSubmissionCompleted=8704984673600, 
I/GoogleInputMethodService( 1565): GoogleInputMethodService.onStartInput():1384 onStartInput(EditorInfo{EditorInfo{packageName=com.google.android.apps.nexuslauncher, inputType=0, inputTypeString=NULL, enableLearning=false, autoCorrection=false, autoComplete=false, imeOptions=0, privateImeOptions=null, actionName=UNSPECIFIED, actionLabel=null, initialSelStart=-1, initialSelEnd=-1, initialCapsMode=0, label=null, fieldId=0, fieldName=null, extras=null, hintText=null, hintLocales=[]}}, false)
I/AndroidIME( 1565): LatinIMEBase.updateInputViewCoverNavigation():314 Update input view padding, extendsTouchBelowSpace=true, bottom inset=126
W/binder:756_2(  756): type=1400 audit(0.0:94): avc:  denied  { getopt } for  scontext=u:r:system_server:s0 tcontext=u:r:shell:s0 tclass=unix_stream_socket permissive=0
W/binder:756_2(  756): type=1400 audit(0.0:95): avc:  denied  { getopt } for  scontext=u:r:system_server:s0 tcontext=u:r:shell:s0 tclass=unix_stream_socket permissive=0
D/ActivityThread( 1069): Package [com.muonline.client] reported as REPLACED, but missing application info. Assuming REMOVED.
W/libbinder.Binder(  756): Binder transaction to android.content.pm.IPackageManager, function: UNKNOWN_FUNCTION_NAME, code: 1598246212, took 29507ms. Data bytes: 200 Reply bytes: 4 Flags: 16
V/WindowManagerShell( 1069): Received remote transition finished callback for (#71)
W/PackageConfigPersister(  756): App-specific configuration not found for packageName: com.muonline.client and userId: 0
W/binder:756_2(  756): type=1400 audit(0.0:96): avc:  denied  { getopt } for  scontext=u:r:system_server:s0 tcontext=u:r:shell:s0 tclass=unix_stream_socket permissive=0
V/AccessibilityUserState(  756): updateShortcutTargets: type:accessibility_shortcut_target_service, current:{}, new:{}
V/AccessibilityUserState(  756): updateShortcutTargets: type:accessibility_qs_targets, current:{}, new:{}
V/AccessibilityUserState(  756): updateShortcutTargets: type:accessibility_button_targets, current:{}, new:{}
V/AccessibilityUserState(  756): updateShortcutTargets: type:accessibility_gesture_targets, current:{}, new:{}
V/AccessibilityUserState(  756): updateShortcutTargets: type:accessibility_key_gesture_targets, current:{}, new:{}
V/AccessibilityUserState(  756): updateShortcutTargets: type:accessibility_top_row_key_targets, current:{}, new:{}
V/AccessibilityUserState(  756): updateShortcutTargets: type:accessibility_quick_access_targets, current:{}, new:{}
V/AccessibilityManagerService(  756): onUserStateChangedLocked for userId: 0, forceUpdate: false
V/AccessibilityUserState(  756): updateShortcutTargets: type:accessibility_shortcut_target_service, current:{}, new:{}
V/AccessibilityUserState(  756): updateShortcutTargets: type:accessibility_button_targets, current:{}, new:{}
V/AccessibilityUserState(  756): updateShortcutTargets: type:accessibility_gesture_targets, current:{}, new:{}
V/AccessibilityUserState(  756): updateShortcutTargets: type:accessibility_qs_targets, current:{}, new:{}
V/AccessibilityUserState(  756): updateShortcutTargets: type:accessibility_key_gesture_targets, current:{}, new:{}
V/AccessibilityUserState(  756): updateShortcutTargets: type:accessibility_top_row_key_targets, current:{}, new:{}
V/AccessibilityUserState(  756): updateShortcutTargets: type:accessibility_quick_access_targets, current:{}, new:{}
W/MagnificationConnectionManager(  756): requestConnection duplicated request: connect=false, mConnectionState=DISCONNECTED
V/AccessibilityUserState(  756): updateShortcutTargets: type:accessibility_button_targets, current:{}, new:{}
V/AccessibilityUserState(  756): updateShortcutTargets: type:accessibility_qs_targets, current:{}, new:{}
V/AccessibilityUserState(  756): updateShortcutTargets: type:accessibility_shortcut_target_service, current:{}, new:{}
V/AccessibilityUserState(  756): updateShortcutTargets: type:accessibility_qs_targets, current:{}, new:{}
V/AccessibilityUserState(  756): updateShortcutTargets: type:accessibility_button_targets, current:{}, new:{}
V/AccessibilityUserState(  756): updateShortcutTargets: type:accessibility_gesture_targets, current:{}, new:{}
V/AccessibilityUserState(  756): updateShortcutTargets: type:accessibility_key_gesture_targets, current:{}, new:{}
V/AccessibilityUserState(  756): updateShortcutTargets: type:accessibility_top_row_key_targets, current:{}, new:{}
V/AccessibilityUserState(  756): updateShortcutTargets: type:accessibility_quick_access_targets, current:{}, new:{}
V/AccessibilityManagerService(  756): onUserStateChangedLocked for userId: 0, forceUpdate: false
V/AccessibilityUserState(  756): updateShortcutTargets: type:accessibility_shortcut_target_service, current:{}, new:{}
V/AccessibilityUserState(  756): updateShortcutTargets: type:accessibility_button_targets, current:{}, new:{}
V/AccessibilityUserState(  756): updateShortcutTargets: type:accessibility_gesture_targets, current:{}, new:{}
V/AccessibilityUserState(  756): updateShortcutTargets: type:accessibility_qs_targets, current:{}, new:{}
V/AccessibilityUserState(  756): updateShortcutTargets: type:accessibility_key_gesture_targets, current:{}, new:{}
V/AccessibilityUserState(  756): updateShortcutTargets: type:accessibility_top_row_key_targets, current:{}, new:{}
V/AccessibilityUserState(  756): updateShortcutTargets: type:accessibility_quick_access_targets, current:{}, new:{}
W/MagnificationConnectionManager(  756): requestConnection duplicated request: connect=false, mConnectionState=DISCONNECTED
D/ActivityThread( 4244): Package [com.muonline.client] reported as REPLACED, but missing application info. Assuming REMOVED.
D/ActivityThread( 1713): Package [com.muonline.client] reported as REPLACED, but missing application info. Assuming REMOVED.
D/ActivityManager(  756): sync unfroze 2487 com.google.android.apps.wellbeing for 7
W/ContentProviderHelper(  756): Slow operation: 145ms so far, now at getContentProviderImpl: after updateOomAdj
W/ContentProviderHelper(  756): Slow operation: 146ms so far, now at getContentProviderImpl: done!
W/libbinder.Binder(  756): Binder transaction to android.app.IActivityManager, function: UNKNOWN_FUNCTION_NAME, code: 35, took 7694ms. Data bytes: 272 Reply bytes: 2664 Flags: 18
W/libbinder.Binder(  756): Binder transaction to android.app.IActivityManager, function: UNKNOWN_FUNCTION_NAME, code: 69, took 5651ms. Data bytes: 116 Reply bytes: 0 Flags: 17
D/WallpaperService( 1069): onSurfaceChanged(android.service.wallpaper.WallpaperService$Engine$1@93a605d, 2, 922, 1024): com.android.systemui.wallpapers.ImageWallpaper$CanvasEngine@c258dd2
D/WallpaperService( 1069): onSurfaceRedrawNeeded(android.service.wallpaper.WallpaperService$Engine$1@93a605d): com.android.systemui.wallpapers.ImageWallpaper$CanvasEngine@c258dd2
D/Bubbles ( 1069): BubbleData.onLocusVisibilityChanged() locusId=Overview|DISABLED visible=true taskId=1
V/WindowManagerShell( 1069): Transition animation finished (aborted=false), notifying core (#71) android.os.BinderProxy@10eccff@0
I/Module  ( 1565): DeviceLockedStatusModuleProvider$Module.updateDeviceLockedStatus():103 repeatCheckTimes = 1, locked = false
W/NotificationCenter( 1565): NotificationCenter$NotificationQueue.notifyPendingNotificationsOnExecutor():877 Heavy notify work detected on UI thread: [myg->glz, myg->kqq, myg->ooq, myg->mxi, myg->kqq, myg->lyw, myg->kqq, myg->kqq, myg->emu, myg->kqq, myg->kqq, myg->gow, myg->kny, myg->kqq, myg->hnt, myg->ifl, myg->kqq, myg->mja, myg->kqq, myg->ktn, myg->mwy, myg->kqq, myg->kqq, myg->kqq, myg->pdb, myg->kqq, myg->kqq] takes 177ms
D/ActivityThread( 2487): Package [com.muonline.client] reported as REPLACED, but missing application info. Assuming REMOVED.
D/ActivityThread( 2487): Package [com.muonline.client] reported as REPLACED, but missing application info. Assuming REMOVED.
W/libbinder.IPCThreadState(  630): Sending oneway calls to frozen process.
I/ImeTracker(  756): system_server:8d17bbad: onRequestHide at ORIGIN_SERVER reason IME_REQUESTED_CHANGED_LISTENER fromUser false displayId 0
W/libbinder.Binder(  756): Binder transaction to android.app.IActivityManager, function: UNKNOWN_FUNCTION_NAME, code: 57, took 5677ms. Data bytes: 240 Reply bytes: 8 Flags: 18
W/PackageConfigPersister(  756): App-specific configuration not found for packageName: com.google.android.apps.nexuslauncher and userId: 0
W/libbinder.Binder(  756): Binder transaction to android.app.IAlarmManager, function: UNKNOWN_FUNCTION_NAME, code: 1, took 5402ms. Data bytes: 224 Reply bytes: 4 Flags: 16
W/ndroid.keychain( 4244): Suspending all threads took: 5.980ms
V/WindowManager(  756): Finish Transition (#71): created at 05-05 00:24:37.174 collect-started=0.146ms request-sent=0.529ms started=365.326ms ready=367.975ms sent=3157.074ms commit=1871.907ms finished=9129.084ms
W/ApplicationInfo(  756): Large ApplicationInfo parcel: size=17540 package=com.google.android.googlequicksearchbox sharedLibs=3 resDirs=2 overlayPaths=2
I/AiAiEcho( 1713): AppIndexer Package:[com.muonline.client] UserProfile:[0] Enabled:[true].
I/AiAiEcho( 1713): AppFetcherImplV2 updateApps package:[com.muonline.client], userId:[0], reason:[package is updated.].
E/libbinder.IPCThreadState(  756): Binder transaction failure. id: 1692024, cmd: BR_DEAD_REPLY (29189), error: -22 (Invalid argument)
W/ActivityManager(  756): pid 756 system sent binder code 7 with flags 1 and got error -32
W/WindowManager(  756): Exception thrown during dispatchAppVisibility Window{1f78bca u0 com.muonline.client/com.muonline.client.MuMainNativeActivity EXITING}
W/WindowManager(  756): android.os.DeadObjectException
W/WindowManager(  756): 	at android.os.BinderProxy.transactNative(Native Method)
W/WindowManager(  756): 	at android.os.BinderProxy.transact(BinderProxy.java:617)
W/WindowManager(  756): 	at android.view.IWindow$Stub$Proxy.dispatchAppVisibility(IWindow.java:596)
W/WindowManager(  756): 	at com.android.server.wm.WindowState.sendAppVisibilityToClients(WindowState.java:3335)
W/WindowManager(  756): 	at com.android.server.wm.WindowContainer.sendAppVisibilityToClients(WindowContainer.java:1245)
W/WindowManager(  756): 	at com.android.server.wm.WindowToken.setClientVisible(WindowToken.java:392)
W/WindowManager(  756): 	at com.android.server.wm.ActivityRecord.commitVisibility(ActivityRecord.java:5599)
W/WindowManager(  756): 	at com.android.server.wm.Transition.finishTransition(Transition.java:1570)
W/WindowManager(  756): 	at com.android.server.wm.TransitionController.finishTransition(TransitionController.java:1205)
W/WindowManager(  756): 	at com.android.server.wm.WindowOrganizerController.finishTransition(WindowOrganizerController.java:533)
W/WindowManager(  756): 	at android.window.IWindowOrganizerController$Stub.onTransact(IWindowOrganizerController.java:265)
W/WindowManager(  756): 	at com.android.server.wm.WindowOrganizerController.onTransact(WindowOrganizerController.java:239)
W/WindowManager(  756): 	at android.os.Binder.execTransactInternal(Binder.java:1471)
W/WindowManager(  756): 	at android.os.Binder.execTransact(Binder.java:1411)
W/Process (  756): Unable to open /proc/9224/status
I/WindowManager(  756): Display id=0 rotation changed to 0 from 1, lastOrientation=5 userRotationMode=0 userRotation=0 lastSensorRotation=1
D/ConnectivityService(  756): [104 WIFI] EVENT_NETWORK_INFO_CHANGED, going from CONNECTED to DISCONNECTED
D/ConnectivityService(  756): [104 WIFI] disconnected, was satisfying 73
V/WindowManagerShell( 1069): Track 0 became idle
V/WindowManagerShell( 1069): All active transition animations finished
V/WindowManagerShell( 1069): Transition requested (#72): android.os.BinderProxy@e9d48ce TransitionRequestInfo { type = CHANGE, triggerTask = null, pipChange = null, remoteTransitionInfo = null, displayChange = DisplayChange { displayId = 0, startAbsBounds = null, endAbsBounds = null, startRotation = 1, endRotation = 0, physicalDisplayChanged = false, disconnectReparentDisplay = -1, endInsetsState = null }, requestedLocation = null, userChange = null, windowingLayerChange = null, fullscreenRequestChange = null, flags = 0, debugId = 72 }
V/ShellDesktopMode( 1069): DisconnectHandler: handleRequest: no reparent display; returning
V/ShellDesktopMode( 1069): DesktopTasksController: skipping handleRequest reason=triggerTask is null
I/Choreographer( 1239): Skipped 46 frames!  The application may be doing too much work on its main thread.
V/WindowManager(  756): Unknown focus tokens, dropping reportFocusChanged
W/libbinder.Binder(  756): Binder transaction to android.app.IActivityManager, function: UNKNOWN_FUNCTION_NAME, code: 23, took 4944ms. Data bytes: 104 Reply bytes: 4 Flags: 18
W/libbinder.Binder(  756): Binder transaction to com.android.internal.telephony.ITelephonyRegistry, function: UNKNOWN_FUNCTION_NAME, code: 8, took 1276ms. Data bytes: 804 Reply bytes: 4 Flags: 18
W/libbinder.Binder(  756): Binder transaction to android.app.IActivityManager, function: UNKNOWN_FUNCTION_NAME, code: 22, took 6715ms. Data bytes: 820 Reply bytes: 8 Flags: 18
W/LauncherActivityCachingLogic( 1239): loadIcon: Default app icon returned from PackageManager. component=ComponentInfo{com.muonline.client/com.muonline.client.PreloadActivity}, user=UserHandle{0}
W/LauncherActivityCachingLogic( 1239): java.lang.Exception
W/LauncherActivityCachingLogic( 1239): 	at com.android.launcher3.icons.cache.LauncherActivityCachingLogic.loadIcon(go/retraceme 7226a759aa2bb3787a79806f85d80eaad84f1f1e15acd6db988f2df789d1680d:62)
W/LauncherActivityCachingLogic( 1239): 	at com.android.launcher3.icons.cache.BaseIconCache.addIconToDBAndMemCache(go/retraceme 7226a759aa2bb3787a79806f85d80eaad84f1f1e15acd6db988f2df789d1680d:22)
W/LauncherActivityCachingLogic( 1239): 	at com.android.launcher3.model.tasks.PackageUpdatedTask.execute(go/retraceme 7226a759aa2bb3787a79806f85d80eaad84f1f1e15acd6db988f2df789d1680d:177)
W/LauncherActivityCachingLogic( 1239): 	at com.android.launcher3.LauncherModel$enqueueModelUpdateTask$1.run(go/retraceme 7226a759aa2bb3787a79806f85d80eaad84f1f1e15acd6db988f2df789d1680d:27)
W/LauncherActivityCachingLogic( 1239): 	at com.android.launcher3.util.LooperExecutor.execute(go/retraceme 7226a759aa2bb3787a79806f85d80eaad84f1f1e15acd6db988f2df789d1680d:16)
W/LauncherActivityCachingLogic( 1239): 	at com.android.launcher3.LauncherModel.enqueueModelUpdateTask(go/retraceme 7226a759aa2bb3787a79806f85d80eaad84f1f1e15acd6db988f2df789d1680d:19)
W/LauncherActivityCachingLogic( 1239): 	at com.android.launcher3.LauncherModel$newModelCallbacks$1.accept(go/retraceme 7226a759aa2bb3787a79806f85d80eaad84f1f1e15acd6db988f2df789d1680d:4)
W/LauncherActivityCachingLogic( 1239): 	at com.android.launcher3.model.ModelLauncherCallbacks.onPackageChanged(go/retraceme 7226a759aa2bb3787a79806f85d80eaad84f1f1e15acd6db988f2df789d1680d:12)
W/LauncherActivityCachingLogic( 1239): 	at android.content.pm.LauncherApps$CallbackMessageHandler.handleMessage(LauncherApps.java:2329)
W/LauncherActivityCachingLogic( 1239): 	at android.os.Handler.dispatchMessageImpl(Handler.java:142)
W/LauncherActivityCachingLogic( 1239): 	at android.os.Handler.dispatchMessage(Handler.java:125)
W/LauncherActivityCachingLogic( 1239): 	at android.os.Looper.loopOnce(Looper.java:292)
W/LauncherActivityCachingLogic( 1239): 	at android.os.Looper.loop(Looper.java:393)
W/LauncherActivityCachingLogic( 1239): 	at android.os.HandlerThread.run(HandlerThread.java:139)
D/ActivityThread( 4000): Package [com.muonline.client] reported as REPLACED, but missing application info. Assuming REMOVED.
W/skia    (  567): AGTM parsing failed flags.readFromStream(s) at 159
W/skia    (  567): AGTM parsing failed flags.readFromStream(s) at 159
D/ActivityThread( 1232): Package [com.muonline.client] reported as REPLACED, but missing application info. Assuming REMOVED.
I/HWUI    ( 1239): Davey! duration=1266ms; Flags=0, FrameTimelineVsyncId=152070, IntendedVsync=8704979320563, Vsync=8704995987228, InputEventId=0, HandleInputStart=8705001445000, AnimationStart=8705001484600, PerformTraversalsStart=8705005527900, DrawStart=8705005639800, FrameDeadline=8705395981682, FrameStartTime=8705001418900, FrameInterval=16666665, WorkloadTarget=16666666, SyncQueued=8705005999200, SyncStart=8705364555300, IssueDrawCommandsStart=8705365126600, SwapBuffers=8705706223200, FrameCompleted=8706603934300, DequeueBufferDuration=56000, QueueBufferDuration=348600, GpuCompleted=8706603934300, SwapBuffersCompleted=8706437385700, DisplayPresentTime=0, CommandSubmissionCompleted=8705706223200, 
W/AlarmManager( 1175): Unrecognized alarm listener com.android.networkstack.android.net.ip.IpClientLinkObserver$Dhcp6PdPreferredPrefixAlarmListener@d0238c7
W/ApplicationInfo(  756): Large ApplicationInfo parcel: size=17540 package=com.google.android.googlequicksearchbox sharedLibs=3 resDirs=2 overlayPaths=2
W/LauncherActivityCachingLogic( 1239): loadIcon: Default app icon returned from PackageManager. component=ComponentInfo{com.muonline.client/com.muonline.client.PreloadActivity}, user=UserHandle{0}
W/LauncherActivityCachingLogic( 1239): java.lang.Exception
W/LauncherActivityCachingLogic( 1239): 	at com.android.launcher3.icons.cache.LauncherActivityCachingLogic.loadIcon(go/retraceme 7226a759aa2bb3787a79806f85d80eaad84f1f1e15acd6db988f2df789d1680d:62)
W/LauncherActivityCachingLogic( 1239): 	at com.android.launcher3.icons.cache.BaseIconCache.loadFallbackIcon(go/retraceme 7226a759aa2bb3787a79806f85d80eaad84f1f1e15acd6db988f2df789d1680d:8)
W/LauncherActivityCachingLogic( 1239): 	at com.android.launcher3.icons.cache.BaseIconCache.cacheLocked(go/retraceme 7226a759aa2bb3787a79806f85d80eaad84f1f1e15acd6db988f2df789d1680d:99)
W/LauncherActivityCachingLogic( 1239): 	at com.android.launcher3.icons.IconCache.getTitleAndIcon(go/retraceme 7226a759aa2bb3787a79806f85d80eaad84f1f1e15acd6db988f2df789d1680d:233)
W/LauncherActivityCachingLogic( 1239): 	at com.android.launcher3.icons.IconCache.getTitleAndIcon(go/retraceme 7226a759aa2bb3787a79806f85d80eaad84f1f1e15acd6db988f2df789d1680d:230)
W/LauncherActivityCachingLogic( 1239): 	at com.android.launcher3.model.tasks.PackageUpdatedTask.execute(go/retraceme 7226a759aa2bb3787a79806f85d80eaad84f1f1e15acd6db988f2df789d1680d:371)
W/LauncherActivityCachingLogic( 1239): 	at com.android.launcher3.LauncherModel$enqueueModelUpdateTask$1.run(go/retraceme 7226a759aa2bb3787a79806f85d80eaad84f1f1e15acd6db988f2df789d1680d:27)
W/LauncherActivityCachingLogic( 1239): 	at com.android.launcher3.util.LooperExecutor.execute(go/retraceme 7226a759aa2bb3787a79806f85d80eaad84f1f1e15acd6db988f2df789d1680d:16)
W/LauncherActivityCachingLogic( 1239): 	at com.android.launcher3.LauncherModel.enqueueModelUpdateTask(go/retraceme 7226a759aa2bb3787a79806f85d80eaad84f1f1e15acd6db988f2df789d1680d:19)
W/LauncherActivityCachingLogic( 1239): 	at com.android.launcher3.LauncherModel$newModelCallbacks$1.accept(go/retraceme 7226a759aa2bb3787a79806f85d80eaad84f1f1e15acd6db988f2df789d1680d:4)
W/LauncherActivityCachingLogic( 1239): 	at com.android.launcher3.model.ModelLauncherCallbacks.onPackageChanged(go/retraceme 7226a759aa2bb3787a79806f85d80eaad84f1f1e15acd6db988f2df789d1680d:12)
W/LauncherActivityCachingLogic( 1239): 	at android.content.pm.LauncherApps$CallbackMessageHandler.handleMessage(LauncherApps.java:2329)
W/LauncherActivityCachingLogic( 1239): 	at android.os.Handler.dispatchMessageImpl(Handler.java:142)
W/LauncherActivityCachingLogic( 1239): 	at android.os.Handler.dispatchMessage(Handler.java:125)
W/LauncherActivityCachingLogic( 1239): 	at android.os.Looper.loopOnce(Looper.java:292)
W/LauncherActivityCachingLogic( 1239): 	at android.os.Looper.loop(Looper.java:393)
W/LauncherActivityCachingLogic( 1239): 	at android.os.HandlerThread.run(HandlerThread.java:139)
D/AlphabeticIndexCompat( 1239): computeSectionName: cs: MU Online sectionName: M
W/libbinder.Binder(  756): Binder transaction to android.content.pm.ILauncherApps, function: UNKNOWN_FUNCTION_NAME, code: 3, took 1061ms. Data bytes: 144 Reply bytes: 53984 Flags: 16
I/GnssNetworkConnectivityHandler(  756): Network connection lost. Available networks count: 1
I/GnssNetworkConnectivityHandler(  756): updateNetworkState, state=CLOSED, connected=false, network=104, capabilityFlags=3, availableNetworkCount: 1
I/AdbWifiNetworkMonitor(  756): Wi-Fi network lost. Stopping adb over Wi-Fi.
I/NearbyMediums( 1414): [WifiNetworkV2] networkCallback doLost netId:104 wifiStatusChangedCallbacks.size:0
D/ONSProfileActivator( 1232): Internet connection lost
D/ActivityThread( 6713): Package [com.muonline.client] reported as REPLACED, but missing application info. Assuming REMOVED.
D/ActivityManager(  756): sync unfroze 6713 com.google.android.gms for 6
D/UpstreamNetworkMonitor( 1175): Lost default Internet network: 104
D/SatelliteController( 1232): EVENT_WIFI_CONNECTIVITY_STATE_CHANGED: mIsWifiConnected=false
E/SatelliteController( 1232): registerForSatelliteCommunicationAccessStateChanged: SatelliteManager is null
D/SatelliteController( 1232): isCarrierRoamingNtnEligible: satellite access is not allowed
D/SatelliteController( 1232): evaluateCarrierRoamingNtnEligibilityChange: isCarrierRoamingNtnEligible=false
D/SatelliteController( 1232): getSelectedSatelliteSubId: subId=-1
D/SatelliteController( 1232): notifyNtnEligibility: phoneId=0 currentNtnEligibility=false
W/AlarmManager( 1232): Unrecognized alarm listener com.android.internal.telephony.data.AutoDataSwitchController$$ExternalSyntheticLambda3@d57d505
D/SatelliteController( 1232): handleCmdUpdateNtnSignalStrengthReporting: ignore request, satellite is disabled
D/ActivityThread( 6713): Package [com.muonline.client] reported as REPLACED, but missing application info. Assuming REMOVED.
I/Surface (  756): Creating surface for consumer unnamed-756-9 with slotExpansion=1 for 64 slots
I/Surface (  756): Creating surface for consumer ImageReader-1920x864f1m1-756-9 with slotExpansion=1 for 64 slots
W/ImageReader_JNI(  756): Unable to acquire a buffer item, very likely client tried to acquire more than maxImages buffers
V/RecentTasksController( 1069): generateList(getRecentTasks)
V/RecentTasksController( 1069): initializeDesksMap - allDeskIds: []
V/RecentTasksController( 1069): Task 62 is not an active desktop task
V/RecentTasksController( 1069): Added fullscreen task: 62
V/RecentTasksController( 1069): generateList - complete
W/skia    (  567): AGTM parsing failed flags.readFromStream(s) at 159
W/skia    (  567): AGTM parsing failed flags.readFromStream(s) at 159
D/AllAppsStore( 1239): setApps: apps.length=21
D/AllAppsStore( 1239): notifyUpdate: notifying listeners
D/ActivityAllAppsContainerView( 1239): onAppsUpdated; number of apps: 21
D/ActivityAllAppsContainerView( 1239): rebindAdapters: force: false
D/ActivityAllAppsContainerView( 1239): rebindAdapters: Not needed.
D/StatsLog( 1239): LAUNCHER_ALLAPPS_COUNT
D/AlphabeticalAppsList( 1239): Clearing FastScrollerSections.
D/AlphabeticalAppsList( 1239): Adding apps with sections. HasPrivateApps: false
D/AlphabeticalAppsList( 1239): addAppsWithSections: adding sectionName: C with appInfoTitle: Calendar
D/AlphabeticalAppsList( 1239): addAppsWithSections: adding sectionName: D with appInfoTitle: Drive
D/AlphabeticalAppsList( 1239): addAppsWithSections: adding sectionName: F with appInfoTitle: Files
D/AlphabeticalAppsList( 1239): addAppsWithSections: adding sectionName: G with appInfoTitle: Glasses
D/AlphabeticalAppsList( 1239): addAppsWithSections: adding sectionName: M with appInfoTitle: Maps
D/AlphabeticalAppsList( 1239): addAppsWithSections: adding sectionName: P with appInfoTitle: Phone
D/AlphabeticalAppsList( 1239): addAppsWithSections: adding sectionName: S with appInfoTitle: Safety
D/AlphabeticalAppsList( 1239): addAppsWithSections: adding sectionName: T with appInfoTitle: TMoble
D/AlphabeticalAppsList( 1239): addAppsWithSections: adding sectionName: Y with appInfoTitle: YouTube
D/AlphabeticalAppsList( 1239): Adding FastScrollSection duplicate to scroll to the bottom.
D/AlphabeticalAppsList( 1239): Clearing FastScrollerSections.
D/AlphabeticalAppsList( 1239): Adding apps with sections. HasPrivateApps: false
D/AlphabeticalAppsList( 1239): addAppsWithSections: adding sectionName: C with appInfoTitle: Calendar
D/AlphabeticalAppsList( 1239): addAppsWithSections: adding sectionName: D with appInfoTitle: Drive
D/AlphabeticalAppsList( 1239): addAppsWithSections: adding sectionName: F with appInfoTitle: Files
D/AlphabeticalAppsList( 1239): addAppsWithSections: adding sectionName: G with appInfoTitle: Glasses
D/AlphabeticalAppsList( 1239): addAppsWithSections: adding sectionName: M with appInfoTitle: Maps
D/AlphabeticalAppsList( 1239): addAppsWithSections: adding sectionName: P with appInfoTitle: Phone
D/AlphabeticalAppsList( 1239): addAppsWithSections: adding sectionName: S with appInfoTitle: Safety
D/AlphabeticalAppsList( 1239): addAppsWithSections: adding sectionName: T with appInfoTitle: TMoble
D/AlphabeticalAppsList( 1239): addAppsWithSections: adding sectionName: Y with appInfoTitle: YouTube
D/AlphabeticalAppsList( 1239): Adding FastScrollSection duplicate to scroll to the bottom.
D/AllAppsStore( 1239): setApps: apps.length=21
D/AllAppsStore( 1239): notifyUpdate: notifying listeners
D/b/387844520( 1239): getOutlineOffsetX: measured width = 173, mNormalizedIconSize = 159, last updated width = 173
D/WifiClientModeImpl[28501:wlan0](  756): ClientModeImpl: Leaving Connected state
D/WifiCountryCode(  756): evaluateAllCmmStateAndApplyIfAllReady: {ConcreteClientModeManager{id=28124 iface=wlan0 role=ROLE_CLIENT_PRIMARY}=true}
D/SupplicantStaIfaceHalAidlBase(  756): Remove fallback ssids to avoid endless loop
W/Looper  ( 1069): Slow dispatch took 1302ms SysUiBg app=com.android.systemui main=false group=FOREGROUND h=android.content.pm.LauncherApps$CallbackMessageHandler c=null m=3
I/WifiClientModeImpl[28501:wlan0](  756): disconnectedstate enter
D/WifiNetworkAgent(  756): NetworkAgent: NetworkAgent channel lost
E/WifiChipAidlImpl(  756): getUsableChannels failed with service-specific exception: android.os.ServiceSpecificException:  (code 4)
W/libbinder.Binder(  756): Binder transaction to android.app.IActivityManager, function: UNKNOWN_FUNCTION_NAME, code: 40, took 6854ms. Data bytes: 1548 Reply bytes: 180 Flags: 16
I/ChimeraPrvdrProxy( 6713): Shutting down chimera ContentProvider com.google.android.gms.reminders.provider.RemindersChimeraProvider
I/NearbyMediums( 1414): (REDACTED) Querying wifi usable channels failed with exception
I/NearbyMediums( 1414): java.lang.UnsupportedOperationException
I/NearbyMediums( 1414): 	at android.os.Parcel.createExceptionOrNull(Parcel.java:3395)
I/NearbyMediums( 1414): 	at android.os.Parcel.createException(Parcel.java:3367)
I/NearbyMediums( 1414): 	at android.os.Parcel.readException(Parcel.java:3350)
I/NearbyMediums( 1414): 	at android.os.Parcel.readException(Parcel.java:3292)
I/NearbyMediums( 1414): 	at android.net.wifi.IWifiManager$Stub$Proxy.getUsableChannels(IWifiManager.java:6713)
I/NearbyMediums( 1414): 	at android.net.wifi.WifiManager.getUsableChannels(WifiManager.java:12093)
I/NearbyMediums( 1414): 	at dnly.y(:com.google.android.gms@261533038@26.15.33 (260800-900762463):21)
I/NearbyMediums( 1414): 	at dnly.q(:com.google.android.gms@261533038@26.15.33 (260800-900762463):22)
I/NearbyMediums( 1414): 	at dnly.m(:com.google.android.gms@261533038@26.15.33 (260800-900762463):24)
I/NearbyMediums( 1414): 	at doey.run(:com.google.android.gms@261533038@26.15.33 (260800-900762463):9)
I/NearbyMediums( 1414): 	at bjqt.c(:com.google.android.gms@261533038@26.15.33 (260800-900762463):50)
I/NearbyMediums( 1414): 	at bjqt.run(:com.google.android.gms@261533038@26.15.33 (260800-900762463):66)
