I/artd    ( 2118): GetBestInfo: dm (/data/app/~~rVOGivi7PK9aFViSjOqxUg==/com.google.android.gms-Gp_wFWC5-clLXSjJte1a_g==/split_MapsDynamite_installtime.dm) is kOatUpToDate with filter 'verify' executable 'false'
I/artd    ( 2118): GetBestInfo: dm (/data/app/~~rVOGivi7PK9aFViSjOqxUg==/com.google.android.gms-Gp_wFWC5-clLXSjJte1a_g==/split_MeasurementDynamite_installtime.dm) is kOatUpToDate with filter 'verify' executable 'false'
I/artd    ( 2118): GetBestInfo: /data/user_de/0/com.google.android.gms/app_chimera/m/00000013/dl-MlkitBarcodeUi.optional_261533100800.apk has no usable artifacts
I/artd    ( 2118): GetBestInfo: /data/user_de/0/com.google.android.gms/app_chimera/m/00000016/dl-Appsearch.optional_261533100800.apk has no usable artifacts
I/artd    ( 2118): GetBestInfo: /data/user_de/0/com.google.android.gms/app_chimera/m/00000001/CronetDynamite.apk has no usable artifacts
I/artd    ( 2118): GetBestInfo: /data/user_de/0/com.google.android.gms/app_chimera/m/00000002/DynamiteLoader.apk has no usable artifacts
I/artd    ( 2118): GetBestInfo: /data/user_de/0/com.google.android.gms/app_chimera/m/00000005/GoogleCertificates.apk has no usable artifacts
I/artd    ( 2118): GetBestInfo: /data/user_de/0/com.google.android.gms/app_chimera/m/0000000f/dl-MlkitBarcodeUi.optional_260235100800.apk has no usable artifacts
I/artd    ( 2118): GetBestInfo: /data/user_de/0/com.google.android.gms/app_chimera/m/00000014/dl-PlayCloudSearch.optional_261533100000.apk has no usable artifacts
I/artd    ( 2118): GetBestInfo: /data/user_de/0/com.google.android.gms/app_chimera/m/0000000b/dl-TfliteDynamiteDynamite.integ_260580502100800.apk has no usable artifacts
I/artd    ( 2118): GetBestInfo: /data/user_de/0/com.google.android.gms/app_chimera/m/00000010/dl-PlayCloudSearch.optional_260235100000.apk has no usable artifacts
I/artd    ( 2118): GetBestInfo: /data/user_de/0/com.google.android.gms/app_chimera/m/00000012/dl-MlkitOcrCommon.optional_261533100800.apk has no usable artifacts
I/artd    ( 2118): GetBestInfo: /data/user_de/0/com.google.android.gms/app_chimera/m/00000009/dl-VisionOcr.optional_260235100000.apk has no usable artifacts
I/artd    ( 2118): GetBestInfo: /data/user_de/0/com.google.android.gms/app_chimera/m/0000001f/dl-IdentityCredentialsPlacebo.optional_261533100800.apk has no usable artifacts
I/artd    ( 2118): GetBestInfo: vdex next to the dex file (/data/user/0/com.google.android.gms/app_dg_cache/B3ED91DEC21F0EB5284BE10D982ABEAAC45F5C48/oat/x86_64/the.vdex) is kOatUpToDate with filter 'verify' executable 'false'
I/artd    ( 2118): GetBestInfo: /data/user_de/0/com.google.android.gms/app_chimera/m/00000015/dl-VisionOcr.optional_261533100000.apk has no usable artifacts
I/artd    ( 2118): GetBestInfo: /data/user_de/0/com.google.android.gms/app_chimera/m/0000000c/dl-Appsearch.optional_260235100800.apk has no usable artifacts
I/artd    ( 2118): GetBestInfo: vdex next to the dex file (/data/user/0/com.google.android.gms/app_dg_cache/3C99312020F0F0D70782F583B896FDDF9030AAF4/oat/x86_64/the.vdex) is kOatUpToDate with filter 'verify' executable 'false'
I/artd    ( 2118): GetBestInfo: /data/user_de/0/com.google.android.gms/app_chimera/m/00000008/dl-MlkitOcrCommon.optional_260235100800.apk has no usable artifacts
I/artd    ( 2118): GetBestInfo: /data/user_de/0/com.google.android.gms/app_chimera/m/00000007/MeasurementDynamite.apk has no usable artifacts
W/libbinder.Binder(  756): Binder transaction to android.content.pm.IPackageManager, function: UNKNOWN_FUNCTION_NAME, code: 1598311760, took 5953ms. Data bytes: 80 Reply bytes: 4 Flags: 16
W/Looper  (  756): Slow dispatch took 374ms android.fg app=system_server main=false group=FOREGROUND h=android.os.Handler c=com.android.server.power.hint.HintManagerService$MyUidObserver$$ExternalSyntheticLambda0@8dec4d0 m=0
W/Looper  (  756): Slow delivery took 263ms main app=system_server main=true group=FOREGROUND h=com.android.server.power.Notifier$NotifierHandler c=null m=7
W/skia    (  567): AGTM parsing failed flags.readFromStream(s) at 159
W/skia    (  567): AGTM parsing failed flags.readFromStream(s) at 159
I/HWUI    ( 1069): Davey! duration=971ms; Flags=0, FrameTimelineVsyncId=153604, IntendedVsync=8728295980766, Vsync=8728529314090, InputEventId=0, HandleInputStart=8728551395300, AnimationStart=8728551670900, PerformTraversalsStart=8728565996200, DrawStart=8728566379500, FrameDeadline=8728562647422, FrameStartTime=8728542154900, FrameInterval=16666666, WorkloadTarget=16666666, SyncQueued=8728566749700, SyncStart=8728801626000, IssueDrawCommandsStart=8728802603700, SwapBuffers=8728899077900, FrameCompleted=8729502810200, DequeueBufferDuration=302800, QueueBufferDuration=1799300, GpuCompleted=8729502810200, SwapBuffersCompleted=8728902226600, DisplayPresentTime=0, CommandSubmissionCompleted=8728899077900, 
W/Looper  (  756): Drained
W/libbinder.Binder(  756): Binder transaction to android.view.IWindowManager, function: UNKNOWN_FUNCTION_NAME, code: 55, took 1619ms. Data bytes: 144 Reply bytes: 4 Flags: 18
W/Looper  (  756): Slow dispatch took 125ms main app=system_server main=true group=FOREGROUND h=android.os.Handler c=android.telecom.Logging.SessionManager$$ExternalSyntheticLambda2@53fefce m=0
V/WindowManager(  756): Defer transition id=75 for TaskFragmentTransaction=android.os.Binder@e9e0eef
W/libbinder.Binder(  756): Binder transaction to android.app.IActivityClientController, function: UNKNOWN_FUNCTION_NAME, code: 5, took 1667ms. Data bytes: 120 Reply bytes: 4 Flags: 18
I/libbinder.BpBinder(  567): onLastStrongRef automatically unlinking death recipients for binder (0x771205c4fee0) with descriptor: '(not cached)'
W/ActivityTaskManager(  756): Activity top resumed state loss timeout for ActivityRecord{77373149 u0 com.google.android.apps.nexuslauncher/.NexusLauncherActivity t2}
I/Choreographer( 1239): Skipped 43 frames!  The application may be doing too much work on its main thread.
W/libbinder.Binder(  756): Binder transaction to android.window.IWindowOrganizerController, function: UNKNOWN_FUNCTION_NAME, code: 4, took 2409ms. Data bytes: 132 Reply bytes: 4 Flags: 16
V/RecentTasksController( 1069): Notify recent tasks changed
I/Choreographer( 1069): Skipped 49 frames!  The application may be doing too much work on its main thread.
W/WakeLock( 1414): GCM_READ counter does not exist
W/WakeLock( 1414): GCM_HB_ALARM release without a matched acquire! [CONTEXT service_id=259 ]
W/WakeLock( 1414): GCM_HB_ALARM counter does not exist
W/Looper  (  756): Slow delivery took 255ms main app=system_server main=true group=FOREGROUND h=com.android.server.power.Notifier$NotifierHandler c=com.android.server.power.Notifier$$ExternalSyntheticLambda2@6a77094 m=0
D/RecentTasksList( 1239): invalidateLoadedTasks - previous requestLoadId: -1
I/SQLiteConnection( 1175): Long db operation: /data/user_de/0/com.google.android.networkstack/databases/IpMemoryStoreV2.db
I/HalDevMgr(  756): bestIfaceCreationProposal is null, requestIface=STA, existingIface=[name=wlan0 type=STA]
I/Finsky  ( 4047): [242] SCH: job service finished with id 9458.
D/ShellDesktopMode( 1069): DesktopRepository(0): Removes freeform task: taskId=62
I/AlarmManager( 1414): setExactAndAllowWhileIdle [name: GCM_HB_ALARM type: 2 triggerAtMillis: 10531514]
W/InputChannel-JNI(  756): Channel already disposed.
W/libbinder.Binder(  756): Binder transaction to android.view.IWindowSession, function: UNKNOWN_FUNCTION_NAME, code: 2, took 2608ms. Data bytes: 512 Reply bytes: 1904 Flags: 16
W/Looper  (  756): Drained
W/libbinder.Binder( 1069): Binder transaction to android.app.ITaskStackListener, function: UNKNOWN_FUNCTION_NAME, code: 1, took 1119ms. Data bytes: 80 Reply bytes: 0 Flags: 17
I/Choreographer( 1069): Skipped 139 frames!  The application may be doing too much work on its main thread.
W/libbinder.Binder(  756): Binder transaction to android.view.IWindowManager, function: UNKNOWN_FUNCTION_NAME, code: 56, took 1254ms. Data bytes: 140 Reply bytes: 4 Flags: 18
D/WindowOnBackDispatcher( 1069): setTopOnBackInvokedCallback (unwrapped): android.view.ViewRootImpl$$ExternalSyntheticLambda13@e444dd7
D/WifiMemoryStoreImpl(  756): Set cluster Ge3f970d06931c618 for We3f970d06931c618: SUCCESS
I/AlarmManager( 1414): setExactAndAllowWhileIdle [name: GCM_HB_ALARM type: 2 triggerAtMillis: 10531618]
I/SQLiteConnection( 1565): Long db operation: /data/user/0/com.google.android.inputmethod.latin/databases/superpacks.db
W/WakeLock( 1414): GCM_CONN_ALARM release without a matched acquire! [CONTEXT service_id=259 ]
W/WakeLock( 1414): GCM_CONN_ALARM counter does not exist
I/AlarmManager( 1414): setExactAndAllowWhileIdle [name: GCM_HB_ALARM type: 2 triggerAtMillis: 10531703]
W/ShellDesktopMode( 1069): DesktopRepository(0): No display id found for task: taskId=62
V/RecentTasksController( 1069): Notify recent tasks changed
D/WindowManagerShell( 1069): setLauncherKeepClearAreaHeight: visible=false, height=495
V/RecentTasksController( 1069): Notify recent tasks changed
D/RecentTasksList( 1239): invalidateLoadedTasks - previous requestLoadId: -1
D/RecentTasksList( 1239): invalidateLoadedTasks - previous requestLoadId: -1
I/Finsky  ( 4047): [2] Memory trim requested to level 40
I/Finsky  ( 4047): [2] Flushing in-memory image cache
D/BaseActivity( 1239): Launcher flags updated: [state_started] -[state_window_focused]
D/CoreBackPreview(  756): Window{a6f3ada u0 Splash Screen com.muonline.client}: Setting back callback OnBackInvokedCallbackInfo{mCallback=android.window.IOnBackInvokedCallback$Stub$Proxy@41691df, mPriority=0, mIsAnimationCallback=false, mOverrideBehavior=0}
V/WindowManager(  756): Continue transition id=75 for TaskFragmentTransaction=android.os.Binder@e9e0eef
I/Monkey  (11358): ## Network stats: elapsed time=4546ms (0ms mobile, 0ms wifi, 4546ms not connected)
I/app_process(11358): System.exit called, status: 0
I/AndroidRuntime(11358): VM exiting with result code 0.
D/WindowManager(  756): setClientSurface Surface(name=VRI-Splash Screen com.muonline.client#640)/@0x1fc10f5 for a6f3ada Splash Screen com.muonline.client
W/Looper  (  756): Slow dispatch took 118ms android.ui app=system_server main=false group=TOP_APP h=android.os.Handler c=android.database.ContentObserver$$ExternalSyntheticLambda1@7fc0e8a m=0
I/Surface ( 1069): Creating surface for consumer unnamed-1069-15 with slotExpansion=1 for 64 slots
I/Surface ( 1069): Creating surface for consumer VRI[client]#15(BLAST Consumer)15 with slotExpansion=1 for 64 slots
I/EventHub(  756): Removing device Monkey touch due to epoll hang-up event.
I/EventHub(  756): Removed device: path=/dev/input/event14 name=Monkey touch id=18 fd=630 classes=TOUCH | TOUCH_MT
I/InputReader(  756): Device removed: id=18, eventHubId=18, name='Monkey touch', descriptor='e1fe28b90f915c7d1febbd52c1ef84b3c4cbed9f', sources=TOUCHSCREEN
W/Looper  (  756): Slow delivery took 213ms android.fg app=system_server main=false group=FOREGROUND h=android.os.Handler c=com.android.server.power.hint.HintManagerService$MyUidObserver$$ExternalSyntheticLambda0@4c58073 m=0
I/EventHub(  756): Removing device '/dev/input/event14' due to inotify event
I/Finsky  ( 4047): [2] SCH: job service start with id 9461.
E/TaskPersister(  756): File error accessing recents directory (directory doesn't exist?).
W/libbinder.IPCThreadState(  756): Sending oneway calls to frozen process.
I/PkDeviceHelper( 1565): PkDeviceHelper.refreshDevices():87 refreshing devices
I/PkDeviceHelper( 1565): PkDeviceHelper.addDevice():125 device qwerty2 added
I/PkDeviceHelper( 1565): PkDeviceHelper.addDevice():125 device AT Translated Set 2 keyboard added
D/NavigationModeController( 1069): getCurrentUserContext: contextUser=0 currentUser=0
V/RecentTasksController( 1069): generateList(getRecentTasks)
V/RecentTasksController( 1069): initializeDesksMap - allDeskIds: []
V/RecentTasksController( 1069): Task 63 is not an active desktop task
V/RecentTasksController( 1069): Added fullscreen task: 63
V/RecentTasksController( 1069): generateList - complete
V/ShellDesktopMode( 1069): DesktopDisplayModeController: canDesktopFirstModeBeEnabledOnDefaultDisplay: isDefaultDisplayDesktopEligible=false
V/WindowManagerShell( 1069): Directly starting a new transition type=CHANGE wct=WindowContainerTransaction { changes= {android.os.BinderProxy@ad69fc9={isTaskMoveAllowed:false,}} hops= [] flags= 0 errorCallbackToken=null taskFragmentOrganizer=null } handler=null
I/Choreographer( 1069): Skipped 42 frames!  The application may be doing too much work on its main thread.
D/Zygote  (  511): Forked child process 11422
V/WindowManager(  756): Queueing transition: TransitionRecord{7fd2e3a id=-1 type=CHANGE flags=0x0 parallelCollectType=NONE recentsDisplayId=-1}
W/ActivityManager(  756): Slow operation: 4127ms so far, now at startProcess: returned from zygote!
W/PermissionService(  756): getPermissionFlags: Unknown user -1
W/PermissionService(  756): getPermissionFlags: Unknown user -1
W/NotificationCenter( 1565): NotificationCenter$NotificationQueue.notifyPendingNotificationsOnExecutor():877 Heavy notify work detected on UI thread: [mtd->ipu, mtd->hnc, mtd->hnc] takes 88ms
I/HWUI    ( 1069): Davey! duration=3175ms; Flags=1, FrameTimelineVsyncId=153642, IntendedVsync=8729245980728, Vsync=8731562647302, InputEventId=0, HandleInputStart=8731598205600, AnimationStart=8731598348600, PerformTraversalsStart=8731598607500, DrawStart=8732138554000, FrameDeadline=8729262647394, FrameStartTime=8731566433800, FrameInterval=16666666, WorkloadTarget=16666666, SyncQueued=8732138779400, SyncStart=8732326664700, IssueDrawCommandsStart=8732331677000, SwapBuffers=8732502936000, FrameCompleted=8732609161700, DequeueBufferDuration=106200, QueueBufferDuration=2188400, GpuCompleted=8732609161700, SwapBuffersCompleted=8732550647300, DisplayPresentTime=0, CommandSubmissionCompleted=8732502936000, 
W/ActivityManager(  756): Slow operation: 4164ms so far, now at startProcess: done updating battery stats
W/ActivityManager(  756): Slow operation: 4165ms so far, now at startProcess: building log message
I/ActivityManager(  756): Start proc 11422:com.muonline.client/u0a230 for next-top-activity {com.muonline.client/com.muonline.client.PreloadActivity}
W/ActivityManager(  756): Slow operation: 4165ms so far, now at startProcess: starting to update pids map
W/Looper  (  756): Drained
W/ActivityManager(  756): Slow operation: 4248ms so far, now at startProcess: done updating pids map
V/ShellTaskOrganizer( 1069): Task appeared taskId=63 listener=FullscreenTaskListener
V/ShellTaskOrganizer( 1069): Fullscreen Task Appeared: #63
V/WindowManager(  756): deferTransitionReady deferReadyDepth=1 stack=com.android.server.wm.WindowOrganizerController.applyTransaction:717 com.android.server.wm.WindowOrganizerController.applyTransaction:641 com.android.server.wm.WindowOrganizerController.lambda$startTransition$3:388 com.android.server.wm.WindowOrganizerController.$r8$lambda$PHnU0rj5Bcvaq0dL-Wi7kOJt8bo:0 com.android.server.wm.WindowOrganizerController$$ExternalSyntheticLambda5.onCollectStarted:0 
V/WindowManager(  756): continueTransitionReady deferReadyDepth=0 stack=com.android.server.wm.WindowOrganizerController.applyTransaction:864 com.android.server.wm.WindowOrganizerController.applyTransaction:641 com.android.server.wm.WindowOrganizerController.lambda$startTransition$3:388 com.android.server.wm.WindowOrganizerController.$r8$lambda$PHnU0rj5Bcvaq0dL-Wi7kOJt8bo:0 com.android.server.wm.WindowOrganizerController$$ExternalSyntheticLambda5.onCollectStarted:0 
I/Finsky  ( 4047): [233] SCH: Satisfied jobs for 9461 are: 12-1
W/libbinder.IPCThreadState(  630): Sending oneway calls to frozen process.
V/WindowManager(  756): Sent Transition (#75) createdAt=05-05 00:25:08.360 via request=TransitionRequestInfo { type = OPEN, triggerTask = TaskInfo{userId=0 taskId=63 effectiveUid=10230 displayId=0 isRunning=true baseIntent=Intent { act=android.intent.action.MAIN cat=[android.intent.category.LAUNCHER] flg=0x10200000 cmp=com.muonline.client/.PreloadActivity } baseActivity=ComponentInfo{com.muonline.client/com.muonline.client.PreloadActivity} topActivity=ComponentInfo{com.muonline.client/com.muonline.client.PreloadActivity} origActivity=null realActivity=ComponentInfo{com.muonline.client/com.muonline.client.PreloadActivity} realActivityIsAppLockEnabled=false numActivities=1 lastActiveTime=8728474 supportsMultiWindow=true supportsMultiWindowWithoutConstraints=true resizeMode=1 isResizeable=true minWidth=-1 minHeight=-1 defaultMinSize=220 token=WCT{RemoteToken{e174a92 Task{27fe2dd #63 type=standard A=10230:com.muonline.client}}} topActivityType=1 pictureInPictureParams=null shouldDockBigOverlays=false launchIntoPipHostTaskId=-1 lastParentTaskIdBeforePip=-1 displayCutoutSafeInsets=Rect(0, 132 - 0, 0) topActivityInfo=ActivityInfo{78f6c63 com.muonline.client.PreloadActivity} launchCookies=[] positionInParent=Point(0, 0) parentTaskId=-1 isFocused=false isInteractive=false isVisible=false isVisibleRequested=false isTopActivityNoDisplay=false isSleeping=false locusId=null displayAreaFeatureId=1 isTopActivityTransparent=false isActivityStackTransparent=false lastNonFullscreenBounds=null leafTaskBoundsFromOptions= false capturedLink=null capturedLinkTimestamp=0 requestedVisibleTypes=503 topActivityRequestOpenInBrowserEducationTimestamp=0 appCompatTaskInfo=AppCompatTaskInfo { topActivityInSizeCompat=false isLeafTask= true eligibleForLetterboxEducation= false isLetterboxEducationEnabled= true isLetterboxDoubleTapEnabled= false eligibleForUserAspectRatioButton= false topActivityBoundsLetterboxed= false isFromLetterboxDoubleTap= false topActivityLetterboxVerticalPosition= -1 topActivityLetterboxHorizontalPosition= -1 topActivityLetterboxWidth=-1 topActivityLetterboxHeight=-1 topActivityAppBounds=Rect(0, 132 - 1080, 2337) isUserFullscreenOverrideEnabled=false isSystemFullscreenOverrideEnabled=false hasMinAspectRatioOverride=false topActivityLetterboxBounds=null topNonResizableActivityAspectRatio=-1.0} topActivityMainWindowFrame=null isAppBubble=false}, pipChange = null, remoteTransitionInfo = null, displayChange = null, requestedLocation = null, userChange = null, windowingLayerChange = null, fullscreenRequestChange = null, flags = 0, debugId = 75 }
V/WindowManager(  756):     startWCT=WindowContainerTransaction { changes= {} hops= [] flags= 0 errorCallbackToken=null taskFragmentOrganizer=null }
V/WindowManager(  756):     info={id=75 t=OPEN f=0x0 trk=0 r=[0@Point(0, 0)] c=[
V/WindowManager(  756):         {WCT{RemoteToken{e174a92 Task{27fe2dd #63 type=standard A=10230:com.muonline.client}}} m=OPEN f=MOVE_TO_TOP leash=Surface(name=Task=63#635)/@0x5be8aeb sb=Rect(0, 0 - 1080, 2400) eb=Rect(0, 0 - 1080, 2400) epz=Point(1080, 2400) d=0 taskParent=-1 winMode=1 userId=0},
V/WindowManager(  756):         {WCT{RemoteToken{4d11b82 Task{1843123 #1 type=home}}} m=TO_BACK f=SHOW_WALLPAPER leash=Surface(name=Task=1#34)/@0xd7a3344 sb=Rect(0, 0 - 1080, 2400) eb=Rect(0, 0 - 1080, 2400) epz=Point(1080, 2400) d=0 taskParent=-1 winMode=1 userId=0},
V/WindowManager(  756):         {m=TO_BACK f=IS_WALLPAPER leash=Surface(name=WallpaperWindowToken{d0fd5fe}#53)/@0x34df1f1 sb=Rect(0, 0 - 1080, 2400) eb=Rect(0, 0 - 1080, 2400) epz=Point(1080, 2400) d=0}
V/WindowManager(  756):     ]}
W/Looper  (  756): Slow dispatch took 101ms android.fg app=system_server main=false group=FOREGROUND h=android.os.Handler c=com.android.server.wm.TransitionController$Logger@2a98060 m=0
I/WindowManager(  756): Display id=0 rotation changed to 1 from 0, lastOrientation=0 userRotationMode=0 userRotation=0 lastSensorRotation=1
W/TransitionChain(  756): Combining updateRot into #76(CHANGE||0x0) from startNewTransit
E/PersonalContext(  756): No user state for user -1
V/RecentTasksController( 1069): Notify recent tasks changed
V/WindowManagerShell( 1069): onTransitionReady(transaction=3246995284116)
V/WindowManagerShell( 1069): onTransitionReady (#75) android.os.BinderProxy@e5e76c8: {id=75 t=OPEN f=0x0 trk=0 r=[0@Point(0, 0)] c=[
V/WindowManagerShell( 1069):         {m=OPEN f=MOVE_TO_TOP leash=Surface(name=Task=63#635)/@0x4811165 sb=Rect(0, 0 - 1080, 2400) eb=Rect(0, 0 - 1080, 2400) epz=Point(1080, 2400) d=0 taskParent=-1 winMode=1 userId=0},
V/WindowManagerShell( 1069):         {m=TO_BACK f=SHOW_WALLPAPER leash=Surface(name=Task=1#34)/@0x75f5e3a sb=Rect(0, 0 - 1080, 2400) eb=Rect(0, 0 - 1080, 2400) epz=Point(1080, 2400) d=0 taskParent=-1 winMode=1 userId=0},
V/WindowManagerShell( 1069):         {m=TO_BACK f=IS_WALLPAPER leash=Surface(name=WallpaperWindowToken{d0fd5fe}#53)/@0xd2cfaeb sb=Rect(0, 0 - 1080, 2400) eb=Rect(0, 0 - 1080, 2400) epz=Point(1080, 2400) d=0}
V/WindowManagerShell( 1069):     ]}
V/WindowManagerShell( 1069): Playing animation for (#75) android.os.BinderProxy@e5e76c8@0
D/ShellSplitScreen( 1069): startAnimation: transition=75 isSplitActive=false
V/ShellRecents( 1069): RecentsTransitionHandler.startAnimation: no controller found
W/Looper  (  756): Slow dispatch took 430ms main app=system_server main=true group=FOREGROUND h=com.android.server.notification.NotificationManagerService$WorkerHandler c=com.android.server.notification.NotificationManagerService$EnqueueNotificationRunnable@c96428c m=0
W/Looper  (  756): Slow delivery took 338ms main app=system_server main=true group=FOREGROUND h=android.app.ActivityThread$H c=android.hardware.camera2.CameraManager$CameraManagerGlobal$$ExternalSyntheticLambda0@8892dd5 m=0
V/ShellDesktopMode( 1069): DesktopMixedTransitionHandler: No pending desktop transition
V/WindowManagerShell( 1069): Transition doesn't have explicit remote, search filters for match for {id=75 t=OPEN f=0x0 trk=0 r=[0@Point(0, 0)] c=[{m=OPEN f=MOVE_TO_TOP leash=Surface(name=Task=63#635)/@0x4811165 sb=Rect(0, 0 - 1080, 2400) eb=Rect(0, 0 - 1080, 2400) epz=Point(1080, 2400) d=0 taskParent=-1 winMode=1 userId=0},{m=TO_BACK f=SHOW_WALLPAPER leash=Surface(name=Task=1#34)/@0x75f5e3a sb=Rect(0, 0 - 1080, 2400) eb=Rect(0, 0 - 1080, 2400) epz=Point(1080, 2400) d=0 taskParent=-1 winMode=1 userId=0},{m=TO_BACK f=IS_WALLPAPER leash=Surface(name=WallpaperWindowToken{d0fd5fe}#53)/@0xd2cfaeb sb=Rect(0, 0 - 1080, 2400) eb=Rect(0, 0 - 1080, 2400) epz=Point(1080, 2400) d=0}]}
E/libbinder.IPCThreadState(  567): binder thread pool (4 threads) starved for 257 ms
I/Finsky  ( 4047): [242] SCH: Job 12-1 starting
V/WindowManagerShell( 1069):  Checking filter Pair{{types=[] flags=0x0 notFlags=0x0 checks=[{atype=undefined independent=true modes=[CLOSE,TO_BACK] flags=IN_TASK_WITH_EMBEDDED_ACTIVITY mustBeTask=false order=ANY topActivity=null launchCookie=null taskFragmentToken=android.os.BinderProxy@3506ec0 windowingMode=undefined isCrossDisplayMove=false}]} RemoteTransition { remoteTransition = android.window.IRemoteTransition$Stub$Proxy@37dd7f9, appThread = android.app.IApplicationThread$Stub$Proxy@7f9033e, debugName = overlayBackTransition, filter = {types=[] flags=0x0 notFlags=0x0 checks=[{atype=undefined independent=true modes=[CLOSE,TO_BACK] flags=IN_TASK_WITH_EMBEDDED_ACTIVITY mustBeTask=false order=ANY topActivity=null launchCookie=null taskFragmentToken=android.os.BinderProxy@3506ec0 windowingMode=undefined isCrossDisplayMove=false}]} }}
V/WindowManagerShell( 1069):  Checking filter Pair{{types=[] flags=0x0 notFlags=0x0 checks=[{atype=dream independent=true modes=[OPEN,TO_FRONT] flags=NONE mustBeTask=false order=ANY topActivity=null launchCookie=null windowingMode=undefined isCrossDisplayMove=false},{atype=home independent=true modes=[CLOSE,TO_BACK] flags=NONE mustBeTask=false order=ANY topActivity=null launchCookie=null windowingMode=undefined isCrossDisplayMove=false}]} RemoteTransition { remoteTransition = android.window.IRemoteTransition$Stub$Proxy@3f7759f, appThread = android.app.IApplicationThread$Stub$Proxy@e2db6ec, debugName = LauncherToDream, filter = {types=[] flags=0x0 notFlags=0x0 checks=[{atype=dream independent=true modes=[OPEN,TO_FRONT] flags=NONE mustBeTask=false order=ANY topActivity=null launchCookie=null windowingMode=undefined isCrossDisplayMove=false},{atype=home independent=true modes=[CLOSE,TO_BACK] flags=NONE mustBeTask=false order=ANY topActivity=null launchCookie=null windowingMode=undefined isCrossDisplayMove=false}]} }}
V/WindowManagerShell( 1069):  Checking filter Pair{{types=[] flags=0x0 notFlags=0x0 checks=[{atype=standard independent=false modes=[CHANGE] flags=NONE mustBeTask=true order=ANY topActivity=null launchCookie=null windowingMode=undefined isCrossDisplayMove=true}]} RemoteTransition { remoteTransition = android.window.IRemoteTransition$Stub$Proxy@dbafab5, appThread = android.app.IApplicationThread$Stub$Proxy@dfe154a, debugName = QuickstepDisplayMove, filter = {types=[] flags=0x0 notFlags=0x0 checks=[{atype=standard independent=false modes=[CHANGE] flags=NONE mustBeTask=true order=ANY topActivity=null launchCookie=null windowingMode=undefined isCrossDisplayMove=true}]} }}
V/WindowManagerShell( 1069):  Checking filter Pair{{types=[] flags=0x0 notFlags=0x100 checks=[{atype=home independent=true modes=[OPEN,TO_FRONT] flags=NONE mustBeTask=false order=ANY topActivity=ComponentInfo{com.google.android.apps.nexuslauncher/com.google.android.apps.nexuslauncher.NexusLauncherActivity} launchCookie=null windowingMode=undefined isCrossDisplayMove=false},{atype=standard independent=true modes=[CLOSE,TO_BACK] flags=NONE mustBeTask=false order=ANY topActivity=null launchCookie=null windowingMode=undefined isCrossDisplayMove=false},{NOT atype=undefined independent=true modes=[] flags=NONE mustBeTask=true order=ANY topActivity=null launchCookie=null customAnim=true windowingMode=undefined isCrossDisplayMove=false}]} RemoteTransition { remoteTransition = android.window.IRemoteTransition$Stub$Proxy@e7ccbb, appThread = android.app.IApplicationThread$Stub$Proxy@6b555d8, debugName = QuickstepLaunchHome, filter = {types=[] flags=0x0 notFlags=0x100 checks=[{atype=home independent=true modes=[OPEN,TO_FRONT] flags=NONE mustBeTask=false order=ANY topActivity=ComponentInfo{com.google.android.apps.nexuslauncher/com.google.android.apps.nexuslauncher.NexusLauncherActivity} launchCookie=null windowingMode=undefined isCrossDisplayMove=false},{atype=standard independent=true modes=[CLOSE,TO_BACK] flags=NONE mustBeTask=false order=ANY topActivity=null launchCookie=null windowingMode=undefined isCrossDisplayMove=false},{NOT atype=undefined independent=true modes=[] flags=NONE mustBeTask=true order=ANY topActivity=null launchCookie=null customAnim=true windowingMode=undefined isCrossDisplayMove=false}]} }}
V/WindowManagerShell( 1069):  Checking filter Pair{{types=[OPEN,TO_FRONT] flags=0x0 notFlags=0x0 checks=[{atype=standard independent=true modes=[OPEN,TO_FRONT] flags=NONE mustBeTask=true order=ANY topActivity=null launchCookie=null windowingMode=freeform isCrossDisplayMove=false}]} RemoteTransition { remoteTransition = android.window.IRemoteTransition$Stub$Proxy@1f9e734, appThread = null, debugName = DesktopWindowLimitUnminimize, filter = {types=[OPEN,TO_FRONT] flags=0x0 notFlags=0x0 checks=[{atype=standard independent=true modes=[OPEN,TO_FRONT] flags=NONE mustBeTask=true order=ANY topActivity=null launchCookie=null windowingMode=freeform isCrossDisplayMove=false}]} }}
V/WindowManagerShell( 1069):  Delegate animation for (#75) to null
V/WindowManagerShell( 1069): start default transition animation, info = {id=75 t=OPEN f=0x0 trk=0 r=[0@Point(0, 0)] c=[{m=OPEN f=MOVE_TO_TOP leash=Surface(name=Task=63#635)/@0x4811165 sb=Rect(0, 0 - 1080, 2400) eb=Rect(0, 0 - 1080, 2400) epz=Point(1080, 2400) d=0 taskParent=-1 winMode=1 userId=0},{m=TO_BACK f=SHOW_WALLPAPER leash=Surface(name=Task=1#34)/@0x75f5e3a sb=Rect(0, 0 - 1080, 2400) eb=Rect(0, 0 - 1080, 2400) epz=Point(1080, 2400) d=0 taskParent=-1 winMode=1 userId=0},{m=TO_BACK f=IS_WALLPAPER leash=Surface(name=WallpaperWindowToken{d0fd5fe}#53)/@0xd2cfaeb sb=Rect(0, 0 - 1080, 2400) eb=Rect(0, 0 - 1080, 2400) epz=Point(1080, 2400) d=0}]}
V/WindowManagerShell( 1069): loadAnimation: anim=android.view.animation.AnimationSet@25e5ac7 animAttr=0x13 type=OPEN isEntrance=false
D/RecentTasksList( 1239): invalidateLoadedTasks - previous requestLoadId: -1
I/Finsky  ( 4047): [2] WM::SCH: Logging work start for 12-1
V/WindowManagerShell( 1069): loadAnimation: anim=android.view.animation.AnimationSet@5bdc63 animAttr=0x12 type=OPEN isEntrance=true
I/libbinder.BpBinder(  567): onLastStrongRef automatically unlinking death recipients for binder (0x771205c58e90) with descriptor: '(not cached)'
V/WindowManagerShell( 1069):  animated by com.android.wm.shell.transition.DefaultTransitionHandler@b96a316
I/DisplayTopology(  756): Display with ID 0 updated, new logical width: 2400, new logicalHeight: 1080, new density: 420
I/ActivityTaskManager(  756): Config changes=20000480 {1.0 310mcc260mnc [en_US] ldltr sw411dp w914dp h411dp 420dpi nrml long compactNeeded land finger qwerty/v/v dpad/v winConfig={ mBounds=Rect(0, 0 - 2400, 1080) mAppBounds=Rect(0, 0 - 2400, 1080) mMaxBounds=Rect(0, 0 - 2400, 1080) mDisplayRotation=ROTATION_90 mWindowingMode=fullscreen mActivityType=undefined mAlwaysOnTop=undefined mRotation=ROTATION_90} as.3 s.798 fontWeightAdjustment=0}
D/BrightnessThermalClamper(  756): Thermal status observer already started
I/Finsky  ( 4047): [2] [ContentSync] job started
I/WindowManager(  756): Override config changes=20000480 {1.0 310mcc260mnc [en_US] ldltr sw411dp w914dp h411dp 420dpi nrml long compactNeeded land finger qwerty/v/v dpad/v winConfig={ mBounds=Rect(0, 0 - 2400, 1080) mAppBounds=Rect(0, 0 - 2400, 1080) mMaxBounds=Rect(0, 0 - 2400, 1080) mDisplayRotation=ROTATION_90 mWindowingMode=fullscreen mActivityType=undefined mAlwaysOnTop=undefined mRotation=ROTATION_90} as.3 s.798 fontWeightAdjustment=0} for displayId=0
W/TransitionChain(  756): Combining dispOverCfg into #76(CHANGE||0x0) from startNewTransit
V/WindowManagerShell( 1069): Transition animation finished (aborted=false), notifying core (#75) android.os.BinderProxy@e5e76c8@0
W/Looper  (  756): Drained
W/Looper  (  756): Slow dispatch took 327ms main app=system_server main=true group=FOREGROUND h=com.android.server.notification.NotificationManagerService$WorkerHandler c=com.android.server.notification.NotificationManagerService$PostNotificationRunnable@19a428d m=0
W/skia    (  567): AGTM parsing failed flags.readFromStream(s) at 159
W/skia    (  567): AGTM parsing failed flags.readFromStream(s) at 159
W/skia    (  567): AGTM parsing failed flags.readFromStream(s) at 159
D/ActivityManager(  756): freezing 4000 com.google.android.permissioncontroller
I/Choreographer( 1069): Skipped 37 frames!  The application may be doing too much work on its main thread.
I/Surface (  756): Creating surface for consumer unnamed-756-10 with slotExpansion=1 for 64 slots
I/Surface (  756): Creating surface for consumer ImageReader-1080x2400f1m1-756-10 with slotExpansion=1 for 64 slots
D/InetDiagMessage(  756): Destroyed 0 sockets, proto=IPPROTO_TCP, family=AF_INET, states=14
W/ImageReader_JNI(  756): Unable to acquire a buffer item, very likely client tried to acquire more than maxImages buffers
W/Looper  (  756): Slow dispatch took 508ms main app=system_server main=true group=FOREGROUND h=com.android.server.notification.NotificationManagerService$WorkerHandler c=com.android.server.notification.NotificationManagerService$$ExternalSyntheticLambda23@f643453 m=0
W/Looper  (  756): Slow delivery took 587ms main app=system_server main=true group=FOREGROUND h=android.service.notification.NotificationListenerService$MyHandler c=null m=1
D/InetDiagMessage(  756): Destroyed 0 sockets, proto=IPPROTO_TCP, family=AF_INET6, states=14
D/InetDiagMessage(  756): Destroyed live tcp sockets for uids={10203} in 400ms
I/HWUI    ( 1069): Davey! duration=746ms; Flags=0, FrameTimelineVsyncId=154055, IntendedVsync=8733445992456, Vsync=8734062659098, InputEventId=0, HandleInputStart=8734079980300, AnimationStart=8734080092200, PerformTraversalsStart=8734082174100, DrawStart=8734082462300, FrameDeadline=8733462659122, FrameStartTime=8734066899700, FrameInterval=16666666, WorkloadTarget=16666666, SyncQueued=8734082543200, SyncStart=8734083429800, IssueDrawCommandsStart=8734083771600, SwapBuffers=8734087148300, FrameCompleted=8734193504700, DequeueBufferDuration=75412800, QueueBufferDuration=11106000, GpuCompleted=8734117570800, SwapBuffersCompleted=8734193504700, DisplayPresentTime=20, CommandSubmissionCompleted=8734087148300, 
W/AiAiEcho( 1713): LyftNotificationParser Ridesharing ETA not enabled
D/BoundBrokerSvc( 6713): onUnbind: Intent { act=com.google.android.gms.feedback.internal.IFeedbackService dat=chimera-action:/... xflg=0x4 cmp=com.google.android.gms/.chimera.GmsBoundBrokerService }
I/AdbWifiNetworkMonitor(  756): Wi-Fi network available
I/AdbWifiNetworkMonitor(  756): Received the same Wi-Fi SSID. Ignoring.
I/AiAiEcho( 1713): SmartspaceNotificationPredictor no parser can handle this notification or notification is invalid
W/libbinder.IPCThreadState(  756): Sending oneway calls to frozen process.
W/libbinder.IPCThreadState(  756): Sending oneway calls to frozen process.
D/SatelliteController( 1232): isInCarrierRoamingNbIotNtn: satellite is disabled
D/SatelliteController( 1232): getCarrierRoamingNtnConnectType: Checking connect type from PLMN config for subId: 1
D/SatelliteController( 1232): getSatellitePerPlmnConfiguration: invalid subId or not supported via carrier.
D/SatelliteController( 1232): getCarrierRoamingNtnConnectType: config: null
D/SatelliteController( 1232): getCarrierRoamingNtnConnectType: Falling back to global carrier config connect type: 0
D/SatelliteController( 1232): updateLastNotifiedCarrierRoamingNtnSignalStrengthAndNotify(1)
D/SatelliteController( 1232): updateLastNotifiedCarrierRoamingNtnSignalStrengthAndNotify(1) lastNotifiedSignalStrength level: 0
D/SatelliteController( 1232): updateLastNotifiedCarrierRoamingNtnSignalStrengthAndNotify(1) currSignalStrength level: 0
I/Finsky  ( 4047): [245] App states replicator found 8 unowned apps
W/libbinder.Binder( 1239): Binder transaction to android.service.notification.INotificationListener, function: UNKNOWN_FUNCTION_NAME, code: 2, took 1155ms. Data bytes: 2204 Reply bytes: 0 Flags: 17
W/JobService( 4047): onNetworkChanged() not implemented in com.google.android.finsky.scheduler.process.mainimpl.PhoneskyJobServiceMain. Must override in a subclass.
I/HalDevMgr(  756): bestIfaceCreationProposal is null, requestIface=STA, existingIface=[name=wlan0 type=STA]
I/NullBinder( 1414): NullBinder for android.net.action.RECOMMEND_NETWORKS triggering remote TransactionTooLargeException due to Service without Chimera impl, calling uid: 1000, calling pid: 0
W/libbinder.Binder( 1414): Large reply transaction of 1056768 bytes, interface descriptor , function: UNKNOWN_FUNCTION_NAME, code: 1, flags: 17
W/Looper  (  756): Slow dispatch took 128ms android.ui app=system_server main=false group=TOP_APP h=com.android.server.am.ActivityManagerService$UiHandler c=com.android.server.am.UidObserverController$$ExternalSyntheticLambda0@364b1a0 m=0
I/system_server(  756): Background young concurrent mark compact GC freed 24MB AllocSpace bytes, 14(928KB) LOS objects, 40% free, 35MB/59MB, paused 19.429ms,53.928ms total 794.723ms
I/artd    ( 2118): GetBestInfo: odex next to the dex file (/data/app/~~rVOGivi7PK9aFViSjOqxUg==/com.google.android.gms-Gp_wFWC5-clLXSjJte1a_g==/oat/x86_64/base.odex) is kOatUpToDate with filter 'speed-profile' executable 'false'
I/artd    ( 2118): GetBestInfo: dm (/data/app/~~rVOGivi7PK9aFViSjOqxUg==/com.google.android.gms-Gp_wFWC5-clLXSjJte1a_g==/split_AdsDynamite_installtime.dm) is kOatUpToDate with filter 'verify' executable 'false'
I/artd    ( 2118): GetBestInfo: dm (/data/app/~~rVOGivi7PK9aFViSjOqxUg==/com.google.android.gms-Gp_wFWC5-clLXSjJte1a_g==/split_CronetDynamite_installtime.dm) is kOatUpToDate with filter 'verify' executable 'false'
I/artd    ( 2118): GetBestInfo: dm (/data/app/~~rVOGivi7PK9aFViSjOqxUg==/com.google.android.gms-Gp_wFWC5-clLXSjJte1a_g==/split_DynamiteLoader_installtime.dm) is kOatUpToDate with filter 'verify' executable 'false'
I/artd    ( 2118): GetBestInfo: dm (/data/app/~~rVOGivi7PK9aFViSjOqxUg==/com.google.android.gms-Gp_wFWC5-clLXSjJte1a_g==/split_DynamiteModulesA_installtime.dm) is kOatUpToDate with filter 'verify' executable 'false'
I/artd    ( 2118): GetBestInfo: dm (/data/app/~~rVOGivi7PK9aFViSjOqxUg==/com.google.android.gms-Gp_wFWC5-clLXSjJte1a_g==/split_DynamiteModulesC_installtime.dm) is kOatUpToDate with filter 'verify' executable 'false'
I/artd    ( 2118): GetBestInfo: dm (/data/app/~~rVOGivi7PK9aFViSjOqxUg==/com.google.android.gms-Gp_wFWC5-clLXSjJte1a_g==/split_GoogleCertificates_installtime.dm) is kOatUpToDate with filter 'verify' executable 'false'
I/artd    ( 2118): GetBestInfo: dm (/data/app/~~rVOGivi7PK9aFViSjOqxUg==/com.google.android.gms-Gp_wFWC5-clLXSjJte1a_g==/split_MapsDynamite_installtime.dm) is kOatUpToDate with filter 'verify' executable 'false'
I/artd    ( 2118): GetBestInfo: dm (/data/app/~~rVOGivi7PK9aFViSjOqxUg==/com.google.android.gms-Gp_wFWC5-clLXSjJte1a_g==/split_MeasurementDynamite_installtime.dm) is kOatUpToDate with filter 'verify' executable 'false'
I/artd    ( 2118): GetBestInfo: /data/user_de/0/com.google.android.gms/app_chimera/m/00000013/dl-MlkitBarcodeUi.optional_261533100800.apk has no usable artifacts
I/Finsky  ( 4047): [54] Completed 0 account content syncs with 0 successful.
I/Finsky  ( 4047): [2] [ContentSync] Installation state replication succeeded.
I/artd    ( 2118): GetBestInfo: /data/user_de/0/com.google.android.gms/app_chimera/m/00000016/dl-Appsearch.optional_261533100800.apk has no usable artifacts
I/Finsky  ( 4047): [2] SCH: jobFinished: 12-1. TimeElapsed: 2599ms.
I/Finsky  ( 4047): [2] WM::SCH: Logging work end for 12-1
I/artd    ( 2118): GetBestInfo: /data/user_de/0/com.google.android.gms/app_chimera/m/00000001/CronetDynamite.apk has no usable artifacts
I/artd    ( 2118): GetBestInfo: /data/user_de/0/com.google.android.gms/app_chimera/m/00000002/DynamiteLoader.apk has no usable artifacts
I/artd    ( 2118): GetBestInfo: /data/user_de/0/com.google.android.gms/app_chimera/m/00000005/GoogleCertificates.apk has no usable artifacts
I/artd    ( 2118): GetBestInfo: /data/user_de/0/com.google.android.gms/app_chimera/m/0000000f/dl-MlkitBarcodeUi.optional_260235100800.apk has no usable artifacts
I/artd    ( 2118): GetBestInfo: /data/user_de/0/com.google.android.gms/app_chimera/m/00000014/dl-PlayCloudSearch.optional_261533100000.apk has no usable artifacts
I/artd    ( 2118): GetBestInfo: /data/user_de/0/com.google.android.gms/app_chimera/m/0000000b/dl-TfliteDynamiteDynamite.integ_260580502100800.apk has no usable artifacts
I/artd    ( 2118): GetBestInfo: /data/user_de/0/com.google.android.gms/app_chimera/m/00000010/dl-PlayCloudSearch.optional_260235100000.apk has no usable artifacts
I/artd    ( 2118): GetBestInfo: /data/user_de/0/com.google.android.gms/app_chimera/m/00000012/dl-MlkitOcrCommon.optional_261533100800.apk has no usable artifacts
I/artd    ( 2118): GetBestInfo: /data/user_de/0/com.google.android.gms/app_chimera/m/00000009/dl-VisionOcr.optional_260235100000.apk has no usable artifacts
I/artd    ( 2118): GetBestInfo: /data/user_de/0/com.google.android.gms/app_chimera/m/0000001f/dl-IdentityCredentialsPlacebo.optional_261533100800.apk has no usable artifacts
I/artd    ( 2118): GetBestInfo: vdex next to the dex file (/data/user/0/com.google.android.gms/app_dg_cache/B3ED91DEC21F0EB5284BE10D982ABEAAC45F5C48/oat/x86_64/the.vdex) is kOatUpToDate with filter 'verify' executable 'false'
I/artd    ( 2118): GetBestInfo: /data/user_de/0/com.google.android.gms/app_chimera/m/00000015/dl-VisionOcr.optional_261533100000.apk has no usable artifacts
I/artd    ( 2118): GetBestInfo: /data/user_de/0/com.google.android.gms/app_chimera/m/0000000c/dl-Appsearch.optional_260235100800.apk has no usable artifacts
I/artd    ( 2118): GetBestInfo: vdex next to the dex file (/data/user/0/com.google.android.gms/app_dg_cache/3C99312020F0F0D70782F583B896FDDF9030AAF4/oat/x86_64/the.vdex) is kOatUpToDate with filter 'verify' executable 'false'
I/artd    ( 2118): GetBestInfo: /data/user_de/0/com.google.android.gms/app_chimera/m/00000008/dl-MlkitOcrCommon.optional_260235100800.apk has no usable artifacts
I/artd    ( 2118): GetBestInfo: /data/user_de/0/com.google.android.gms/app_chimera/m/00000007/MeasurementDynamite.apk has no usable artifacts
W/libbinder.Binder(  756): Binder transaction to android.content.pm.IPackageManager, function: UNKNOWN_FUNCTION_NAME, code: 1598311760, took 3612ms. Data bytes: 80 Reply bytes: 4 Flags: 16
I/wpa_supplicant( 1043): wlan0: CTRL-EVENT-BEACON-LOSS 
I/SQLiteConnection( 1565): Long db operation: /data/user/0/com.google.android.inputmethod.latin/databases/superpacks.db
I/Zygote  (11422): Process 11422 created for com.muonline.client
I/muonline.client(11422): Using generational CollectorTypeCMC GC.
D/WifiConfigStore(  756): Writing to stores completed in 1715 ms.
W/Looper  (  756): Drained
W/muonline.client(11422): Unexpected CPU variant for x86: x86_64.
W/muonline.client(11422): Known variants: atom, sandybridge, silvermont, goldmont, goldmont-plus, goldmont-without-sha-xsaves, tremont, kabylake, alderlake, lunarlake, default
D/InetDiagMessage(  756): Destroyed 0 sockets, proto=IPPROTO_TCP, family=AF_INET, states=14
D/InetDiagMessage(  756): Destroyed 0 sockets, proto=IPPROTO_TCP, family=AF_INET6, states=14
D/InetDiagMessage(  756): Destroyed live tcp sockets for uids={10160} in 5ms
D/InetDiagMessage(  756): Destroyed 0 sockets, proto=IPPROTO_TCP, family=AF_INET, states=14
D/InetDiagMessage(  756): Destroyed 0 sockets, proto=IPPROTO_TCP, family=AF_INET6, states=14
D/InetDiagMessage(  756): Destroyed live tcp sockets for uids={20160} in 4ms
D/ActivityManager(  756): freezing 4244 com.android.keychain
D/ActivityManager(  756): freezing 7231 com.android.settings
W/android.vending( 4047): Reducing the number of considered missed Gc histogram windows from 322 to 100
I/SQLiteConnection( 1565): Long db operation: /data/user/0/com.google.android.inputmethod.latin/databases/superpacks.db
I/AdbWifiNetworkMonitor(  756): Wi-Fi network available
I/AdbWifiNetworkMonitor(  756): Received the same Wi-Fi SSID. Ignoring.
I/Finsky  ( 4047): [60] SCH: Scheduling phonesky job Id: 1-1337, CT: 1777885699149, Constraints: [{ L: 43064232, D: 86264232, C: CHARGING_NONE, I: IDLE_NONE, N: NET_ANY, B: BATTERY_ANY }]
W/libbinder.IPCThreadState(  756): Sending oneway calls to frozen process.
W/libbinder.IPCThreadState(  756): Sending oneway calls to frozen process.
I/HalDevMgr(  756): bestIfaceCreationProposal is null, requestIface=STA, existingIface=[name=wlan0 type=STA]
D/nativeloader(11422): Load libframework-connectivity-tiramisu-jni.so using APEX ns com_android_tethering for caller /apex/com.android.tethering/javalib/framework-connectivity-t.jar: ok
I/NullBinder( 1414): NullBinder for android.net.action.RECOMMEND_NETWORKS triggering remote TransactionTooLargeException due to Service without Chimera impl, calling uid: 1000, calling pid: 0
W/libbinder.Binder( 1414): Large reply transaction of 1056768 bytes, interface descriptor , function: UNKNOWN_FUNCTION_NAME, code: 1, flags: 17
W/JobService( 4047): onNetworkChanged() not implemented in com.google.android.finsky.scheduler.process.mainimpl.PhoneskyJobServiceMain. Must override in a subclass.
I/Finsky  ( 4047): [65] SCH: Scheduling 1 system job(s)
I/Finsky  ( 4047): [65] SCH: Scheduling system job Id: 9463, L: 13244347, D: 56444347, C: false, I: false, N: 1
I/Choreographer( 1069): Skipped 55 frames!  The application may be doing too much work on its main thread.
W/resolv  (  509): SSL_connect ssl error =5, mark 0xf0069: Connection refused
W/resolv  (  509): TLS Handshake failed
W/resolv  (  509): query failed
W/resolv  (  509): validateDnsTlsServer returned 0 for {10.0.2.3/}
W/resolv  (  509): Validation failed
W/ActivityManager(  756): Slow operation: 180ms so far, now at attachApplicationLocked: before bindApplication
W/ActivityManager(  756): Slow operation: 181ms so far, now at attachApplicationLocked: immediately before bindApplication
I/Finsky  ( 4047): [242] SCH: job service finished with id 9461.
W/Looper  (  756): Slow dispatch took 141ms main app=system_server main=true group=FOREGROUND h=com.android.server.power.Notifier$NotifierHandler c=com.android.server.power.Notifier$$ExternalSyntheticLambda2@c941b07 m=0
I/SP      ( 1565): Registering handwriting_recognition.94, url: https://dl.google.com/handwriting/models/handwriting_release.superpack_manifest.20260206.json, constraints: m:*:*:*, flags: *, requested: 94, current: 94
I/SP      ( 1565): Sync for handwriting_recognition succeeded in 23848 ms: no changes
I/SP      ( 1565): GC for 'handwriting_recognition' (10) with ttl of 0 ms took 0 ms (0/0/0)
I/HandwritingOnlineSuperpacks( 1565): HandwritingOnlineSuperpacks.syncInternal():187 syncInternal(): syncing packs
I/HandwritingOnlineSuperpacks( 1565): HandwritingOnlineSuperpacks.syncInternal():168 syncPackMapping()
I/HandwritingOnlineSuperpacks( 1565): HandwritingOnlineSuperpacks$2.onSyncSuccess():225 syncInternal(): complete {old=[en_us_20251103_compact_fst_zip, pack_mapping_v1_lstm_20260206, qrnn_en-US_reco_20251103_fst_20251103_recospec_zip, scribe_latin_20250829tfreco_recospec_zip, scribe_latin_20250829tfreco_tflite_zip, transformer_latin_conf_tflite_20251103_zip, transformer_latin_seg_tflite_20251103_zip, transformer_latin_tflite_20251103_zip], new=[en_us_20251103_compact_fst_zip, pack_mapping_v1_lstm_20260206, qrnn_en-US_reco_20251103_fst_20251103_recospec_zip, scribe_latin_20250829tfreco_recospec_zip, scribe_latin_20250829tfreco_tflite_zip, transformer_latin_conf_tflite_20251103_zip, transformer_latin_seg_tflite_20251103_zip, transformer_latin_tflite_20251103_zip], metadata=false, last batch=true}
I/HandwritingSlicingStrategy( 1565): HandwritingSlicingStrategy.getSlices():44 getSlices(): handwriting_recognition.94 useForeground=true
I/HandwritingSlicingStrategy( 1565): HandwritingSlicingStrategy.getSlices():103 getSlices(): result {slices=[{handwriting_recognition:pack_mapping_v1_lstm_20260206, m:*:*:*}, {handwriting_recognition:en_us_20251103_compact_fst_zip, m:*:*:*}, {handwriting_recognition:transformer_latin_seg_tflite_20251103_zip, m:*:*:*}, {handwriting_recognition:qrnn_en-US_reco_20251103_fst_20251103_recospec_zip, m:*:*:*}, {handwriting_recognition:transformer_latin_tflite_20251103_zip, m:*:*:*}, {handwriting_recognition:transformer_latin_conf_tflite_20251103_zip, m:*:*:*}, {handwriting_recognition:scribe_latin_20250829tfreco_tflite_zip, m:*:*:*}, {handwriting_recognition:scribe_latin_20250829tfreco_recospec_zip, m:*:*:*}], last batch=true, sync metadata=false}
I/SP      ( 1565): Syncing handwriting_recognition (94) with slices: [{pack_mapping_v1_lstm_20260206, m:*:*:*}, {en_us_20251103_compact_fst_zip, m:*:*:*}, {transformer_latin_seg_tflite_20251103_zip, m:*:*:*}, {qrnn_en-US_reco_20251103_fst_20251103_recospec_zip, m:*:*:*}, {transformer_latin_tflite_20251103_zip, m:*:*:*}, {transformer_latin_conf_tflite_20251103_zip, m:*:*:*}, {scribe_latin_20250829tfreco_tflite_zip, m:*:*:*}, {scribe_latin_20250829tfreco_recospec_zip, m:*:*:*}], metadata: false
E/HandwritingSuperpacksUtil( 1565): HandwritingSuperpacksUtil.getPackMappingPackName():42 No pack mapping pack found in []
I/HandwritingSuperpacks( 1565): HandwritingSuperpacks.reloadCache():229 updatePackMappingsCache(): pack mapping pack unavailable [OFFLINE]
I/HalDevMgr(  756): bestIfaceCreationProposal is null, requestIface=STA, existingIface=[name=wlan0 type=STA]
I/artd    ( 2118): GetBestInfo: odex next to the dex file (/data/app/~~rVOGivi7PK9aFViSjOqxUg==/com.google.android.gms-Gp_wFWC5-clLXSjJte1a_g==/oat/x86_64/base.odex) is kOatUpToDate with filter 'speed-profile' executable 'false'
I/artd    ( 2118): GetBestInfo: dm (/data/app/~~rVOGivi7PK9aFViSjOqxUg==/com.google.android.gms-Gp_wFWC5-clLXSjJte1a_g==/split_AdsDynamite_installtime.dm) is kOatUpToDate with filter 'verify' executable 'false'
I/artd    ( 2118): GetBestInfo: dm (/data/app/~~rVOGivi7PK9aFViSjOqxUg==/com.google.android.gms-Gp_wFWC5-clLXSjJte1a_g==/split_CronetDynamite_installtime.dm) is kOatUpToDate with filter 'verify' executable 'false'
I/artd    ( 2118): GetBestInfo: dm (/data/app/~~rVOGivi7PK9aFViSjOqxUg==/com.google.android.gms-Gp_wFWC5-clLXSjJte1a_g==/split_DynamiteLoader_installtime.dm) is kOatUpToDate with filter 'verify' executable 'false'
I/artd    ( 2118): GetBestInfo: dm (/data/app/~~rVOGivi7PK9aFViSjOqxUg==/com.google.android.gms-Gp_wFWC5-clLXSjJte1a_g==/split_DynamiteModulesA_installtime.dm) is kOatUpToDate with filter 'verify' executable 'false'
I/artd    ( 2118): GetBestInfo: dm (/data/app/~~rVOGivi7PK9aFViSjOqxUg==/com.google.android.gms-Gp_wFWC5-clLXSjJte1a_g==/split_DynamiteModulesC_installtime.dm) is kOatUpToDate with filter 'verify' executable 'false'
I/artd    ( 2118): GetBestInfo: dm (/data/app/~~rVOGivi7PK9aFViSjOqxUg==/com.google.android.gms-Gp_wFWC5-clLXSjJte1a_g==/split_GoogleCertificates_installtime.dm) is kOatUpToDate with filter 'verify' executable 'false'
I/artd    ( 2118): GetBestInfo: dm (/data/app/~~rVOGivi7PK9aFViSjOqxUg==/com.google.android.gms-Gp_wFWC5-clLXSjJte1a_g==/split_MapsDynamite_installtime.dm) is kOatUpToDate with filter 'verify' executable 'false'
I/artd    ( 2118): GetBestInfo: dm (/data/app/~~rVOGivi7PK9aFViSjOqxUg==/com.google.android.gms-Gp_wFWC5-clLXSjJte1a_g==/split_MeasurementDynamite_installtime.dm) is kOatUpToDate with filter 'verify' executable 'false'
I/artd    ( 2118): GetBestInfo: /data/user_de/0/com.google.android.gms/app_chimera/m/00000013/dl-MlkitBarcodeUi.optional_261533100800.apk has no usable artifacts
I/artd    ( 2118): GetBestInfo: /data/user_de/0/com.google.android.gms/app_chimera/m/00000016/dl-Appsearch.optional_261533100800.apk has no usable artifacts
I/artd    ( 2118): GetBestInfo: /data/user_de/0/com.google.android.gms/app_chimera/m/00000001/CronetDynamite.apk has no usable artifacts
